Copyright 1986-2022 Xilinx, Inc. All Rights Reserved. Copyright 2022-2025 Advanced Micro Devices, Inc. All Rights Reserved.
----------------------------------------------------------------------------------------------------------------------------------------------------------------------------------
| Tool Version : Vivado v.2025.2 (win64) Build 6299465 Fri Nov 14 19:35:11 GMT 2025
| Date         : Sat Oct  3 16:32:38 2026
| Host         : loverlike running 64-bit major release  (build 9200)
| Command      : report_timing_summary -report_unconstrained -file E:/Codex_project/AMD-SonoField-FPGA/v2/evidence/pre_pcb_board_ready/timing/strategy3/placed/timing_summary.rpt
| Design       : sono_axi_system
| Device       : 7z020-clg400
| Speed File   : -1  PRODUCTION 1.12 2019-11-22
| Design State : Fully Placed
----------------------------------------------------------------------------------------------------------------------------------------------------------------------------------

Timing Summary Report

------------------------------------------------------------------------------------------------
| Timer Settings
| --------------
------------------------------------------------------------------------------------------------

  Enable Multi Corner Analysis               :  Yes
  Enable Pessimism Removal                   :  Yes
  Pessimism Removal Resolution               :  Nearest Common Node
  Enable Input Delay Default Clock           :  No
  Enable Preset / Clear Arcs                 :  No
  Disable Flight Delays                      :  No
  Ignore I/O Paths                           :  No
  Timing Early Launch at Borrowing Latches   :  No
  Borrow Time for Max Delay Exceptions       :  Yes
  Merge Timing Exceptions                    :  Yes
  Inter-SLR Compensation                     :  Conservative

  Corner  Analyze    Analyze    
  Name    Max Paths  Min Paths  
  ------  ---------  ---------  
  Slow    Yes        Yes        
  Fast    Yes        Yes        


------------------------------------------------------------------------------------------------
| Report Methodology
| ------------------
------------------------------------------------------------------------------------------------

Rule       Severity  Description                                 Violations  
---------  --------  ------------------------------------------  ----------  
LUTAR-1    Warning   LUT drives async reset alert                1           
SYNTH-6    Warning   Timing of a RAM block might be sub-optimal  4           
TIMING-18  Warning   Missing input or output delay               1000        

Note: This report is based on the most recent report_methodology run and may not be up-to-date. Run report_methodology on the current design for the latest report.



check_timing report

Table of Contents
-----------------
1. checking no_clock (0)
2. checking constant_clock (0)
3. checking pulse_width_clock (0)
4. checking unconstrained_internal_endpoints (0)
5. checking no_input_delay (2324)
6. checking no_output_delay (256)
7. checking multiple_clock (0)
8. checking generated_clocks (0)
9. checking loops (0)
10. checking partial_input_delay (0)
11. checking partial_output_delay (0)
12. checking latch_loops (0)

1. checking no_clock (0)
------------------------
 There are 0 register/latch pins with no clock.


2. checking constant_clock (0)
------------------------------
 There are 0 register/latch pins with constant_clock.


3. checking pulse_width_clock (0)
---------------------------------
 There are 0 register/latch pins which need pulse_width check


4. checking unconstrained_internal_endpoints (0)
------------------------------------------------
 There are 0 pins that are not constrained for maximum delay.

 There are 0 pins that are not constrained for maximum delay due to constant clock.


5. checking no_input_delay (2324)
---------------------------------
 There are 2324 input ports with no input delay specified. (HIGH)

 There are 0 input ports with no input delay but user has a false path constraint.


6. checking no_output_delay (256)
---------------------------------
 There are 256 ports with no output delay specified. (HIGH)

 There are 0 ports with no output delay but user has a false path constraint

 There are 0 ports with no output delay but with a timing clock defined on it or propagating through it


7. checking multiple_clock (0)
------------------------------
 There are 0 register/latch pins with multiple clocks.


8. checking generated_clocks (0)
--------------------------------
 There are 0 generated clocks that are not connected to a clock source.


9. checking loops (0)
---------------------
 There are 0 combinational loops in the design.


10. checking partial_input_delay (0)
------------------------------------
 There are 0 input ports with partial input delay specified.


11. checking partial_output_delay (0)
-------------------------------------
 There are 0 ports with partial output delay specified.


12. checking latch_loops (0)
----------------------------
 There are 0 combinational latch loops in the design through latch input



------------------------------------------------------------------------------------------------
| Design Timing Summary
| ---------------------
------------------------------------------------------------------------------------------------

    WNS(ns)      TNS(ns)  TNS Failing Endpoints  TNS Total Endpoints      WHS(ns)      THS(ns)  THS Failing Endpoints  THS Total Endpoints     WPWS(ns)     TPWS(ns)  TPWS Failing Endpoints  TPWS Total Endpoints  
    -------      -------  ---------------------  -------------------      -------      -------  ---------------------  -------------------     --------     --------  ----------------------  --------------------  
     -0.106       -3.058                     32                33175        0.090        0.000                      0                33175        3.288        0.000                       0                 17926  


Timing constraints are not met.


------------------------------------------------------------------------------------------------
| Clock Summary
| -------------
------------------------------------------------------------------------------------------------

Clock    Waveform(ns)         Period(ns)      Frequency(MHz)
-----    ------------         ----------      --------------
core132  {0.000 3.788}        7.576           131.996         


------------------------------------------------------------------------------------------------
| Intra Clock Table
| -----------------
------------------------------------------------------------------------------------------------

Clock             WNS(ns)      TNS(ns)  TNS Failing Endpoints  TNS Total Endpoints      WHS(ns)      THS(ns)  THS Failing Endpoints  THS Total Endpoints     WPWS(ns)     TPWS(ns)  TPWS Failing Endpoints  TPWS Total Endpoints  
-----             -------      -------  ---------------------  -------------------      -------      -------  ---------------------  -------------------     --------     --------  ----------------------  --------------------  
core132            -0.106       -3.058                     32                26750        0.090        0.000                      0                26750        3.288        0.000                       0                 17926  


------------------------------------------------------------------------------------------------
| Inter Clock Table
| -----------------
------------------------------------------------------------------------------------------------

From Clock    To Clock          WNS(ns)      TNS(ns)  TNS Failing Endpoints  TNS Total Endpoints      WHS(ns)      THS(ns)  THS Failing Endpoints  THS Total Endpoints  
----------    --------          -------      -------  ---------------------  -------------------      -------      -------  ---------------------  -------------------  


------------------------------------------------------------------------------------------------
| Other Path Groups Table
| -----------------------
------------------------------------------------------------------------------------------------

Path Group         From Clock         To Clock               WNS(ns)      TNS(ns)  TNS Failing Endpoints  TNS Total Endpoints      WHS(ns)      THS(ns)  THS Failing Endpoints  THS Total Endpoints  
----------         ----------         --------               -------      -------  ---------------------  -------------------      -------      -------  ---------------------  -------------------  
**async_default**  core132            core132                  2.625        0.000                      0                 6425        0.887        0.000                      0                 6425  


------------------------------------------------------------------------------------------------
| User Ignored Path Table
| -----------------------
------------------------------------------------------------------------------------------------

Path Group    From Clock    To Clock    
----------    ----------    --------    


------------------------------------------------------------------------------------------------
| Unconstrained Path Table
| ------------------------
------------------------------------------------------------------------------------------------

Path Group    From Clock    To Clock    
----------    ----------    --------    
(none)                                    
(none)        core132                     
(none)                      core132       


------------------------------------------------------------------------------------------------
| Timing Details
| --------------
------------------------------------------------------------------------------------------------


---------------------------------------------------------------------------------------------------
From Clock:  core132
  To Clock:  core132

Setup :           32  Failing Endpoints,  Worst Slack       -0.106ns,  Total Violation       -3.058ns
Hold  :            0  Failing Endpoints,  Worst Slack        0.090ns,  Total Violation        0.000ns
PW    :            0  Failing Endpoints,  Worst Slack        3.288ns,  Total Violation        0.000ns
---------------------------------------------------------------------------------------------------


Max Delay Paths
--------------------------------------------------------------------------------------
Slack (VIOLATED) :        -0.106ns  (required time - arrival time)
  Source:                 native_system/digital/cfg_reg[9][12]/C
                            (rising edge-triggered cell FDCE clocked by core132  {rise@0.000ns fall@3.788ns period=7.576ns})
  Destination:            native_system/digital/scheduler/issued_reg[2]/CE
                            (rising edge-triggered cell FDCE clocked by core132  {rise@0.000ns fall@3.788ns period=7.576ns})
  Path Group:             core132
  Path Type:              Setup (Max at Slow Process Corner)
  Requirement:            7.576ns  (core132 rise@7.576ns - core132 rise@0.000ns)
  Data Path Delay:        7.393ns  (logic 2.561ns (34.641%)  route 4.832ns (65.359%))
  Logic Levels:           10  (CARRY4=3 LUT2=1 LUT3=1 LUT4=2 LUT6=3)
  Clock Path Skew:        -0.049ns (DCD - SCD + CPR)
    Destination Clock Delay (DCD):    0.924ns = ( 8.500 - 7.576 ) 
    Source Clock Delay      (SCD):    0.973ns
    Clock Pessimism Removal (CPR):    0.000ns
  Clock Uncertainty:      0.035ns  ((TSJ^2 + TIJ^2)^1/2 + DJ) / 2 + PE
    Total System Jitter     (TSJ):    0.071ns
    Total Input Jitter      (TIJ):    0.000ns
    Discrete Jitter          (DJ):    0.000ns
    Phase Error              (PE):    0.000ns

    Location             Delay type                Incr(ns)  Path(ns)    Netlist Resource(s)
  -------------------------------------------------------------------    -------------------
                         (clock core132 rise edge)    0.000     0.000 r  
                                                      0.000     0.000 r  clk (IN)
                         net (fo=17925, unset)        0.973     0.973    native_system/digital/clk
    SLICE_X42Y91         FDCE                                         r  native_system/digital/cfg_reg[9][12]/C
  -------------------------------------------------------------------    -------------------
    SLICE_X42Y91         FDCE (Prop_fdce_C_Q)         0.518     1.491 r  native_system/digital/cfg_reg[9][12]/Q
                         net (fo=5, estimated)        0.851     2.342    native_system/digital/scheduler/total_reg[31]_0[12]
    SLICE_X42Y92         LUT3 (Prop_lut3_I0_O)        0.124     2.466 r  native_system/digital/scheduler/total[15]_i_4/O
                         net (fo=2, estimated)        0.470     2.936    native_system/digital/scheduler/total[15]_i_4_n_0
    SLICE_X44Y92         LUT4 (Prop_lut4_I3_O)        0.124     3.060 r  native_system/digital/scheduler/total[15]_i_8/O
                         net (fo=1, routed)           0.000     3.060    native_system/digital/scheduler/total[15]_i_8_n_0
    SLICE_X44Y92         CARRY4 (Prop_carry4_S[1]_CO[3])
                                                      0.550     3.610 r  native_system/digital/scheduler/total_reg[15]_i_1/CO[3]
                         net (fo=1, estimated)        0.000     3.610    native_system/digital/scheduler/total_reg[15]_i_1_n_0
    SLICE_X44Y93         CARRY4 (Prop_carry4_CI_CO[3])
                                                      0.114     3.724 r  native_system/digital/scheduler/total_reg[19]_i_1/CO[3]
                         net (fo=1, estimated)        0.000     3.724    native_system/digital/scheduler/total_reg[19]_i_1_n_0
    SLICE_X44Y94         CARRY4 (Prop_carry4_CI_O[3])
                                                      0.329     4.053 f  native_system/digital/scheduler/total_reg[23]_i_1/O[3]
                         net (fo=2, estimated)        1.039     5.092    native_system/digital/scheduler/total_reg[23]_i_1_n_4
    SLICE_X44Y88         LUT4 (Prop_lut4_I3_O)        0.306     5.398 f  native_system/digital/scheduler/capture_sequence[7]_i_18/O
                         net (fo=1, estimated)        0.413     5.811    native_system/digital/scheduler/capture_sequence[7]_i_18_n_0
    SLICE_X45Y87         LUT6 (Prop_lut6_I1_O)        0.124     5.935 f  native_system/digital/scheduler/capture_sequence[7]_i_8/O
                         net (fo=1, estimated)        0.396     6.331    native_system/digital/adc/spi/selected_tx_reg[0]
    SLICE_X47Y88         LUT6 (Prop_lut6_I1_O)        0.124     6.455 f  native_system/digital/adc/spi/capture_sequence[7]_i_5/O
                         net (fo=6, estimated)        0.325     6.780    native_system/digital/scheduler/state1
    SLICE_X47Y88         LUT6 (Prop_lut6_I4_O)        0.124     6.904 r  native_system/digital/scheduler/capture_sequence[7]_i_1/O
                         net (fo=17, estimated)       0.790     7.694    native_system/digital/scheduler/capture_sequence[7]_i_1_n_0
    SLICE_X47Y89         LUT2 (Prop_lut2_I0_O)        0.124     7.818 r  native_system/digital/scheduler/issued[31]_i_1/O
                         net (fo=32, estimated)       0.548     8.366    native_system/digital/scheduler/issued[0]
    SLICE_X43Y88         FDCE                                         r  native_system/digital/scheduler/issued_reg[2]/CE
  -------------------------------------------------------------------    -------------------

                         (clock core132 rise edge)    7.576     7.576 r  
                                                      0.000     7.576 r  clk (IN)
                         net (fo=17925, unset)        0.924     8.500    native_system/digital/scheduler/clk
    SLICE_X43Y88         FDCE                                         r  native_system/digital/scheduler/issued_reg[2]/C
                         clock pessimism              0.000     8.500    
                         clock uncertainty           -0.035     8.465    
    SLICE_X43Y88         FDCE (Setup_fdce_C_CE)      -0.205     8.260    native_system/digital/scheduler/issued_reg[2]
  -------------------------------------------------------------------
                         required time                          8.260    
                         arrival time                          -8.366    
  -------------------------------------------------------------------
                         slack                                 -0.106    





Min Delay Paths
--------------------------------------------------------------------------------------
Slack (MET) :             0.090ns  (arrival time - required time)
  Source:                 native_system/digital/adc/frame_reg[18]/C
                            (rising edge-triggered cell FDCE clocked by core132  {rise@0.000ns fall@3.788ns period=7.576ns})
  Destination:            native_system/digital/scheduler/memory_reg_0/DIADI[18]
                            (rising edge-triggered cell RAMB36E1 clocked by core132  {rise@0.000ns fall@3.788ns period=7.576ns})
  Path Group:             core132
  Path Type:              Hold (Min at Fast Process Corner)
  Requirement:            0.000ns  (core132 rise@0.000ns - core132 rise@0.000ns)
  Data Path Delay:        0.267ns  (logic 0.141ns (52.886%)  route 0.126ns (47.114%))
  Logic Levels:           0  
  Clock Path Skew:        0.022ns (DCD - SCD - CPR)
    Destination Clock Delay (DCD):    0.432ns
    Source Clock Delay      (SCD):    0.410ns
    Clock Pessimism Removal (CPR):    -0.000ns

    Location             Delay type                Incr(ns)  Path(ns)    Netlist Resource(s)
  -------------------------------------------------------------------    -------------------
                         (clock core132 rise edge)    0.000     0.000 r  
                                                      0.000     0.000 r  clk (IN)
                         net (fo=17925, unset)        0.410     0.410    native_system/digital/adc/clk
    SLICE_X55Y75         FDCE                                         r  native_system/digital/adc/frame_reg[18]/C
  -------------------------------------------------------------------    -------------------
    SLICE_X55Y75         FDCE (Prop_fdce_C_Q)         0.141     0.551 r  native_system/digital/adc/frame_reg[18]/Q
                         net (fo=1, estimated)        0.126     0.677    native_system/digital/scheduler/frame[18]
    RAMB36_X3Y15         RAMB36E1                                     r  native_system/digital/scheduler/memory_reg_0/DIADI[18]
  -------------------------------------------------------------------    -------------------

                         (clock core132 rise edge)    0.000     0.000 r  
                                                      0.000     0.000 r  clk (IN)
                         net (fo=17925, unset)        0.432     0.432    native_system/digital/scheduler/clk
    RAMB36_X3Y15         RAMB36E1                                     r  native_system/digital/scheduler/memory_reg_0/CLKARDCLK
                         clock pessimism              0.000     0.432    
    RAMB36_X3Y15         RAMB36E1 (Hold_ramb36e1_CLKARDCLK_DIADI[18])
                                                      0.155     0.587    native_system/digital/scheduler/memory_reg_0
  -------------------------------------------------------------------
                         required time                         -0.587    
                         arrival time                           0.677    
  -------------------------------------------------------------------
                         slack                                  0.090    





Pulse Width Checks
--------------------------------------------------------------------------------------
Clock Name:         core132
Waveform(ns):       { 0.000 3.788 }
Period(ns):         7.576
Sources:            { clk }

Check Type        Corner  Lib Pin             Reference Pin  Required(ns)  Actual(ns)  Slack(ns)  Location      Pin
Min Period        n/a     RAMB36E1/CLKARDCLK  n/a            2.944         7.576       4.632      RAMB36_X3Y15  native_system/digital/scheduler/memory_reg_0/CLKARDCLK
Low Pulse Width   Slow    FDCE/C              n/a            0.500         3.788       3.288      SLICE_X62Y93  bridge/FSM_sequential_state_reg[0]/C
High Pulse Width  Slow    FDCE/C              n/a            0.500         3.788       3.288      SLICE_X62Y93  bridge/FSM_sequential_state_reg[0]/C



---------------------------------------------------------------------------------------------------
Path Group:  **async_default**
From Clock:  core132
  To Clock:  core132

Setup :            0  Failing Endpoints,  Worst Slack        2.625ns,  Total Violation        0.000ns
Hold  :            0  Failing Endpoints,  Worst Slack        0.887ns,  Total Violation        0.000ns
---------------------------------------------------------------------------------------------------


Max Delay Paths
--------------------------------------------------------------------------------------
Slack (MET) :             2.625ns  (required time - arrival time)
  Source:                 native_system/digital/bus_error_reg/C
                            (rising edge-triggered cell FDCE clocked by core132  {rise@0.000ns fall@3.788ns period=7.576ns})
  Destination:            native_system/digital/enable_sync_reg[1]/CLR
                            (recovery check against rising-edge clock core132  {rise@0.000ns fall@3.788ns period=7.576ns})
  Path Group:             **async_default**
  Path Type:              Recovery (Max at Slow Process Corner)
  Requirement:            7.576ns  (core132 rise@7.576ns - core132 rise@0.000ns)
  Data Path Delay:        4.506ns  (logic 0.828ns (18.375%)  route 3.678ns (81.624%))
  Logic Levels:           3  (LUT2=1 LUT5=2)
  Clock Path Skew:        -0.049ns (DCD - SCD + CPR)
    Destination Clock Delay (DCD):    0.924ns = ( 8.500 - 7.576 ) 
    Source Clock Delay      (SCD):    0.973ns
    Clock Pessimism Removal (CPR):    0.000ns
  Clock Uncertainty:      0.035ns  ((TSJ^2 + TIJ^2)^1/2 + DJ) / 2 + PE
    Total System Jitter     (TSJ):    0.071ns
    Total Input Jitter      (TIJ):    0.000ns
    Discrete Jitter          (DJ):    0.000ns
    Phase Error              (PE):    0.000ns

    Location             Delay type                Incr(ns)  Path(ns)    Netlist Resource(s)
  -------------------------------------------------------------------    -------------------
                         (clock core132 rise edge)    0.000     0.000 r  
                                                      0.000     0.000 r  clk (IN)
                         net (fo=17925, unset)        0.973     0.973    native_system/digital/clk
    SLICE_X55Y89         FDCE                                         r  native_system/digital/bus_error_reg/C
  -------------------------------------------------------------------    -------------------
    SLICE_X55Y89         FDCE (Prop_fdce_C_Q)         0.456     1.429 f  native_system/digital/bus_error_reg/Q
                         net (fo=5, estimated)        1.360     2.789    native_system/queue/native_error
    SLICE_X61Y99         LUT5 (Prop_lut5_I0_O)        0.124     2.913 f  native_system/queue/frame_ready_INST_0_i_4/O
                         net (fo=3, estimated)        0.731     3.644    native_system/queue/fault
    SLICE_X61Y98         LUT5 (Prop_lut5_I0_O)        0.124     3.768 r  native_system/queue/output_disable_INST_0_i_2/O
                         net (fo=2, estimated)        1.042     4.810    native_system/queue/hardware_enable0
    SLICE_X56Y82         LUT2 (Prop_lut2_I0_O)        0.124     4.934 f  native_system/queue/enable_sync[1]_i_1/O
                         net (fo=2, estimated)        0.545     5.479    native_system/digital/AR[0]
    SLICE_X54Y82         FDCE                                         f  native_system/digital/enable_sync_reg[1]/CLR
  -------------------------------------------------------------------    -------------------

                         (clock core132 rise edge)    7.576     7.576 r  
                                                      0.000     7.576 r  clk (IN)
                         net (fo=17925, unset)        0.924     8.500    native_system/digital/clk
    SLICE_X54Y82         FDCE                                         r  native_system/digital/enable_sync_reg[1]/C
                         clock pessimism              0.000     8.500    
                         clock uncertainty           -0.035     8.465    
    SLICE_X54Y82         FDCE (Recov_fdce_C_CLR)     -0.361     8.104    native_system/digital/enable_sync_reg[1]
  -------------------------------------------------------------------
                         required time                          8.104    
                         arrival time                          -5.479    
  -------------------------------------------------------------------
                         slack                                  2.625    





Min Delay Paths
--------------------------------------------------------------------------------------
Slack (MET) :             0.887ns  (arrival time - required time)
  Source:                 native_system/digital/reset_sync_reg[1]/C
                            (rising edge-triggered cell FDCE clocked by core132  {rise@0.000ns fall@3.788ns period=7.576ns})
  Destination:            native_system/digital/bank/active_requested_reg[104][0]/CLR
                            (removal check against rising-edge clock core132  {rise@0.000ns fall@3.788ns period=7.576ns})
  Path Group:             **async_default**
  Path Type:              Removal (Min at Fast Process Corner)
  Requirement:            0.000ns  (core132 rise@0.000ns - core132 rise@0.000ns)
  Data Path Delay:        0.816ns  (logic 0.246ns (30.135%)  route 0.570ns (69.865%))
  Logic Levels:           1  (LUT1=1)
  Clock Path Skew:        0.022ns (DCD - SCD - CPR)
    Destination Clock Delay (DCD):    0.432ns
    Source Clock Delay      (SCD):    0.410ns
    Clock Pessimism Removal (CPR):    -0.000ns

    Location             Delay type                Incr(ns)  Path(ns)    Netlist Resource(s)
  -------------------------------------------------------------------    -------------------
                         (clock core132 rise edge)    0.000     0.000 r  
                                                      0.000     0.000 r  clk (IN)
                         net (fo=17925, unset)        0.410     0.410    native_system/digital/clk
    SLICE_X62Y83         FDCE                                         r  native_system/digital/reset_sync_reg[1]/C
  -------------------------------------------------------------------    -------------------
    SLICE_X62Y83         FDCE (Prop_fdce_C_Q)         0.148     0.558 r  native_system/digital/reset_sync_reg[1]/Q
                         net (fo=3, estimated)        0.305     0.863    native_system/digital/bank/out[0]
    SLICE_X57Y72         LUT1 (Prop_lut1_I0_O)        0.098     0.961 f  native_system/digital/bank/adc_reset_i_2/O
                         net (fo=6423, estimated)     0.266     1.226    native_system/digital/bank/reset_sync_reg[1]
    SLICE_X57Y70         FDCE                                         f  native_system/digital/bank/active_requested_reg[104][0]/CLR
  -------------------------------------------------------------------    -------------------

                         (clock core132 rise edge)    0.000     0.000 r  
                                                      0.000     0.000 r  clk (IN)
                         net (fo=17925, unset)        0.432     0.432    native_system/digital/bank/clk
    SLICE_X57Y70         FDCE                                         r  native_system/digital/bank/active_requested_reg[104][0]/C
                         clock pessimism              0.000     0.432    
    SLICE_X57Y70         FDCE (Remov_fdce_C_CLR)     -0.092     0.340    native_system/digital/bank/active_requested_reg[104][0]
  -------------------------------------------------------------------
                         required time                         -0.340    
                         arrival time                           1.226    
  -------------------------------------------------------------------
                         slack                                  0.887    





--------------------------------------------------------------------------------------
Path Group:  (none)
From Clock:  
  To Clock:  

Max Delay             5 Endpoints
Min Delay             5 Endpoints
--------------------------------------------------------------------------------------


Max Delay Paths
--------------------------------------------------------------------------------------
Slack:                    inf
  Source:                 motion_stop
                            (input port)
  Destination:            output_disable
                            (output port)
  Path Group:             (none)
  Path Type:              Max at Slow Process Corner
  Data Path Delay:        3.163ns  (logic 0.248ns (7.841%)  route 2.915ns (92.159%))
  Logic Levels:           2  (LUT5=1 LUT6=1)

    Location             Delay type                Incr(ns)  Path(ns)    Netlist Resource(s)
  -------------------------------------------------------------------    -------------------
                                                      0.000     0.000 r  motion_stop (IN)
                         net (fo=3, unset)            0.973     0.973    native_system/queue/motion_stop
    SLICE_X61Y98         LUT5 (Prop_lut5_I4_O)        0.124     1.097 f  native_system/queue/output_disable_INST_0_i_2/O
                         net (fo=2, estimated)        0.969     2.066    native_system/digital/bank/hardware_enable0
    SLICE_X56Y81         LUT6 (Prop_lut6_I2_O)        0.124     2.190 r  native_system/digital/bank/output_disable_INST_0/O
                         net (fo=0)                   0.973     3.163    output_disable
                                                                      r  output_disable (OUT)
  -------------------------------------------------------------------    -------------------





Min Delay Paths
--------------------------------------------------------------------------------------
Slack:                    inf
  Source:                 rst_n
                            (input port)
  Destination:            frame_ready
                            (output port)
  Path Group:             (none)
  Path Type:              Min at Fast Process Corner
  Data Path Delay:        0.865ns  (logic 0.045ns (5.201%)  route 0.820ns (94.799%))
  Logic Levels:           1  (LUT6=1)

    Location             Delay type                Incr(ns)  Path(ns)    Netlist Resource(s)
  -------------------------------------------------------------------    -------------------
                                                      0.000     0.000 r  rst_n (IN)
                         net (fo=21, unset)           0.410     0.410    native_system/queue/rst_n
    SLICE_X55Y99         LUT6 (Prop_lut6_I4_O)        0.045     0.455 r  native_system/queue/frame_ready_INST_0/O
                         net (fo=2, unset)            0.410     0.865    frame_ready
                                                                      r  frame_ready (OUT)
  -------------------------------------------------------------------    -------------------





--------------------------------------------------------------------------------------
Path Group:  (none)
From Clock:  core132
  To Clock:  

Max Delay           256 Endpoints
Min Delay           256 Endpoints
--------------------------------------------------------------------------------------


Max Delay Paths
--------------------------------------------------------------------------------------
Slack:                    inf
  Source:                 native_system/digital/burst/base_phase_reg[1]/C
                            (rising edge-triggered cell FDCE clocked by core132  {rise@0.000ns fall@3.788ns period=7.576ns})
  Destination:            commanded_waveform[57]
                            (output port)
  Path Group:             (none)
  Path Type:              Max at Slow Process Corner
  Data Path Delay:        7.283ns  (logic 2.289ns (31.429%)  route 4.994ns (68.571%))
  Logic Levels:           6  (CARRY4=2 LUT2=1 LUT5=2 LUT6=1)
  Clock Uncertainty:      0.025ns  ((TSJ^2 + TIJ^2)^1/2 + DJ) / 2 + PE
    Total System Jitter     (TSJ):    0.050ns
    Total Input Jitter      (TIJ):    0.000ns
    Discrete Jitter          (DJ):    0.000ns
    Phase Error              (PE):    0.000ns

    Location             Delay type                Incr(ns)  Path(ns)    Netlist Resource(s)
  -------------------------------------------------------------------    -------------------
                         (clock core132 rise edge)    0.000     0.000 r  
                                                      0.000     0.000 r  clk (IN)
                         net (fo=17925, unset)        0.973     0.973    native_system/digital/burst/clk
    SLICE_X58Y83         FDCE                                         r  native_system/digital/burst/base_phase_reg[1]/C
  -------------------------------------------------------------------    -------------------
    SLICE_X58Y83         FDCE (Prop_fdce_C_Q)         0.518     1.491 r  native_system/digital/burst/base_phase_reg[1]/Q
                         net (fo=9, estimated)        0.607     2.098    native_system/digital/burst/base_phase[1]
    SLICE_X57Y83         LUT2 (Prop_lut2_I0_O)        0.124     2.222 r  native_system/digital/burst/commanded_waveform[127]_INST_0_i_34/O
                         net (fo=1, routed)           0.000     2.222    native_system/digital/burst/commanded_waveform[127]_INST_0_i_34_n_0
    SLICE_X57Y83         CARRY4 (Prop_carry4_S[1]_CO[3])
                                                      0.550     2.772 r  native_system/digital/burst/commanded_waveform[127]_INST_0_i_23/CO[3]
                         net (fo=1, estimated)        0.000     2.772    native_system/digital/burst/commanded_waveform[127]_INST_0_i_23_n_0
    SLICE_X57Y84         CARRY4 (Prop_carry4_CI_O[3])
                                                      0.313     3.085 f  native_system/digital/burst/commanded_waveform[127]_INST_0_i_17/O[3]
                         net (fo=1, estimated)        1.012     4.097    native_system/digital/burst/phase[7]
    SLICE_X56Y81         LUT5 (Prop_lut5_I0_O)        0.334     4.431 r  native_system/digital/burst/commanded_waveform[127]_INST_0_i_11/O
                         net (fo=8, estimated)        1.302     5.733    native_system/digital/scheduler/commanded_waveform3
    SLICE_X55Y56         LUT6 (Prop_lut6_I4_O)        0.326     6.059 r  native_system/digital/scheduler/commanded_waveform[63]_INST_0_i_2/O
                         net (fo=16, estimated)       1.100     7.159    native_system/digital/bank/captured_reg[33]_0
    SLICE_X54Y45         LUT5 (Prop_lut5_I3_O)        0.124     7.283 r  native_system/digital/bank/commanded_waveform[57]_INST_0/O
                         net (fo=1, unset)            0.973     8.256    commanded_waveform[57]
                                                                      r  commanded_waveform[57] (OUT)
  -------------------------------------------------------------------    -------------------





Min Delay Paths
--------------------------------------------------------------------------------------
Slack:                    inf
  Source:                 native_system/queue/acknowledged_sequence_reg[31]/C
                            (rising edge-triggered cell FDPE clocked by core132  {rise@0.000ns fall@3.788ns period=7.576ns})
  Destination:            acknowledged_sequence[31]
                            (output port)
  Path Group:             (none)
  Path Type:              Min at Fast Process Corner
  Data Path Delay:        0.538ns  (logic 0.128ns (23.786%)  route 0.410ns (76.214%))
  Logic Levels:           0  
  Clock Uncertainty:      0.025ns  ((TSJ^2 + TIJ^2)^1/2 + DJ) / 2 + PE
    Total System Jitter     (TSJ):    0.050ns
    Total Input Jitter      (TIJ):    0.000ns
    Discrete Jitter          (DJ):    0.000ns
    Phase Error              (PE):    0.000ns

    Location             Delay type                Incr(ns)  Path(ns)    Netlist Resource(s)
  -------------------------------------------------------------------    -------------------
                         (clock core132 rise edge)    0.000     0.000 r  
                                                      0.000     0.000 r  clk (IN)
                         net (fo=17925, unset)        0.410     0.410    native_system/queue/clk
    SLICE_X31Y112        FDPE                                         r  native_system/queue/acknowledged_sequence_reg[31]/C
  -------------------------------------------------------------------    -------------------
    SLICE_X31Y112        FDPE (Prop_fdpe_C_Q)         0.128     0.538 r  native_system/queue/acknowledged_sequence_reg[31]/Q
                         net (fo=0)                   0.410     0.948    acknowledged_sequence[31]
                                                                      r  acknowledged_sequence[31] (OUT)
  -------------------------------------------------------------------    -------------------





--------------------------------------------------------------------------------------
Path Group:  (none)
From Clock:  
  To Clock:  core132

Max Delay         23549 Endpoints
Min Delay         23549 Endpoints
--------------------------------------------------------------------------------------


Max Delay Paths
--------------------------------------------------------------------------------------
Slack:                    inf
  Source:                 frame_data[1937]
                            (input port)
  Destination:            native_system/queue/queue_reg[1][1285]/CE
                            (rising edge-triggered cell FDRE clocked by core132  {rise@0.000ns fall@3.788ns period=7.576ns})
  Path Group:             (none)
  Path Type:              Setup (Max at Slow Process Corner)
  Data Path Delay:        7.966ns  (logic 0.744ns (9.340%)  route 7.222ns (90.660%))
  Logic Levels:           6  (LUT4=2 LUT5=2 LUT6=2)
  Clock Path Skew:        0.924ns (DCD - SCD + CPR)
    Destination Clock Delay (DCD):    0.924ns
    Source Clock Delay      (SCD):    0.000ns
    Clock Pessimism Removal (CPR):    0.000ns
  Clock Uncertainty:      0.025ns  ((TSJ^2 + TIJ^2)^1/2 + DJ) / 2 + PE
    Total System Jitter     (TSJ):    0.050ns
    Total Input Jitter      (TIJ):    0.000ns
    Discrete Jitter          (DJ):    0.000ns
    Phase Error              (PE):    0.000ns

    Location             Delay type                Incr(ns)  Path(ns)    Netlist Resource(s)
  -------------------------------------------------------------------    -------------------
                                                      0.000     0.000 r  frame_data[1937] (IN)
                         net (fo=4, unset)            0.973     0.973    native_system/queue/frame_data[1937]
    SLICE_X90Y95         LUT4 (Prop_lut4_I3_O)        0.124     1.097 r  native_system/queue/invalid_frame_i_17/O
                         net (fo=1, estimated)        0.494     1.591    native_system/queue/invalid_frame_i_17_n_0
    SLICE_X90Y95         LUT5 (Prop_lut5_I4_O)        0.124     1.715 r  native_system/queue/invalid_frame_i_11/O
                         net (fo=1, estimated)        0.495     2.210    native_system/queue/invalid_frame_i_11_n_0
    SLICE_X90Y95         LUT6 (Prop_lut6_I5_O)        0.124     2.334 r  native_system/queue/invalid_frame_i_5/O
                         net (fo=2, estimated)        0.952     3.286    native_system/queue/invalid_frame_i_5_n_0
    SLICE_X88Y97         LUT4 (Prop_lut4_I1_O)        0.124     3.410 r  native_system/queue/occupancy[2]_i_5/O
                         net (fo=1, estimated)        1.793     5.203    native_system/queue/occupancy[2]_i_5_n_0
    SLICE_X57Y101        LUT6 (Prop_lut6_I3_O)        0.124     5.327 r  native_system/queue/occupancy[2]_i_4/O
                         net (fo=12, estimated)       0.478     5.805    native_system/queue/occupancy[2]_i_4_n_0
    SLICE_X59Y102        LUT5 (Prop_lut5_I4_O)        0.124     5.929 r  native_system/queue/seq[1][31]_i_1/O
                         net (fo=2208, estimated)     2.037     7.966    native_system/queue/seq[1][31]_i_1_n_0
    SLICE_X90Y128        FDRE                                         r  native_system/queue/queue_reg[1][1285]/CE
  -------------------------------------------------------------------    -------------------

                         (clock core132 rise edge)    0.000     0.000 r  
                                                      0.000     0.000 r  clk (IN)
                         net (fo=17925, unset)        0.924     0.924    native_system/queue/clk
    SLICE_X90Y128        FDRE                                         r  native_system/queue/queue_reg[1][1285]/C





Min Delay Paths
--------------------------------------------------------------------------------------
Slack:                    inf
  Source:                 s_araddr[0]
                            (input port)
  Destination:            bridge/araddr_reg[0]/D
                            (rising edge-triggered cell FDCE clocked by core132  {rise@0.000ns fall@3.788ns period=7.576ns})
  Path Group:             (none)
  Path Type:              Hold (Min at Fast Process Corner)
  Data Path Delay:        0.410ns  (logic 0.000ns (0.000%)  route 0.410ns (100.000%))
  Logic Levels:           0  
  Clock Path Skew:        0.432ns (DCD - SCD - CPR)
    Destination Clock Delay (DCD):    0.432ns
    Source Clock Delay      (SCD):    0.000ns
    Clock Pessimism Removal (CPR):    -0.000ns

    Location             Delay type                Incr(ns)  Path(ns)    Netlist Resource(s)
  -------------------------------------------------------------------    -------------------
                                                      0.000     0.000 r  s_araddr[0] (IN)
                         net (fo=0)                   0.410     0.410    bridge/s_araddr[0]
    SLICE_X62Y92         FDCE                                         r  bridge/araddr_reg[0]/D
  -------------------------------------------------------------------    -------------------

                         (clock core132 rise edge)    0.000     0.000 r  
                                                      0.000     0.000 r  clk (IN)
                         net (fo=17925, unset)        0.432     0.432    bridge/clk
    SLICE_X62Y92         FDCE                                         r  bridge/araddr_reg[0]/C





