#-----------------------------------------------------------
# Vivado v2025.2 (64-bit)
# SW Build 6299465 on Fri Nov 14 19:35:11 GMT 2025
# IP Build 6300035 on Fri Nov 14 10:48:45 MST 2025
# SharedData Build 6298862 on Thu Nov 13 04:50:51 MST 2025
# Start of session at: Sat Oct  3 15:43:05 2026
# Process ID         : 37048
# Current directory  : E:/Codex_project/AMD-SonoField-FPGA
# Command line       : vivado.exe -mode batch -source E:/Codex_project/AMD-SonoField-FPGA/v2/scripts/pre_pcb_package.tcl -log E:/Codex_project/AMD-SonoField-FPGA/v2/evidence/pre_pcb_board_ready/connector_reference/package_query.log -journal E:/Codex_project/AMD-SonoField-FPGA/v2/build/pre_pcb/package.jou
# Log file           : E:/Codex_project/AMD-SonoField-FPGA/v2/evidence/pre_pcb_board_ready/connector_reference/package_query.log
# Journal file       : E:/Codex_project/AMD-SonoField-FPGA/v2/build/pre_pcb/package.jou
# Running On         : loverlike
# Platform           : Windows Server 2016 or Windows 10
# Operating System   : 26200
# Processor Detail   : 13th Gen Intel(R) Core(TM) i9-13980HX
# CPU Frequency      : 2419 MHz
# CPU Physical cores : 24
# CPU Logical cores  : 32
# Host memory        : 16774 MB
# Swap memory        : 24696 MB
# Total Virtual      : 41470 MB
# Available Virtual  : 5035 MB
#-----------------------------------------------------------
source E:/Codex_project/AMD-SonoField-FPGA/v2/scripts/pre_pcb_package.tcl
# set root [file normalize [file join [file dirname [info script]] ..]]
# set out [file join $root evidence pre_pcb_board_ready connector_reference]
# file mkdir $out
# create_project -in_memory -part xc7z020clg400-1
create_project: Time (s): cpu = 00:00:08 ; elapsed = 00:00:08 . Memory (MB): peak = 531.535 ; gain = 220.227
# link_design -part xc7z020clg400-1
Command: link_design -part xc7z020clg400-1
Design is defaulting to srcset: sources_1
Design is defaulting to constrset: constrs_1
INFO: [Device 21-403] Loading part xc7z020clg400-1
Netlist sorting complete. Time (s): cpu = 00:00:00 ; elapsed = 00:00:00 . Memory (MB): peak = 770.586 ; gain = 0.000
INFO: [Project 1-570] Preparing netlist for logic optimization
INFO: [Opt 31-138] Pushed 0 inverter(s) to 0 load pin(s).
Netlist sorting complete. Time (s): cpu = 00:00:00 ; elapsed = 00:00:00 . Memory (MB): peak = 909.473 ; gain = 0.000
INFO: [Project 1-111] Unisim Transformation Summary:
No Unisim elements were transformed.

4 Infos, 0 Warnings, 0 Critical Warnings and 0 Errors encountered.
link_design completed successfully
link_design: Time (s): cpu = 00:00:03 ; elapsed = 00:00:06 . Memory (MB): peak = 909.473 ; gain = 377.938
# set f [open [file join $out package_pins.tsv] w]
# puts $f "pin\tpin_func\tbank\tis_bonded\tis_general_purpose\tis_clk_capable"
# foreach p [lsort [get_package_pins]] {
#  puts $f "$p\t[get_property PIN_FUNC $p]\t[get_property BANK $p]\t[get_property IS_BONDED $p]\t[get_property IS_GENERAL_PURPOSE $p]\t[get_property IS_CLK_CAPABLE $p]"
# }
# close $f
# close_project
# exit
INFO: [Common 17-206] Exiting Vivado at Sat Oct  3 15:43:23 2026...
