Copyright 1986-2022 Xilinx, Inc. All Rights Reserved. Copyright 2022-2025 Advanced Micro Devices, Inc. All Rights Reserved.
--------------------------------------------------------------------------------------------------------------------------------------------------------------------------------------------
| Tool Version : Vivado v.2025.2 (win64) Build 6299465 Fri Nov 14 19:35:11 GMT 2025
| Date         : Fri Oct  9 14:41:39 2026
| Host         : loverlike running 64-bit major release  (build 9200)
| Command      : report_timing_summary -delay_type min_max -report_unconstrained -file E:/Codex_project/AMD_Sonofield/v5/evidence/pre_pcb_20261009/platform_connected3/pl_routed_timing.rpt
| Design       : prepcb_pl
| Device       : 7z020-clg400
| Speed File   : -2  PRODUCTION 1.12 2019-11-22
| Design State : Routed
--------------------------------------------------------------------------------------------------------------------------------------------------------------------------------------------

Timing Summary Report

------------------------------------------------------------------------------------------------
| Timer Settings
| --------------
------------------------------------------------------------------------------------------------

  Enable Multi Corner Analysis               :  Yes
  Enable Pessimism Removal                   :  Yes
  Pessimism Removal Resolution               :  Nearest Common Node
  Enable Input Delay Default Clock           :  No
  Enable Preset / Clear Arcs                 :  No
  Disable Flight Delays                      :  No
  Ignore I/O Paths                           :  No
  Timing Early Launch at Borrowing Latches   :  No
  Borrow Time for Max Delay Exceptions       :  Yes
  Merge Timing Exceptions                    :  Yes
  Inter-SLR Compensation                     :  Conservative

  Corner  Analyze    Analyze    
  Name    Max Paths  Min Paths  
  ------  ---------  ---------  
  Slow    Yes        Yes        
  Fast    Yes        Yes        


------------------------------------------------------------------------------------------------
| Report Methodology
| ------------------
------------------------------------------------------------------------------------------------

No report available as report_methodology has not been run prior. Run report_methodology on the current design for the summary of methodology violations.



check_timing report

Table of Contents
-----------------
1. checking no_clock (22)
2. checking constant_clock (0)
3. checking pulse_width_clock (0)
4. checking unconstrained_internal_endpoints (3)
5. checking no_input_delay (161)
6. checking no_output_delay (147)
7. checking multiple_clock (0)
8. checking generated_clocks (0)
9. checking loops (0)
10. checking partial_input_delay (0)
11. checking partial_output_delay (0)
12. checking latch_loops (0)

1. checking no_clock (22)
-------------------------
 There are 3 register/latch pins with no clock driven by root clock pin: health[0] (HIGH)

 There are 2 register/latch pins with no clock driven by root clock pin: health[1] (HIGH)

 There are 2 register/latch pins with no clock driven by root clock pin: health[2] (HIGH)

 There are 2 register/latch pins with no clock driven by root clock pin: health[3] (HIGH)

 There are 2 register/latch pins with no clock driven by root clock pin: health[4] (HIGH)

 There are 2 register/latch pins with no clock driven by root clock pin: health[5] (HIGH)

 There are 2 register/latch pins with no clock driven by root clock pin: health[6] (HIGH)

 There are 2 register/latch pins with no clock driven by root clock pin: health[7] (HIGH)

 There are 3 register/latch pins with no clock driven by root clock pin: rst_n (HIGH)

 There are 2 register/latch pins with no clock driven by root clock pin: mailbox/invalid_reg/Q (HIGH)


2. checking constant_clock (0)
------------------------------
 There are 0 register/latch pins with constant_clock.


3. checking pulse_width_clock (0)
---------------------------------
 There are 0 register/latch pins which need pulse_width check


4. checking unconstrained_internal_endpoints (3)
------------------------------------------------
 There are 3 pins that are not constrained for maximum delay. (HIGH)

 There are 0 pins that are not constrained for maximum delay due to constant clock.


5. checking no_input_delay (161)
--------------------------------
 There are 161 input ports with no input delay specified. (HIGH)

 There are 0 input ports with no input delay but user has a false path constraint.


6. checking no_output_delay (147)
---------------------------------
 There are 147 ports with no output delay specified. (HIGH)

 There are 0 ports with no output delay but user has a false path constraint

 There are 0 ports with no output delay but with a timing clock defined on it or propagating through it


7. checking multiple_clock (0)
------------------------------
 There are 0 register/latch pins with multiple clocks.


8. checking generated_clocks (0)
--------------------------------
 There are 0 generated clocks that are not connected to a clock source.


9. checking loops (0)
---------------------
 There are 0 combinational loops in the design.


10. checking partial_input_delay (0)
------------------------------------
 There are 0 input ports with partial input delay specified.


11. checking partial_output_delay (0)
-------------------------------------
 There are 0 ports with partial output delay specified.


12. checking latch_loops (0)
----------------------------
 There are 0 combinational latch loops in the design through latch input



------------------------------------------------------------------------------------------------
| Design Timing Summary
| ---------------------
------------------------------------------------------------------------------------------------

    WNS(ns)      TNS(ns)  TNS Failing Endpoints  TNS Total Endpoints      WHS(ns)      THS(ns)  THS Failing Endpoints  THS Total Endpoints     WPWS(ns)     TPWS(ns)  TPWS Failing Endpoints  TPWS Total Endpoints  
    -------      -------  ---------------------  -------------------      -------      -------  ---------------------  -------------------     --------     --------  ----------------------  --------------------  
     -0.217      -18.358                    288                44353        0.069        0.000                      0                44353        3.288        0.000                       0                 20194  


Timing constraints are not met.


------------------------------------------------------------------------------------------------
| Clock Summary
| -------------
------------------------------------------------------------------------------------------------

Clock     Waveform(ns)         Period(ns)      Frequency(MHz)
-----     ------------         ----------      --------------
core_clk  {0.000 3.788}        7.576           131.996         


------------------------------------------------------------------------------------------------
| Intra Clock Table
| -----------------
------------------------------------------------------------------------------------------------

Clock             WNS(ns)      TNS(ns)  TNS Failing Endpoints  TNS Total Endpoints      WHS(ns)      THS(ns)  THS Failing Endpoints  THS Total Endpoints     WPWS(ns)     TPWS(ns)  TPWS Failing Endpoints  TPWS Total Endpoints  
-----             -------      -------  ---------------------  -------------------      -------      -------  ---------------------  -------------------     --------     --------  ----------------------  --------------------  
core_clk           -0.217      -18.358                    288                37858        0.069        0.000                      0                37858        3.288        0.000                       0                 20194  


------------------------------------------------------------------------------------------------
| Inter Clock Table
| -----------------
------------------------------------------------------------------------------------------------

From Clock    To Clock          WNS(ns)      TNS(ns)  TNS Failing Endpoints  TNS Total Endpoints      WHS(ns)      THS(ns)  THS Failing Endpoints  THS Total Endpoints  
----------    --------          -------      -------  ---------------------  -------------------      -------      -------  ---------------------  -------------------  


------------------------------------------------------------------------------------------------
| Other Path Groups Table
| -----------------------
------------------------------------------------------------------------------------------------

Path Group         From Clock         To Clock               WNS(ns)      TNS(ns)  TNS Failing Endpoints  TNS Total Endpoints      WHS(ns)      THS(ns)  THS Failing Endpoints  THS Total Endpoints  
----------         ----------         --------               -------      -------  ---------------------  -------------------      -------      -------  ---------------------  -------------------  
**async_default**  core_clk           core_clk                 0.908        0.000                      0                 6495        0.709        0.000                      0                 6495  


------------------------------------------------------------------------------------------------
| User Ignored Path Table
| -----------------------
------------------------------------------------------------------------------------------------

Path Group    From Clock    To Clock    
----------    ----------    --------    


------------------------------------------------------------------------------------------------
| Unconstrained Path Table
| ------------------------
------------------------------------------------------------------------------------------------

Path Group    From Clock    To Clock    
----------    ----------    --------    
(none)                                    
(none)        core_clk                    
(none)                      core_clk      


------------------------------------------------------------------------------------------------
| Timing Details
| --------------
------------------------------------------------------------------------------------------------


---------------------------------------------------------------------------------------------------
From Clock:  core_clk
  To Clock:  core_clk

Setup :          288  Failing Endpoints,  Worst Slack       -0.217ns,  Total Violation      -18.358ns
Hold  :            0  Failing Endpoints,  Worst Slack        0.069ns,  Total Violation        0.000ns
PW    :            0  Failing Endpoints,  Worst Slack        3.288ns,  Total Violation        0.000ns
---------------------------------------------------------------------------------------------------


Max Delay Paths
--------------------------------------------------------------------------------------
Slack (VIOLATED) :        -0.217ns  (required time - arrival time)
  Source:                 mailbox/invalid_reg/C
                            (rising edge-triggered cell FDCE clocked by core_clk  {rise@0.000ns fall@3.788ns period=7.576ns})
  Destination:            core/native_system/queue/queue_reg[1][1132]/CE
                            (rising edge-triggered cell FDRE clocked by core_clk  {rise@0.000ns fall@3.788ns period=7.576ns})
  Path Group:             core_clk
  Path Type:              Setup (Max at Slow Process Corner)
  Requirement:            7.576ns  (core_clk rise@7.576ns - core_clk rise@0.000ns)
  Data Path Delay:        7.550ns  (logic 2.183ns (28.914%)  route 5.367ns (71.086%))
  Logic Levels:           9  (LDCE=1 LUT3=2 LUT5=4 LUT6=2)
  Clock Path Skew:        -0.039ns (DCD - SCD + CPR)
    Destination Clock Delay (DCD):    0.748ns = ( 8.324 - 7.576 ) 
    Source Clock Delay      (SCD):    0.787ns
    Clock Pessimism Removal (CPR):    0.000ns
  Clock Uncertainty:      0.035ns  ((TSJ^2 + TIJ^2)^1/2 + DJ) / 2 + PE
    Total System Jitter     (TSJ):    0.071ns
    Total Input Jitter      (TIJ):    0.000ns
    Discrete Jitter          (DJ):    0.000ns
    Phase Error              (PE):    0.000ns

    Location             Delay type                Incr(ns)  Path(ns)    Netlist Resource(s)
  -------------------------------------------------------------------    -------------------
                         (clock core_clk rise edge)
                                                      0.000     0.000 r  
                                                      0.000     0.000 r  clk (IN)
                         net (fo=20193, unset)        0.787     0.787    mailbox/clk
    SLICE_X46Y107        FDCE                                         r  mailbox/invalid_reg/C
  -------------------------------------------------------------------    -------------------
    SLICE_X46Y107        FDCE (Prop_fdce_C_Q)         0.433     1.220 r  mailbox/invalid_reg/Q
                         net (fo=6, routed)           0.336     1.556    mailbox/status[0]
    SLICE_X47Y106        LUT5 (Prop_lut5_I3_O)        0.105     1.661 r  mailbox/efuse_dn_INST_0_i_1/O
                         net (fo=69, routed)          0.473     2.134    mailbox/rst_n_0
    SLICE_X47Y106        LUT3 (Prop_lut3_I0_O)        0.105     2.239 r  mailbox/state_reg[1]_LDC_i_2/O
                         net (fo=4, routed)           0.385     2.624    supervisor/state_reg[0]_P_0
    SLICE_X47Y104        LDCE (SetClr_ldce_CLR_Q)     0.731     3.355 f  supervisor/state_reg[1]_LDC/Q
                         net (fo=3, routed)           0.339     3.694    supervisor/state_reg[1]_LDC_n_0
    SLICE_X46Y103        LUT3 (Prop_lut3_I1_O)        0.106     3.800 r  supervisor/status[1]_INST_0/O
                         net (fo=45, routed)          0.263     4.063    supervisor/state_reg[1]_P_0
    SLICE_X46Y103        LUT5 (Prop_lut5_I2_O)        0.283     4.346 r  supervisor/efuse_dn_INST_0/O
                         net (fo=6, routed)           0.508     4.854    core/native_system/queue/stopped_reg_0
    SLICE_X51Y107        LUT5 (Prop_lut5_I1_O)        0.105     4.959 f  core/native_system/queue/frame_valid_i_3/O
                         net (fo=1, routed)           0.112     5.071    core/native_system/queue/frame_valid_i_3_n_0
    SLICE_X51Y107        LUT6 (Prop_lut6_I5_O)        0.105     5.176 r  core/native_system/queue/frame_valid_i_2/O
                         net (fo=4, routed)           0.440     5.616    mailbox/frame_ready
    SLICE_X55Y107        LUT6 (Prop_lut6_I1_O)        0.105     5.721 r  mailbox/occupancy[2]_i_2/O
                         net (fo=12, routed)          0.596     6.317    core/native_system/queue/occupancy_reg[2]_2
    SLICE_X55Y114        LUT5 (Prop_lut5_I4_O)        0.105     6.422 r  core/native_system/queue/seq[1][15]_i_1/O
                         net (fo=2192, routed)        1.915     8.337    core/native_system/queue/seq[1][15]_i_1_n_0
    SLICE_X97Y147        FDRE                                         r  core/native_system/queue/queue_reg[1][1132]/CE
  -------------------------------------------------------------------    -------------------

                         (clock core_clk rise edge)
                                                      7.576     7.576 r  
                                                      0.000     7.576 r  clk (IN)
                         net (fo=20193, unset)        0.748     8.324    core/native_system/queue/clk
    SLICE_X97Y147        FDRE                                         r  core/native_system/queue/queue_reg[1][1132]/C
                         clock pessimism              0.000     8.324    
                         clock uncertainty           -0.035     8.288    
    SLICE_X97Y147        FDRE (Setup_fdre_C_CE)      -0.168     8.120    core/native_system/queue/queue_reg[1][1132]
  -------------------------------------------------------------------
                         required time                          8.120    
                         arrival time                          -8.337    
  -------------------------------------------------------------------
                         slack                                 -0.217    





Min Delay Paths
--------------------------------------------------------------------------------------
Slack (MET) :             0.069ns  (arrival time - required time)
  Source:                 core/native_system/digital/adc/frame_reg[95]/C
                            (rising edge-triggered cell FDCE clocked by core_clk  {rise@0.000ns fall@3.788ns period=7.576ns})
  Destination:            core/native_system/digital/scheduler/memory_reg_2/DIADI[23]
                            (rising edge-triggered cell RAMB36E1 clocked by core_clk  {rise@0.000ns fall@3.788ns period=7.576ns})
  Path Group:             core_clk
  Path Type:              Hold (Min at Fast Process Corner)
  Requirement:            0.000ns  (core_clk rise@0.000ns - core_clk rise@0.000ns)
  Data Path Delay:        0.244ns  (logic 0.141ns (57.706%)  route 0.103ns (42.294%))
  Logic Levels:           0  
  Clock Path Skew:        0.021ns (DCD - SCD - CPR)
    Destination Clock Delay (DCD):    0.411ns
    Source Clock Delay      (SCD):    0.390ns
    Clock Pessimism Removal (CPR):    -0.000ns

    Location             Delay type                Incr(ns)  Path(ns)    Netlist Resource(s)
  -------------------------------------------------------------------    -------------------
                         (clock core_clk rise edge)
                                                      0.000     0.000 r  
                                                      0.000     0.000 r  clk (IN)
                         net (fo=20193, unset)        0.390     0.390    core/native_system/digital/adc/clk
    SLICE_X55Y83         FDCE                                         r  core/native_system/digital/adc/frame_reg[95]/C
  -------------------------------------------------------------------    -------------------
    SLICE_X55Y83         FDCE (Prop_fdce_C_Q)         0.141     0.531 r  core/native_system/digital/adc/frame_reg[95]/Q
                         net (fo=1, routed)           0.103     0.635    core/native_system/digital/scheduler/frame[95]
    RAMB36_X3Y16         RAMB36E1                                     r  core/native_system/digital/scheduler/memory_reg_2/DIADI[23]
  -------------------------------------------------------------------    -------------------

                         (clock core_clk rise edge)
                                                      0.000     0.000 r  
                                                      0.000     0.000 r  clk (IN)
                         net (fo=20193, unset)        0.411     0.411    core/native_system/digital/scheduler/clk
    RAMB36_X3Y16         RAMB36E1                                     r  core/native_system/digital/scheduler/memory_reg_2/CLKARDCLK
                         clock pessimism              0.000     0.411    
    RAMB36_X3Y16         RAMB36E1 (Hold_ramb36e1_CLKARDCLK_DIADI[23])
                                                      0.155     0.566    core/native_system/digital/scheduler/memory_reg_2
  -------------------------------------------------------------------
                         required time                         -0.566    
                         arrival time                           0.635    
  -------------------------------------------------------------------
                         slack                                  0.069    





Pulse Width Checks
--------------------------------------------------------------------------------------
Clock Name:         core_clk
Waveform(ns):       { 0.000 3.788 }
Period(ns):         7.576
Sources:            { clk }

Check Type        Corner  Lib Pin             Reference Pin  Required(ns)  Actual(ns)  Slack(ns)  Location      Pin
Min Period        n/a     RAMB36E1/CLKARDCLK  n/a            2.472         7.576       5.104      RAMB36_X3Y14  core/native_system/digital/scheduler/memory_reg_0/CLKARDCLK
Low Pulse Width   Slow    FDCE/C              n/a            0.500         3.788       3.288      SLICE_X84Y96  core/bridge/FSM_sequential_state_reg[0]/C
High Pulse Width  Slow    FDCE/C              n/a            0.500         3.788       3.288      SLICE_X84Y96  core/bridge/FSM_sequential_state_reg[0]/C



---------------------------------------------------------------------------------------------------
Path Group:  **async_default**
From Clock:  core_clk
  To Clock:  core_clk

Setup :            0  Failing Endpoints,  Worst Slack        0.908ns,  Total Violation        0.000ns
Hold  :            0  Failing Endpoints,  Worst Slack        0.709ns,  Total Violation        0.000ns
---------------------------------------------------------------------------------------------------


Max Delay Paths
--------------------------------------------------------------------------------------
Slack (MET) :             0.908ns  (required time - arrival time)
  Source:                 core/native_system/digital/reset_sync_reg[1]/C
                            (rising edge-triggered cell FDCE clocked by core_clk  {rise@0.000ns fall@3.788ns period=7.576ns})
  Destination:            core/native_system/digital/bank/active_calibration_reg[29][2]/CLR
                            (recovery check against rising-edge clock core_clk  {rise@0.000ns fall@3.788ns period=7.576ns})
  Path Group:             **async_default**
  Path Type:              Recovery (Max at Slow Process Corner)
  Requirement:            7.576ns  (core_clk rise@7.576ns - core_clk rise@0.000ns)
  Data Path Delay:        6.262ns  (logic 0.630ns (10.061%)  route 5.632ns (89.939%))
  Logic Levels:           1  (LUT1=1)
  Clock Path Skew:        -0.039ns (DCD - SCD + CPR)
    Destination Clock Delay (DCD):    0.748ns = ( 8.324 - 7.576 ) 
    Source Clock Delay      (SCD):    0.787ns
    Clock Pessimism Removal (CPR):    0.000ns
  Clock Uncertainty:      0.035ns  ((TSJ^2 + TIJ^2)^1/2 + DJ) / 2 + PE
    Total System Jitter     (TSJ):    0.071ns
    Total Input Jitter      (TIJ):    0.000ns
    Discrete Jitter          (DJ):    0.000ns
    Phase Error              (PE):    0.000ns

    Location             Delay type                Incr(ns)  Path(ns)    Netlist Resource(s)
  -------------------------------------------------------------------    -------------------
                         (clock core_clk rise edge)
                                                      0.000     0.000 r  
                                                      0.000     0.000 r  clk (IN)
                         net (fo=20193, unset)        0.787     0.787    core/native_system/digital/clk
    SLICE_X58Y85         FDCE                                         r  core/native_system/digital/reset_sync_reg[1]/C
  -------------------------------------------------------------------    -------------------
    SLICE_X58Y85         FDCE (Prop_fdce_C_Q)         0.398     1.185 r  core/native_system/digital/reset_sync_reg[1]/Q
                         net (fo=3, routed)           0.620     1.805    core/native_system/digital/bank/out[0]
    SLICE_X61Y74         LUT1 (Prop_lut1_I0_O)        0.232     2.037 f  core/native_system/digital/bank/adc_reset_i_2/O
                         net (fo=6423, routed)        5.012     7.049    core/native_system/digital/bank/reset_sync_reg[1]
    SLICE_X56Y43         FDCE                                         f  core/native_system/digital/bank/active_calibration_reg[29][2]/CLR
  -------------------------------------------------------------------    -------------------

                         (clock core_clk rise edge)
                                                      7.576     7.576 r  
                                                      0.000     7.576 r  clk (IN)
                         net (fo=20193, unset)        0.748     8.324    core/native_system/digital/bank/clk
    SLICE_X56Y43         FDCE                                         r  core/native_system/digital/bank/active_calibration_reg[29][2]/C
                         clock pessimism              0.000     8.324    
                         clock uncertainty           -0.035     8.288    
    SLICE_X56Y43         FDCE (Recov_fdce_C_CLR)     -0.331     7.957    core/native_system/digital/bank/active_calibration_reg[29][2]
  -------------------------------------------------------------------
                         required time                          7.957    
                         arrival time                          -7.049    
  -------------------------------------------------------------------
                         slack                                  0.908    





Min Delay Paths
--------------------------------------------------------------------------------------
Slack (MET) :             0.709ns  (arrival time - required time)
  Source:                 mailbox/invalid_reg/C
                            (rising edge-triggered cell FDCE clocked by core_clk  {rise@0.000ns fall@3.788ns period=7.576ns})
  Destination:            supervisor/age_reg[28]/CLR
                            (removal check against rising-edge clock core_clk  {rise@0.000ns fall@3.788ns period=7.576ns})
  Path Group:             **async_default**
  Path Type:              Removal (Min at Fast Process Corner)
  Requirement:            0.000ns  (core_clk rise@0.000ns - core_clk rise@0.000ns)
  Data Path Delay:        0.637ns  (logic 0.209ns (32.794%)  route 0.428ns (67.206%))
  Logic Levels:           1  (LUT5=1)
  Clock Path Skew:        0.021ns (DCD - SCD - CPR)
    Destination Clock Delay (DCD):    0.411ns
    Source Clock Delay      (SCD):    0.390ns
    Clock Pessimism Removal (CPR):    -0.000ns

    Location             Delay type                Incr(ns)  Path(ns)    Netlist Resource(s)
  -------------------------------------------------------------------    -------------------
                         (clock core_clk rise edge)
                                                      0.000     0.000 r  
                                                      0.000     0.000 r  clk (IN)
                         net (fo=20193, unset)        0.390     0.390    mailbox/clk
    SLICE_X46Y107        FDCE                                         r  mailbox/invalid_reg/C
  -------------------------------------------------------------------    -------------------
    SLICE_X46Y107        FDCE (Prop_fdce_C_Q)         0.164     0.554 f  mailbox/invalid_reg/Q
                         net (fo=6, routed)           0.157     0.711    mailbox/status[0]
    SLICE_X47Y106        LUT5 (Prop_lut5_I3_O)        0.045     0.756 f  mailbox/efuse_dn_INST_0_i_1/O
                         net (fo=69, routed)          0.272     1.028    supervisor/state[2]_i_2_n_0
    SLICE_X48Y105        FDCE                                         f  supervisor/age_reg[28]/CLR
  -------------------------------------------------------------------    -------------------

                         (clock core_clk rise edge)
                                                      0.000     0.000 r  
                                                      0.000     0.000 r  clk (IN)
                         net (fo=20193, unset)        0.411     0.411    supervisor/clk
    SLICE_X48Y105        FDCE                                         r  supervisor/age_reg[28]/C
                         clock pessimism              0.000     0.411    
    SLICE_X48Y105        FDCE (Remov_fdce_C_CLR)     -0.092     0.319    supervisor/age_reg[28]
  -------------------------------------------------------------------
                         required time                         -0.319    
                         arrival time                           1.028    
  -------------------------------------------------------------------
                         slack                                  0.709    





--------------------------------------------------------------------------------------
Path Group:  (none)
From Clock:  
  To Clock:  

Max Delay            13 Endpoints
Min Delay            13 Endpoints
--------------------------------------------------------------------------------------


Max Delay Paths
--------------------------------------------------------------------------------------
Slack:                    inf
  Source:                 rst_n
                            (input port)
  Destination:            output_disable
                            (output port)
  Path Group:             (none)
  Path Type:              Max at Slow Process Corner
  Data Path Delay:        20.299ns  (logic 1.557ns (7.670%)  route 18.742ns (92.330%))
  Logic Levels:           7  (LDCE=1 LUT1=1 LUT2=1 LUT3=1 LUT5=2 LUT6=1)

    Location             Delay type                Incr(ns)  Path(ns)    Netlist Resource(s)
  -------------------------------------------------------------------    -------------------
                                                      0.000     0.000 f  rst_n (IN)
                         net (fo=25, unset)           0.787     0.787    core/bridge/rst_n
    SLICE_X28Y146        LUT1 (Prop_lut1_I0_O)        0.105     0.892 r  core/bridge/i___5/O
                         net (fo=4915, routed)       13.525    14.417    supervisor/ms_div_reg[31]_0
    SLICE_X46Y102        LDCE (SetClr_ldce_CLR_Q)     0.741    15.158 f  supervisor/state_reg[3]_LDC/Q
                         net (fo=35, routed)          0.786    15.944    supervisor/state_reg[3]_LDC_n_0
    SLICE_X47Y103        LUT3 (Prop_lut3_I1_O)        0.119    16.063 r  supervisor/status[3]_INST_0/O
                         net (fo=10, routed)          0.304    16.368    supervisor/status[1]
    SLICE_X46Y103        LUT5 (Prop_lut5_I3_O)        0.267    16.635 f  supervisor/efuse_dn_INST_0/O
                         net (fo=6, routed)           0.418    17.052    core/native_system/queue/stopped_reg_0
    SLICE_X51Y107        LUT5 (Prop_lut5_I1_O)        0.105    17.157 f  core/native_system/queue/output_disable_INST_0_i_3/O
                         net (fo=2, routed)           1.144    18.301    core/native_system/digital/bank/hardware_enable0
    SLICE_X50Y91         LUT6 (Prop_lut6_I2_O)        0.105    18.406 r  core/native_system/digital/bank/output_disable_INST_0_i_1/O
                         net (fo=1, routed)           0.991    19.397    core/native_system/digital/bank/core_disable
    SLICE_X51Y105        LUT2 (Prop_lut2_I0_O)        0.115    19.512 r  core/native_system/digital/bank/output_disable_INST_0/O
                         net (fo=0)                   0.787    20.299    output_disable
                                                                      r  output_disable (OUT)
  -------------------------------------------------------------------    -------------------





Min Delay Paths
--------------------------------------------------------------------------------------
Slack:                    inf
  Source:                 rst_n
                            (input port)
  Destination:            supervisor/state_reg[1]_LDC/CLR
  Path Group:             (none)
  Path Type:              Min at Fast Process Corner
  Data Path Delay:        0.613ns  (logic 0.045ns (7.341%)  route 0.568ns (92.659%))
  Logic Levels:           1  (LUT3=1)

    Location             Delay type                Incr(ns)  Path(ns)    Netlist Resource(s)
  -------------------------------------------------------------------    -------------------
                                                      0.000     0.000 r  rst_n (IN)
                         net (fo=25, unset)           0.390     0.390    mailbox/rst_n
    SLICE_X47Y106        LUT3 (Prop_lut3_I2_O)        0.045     0.435 f  mailbox/state_reg[1]_LDC_i_2/O
                         net (fo=4, routed)           0.178     0.613    supervisor/state_reg[0]_P_0
    SLICE_X47Y104        LDCE                                         f  supervisor/state_reg[1]_LDC/CLR
  -------------------------------------------------------------------    -------------------





--------------------------------------------------------------------------------------
Path Group:  (none)
From Clock:  core_clk
  To Clock:  

Max Delay           148 Endpoints
Min Delay           148 Endpoints
--------------------------------------------------------------------------------------


Max Delay Paths
--------------------------------------------------------------------------------------
Slack:                    inf
  Source:                 mailbox/invalid_reg/C
                            (rising edge-triggered cell FDCE clocked by core_clk  {rise@0.000ns fall@3.788ns period=7.576ns})
  Destination:            output_disable
                            (output port)
  Path Group:             (none)
  Path Type:              Max at Slow Process Corner
  Data Path Delay:        7.224ns  (logic 2.088ns (28.904%)  route 5.136ns (71.096%))
  Logic Levels:           8  (LDCE=1 LUT2=1 LUT3=2 LUT5=3 LUT6=1)
  Clock Uncertainty:      0.025ns  ((TSJ^2 + TIJ^2)^1/2 + DJ) / 2 + PE
    Total System Jitter     (TSJ):    0.050ns
    Total Input Jitter      (TIJ):    0.000ns
    Discrete Jitter          (DJ):    0.000ns
    Phase Error              (PE):    0.000ns

    Location             Delay type                Incr(ns)  Path(ns)    Netlist Resource(s)
  -------------------------------------------------------------------    -------------------
                         (clock core_clk rise edge)
                                                      0.000     0.000 r  
                                                      0.000     0.000 r  clk (IN)
                         net (fo=20193, unset)        0.787     0.787    mailbox/clk
    SLICE_X46Y107        FDCE                                         r  mailbox/invalid_reg/C
  -------------------------------------------------------------------    -------------------
    SLICE_X46Y107        FDCE (Prop_fdce_C_Q)         0.433     1.220 r  mailbox/invalid_reg/Q
                         net (fo=6, routed)           0.336     1.556    mailbox/status[0]
    SLICE_X47Y106        LUT5 (Prop_lut5_I3_O)        0.105     1.661 r  mailbox/efuse_dn_INST_0_i_1/O
                         net (fo=69, routed)          0.473     2.134    mailbox/rst_n_0
    SLICE_X47Y106        LUT3 (Prop_lut3_I0_O)        0.105     2.239 r  mailbox/state_reg[1]_LDC_i_2/O
                         net (fo=4, routed)           0.385     2.624    supervisor/state_reg[0]_P_0
    SLICE_X47Y104        LDCE (SetClr_ldce_CLR_Q)     0.731     3.355 f  supervisor/state_reg[1]_LDC/Q
                         net (fo=3, routed)           0.339     3.694    supervisor/state_reg[1]_LDC_n_0
    SLICE_X46Y103        LUT3 (Prop_lut3_I1_O)        0.106     3.800 r  supervisor/status[1]_INST_0/O
                         net (fo=45, routed)          0.263     4.063    supervisor/state_reg[1]_P_0
    SLICE_X46Y103        LUT5 (Prop_lut5_I2_O)        0.283     4.346 f  supervisor/efuse_dn_INST_0/O
                         net (fo=6, routed)           0.418     4.764    core/native_system/queue/stopped_reg_0
    SLICE_X51Y107        LUT5 (Prop_lut5_I1_O)        0.105     4.869 f  core/native_system/queue/output_disable_INST_0_i_3/O
                         net (fo=2, routed)           1.144     6.013    core/native_system/digital/bank/hardware_enable0
    SLICE_X50Y91         LUT6 (Prop_lut6_I2_O)        0.105     6.118 r  core/native_system/digital/bank/output_disable_INST_0_i_1/O
                         net (fo=1, routed)           0.991     7.109    core/native_system/digital/bank/core_disable
    SLICE_X51Y105        LUT2 (Prop_lut2_I0_O)        0.115     7.224 r  core/native_system/digital/bank/output_disable_INST_0/O
                         net (fo=0)                   0.787     8.011    output_disable
                                                                      r  output_disable (OUT)
  -------------------------------------------------------------------    -------------------





Min Delay Paths
--------------------------------------------------------------------------------------
Slack:                    inf
  Source:                 core/bridge/s_rdata_reg[11]/C
                            (rising edge-triggered cell FDCE clocked by core_clk  {rise@0.000ns fall@3.788ns period=7.576ns})
  Destination:            S_AXI_rdata[11]
                            (output port)
  Path Group:             (none)
  Path Type:              Min at Fast Process Corner
  Data Path Delay:        0.518ns  (logic 0.128ns (24.697%)  route 0.390ns (75.303%))
  Logic Levels:           0  
  Clock Uncertainty:      0.025ns  ((TSJ^2 + TIJ^2)^1/2 + DJ) / 2 + PE
    Total System Jitter     (TSJ):    0.050ns
    Total Input Jitter      (TIJ):    0.000ns
    Discrete Jitter          (DJ):    0.000ns
    Phase Error              (PE):    0.000ns

    Location             Delay type                Incr(ns)  Path(ns)    Netlist Resource(s)
  -------------------------------------------------------------------    -------------------
                         (clock core_clk rise edge)
                                                      0.000     0.000 r  
                                                      0.000     0.000 r  clk (IN)
                         net (fo=20193, unset)        0.390     0.390    core/bridge/clk
    SLICE_X60Y90         FDCE                                         r  core/bridge/s_rdata_reg[11]/C
  -------------------------------------------------------------------    -------------------
    SLICE_X60Y90         FDCE (Prop_fdce_C_Q)         0.128     0.518 r  core/bridge/s_rdata_reg[11]/Q
                         net (fo=0)                   0.390     0.909    S_AXI_rdata[11]
                                                                      r  S_AXI_rdata[11] (OUT)
  -------------------------------------------------------------------    -------------------





--------------------------------------------------------------------------------------
Path Group:  (none)
From Clock:  
  To Clock:  core_clk

Max Delay         19251 Endpoints
Min Delay         19251 Endpoints
--------------------------------------------------------------------------------------


Max Delay Paths
--------------------------------------------------------------------------------------
Slack:                    inf
  Source:                 rst_n
                            (input port)
  Destination:            core/native_system/queue/queue_reg[1][1132]/CE
                            (rising edge-triggered cell FDRE clocked by core_clk  {rise@0.000ns fall@3.788ns period=7.576ns})
  Path Group:             (none)
  Path Type:              Setup (Max at Slow Process Corner)
  Data Path Delay:        20.625ns  (logic 1.652ns (8.010%)  route 18.973ns (91.990%))
  Logic Levels:           8  (LDCE=1 LUT1=1 LUT3=1 LUT5=3 LUT6=2)
  Clock Path Skew:        0.748ns (DCD - SCD + CPR)
    Destination Clock Delay (DCD):    0.748ns
    Source Clock Delay      (SCD):    0.000ns
    Clock Pessimism Removal (CPR):    0.000ns
  Clock Uncertainty:      0.025ns  ((TSJ^2 + TIJ^2)^1/2 + DJ) / 2 + PE
    Total System Jitter     (TSJ):    0.050ns
    Total Input Jitter      (TIJ):    0.000ns
    Discrete Jitter          (DJ):    0.000ns
    Phase Error              (PE):    0.000ns

    Location             Delay type                Incr(ns)  Path(ns)    Netlist Resource(s)
  -------------------------------------------------------------------    -------------------
                                                      0.000     0.000 f  rst_n (IN)
                         net (fo=25, unset)           0.787     0.787    core/bridge/rst_n
    SLICE_X28Y146        LUT1 (Prop_lut1_I0_O)        0.105     0.892 r  core/bridge/i___5/O
                         net (fo=4915, routed)       13.525    14.417    supervisor/ms_div_reg[31]_0
    SLICE_X46Y102        LDCE (SetClr_ldce_CLR_Q)     0.741    15.158 f  supervisor/state_reg[3]_LDC/Q
                         net (fo=35, routed)          0.786    15.944    supervisor/state_reg[3]_LDC_n_0
    SLICE_X47Y103        LUT3 (Prop_lut3_I1_O)        0.119    16.063 r  supervisor/status[3]_INST_0/O
                         net (fo=10, routed)          0.304    16.368    supervisor/status[1]
    SLICE_X46Y103        LUT5 (Prop_lut5_I3_O)        0.267    16.635 r  supervisor/efuse_dn_INST_0/O
                         net (fo=6, routed)           0.508    17.142    core/native_system/queue/stopped_reg_0
    SLICE_X51Y107        LUT5 (Prop_lut5_I1_O)        0.105    17.247 f  core/native_system/queue/frame_valid_i_3/O
                         net (fo=1, routed)           0.112    17.359    core/native_system/queue/frame_valid_i_3_n_0
    SLICE_X51Y107        LUT6 (Prop_lut6_I5_O)        0.105    17.464 r  core/native_system/queue/frame_valid_i_2/O
                         net (fo=4, routed)           0.440    17.904    mailbox/frame_ready
    SLICE_X55Y107        LUT6 (Prop_lut6_I1_O)        0.105    18.009 r  mailbox/occupancy[2]_i_2/O
                         net (fo=12, routed)          0.596    18.605    core/native_system/queue/occupancy_reg[2]_2
    SLICE_X55Y114        LUT5 (Prop_lut5_I4_O)        0.105    18.710 r  core/native_system/queue/seq[1][15]_i_1/O
                         net (fo=2192, routed)        1.915    20.625    core/native_system/queue/seq[1][15]_i_1_n_0
    SLICE_X97Y147        FDRE                                         r  core/native_system/queue/queue_reg[1][1132]/CE
  -------------------------------------------------------------------    -------------------

                         (clock core_clk rise edge)
                                                      0.000     0.000 r  
                                                      0.000     0.000 r  clk (IN)
                         net (fo=20193, unset)        0.748     0.748    core/native_system/queue/clk
    SLICE_X97Y147        FDRE                                         r  core/native_system/queue/queue_reg[1][1132]/C





Min Delay Paths
--------------------------------------------------------------------------------------
Slack:                    inf
  Source:                 S_AXI_araddr[0]
                            (input port)
  Destination:            core/bridge/araddr_reg[0]/D
                            (rising edge-triggered cell FDCE clocked by core_clk  {rise@0.000ns fall@3.788ns period=7.576ns})
  Path Group:             (none)
  Path Type:              Hold (Min at Fast Process Corner)
  Data Path Delay:        0.390ns  (logic 0.000ns (0.000%)  route 0.390ns (100.000%))
  Logic Levels:           0  
  Clock Path Skew:        0.411ns (DCD - SCD - CPR)
    Destination Clock Delay (DCD):    0.411ns
    Source Clock Delay      (SCD):    0.000ns
    Clock Pessimism Removal (CPR):    -0.000ns

    Location             Delay type                Incr(ns)  Path(ns)    Netlist Resource(s)
  -------------------------------------------------------------------    -------------------
                                                      0.000     0.000 r  S_AXI_araddr[0] (IN)
                         net (fo=0)                   0.390     0.390    core/bridge/S_AXI_araddr[0]
    SLICE_X86Y97         FDCE                                         r  core/bridge/araddr_reg[0]/D
  -------------------------------------------------------------------    -------------------

                         (clock core_clk rise edge)
                                                      0.000     0.000 r  
                                                      0.000     0.000 r  clk (IN)
                         net (fo=20193, unset)        0.411     0.411    core/bridge/clk
    SLICE_X86Y97         FDCE                                         r  core/bridge/araddr_reg[0]/C





