The system cannot find the path specified.
2026-10-10 13:30:30,300 - [DEBUG]: Generating CPU list took 0.84 seconds
The system cannot find the path specified.
2026-10-10 13:30:31,060 - [DEBUG]: Getting supported component list took 0.73 seconds
2026-10-10 13:30:31,061 - [INFO]: Validating inputs
2026-10-10 13:30:31,067 - [INFO]: Starting domain creation
The system cannot find the path specified.
2026-10-10 13:30:31,826 - [DEBUG]: Generating Flat DT from SDT (Unpruned) took 0.76 seconds
2026-10-10 13:30:31,831 - [INFO]: Generating Domain-specific DTS for ps7_cortexa9_0
The system cannot find the path specified.
2026-10-10 13:30:32,999 - [DEBUG]: Generating Domain-specific DTS for ps7_cortexa9_0 took 1.17 seconds
The system cannot find the path specified.
2026-10-10 13:30:34,673 - [DEBUG]: Generating driver list took 1.10 seconds
2026-10-10 13:30:34,879 - [DEBUG]: Function add_lib_for_apps took 0.03 seconds
2026-10-10 13:30:34,880 - [INFO]: Generating required metadata from domain specific DT
The system cannot find the path specified.
2026-10-10 13:30:36,881 - [DEBUG]: Generating required metadata from domain specific DT took 2.00 seconds
2026-10-10 13:30:39,896 - [DEBUG]: Running CMake Configuration with xiltimer;standalone took 3.01 seconds
2026-10-10 13:30:39,924 - [DEBUG]: Function config_lib took 3.04 seconds
2026-10-10 13:30:39,997 - [INFO]: Successfully created Domain at E:\Codex_project\AMD_Sonofield\.portability\uart_resume_clean_20261010\v5\build\uart_resume_clean\ocm\bsp
2026-10-10 13:30:39,997 - [DEBUG]: Function create_domain took 10.56 seconds
