E:/Codex_project/AMD_Sonofield/.portability/uart_resume_clean_20261010/v5/build/uart_resume_clean/ocm/app/build/empty_application.elf  :
section             size    addr
.text              16252       0
.init                 12   16252
.fini                 12   16264
.rodata              252   16276
.data               1416   16528
.eh_frame              4   17944
.mmu_tbl           16384   32768
.ARM.exidx             8   49152
.init_array            8   49160
.fini_array            4   49168
.drvcfg_sec           64   49172
.ARM.attributes       51   49236
.bss                 944   49236
.heap               8204   50180
.stack             14336   58384
.debug_info        15497       0
.debug_abbrev       5905       0
.debug_aranges       656       0
.debug_macro       15347       0
.debug_line        21123       0
.debug_str         76008       0
.comment              68       0
.debug_frame        3828       0
.debug_line_str      747       0
.debug_loclists     4314       0
.debug_rnglists      377       0
Total             201821


