00000000 T _vector_table
00000000 a DDR_REG
00000000 a SECT
00000000 a shift
00000001 a L2CCControl
00000020 t IRQHandler
00000030 t FIQHandler
00000034 t FIQLoop
00000040 t Undefined
0000005c t SVCHandler
00000080 t DataAbortHandler
000000a0 t PrefetchAbortHandler
000000cc T _boot
000000cc T _prestart
000000e0 t CheckEFUSE
00000111 a L2CCTAGLatency
00000118 t OKToRun
00000121 a L2CCDataLatency
000002a0 t Sync
00000344 t invalidate_dcache
00000358 t loop1
00000394 t loop2
00000398 t loop3
000003b4 t skip
000003c0 t finished
000003ff a UNDEF_REG
00000400 A _ABORT_STACK_SIZE
00000400 A _FIQ_STACK_SIZE
00000400 A _IRQ_STACK_SIZE
00000400 A _UNDEF_STACK_SIZE
00000458 t sf_valid_register
000005ac t u32
00000614 t put32
00000684 t crc32
0000074c T sf_disconnect
000007a4 T sf_init
00000800 A _SUPERVISOR_STACK_SIZE
00000808 T sf_tick
00000868 t reply
00000990 t dispatch
00000e74 T sf_receive
00001005 a CRValMmuCac
00001068 t sf_valid_register
000011bc t Xil_In32
000011e4 t Xil_Out32
0000121c t read_reg
0000127c t write_reg
000012f0 t disable
00001350 t now_ms
00001398 t send_bytes
00001448 T main
00001580 T _start
000015e0 T FIQInterrupt
000015f4 T IRQInterrupt
00001608 T UndefinedException
0000161c T SWInterrupt
00001630 T DataAbortInterrupt
00001644 T PrefetchAbortInterrupt
00001658 t Xil_ExceptionNullHandler
0000165c t Xil_DataAbortHandler
00001660 t Xil_PrefetchAbortHandler
00001664 t Xil_UndefinedExceptionHandler
00001668 T Xil_ExceptionInit
0000166c T Xil_ExceptionRegisterHandler
00001684 T Xil_GetExceptionRegisterHandler
000016a4 T Xil_ExceptionRemoveHandler
000016c8 T __cpu_init
00001704 t XGlobalTimer_ModifyInterval
000017a4 T XilSleepTimer_Init
000017c0 T XTime_GetTime
000017e8 T XilTickTimer_Init
00001808 T XUartPs_LookupConfig
0000186c t XUartPs_StubHandler
00001894 T XUartPs_SendBuffer
00001924 T XUartPs_Send
000019d4 T XUartPs_ReceiveBuffer
00001a84 T XUartPs_Recv
00001b40 T XUartPs_SetBaudRate
00001d04 T XUartPs_CfgInitialize
00001e28 t .udivsi3_skip_div0_test
00001e28 T __aeabi_uidiv
00001e28 T __udivsi3
00002000 A _HEAP_SIZE
00002000 A _STACK_SIZE
00002000 a CRValHiVectorAddr
00002084 T __aeabi_uidivmod
000020a0 W __aeabi_idiv0
000020a0 W __aeabi_ldiv0
000020a4 T __aeabi_uldivmod
00002100 T memcpy
000026e0 T Xil_Assert
00002714 T Xil_AssertSetCallback
00002724 T XNullHandler
00002728 T XGetPlatform_Info
00002730 T XGetCoreId
0000273c T XIOCoherencySupported
00002744 W read
00002788 W _read
000027cc W _sbrk
0000280c W _exit
00002810 W _close
00002818 W write
00002874 W _write
000028d0 W lseek
000028ec W _lseek
00002908 T XUartPs_SendByte
00002920 T XUartPs_RecvByte
0000293c T XUartPs_ResetHw
0000298c T XUartPs_WaitTransmitDone
000029ac T outbyte
000029c8 T inbyte
000029e8 t deregister_tm_clones
00002a0c t register_tm_clones
00002a38 t __do_global_dtors_aux
00002a68 t frame_dummy
00002a90 T __udivmoddi4
00002b98 T exit
00002bb8 t stdio_exit_handler
00002bd4 t cleanup_stdio
00002c14 t __fp_lock
00002c30 t __fp_unlock
00002c4c t global_stdio_init.part.0
00002d44 T __sfp
00002e14 T __sinit
00002e64 T __sfp_lock_acquire
00002e70 T __sfp_lock_release
00002e7c T __fp_lock_all
00002ea4 T __fp_unlock_all
00002ecc T _fwalk_sglue
00002f10 T __sread
00002f34 T __seofread
00002f38 T __swrite
00002f78 T __sseek
00002f9c T __sclose
00002fa4 T memcmp
00003000 T memset
000030a8 T _close_r
000030d0 T _reclaim_reent
0000312c T _lseek_r
0000315c T _read_r
0000318c T _write_r
000031bc T __libc_init_array
00003214 T __libc_fini_array
00003240 T __retarget_lock_init
00003244 T __retarget_lock_init_recursive
00003248 T __retarget_lock_close
0000324c T __retarget_lock_close_recursive
00003250 T __retarget_lock_acquire
00003254 T __retarget_lock_acquire_recursive
00003258 T __retarget_lock_try_acquire
0000325c T __retarget_lock_try_acquire_recursive
00003260 T __retarget_lock_release
00003264 T __retarget_lock_release_recursive
00003268 t register_fini
00003280 T __call_exitprocs
00003350 T atexit
0000335c T _malloc_trim_r
0000341c T _free_r
00003624 T _malloc_r
00003bb0 T __malloc_lock
00003bbc T __malloc_unlock
00003bc8 T _fclose_r
00003c88 T fclose
00003c98 T __sflush_r
00003dd4 T _fflush_r
00003e28 T fflush
00003ea4 T _sbrk_r
00003ecc T sysconf
00003ee8 T __register_exitproc
00003f70 T __errno
00003f7c T _init
00003f88 T _fini
00003f94 R __rodata_start
00003fb0 r all_implied_fbits
0000406c r all_implied_fbits
00004090 D __data_start
00004090 R __rodata_end
00004090 D __rodata1_end
00004090 D __rodata1_start
00004090 D __sbss2_end
00004090 D __sbss2_start
00004090 D __sdata2_end
00004090 D __sdata2_start
00004090 A _SDA2_BASE_
00004090 D XExc_VectorTable
000040c8 D Xil_AssertWait
000040cc D __dso_handle
000040d0 D __sglue
000040dc D _impure_ptr
000040e0 D _impure_data
00004200 D __atexit_recursive_mutex
00004204 D __malloc_sbrk_base
00004208 D __malloc_trim_threshold
00004210 D __malloc_av_
00004618 D ___CTORS_END___
00004618 D ___CTORS_LIST___
00004618 D ___DTORS_END___
00004618 D ___DTORS_LIST___
00004618 D __CTOR_END__
00004618 D __CTOR_LIST__
00004618 D __data_end
00004618 D __data1_end
00004618 D __data1_start
00004618 D __DTOR_END__
00004618 D __DTOR_LIST__
00004618 r __EH_FRAME_BEGIN__
00004618 D __fixup_end
00004618 D __fixup_start
00004618 r __FRAME_END__
00004618 D __TMC_END__
0000461c R __eh_framehdr_end
0000461c R __eh_framehdr_start
0000767b a SLCRlockKey
00008000 R __mmu_tbl_start
00008000 R MMUTable
0000c000 R __exidx_start
0000c000 R __mmu_tbl_end
0000c008 R __exidx_end
0000c008 D __init_array_start
0000c008 D __preinit_array_end
0000c008 D __preinit_array_start
0000c00c d __frame_dummy_init_array_entry
0000c010 d __do_global_dtors_aux_fini_array_entry
0000c010 D __fini_array_start
0000c010 D __init_array_end
0000c014 D __fini_array_end
0000c018 D __drvcfgsecdata_start
0000c018 D XUartPs_ConfigTable
0000c050 D __drvcfgsecdata_size
0000c050 D XCortexa9_ConfigTable
0000c054 N __ARM.attributes_start
0000c054 B __bss_start
0000c054 D __drvcfgsecdata_end
0000c054 N __sbss_end
0000c054 N __sbss_start
0000c054 N __sdata_end
0000c054 N __sdata_start
0000c054 N __tbss_end
0000c054 N __tbss_start
0000c054 N __tdata_end
0000c054 N __tdata_start
0000c054 A _SDA_BASE_
0000c054 b uart
0000c0a4 B UndefinedExceptionAddr
0000c0a8 B PrefetchAbortAddr
0000c0ac B DataAbortAddr
0000c0b0 b IsSleepTimerStarted.0
0000c0b4 b Xil_AssertCallbackRoutine
0000c0b8 B Xil_AssertStatus
0000c0bc b heap.1
0000c0c0 b completed.1
0000c0c4 b object.0
0000c0dc B __sf
0000c214 B __stdio_exit_handler
0000c218 B errno
0000c21c B __lock___arc4random_mutex
0000c220 B __lock___dd_hash_mutex
0000c224 B __lock___tz_mutex
0000c228 B __lock___env_recursive_mutex
0000c22c B __lock___malloc_recursive_mutex
0000c230 B __lock___at_quick_exit_mutex
0000c234 B __lock___atexit_recursive_mutex
0000c238 B __lock___sfp_recursive_mutex
0000c23c B __atexit
0000c240 B __malloc_current_mallinfo
0000c268 B __malloc_max_total_mem
0000c26c B __malloc_max_sbrked_mem
0000c270 B __malloc_top_pad
0000c274 B __atexit0
0000c404 B __bss_end
0000c410 B _heap
0000c410 B _heap_start
0000c410 B HeapBase
0000cb68 N __ARM.attributes_end
0000df0d a SLCRUnlockKey
0000e410 B _heap_end
0000e410 B _stack_end
0000e410 B HeapLimit
00010410 B __stack
00010410 B _irq_stack_end
00010410 B _stack
00010810 B __irq_stack
00010810 B _supervisor_stack_end
00011010 B __supervisor_stack
00011010 B _abort_stack_end
00011410 B __abort_stack
00011410 B _fiq_stack_end
00011810 B __fiq_stack
00011810 B _undef_stack_end
00011c10 B __undef_stack
00011c10 B end
00020202 a SLCRL2cRamConfig
0fffff00 a RESERVED
40000000 a FPEXC_EN
72360000 a L2CCAuxControl
f8000000 a PSS_SLCR_BASE_ADDR
f8000004 a SLCRlockReg
f8000008 a SLCRUnlockReg
f8000244 a SLCRCPURSTReg
f8000a1c a SLCRL2cRamReg
f800d010 a EFUSEStaus
f8f02000 a PSS_L2CC_BASE_ADDR
f8f02100 a L2CCCrtl
f8f02104 a L2CCAuxCrtl
f8f02108 a L2CCTAGLatReg
f8f0210c a L2CCDataLatReg
f8f0221c a L2CCIntRaw
f8f02220 a L2CCIntClear
f8f02730 a L2CCSync
f8f0277c a L2CCWay
fe00000f a LRemap
