Copyright 1986-2022 Xilinx, Inc. All Rights Reserved. Copyright 2022-2025 Advanced Micro Devices, Inc. All Rights Reserved.
--------------------------------------------------------------------------------------------------------------------------------------------------------------------------
| Tool Version : Vivado v.2025.2 (win64) Build 6299465 Fri Nov 14 19:35:11 GMT 2025
| Date         : Tue Sep 29 13:30:21 2026
| Host         : loverlike running 64-bit major release  (build 9200)
| Command      : report_timing_summary -report_unconstrained -file E:/Codex_project/AMD-SonoField-FPGA/v2/evidence/core_timing_real_loop/round1/routed/timing_summary.rpt
| Design       : sono_axi_system
| Device       : 7z020-clg400
| Speed File   : -1  PRODUCTION 1.12 2019-11-22
| Design State : Routed
--------------------------------------------------------------------------------------------------------------------------------------------------------------------------

Timing Summary Report

------------------------------------------------------------------------------------------------
| Timer Settings
| --------------
------------------------------------------------------------------------------------------------

  Enable Multi Corner Analysis               :  Yes
  Enable Pessimism Removal                   :  Yes
  Pessimism Removal Resolution               :  Nearest Common Node
  Enable Input Delay Default Clock           :  No
  Enable Preset / Clear Arcs                 :  No
  Disable Flight Delays                      :  No
  Ignore I/O Paths                           :  No
  Timing Early Launch at Borrowing Latches   :  No
  Borrow Time for Max Delay Exceptions       :  Yes
  Merge Timing Exceptions                    :  Yes
  Inter-SLR Compensation                     :  Conservative

  Corner  Analyze    Analyze    
  Name    Max Paths  Min Paths  
  ------  ---------  ---------  
  Slow    Yes        Yes        
  Fast    Yes        Yes        


------------------------------------------------------------------------------------------------
| Report Methodology
| ------------------
------------------------------------------------------------------------------------------------

Rule       Severity  Description                                 Violations  
---------  --------  ------------------------------------------  ----------  
DPIR-1     Warning   Asynchronous driver check                   30          
LUTAR-1    Warning   LUT drives async reset alert                1           
SYNTH-6    Warning   Timing of a RAM block might be sub-optimal  4           
TIMING-16  Warning   Large setup violation                       587         
TIMING-18  Warning   Missing input or output delay               1000        

Note: This report is based on the most recent report_methodology run and may not be up-to-date. Run report_methodology on the current design for the latest report.



check_timing report

Table of Contents
-----------------
1. checking no_clock (0)
2. checking constant_clock (0)
3. checking pulse_width_clock (0)
4. checking unconstrained_internal_endpoints (0)
5. checking no_input_delay (2324)
6. checking no_output_delay (285)
7. checking multiple_clock (0)
8. checking generated_clocks (0)
9. checking loops (0)
10. checking partial_input_delay (0)
11. checking partial_output_delay (0)
12. checking latch_loops (0)

1. checking no_clock (0)
------------------------
 There are 0 register/latch pins with no clock.


2. checking constant_clock (0)
------------------------------
 There are 0 register/latch pins with constant_clock.


3. checking pulse_width_clock (0)
---------------------------------
 There are 0 register/latch pins which need pulse_width check


4. checking unconstrained_internal_endpoints (0)
------------------------------------------------
 There are 0 pins that are not constrained for maximum delay.

 There are 0 pins that are not constrained for maximum delay due to constant clock.


5. checking no_input_delay (2324)
---------------------------------
 There are 2324 input ports with no input delay specified. (HIGH)

 There are 0 input ports with no input delay but user has a false path constraint.


6. checking no_output_delay (285)
---------------------------------
 There are 285 ports with no output delay specified. (HIGH)

 There are 0 ports with no output delay but user has a false path constraint

 There are 0 ports with no output delay but with a timing clock defined on it or propagating through it


7. checking multiple_clock (0)
------------------------------
 There are 0 register/latch pins with multiple clocks.


8. checking generated_clocks (0)
--------------------------------
 There are 0 generated clocks that are not connected to a clock source.


9. checking loops (0)
---------------------
 There are 0 combinational loops in the design.


10. checking partial_input_delay (0)
------------------------------------
 There are 0 input ports with partial input delay specified.


11. checking partial_output_delay (0)
-------------------------------------
 There are 0 ports with partial output delay specified.


12. checking latch_loops (0)
----------------------------
 There are 0 combinational latch loops in the design through latch input



------------------------------------------------------------------------------------------------
| Design Timing Summary
| ---------------------
------------------------------------------------------------------------------------------------

    WNS(ns)      TNS(ns)  TNS Failing Endpoints  TNS Total Endpoints      WHS(ns)      THS(ns)  THS Failing Endpoints  THS Total Endpoints     WPWS(ns)     TPWS(ns)  TPWS Failing Endpoints  TPWS Total Endpoints  
    -------      -------  ---------------------  -------------------      -------      -------  ---------------------  -------------------     --------     --------  ----------------------  --------------------  
     -7.160   -11281.662                  12261                33449        0.093        0.000                      0                33449        3.288        0.000                       0                 18016  


Timing constraints are not met.


------------------------------------------------------------------------------------------------
| Clock Summary
| -------------
------------------------------------------------------------------------------------------------

Clock    Waveform(ns)         Period(ns)      Frequency(MHz)
-----    ------------         ----------      --------------
core132  {0.000 3.788}        7.576           131.996         


------------------------------------------------------------------------------------------------
| Intra Clock Table
| -----------------
------------------------------------------------------------------------------------------------

Clock             WNS(ns)      TNS(ns)  TNS Failing Endpoints  TNS Total Endpoints      WHS(ns)      THS(ns)  THS Failing Endpoints  THS Total Endpoints     WPWS(ns)     TPWS(ns)  TPWS Failing Endpoints  TPWS Total Endpoints  
-----             -------      -------  ---------------------  -------------------      -------      -------  ---------------------  -------------------     --------     --------  ----------------------  --------------------  
core132            -7.160    -9420.484                  10698                27002        0.093        0.000                      0                27002        3.288        0.000                       0                 18016  


------------------------------------------------------------------------------------------------
| Inter Clock Table
| -----------------
------------------------------------------------------------------------------------------------

From Clock    To Clock          WNS(ns)      TNS(ns)  TNS Failing Endpoints  TNS Total Endpoints      WHS(ns)      THS(ns)  THS Failing Endpoints  THS Total Endpoints  
----------    --------          -------      -------  ---------------------  -------------------      -------      -------  ---------------------  -------------------  


------------------------------------------------------------------------------------------------
| Other Path Groups Table
| -----------------------
------------------------------------------------------------------------------------------------

Path Group         From Clock         To Clock               WNS(ns)      TNS(ns)  TNS Failing Endpoints  TNS Total Endpoints      WHS(ns)      THS(ns)  THS Failing Endpoints  THS Total Endpoints  
----------         ----------         --------               -------      -------  ---------------------  -------------------      -------      -------  ---------------------  -------------------  
**async_default**  core132            core132                 -2.723    -1861.178                   1563                 6447        0.748        0.000                      0                 6447  


------------------------------------------------------------------------------------------------
| User Ignored Path Table
| -----------------------
------------------------------------------------------------------------------------------------

Path Group    From Clock    To Clock    
----------    ----------    --------    


------------------------------------------------------------------------------------------------
| Unconstrained Path Table
| ------------------------
------------------------------------------------------------------------------------------------

Path Group    From Clock    To Clock    
----------    ----------    --------    
(none)                                    
(none)        core132                     
(none)                      core132       


------------------------------------------------------------------------------------------------
| Timing Details
| --------------
------------------------------------------------------------------------------------------------


---------------------------------------------------------------------------------------------------
From Clock:  core132
  To Clock:  core132

Setup :        10698  Failing Endpoints,  Worst Slack       -7.160ns,  Total Violation    -9420.484ns
Hold  :            0  Failing Endpoints,  Worst Slack        0.093ns,  Total Violation        0.000ns
PW    :            0  Failing Endpoints,  Worst Slack        3.288ns,  Total Violation        0.000ns
---------------------------------------------------------------------------------------------------


Max Delay Paths
--------------------------------------------------------------------------------------
Slack (VIOLATED) :        -7.160ns  (required time - arrival time)
  Source:                 native_system/digital/burst/accumulator_reg[11]_replica/C
                            (rising edge-triggered cell FDCE clocked by core132  {rise@0.000ns fall@3.788ns period=7.576ns})
  Destination:            native_system/digital/serial/captured_reg[31]/D
                            (rising edge-triggered cell FDCE clocked by core132  {rise@0.000ns fall@3.788ns period=7.576ns})
  Path Group:             core132
  Path Type:              Setup (Max at Slow Process Corner)
  Requirement:            7.576ns  (core132 rise@7.576ns - core132 rise@0.000ns)
  Data Path Delay:        14.622ns  (logic 7.373ns (50.424%)  route 7.249ns (49.576%))
  Logic Levels:           29  (CARRY4=18 LUT3=2 LUT4=1 LUT5=5 LUT6=3)
  Clock Path Skew:        -0.049ns (DCD - SCD + CPR)
    Destination Clock Delay (DCD):    0.924ns = ( 8.500 - 7.576 ) 
    Source Clock Delay      (SCD):    0.973ns
    Clock Pessimism Removal (CPR):    0.000ns
  Clock Uncertainty:      0.035ns  ((TSJ^2 + TIJ^2)^1/2 + DJ) / 2 + PE
    Total System Jitter     (TSJ):    0.071ns
    Total Input Jitter      (TIJ):    0.000ns
    Discrete Jitter          (DJ):    0.000ns
    Phase Error              (PE):    0.000ns

    Location             Delay type                Incr(ns)  Path(ns)    Netlist Resource(s)
  -------------------------------------------------------------------    -------------------
                         (clock core132 rise edge)    0.000     0.000 r  
                                                      0.000     0.000 r  clk (IN)
                         net (fo=18015, unset)        0.973     0.973    native_system/digital/burst/clk
    SLICE_X62Y75         FDCE                                         r  native_system/digital/burst/accumulator_reg[11]_replica/C
  -------------------------------------------------------------------    -------------------
    SLICE_X62Y75         FDCE (Prop_fdce_C_Q)         0.518     1.491 r  native_system/digital/burst/accumulator_reg[11]_replica/Q
                         net (fo=4, routed)           0.607     2.098    native_system/digital/burst/scaled[19]_repN
    SLICE_X64Y75         LUT3 (Prop_lut3_I0_O)        0.124     2.222 r  native_system/digital/burst/commanded_waveform[127]_INST_0_i_329/O
                         net (fo=3, routed)           0.511     2.732    native_system/digital/burst/commanded_waveform[127]_INST_0_i_329_n_0
    SLICE_X64Y75         LUT5 (Prop_lut5_I4_O)        0.124     2.856 r  native_system/digital/burst/commanded_waveform[127]_INST_0_i_267/O
                         net (fo=2, routed)           0.595     3.451    native_system/digital/burst/commanded_waveform[127]_INST_0_i_267_n_0
    SLICE_X61Y75         LUT6 (Prop_lut6_I0_O)        0.124     3.575 r  native_system/digital/burst/commanded_waveform[127]_INST_0_i_271/O
                         net (fo=1, routed)           0.000     3.575    native_system/digital/burst/commanded_waveform[127]_INST_0_i_271_n_0
    SLICE_X61Y75         CARRY4 (Prop_carry4_S[1]_CO[3])
                                                      0.550     4.125 r  native_system/digital/burst/commanded_waveform[127]_INST_0_i_207/CO[3]
                         net (fo=1, routed)           0.000     4.125    native_system/digital/burst/commanded_waveform[127]_INST_0_i_207_n_0
    SLICE_X61Y76         CARRY4 (Prop_carry4_CI_CO[3])
                                                      0.114     4.239 r  native_system/digital/burst/commanded_waveform[127]_INST_0_i_153/CO[3]
                         net (fo=1, routed)           0.000     4.239    native_system/digital/burst/commanded_waveform[127]_INST_0_i_153_n_0
    SLICE_X61Y77         CARRY4 (Prop_carry4_CI_CO[3])
                                                      0.114     4.353 r  native_system/digital/burst/commanded_waveform[127]_INST_0_i_101/CO[3]
                         net (fo=1, routed)           0.000     4.353    native_system/digital/burst/commanded_waveform[127]_INST_0_i_101_n_0
    SLICE_X61Y78         CARRY4 (Prop_carry4_CI_CO[3])
                                                      0.114     4.467 r  native_system/digital/burst/commanded_waveform[127]_INST_0_i_66/CO[3]
                         net (fo=1, routed)           0.000     4.467    native_system/digital/burst/commanded_waveform[127]_INST_0_i_66_n_0
    SLICE_X61Y79         CARRY4 (Prop_carry4_CI_CO[3])
                                                      0.114     4.581 r  native_system/digital/burst/commanded_waveform[127]_INST_0_i_42/CO[3]
                         net (fo=1, routed)           0.000     4.581    native_system/digital/burst/commanded_waveform[127]_INST_0_i_42_n_0
    SLICE_X61Y80         CARRY4 (Prop_carry4_CI_CO[3])
                                                      0.114     4.695 r  native_system/digital/burst/commanded_waveform[127]_INST_0_i_40/CO[3]
                         net (fo=1, routed)           0.000     4.695    native_system/digital/burst/commanded_waveform[127]_INST_0_i_40_n_0
    SLICE_X61Y81         CARRY4 (Prop_carry4_CI_O[1])
                                                      0.334     5.029 r  native_system/digital/burst/commanded_waveform[127]_INST_0_i_39/O[1]
                         net (fo=26, routed)          0.621     5.650    native_system/digital/burst/commanded_waveform[127]_INST_0_i_39_n_6
    SLICE_X64Y80         LUT3 (Prop_lut3_I0_O)        0.303     5.953 r  native_system/digital/burst/commanded_waveform[127]_INST_0_i_368/O
                         net (fo=1, routed)           0.689     6.642    native_system/digital/burst/commanded_waveform[127]_INST_0_i_368_n_0
    SLICE_X60Y79         CARRY4 (Prop_carry4_DI[2]_CO[3])
                                                      0.398     7.040 r  native_system/digital/burst/commanded_waveform[127]_INST_0_i_339/CO[3]
                         net (fo=1, routed)           0.000     7.040    native_system/digital/burst/commanded_waveform[127]_INST_0_i_339_n_0
    SLICE_X60Y80         CARRY4 (Prop_carry4_CI_CO[3])
                                                      0.114     7.154 r  native_system/digital/burst/commanded_waveform[127]_INST_0_i_295/CO[3]
                         net (fo=1, routed)           0.000     7.154    native_system/digital/burst/commanded_waveform[127]_INST_0_i_295_n_0
    SLICE_X60Y81         CARRY4 (Prop_carry4_CI_CO[3])
                                                      0.114     7.268 r  native_system/digital/burst/commanded_waveform[127]_INST_0_i_244/CO[3]
                         net (fo=1, routed)           0.000     7.268    native_system/digital/burst/commanded_waveform[127]_INST_0_i_244_n_0
    SLICE_X60Y82         CARRY4 (Prop_carry4_CI_CO[1])
                                                      0.157     7.425 r  native_system/digital/burst/commanded_waveform[127]_INST_0_i_239/CO[1]
                         net (fo=2, routed)           0.832     8.257    native_system/digital/burst/commanded_waveform[127]_INST_0_i_239_n_2
    SLICE_X63Y81         LUT5 (Prop_lut5_I3_O)        0.329     8.586 r  native_system/digital/burst/commanded_waveform[127]_INST_0_i_177/O
                         net (fo=2, routed)           0.618     9.204    native_system/digital/burst/commanded_waveform[127]_INST_0_i_177_n_0
    SLICE_X57Y81         LUT5 (Prop_lut5_I0_O)        0.124     9.328 r  native_system/digital/burst/commanded_waveform[127]_INST_0_i_181/O
                         net (fo=1, routed)           0.000     9.328    native_system/digital/burst/commanded_waveform[127]_INST_0_i_181_n_0
    SLICE_X57Y81         CARRY4 (Prop_carry4_S[2]_CO[3])
                                                      0.398     9.726 r  native_system/digital/burst/commanded_waveform[127]_INST_0_i_124/CO[3]
                         net (fo=1, routed)           0.000     9.726    native_system/digital/burst/commanded_waveform[127]_INST_0_i_124_n_0
    SLICE_X57Y82         CARRY4 (Prop_carry4_CI_CO[3])
                                                      0.114     9.840 r  native_system/digital/burst/commanded_waveform[127]_INST_0_i_84/CO[3]
                         net (fo=1, routed)           0.000     9.840    native_system/digital/burst/commanded_waveform[127]_INST_0_i_84_n_0
    SLICE_X57Y83         CARRY4 (Prop_carry4_CI_O[1])
                                                      0.334    10.174 r  native_system/digital/burst/commanded_waveform[127]_INST_0_i_50/O[1]
                         net (fo=3, routed)           0.649    10.823    native_system/digital/burst/commanded_waveform[127]_INST_0_i_50_n_6
    SLICE_X56Y81         LUT4 (Prop_lut4_I1_O)        0.303    11.126 r  native_system/digital/burst/commanded_waveform[127]_INST_0_i_80/O
                         net (fo=1, routed)           0.000    11.126    native_system/digital/burst/commanded_waveform[127]_INST_0_i_80_n_0
    SLICE_X56Y81         CARRY4 (Prop_carry4_S[3]_CO[3])
                                                      0.401    11.527 r  native_system/digital/burst/commanded_waveform[127]_INST_0_i_43/CO[3]
                         net (fo=1, routed)           0.000    11.527    native_system/digital/burst/commanded_waveform[127]_INST_0_i_43_n_0
    SLICE_X56Y82         CARRY4 (Prop_carry4_CI_CO[2])
                                                      0.228    11.755 r  native_system/digital/burst/commanded_waveform[127]_INST_0_i_37/CO[2]
                         net (fo=8, routed)           0.554    12.309    native_system/digital/burst/commanded_waveform[127]_INST_0_i_37_n_1
    SLICE_X55Y82         LUT6 (Prop_lut6_I1_O)        0.313    12.622 r  native_system/digital/burst/commanded_waveform[127]_INST_0_i_35/O
                         net (fo=1, routed)           0.000    12.622    native_system/digital/burst/commanded_waveform[127]_INST_0_i_35_n_0
    SLICE_X55Y82         CARRY4 (Prop_carry4_S[0]_CO[3])
                                                      0.532    13.154 r  native_system/digital/burst/commanded_waveform[127]_INST_0_i_23/CO[3]
                         net (fo=1, routed)           0.000    13.154    native_system/digital/burst/commanded_waveform[127]_INST_0_i_23_n_0
    SLICE_X55Y83         CARRY4 (Prop_carry4_CI_O[3])
                                                      0.313    13.467 f  native_system/digital/burst/commanded_waveform[127]_INST_0_i_17/O[3]
                         net (fo=1, routed)           0.295    13.762    native_system/digital/burst/phase[7]
    SLICE_X55Y85         LUT5 (Prop_lut5_I0_O)        0.306    14.068 r  native_system/digital/burst/commanded_waveform[127]_INST_0_i_11/O
                         net (fo=10, routed)          0.381    14.449    native_system/digital/scheduler/commanded_waveform3
    SLICE_X57Y85         LUT6 (Prop_lut6_I4_O)        0.124    14.573 r  native_system/digital/scheduler/commanded_waveform[31]_INST_0_i_2/O
                         net (fo=21, routed)          0.566    15.139    native_system/digital/bank/captured_reg[1]_0
    SLICE_X59Y85         LUT5 (Prop_lut5_I3_O)        0.124    15.263 r  native_system/digital/bank/commanded_waveform[31]_INST_0/O
                         net (fo=1, routed)           0.332    15.595    native_system/digital/serial/commanded_waveform[31]
    SLICE_X58Y86         FDCE                                         r  native_system/digital/serial/captured_reg[31]/D
  -------------------------------------------------------------------    -------------------

                         (clock core132 rise edge)    7.576     7.576 r  
                                                      0.000     7.576 r  clk (IN)
                         net (fo=18015, unset)        0.924     8.500    native_system/digital/serial/clk
    SLICE_X58Y86         FDCE                                         r  native_system/digital/serial/captured_reg[31]/C
                         clock pessimism              0.000     8.500    
                         clock uncertainty           -0.035     8.465    
    SLICE_X58Y86         FDCE (Setup_fdce_C_D)       -0.030     8.435    native_system/digital/serial/captured_reg[31]
  -------------------------------------------------------------------
                         required time                          8.435    
                         arrival time                         -15.595    
  -------------------------------------------------------------------
                         slack                                 -7.160    





Min Delay Paths
--------------------------------------------------------------------------------------
Slack (MET) :             0.093ns  (arrival time - required time)
  Source:                 native_system/digital/adc/frame_reg[17]/C
                            (rising edge-triggered cell FDCE clocked by core132  {rise@0.000ns fall@3.788ns period=7.576ns})
  Destination:            native_system/digital/scheduler/memory_reg_0/DIADI[17]
                            (rising edge-triggered cell RAMB36E1 clocked by core132  {rise@0.000ns fall@3.788ns period=7.576ns})
  Path Group:             core132
  Path Type:              Hold (Min at Fast Process Corner)
  Requirement:            0.000ns  (core132 rise@0.000ns - core132 rise@0.000ns)
  Data Path Delay:        0.270ns  (logic 0.164ns (60.728%)  route 0.106ns (39.272%))
  Logic Levels:           0  
  Clock Path Skew:        0.022ns (DCD - SCD - CPR)
    Destination Clock Delay (DCD):    0.432ns
    Source Clock Delay      (SCD):    0.410ns
    Clock Pessimism Removal (CPR):    -0.000ns

    Location             Delay type                Incr(ns)  Path(ns)    Netlist Resource(s)
  -------------------------------------------------------------------    -------------------
                         (clock core132 rise edge)    0.000     0.000 r  
                                                      0.000     0.000 r  clk (IN)
                         net (fo=18015, unset)        0.410     0.410    native_system/digital/adc/clk
    SLICE_X32Y57         FDCE                                         r  native_system/digital/adc/frame_reg[17]/C
  -------------------------------------------------------------------    -------------------
    SLICE_X32Y57         FDCE (Prop_fdce_C_Q)         0.164     0.574 r  native_system/digital/adc/frame_reg[17]/Q
                         net (fo=1, routed)           0.106     0.680    native_system/digital/scheduler/frame[17]
    RAMB36_X2Y11         RAMB36E1                                     r  native_system/digital/scheduler/memory_reg_0/DIADI[17]
  -------------------------------------------------------------------    -------------------

                         (clock core132 rise edge)    0.000     0.000 r  
                                                      0.000     0.000 r  clk (IN)
                         net (fo=18015, unset)        0.432     0.432    native_system/digital/scheduler/clk
    RAMB36_X2Y11         RAMB36E1                                     r  native_system/digital/scheduler/memory_reg_0/CLKARDCLK
                         clock pessimism              0.000     0.432    
    RAMB36_X2Y11         RAMB36E1 (Hold_ramb36e1_CLKARDCLK_DIADI[17])
                                                      0.155     0.587    native_system/digital/scheduler/memory_reg_0
  -------------------------------------------------------------------
                         required time                         -0.587    
                         arrival time                           0.680    
  -------------------------------------------------------------------
                         slack                                  0.093    





Pulse Width Checks
--------------------------------------------------------------------------------------
Clock Name:         core132
Waveform(ns):       { 0.000 3.788 }
Period(ns):         7.576
Sources:            { clk }

Check Type        Corner  Lib Pin             Reference Pin  Required(ns)  Actual(ns)  Slack(ns)  Location      Pin
Min Period        n/a     RAMB36E1/CLKARDCLK  n/a            2.944         7.576       4.632      RAMB36_X2Y11  native_system/digital/scheduler/memory_reg_0/CLKARDCLK
Low Pulse Width   Slow    FDCE/C              n/a            0.500         3.788       3.288      SLICE_X34Y91  bridge/FSM_sequential_state_reg[0]/C
High Pulse Width  Slow    FDCE/C              n/a            0.500         3.788       3.288      SLICE_X34Y91  bridge/FSM_sequential_state_reg[0]/C



---------------------------------------------------------------------------------------------------
Path Group:  **async_default**
From Clock:  core132
  To Clock:  core132

Setup :         1563  Failing Endpoints,  Worst Slack       -2.723ns,  Total Violation    -1861.178ns
Hold  :            0  Failing Endpoints,  Worst Slack        0.748ns,  Total Violation        0.000ns
---------------------------------------------------------------------------------------------------


Max Delay Paths
--------------------------------------------------------------------------------------
Slack (VIOLATED) :        -2.723ns  (required time - arrival time)
  Source:                 native_system/digital/reset_sync_reg[1]/C
                            (rising edge-triggered cell FDCE clocked by core132  {rise@0.000ns fall@3.788ns period=7.576ns})
  Destination:            native_system/digital/bank/active_calibration_reg[21][3]/CLR
                            (recovery check against rising-edge clock core132  {rise@0.000ns fall@3.788ns period=7.576ns})
  Path Group:             **async_default**
  Path Type:              Recovery (Max at Slow Process Corner)
  Requirement:            7.576ns  (core132 rise@7.576ns - core132 rise@0.000ns)
  Data Path Delay:        9.896ns  (logic 0.718ns (7.255%)  route 9.178ns (92.745%))
  Logic Levels:           1  (LUT1=1)
  Clock Path Skew:        -0.049ns (DCD - SCD + CPR)
    Destination Clock Delay (DCD):    0.924ns = ( 8.500 - 7.576 ) 
    Source Clock Delay      (SCD):    0.973ns
    Clock Pessimism Removal (CPR):    0.000ns
  Clock Uncertainty:      0.035ns  ((TSJ^2 + TIJ^2)^1/2 + DJ) / 2 + PE
    Total System Jitter     (TSJ):    0.071ns
    Total Input Jitter      (TIJ):    0.000ns
    Discrete Jitter          (DJ):    0.000ns
    Phase Error              (PE):    0.000ns

    Location             Delay type                Incr(ns)  Path(ns)    Netlist Resource(s)
  -------------------------------------------------------------------    -------------------
                         (clock core132 rise edge)    0.000     0.000 r  
                                                      0.000     0.000 r  clk (IN)
                         net (fo=18015, unset)        0.973     0.973    native_system/digital/clk
    SLICE_X48Y72         FDCE                                         r  native_system/digital/reset_sync_reg[1]/C
  -------------------------------------------------------------------    -------------------
    SLICE_X48Y72         FDCE (Prop_fdce_C_Q)         0.419     1.392 r  native_system/digital/reset_sync_reg[1]/Q
                         net (fo=3, routed)           0.445     1.837    native_system/digital/bank/out[0]
    SLICE_X48Y72         LUT1 (Prop_lut1_I0_O)        0.299     2.136 f  native_system/digital/bank/adc_reset_i_2/O
                         net (fo=6445, routed)        8.733    10.869    native_system/digital/bank/reset_sync_reg[1]
    SLICE_X34Y89         FDCE                                         f  native_system/digital/bank/active_calibration_reg[21][3]/CLR
  -------------------------------------------------------------------    -------------------

                         (clock core132 rise edge)    7.576     7.576 r  
                                                      0.000     7.576 r  clk (IN)
                         net (fo=18015, unset)        0.924     8.500    native_system/digital/bank/clk
    SLICE_X34Y89         FDCE                                         r  native_system/digital/bank/active_calibration_reg[21][3]/C
                         clock pessimism              0.000     8.500    
                         clock uncertainty           -0.035     8.465    
    SLICE_X34Y89         FDCE (Recov_fdce_C_CLR)     -0.319     8.146    native_system/digital/bank/active_calibration_reg[21][3]
  -------------------------------------------------------------------
                         required time                          8.146    
                         arrival time                         -10.869    
  -------------------------------------------------------------------
                         slack                                 -2.723    





Min Delay Paths
--------------------------------------------------------------------------------------
Slack (MET) :             0.748ns  (arrival time - required time)
  Source:                 native_system/digital/reset_sync_reg[1]/C
                            (rising edge-triggered cell FDCE clocked by core132  {rise@0.000ns fall@3.788ns period=7.576ns})
  Destination:            native_system/digital/ack_reg/CLR
                            (removal check against rising-edge clock core132  {rise@0.000ns fall@3.788ns period=7.576ns})
  Path Group:             **async_default**
  Path Type:              Removal (Min at Fast Process Corner)
  Requirement:            0.000ns  (core132 rise@0.000ns - core132 rise@0.000ns)
  Data Path Delay:        0.678ns  (logic 0.227ns (33.486%)  route 0.451ns (66.514%))
  Logic Levels:           1  (LUT1=1)
  Clock Path Skew:        0.022ns (DCD - SCD - CPR)
    Destination Clock Delay (DCD):    0.432ns
    Source Clock Delay      (SCD):    0.410ns
    Clock Pessimism Removal (CPR):    -0.000ns

    Location             Delay type                Incr(ns)  Path(ns)    Netlist Resource(s)
  -------------------------------------------------------------------    -------------------
                         (clock core132 rise edge)    0.000     0.000 r  
                                                      0.000     0.000 r  clk (IN)
                         net (fo=18015, unset)        0.410     0.410    native_system/digital/clk
    SLICE_X48Y72         FDCE                                         r  native_system/digital/reset_sync_reg[1]/C
  -------------------------------------------------------------------    -------------------
    SLICE_X48Y72         FDCE (Prop_fdce_C_Q)         0.128     0.538 r  native_system/digital/reset_sync_reg[1]/Q
                         net (fo=3, routed)           0.173     0.712    native_system/digital/bank/out[0]
    SLICE_X48Y72         LUT1 (Prop_lut1_I0_O)        0.099     0.811 f  native_system/digital/bank/adc_reset_i_2/O
                         net (fo=6445, routed)        0.278     1.088    native_system/digital/bank_n_1
    SLICE_X49Y72         FDCE                                         f  native_system/digital/ack_reg/CLR
  -------------------------------------------------------------------    -------------------

                         (clock core132 rise edge)    0.000     0.000 r  
                                                      0.000     0.000 r  clk (IN)
                         net (fo=18015, unset)        0.432     0.432    native_system/digital/clk
    SLICE_X49Y72         FDCE                                         r  native_system/digital/ack_reg/C
                         clock pessimism              0.000     0.432    
    SLICE_X49Y72         FDCE (Remov_fdce_C_CLR)     -0.092     0.340    native_system/digital/ack_reg
  -------------------------------------------------------------------
                         required time                         -0.340    
                         arrival time                           1.088    
  -------------------------------------------------------------------
                         slack                                  0.748    





--------------------------------------------------------------------------------------
Path Group:  (none)
From Clock:  
  To Clock:  

Max Delay             5 Endpoints
Min Delay             5 Endpoints
--------------------------------------------------------------------------------------


Max Delay Paths
--------------------------------------------------------------------------------------
Slack:                    inf
  Source:                 hardware_enable
                            (input port)
  Destination:            output_disable
                            (output port)
  Path Group:             (none)
  Path Type:              Max at Slow Process Corner
  Data Path Delay:        4.752ns  (logic 0.620ns (13.048%)  route 4.132ns (86.952%))
  Logic Levels:           5  (LUT2=2 LUT4=1 LUT5=1 LUT6=1)

    Location             Delay type                Incr(ns)  Path(ns)    Netlist Resource(s)
  -------------------------------------------------------------------    -------------------
                                                      0.000     0.000 f  hardware_enable (IN)
                         net (fo=2, unset)            0.973     0.973    native_system/queue/hardware_enable
    SLICE_X36Y95         LUT5 (Prop_lut5_I1_O)        0.124     1.097 r  native_system/queue/frame_ready_INST_0_i_10/O
                         net (fo=1, routed)           0.161     1.258    native_system/queue/frame_ready_INST_0_i_10_n_0
    SLICE_X36Y95         LUT4 (Prop_lut4_I3_O)        0.124     1.382 r  native_system/queue/frame_ready_INST_0_i_2/O
                         net (fo=139, routed)         0.661     2.043    native_system/queue/rd1
    SLICE_X37Y96         LUT2 (Prop_lut2_I0_O)        0.124     2.167 r  native_system/queue/output_disable_INST_0_i_4/O
                         net (fo=2, routed)           0.302     2.469    native_system/queue/kill
    SLICE_X37Y96         LUT2 (Prop_lut2_I1_O)        0.124     2.593 f  native_system/queue/output_disable_INST_0_i_2/O
                         net (fo=2, routed)           1.062     3.655    native_system/digital/bank/hardware_enable0
    SLICE_X47Y79         LUT6 (Prop_lut6_I2_O)        0.124     3.779 r  native_system/digital/bank/output_disable_INST_0/O
                         net (fo=0)                   0.973     4.752    output_disable
                                                                      r  output_disable (OUT)
  -------------------------------------------------------------------    -------------------





Min Delay Paths
--------------------------------------------------------------------------------------
Slack:                    inf
  Source:                 rst_n
                            (input port)
  Destination:            s_arready
                            (output port)
  Path Group:             (none)
  Path Type:              Min at Fast Process Corner
  Data Path Delay:        0.862ns  (logic 0.042ns (4.871%)  route 0.820ns (95.129%))
  Logic Levels:           1  (LUT4=1)

    Location             Delay type                Incr(ns)  Path(ns)    Netlist Resource(s)
  -------------------------------------------------------------------    -------------------
                                                      0.000     0.000 r  rst_n (IN)
                         net (fo=15, unset)           0.410     0.410    bridge/rst_n
    SLICE_X31Y91         LUT4 (Prop_lut4_I3_O)        0.042     0.452 r  bridge/s_arready_INST_0/O
                         net (fo=0)                   0.410     0.862    s_arready
                                                                      r  s_arready (OUT)
  -------------------------------------------------------------------    -------------------





--------------------------------------------------------------------------------------
Path Group:  (none)
From Clock:  core132
  To Clock:  

Max Delay           285 Endpoints
Min Delay           285 Endpoints
--------------------------------------------------------------------------------------


Max Delay Paths
--------------------------------------------------------------------------------------
Slack:                    inf
  Source:                 native_system/digital/burst/accumulator_reg[11]_replica/C
                            (rising edge-triggered cell FDCE clocked by core132  {rise@0.000ns fall@3.788ns period=7.576ns})
  Destination:            commanded_waveform[104]
                            (output port)
  Path Group:             (none)
  Path Type:              Max at Slow Process Corner
  Data Path Delay:        15.522ns  (logic 7.373ns (47.500%)  route 8.149ns (52.500%))
  Logic Levels:           29  (CARRY4=18 LUT3=2 LUT4=1 LUT5=5 LUT6=3)
  Clock Uncertainty:      0.025ns  ((TSJ^2 + TIJ^2)^1/2 + DJ) / 2 + PE
    Total System Jitter     (TSJ):    0.050ns
    Total Input Jitter      (TIJ):    0.000ns
    Discrete Jitter          (DJ):    0.000ns
    Phase Error              (PE):    0.000ns

    Location             Delay type                Incr(ns)  Path(ns)    Netlist Resource(s)
  -------------------------------------------------------------------    -------------------
                         (clock core132 rise edge)    0.000     0.000 r  
                                                      0.000     0.000 r  clk (IN)
                         net (fo=18015, unset)        0.973     0.973    native_system/digital/burst/clk
    SLICE_X62Y75         FDCE                                         r  native_system/digital/burst/accumulator_reg[11]_replica/C
  -------------------------------------------------------------------    -------------------
    SLICE_X62Y75         FDCE (Prop_fdce_C_Q)         0.518     1.491 r  native_system/digital/burst/accumulator_reg[11]_replica/Q
                         net (fo=4, routed)           0.607     2.098    native_system/digital/burst/scaled[19]_repN
    SLICE_X64Y75         LUT3 (Prop_lut3_I0_O)        0.124     2.222 r  native_system/digital/burst/commanded_waveform[127]_INST_0_i_329/O
                         net (fo=3, routed)           0.511     2.732    native_system/digital/burst/commanded_waveform[127]_INST_0_i_329_n_0
    SLICE_X64Y75         LUT5 (Prop_lut5_I4_O)        0.124     2.856 r  native_system/digital/burst/commanded_waveform[127]_INST_0_i_267/O
                         net (fo=2, routed)           0.595     3.451    native_system/digital/burst/commanded_waveform[127]_INST_0_i_267_n_0
    SLICE_X61Y75         LUT6 (Prop_lut6_I0_O)        0.124     3.575 r  native_system/digital/burst/commanded_waveform[127]_INST_0_i_271/O
                         net (fo=1, routed)           0.000     3.575    native_system/digital/burst/commanded_waveform[127]_INST_0_i_271_n_0
    SLICE_X61Y75         CARRY4 (Prop_carry4_S[1]_CO[3])
                                                      0.550     4.125 r  native_system/digital/burst/commanded_waveform[127]_INST_0_i_207/CO[3]
                         net (fo=1, routed)           0.000     4.125    native_system/digital/burst/commanded_waveform[127]_INST_0_i_207_n_0
    SLICE_X61Y76         CARRY4 (Prop_carry4_CI_CO[3])
                                                      0.114     4.239 r  native_system/digital/burst/commanded_waveform[127]_INST_0_i_153/CO[3]
                         net (fo=1, routed)           0.000     4.239    native_system/digital/burst/commanded_waveform[127]_INST_0_i_153_n_0
    SLICE_X61Y77         CARRY4 (Prop_carry4_CI_CO[3])
                                                      0.114     4.353 r  native_system/digital/burst/commanded_waveform[127]_INST_0_i_101/CO[3]
                         net (fo=1, routed)           0.000     4.353    native_system/digital/burst/commanded_waveform[127]_INST_0_i_101_n_0
    SLICE_X61Y78         CARRY4 (Prop_carry4_CI_CO[3])
                                                      0.114     4.467 r  native_system/digital/burst/commanded_waveform[127]_INST_0_i_66/CO[3]
                         net (fo=1, routed)           0.000     4.467    native_system/digital/burst/commanded_waveform[127]_INST_0_i_66_n_0
    SLICE_X61Y79         CARRY4 (Prop_carry4_CI_CO[3])
                                                      0.114     4.581 r  native_system/digital/burst/commanded_waveform[127]_INST_0_i_42/CO[3]
                         net (fo=1, routed)           0.000     4.581    native_system/digital/burst/commanded_waveform[127]_INST_0_i_42_n_0
    SLICE_X61Y80         CARRY4 (Prop_carry4_CI_CO[3])
                                                      0.114     4.695 r  native_system/digital/burst/commanded_waveform[127]_INST_0_i_40/CO[3]
                         net (fo=1, routed)           0.000     4.695    native_system/digital/burst/commanded_waveform[127]_INST_0_i_40_n_0
    SLICE_X61Y81         CARRY4 (Prop_carry4_CI_O[1])
                                                      0.334     5.029 r  native_system/digital/burst/commanded_waveform[127]_INST_0_i_39/O[1]
                         net (fo=26, routed)          0.621     5.650    native_system/digital/burst/commanded_waveform[127]_INST_0_i_39_n_6
    SLICE_X64Y80         LUT3 (Prop_lut3_I0_O)        0.303     5.953 r  native_system/digital/burst/commanded_waveform[127]_INST_0_i_368/O
                         net (fo=1, routed)           0.689     6.642    native_system/digital/burst/commanded_waveform[127]_INST_0_i_368_n_0
    SLICE_X60Y79         CARRY4 (Prop_carry4_DI[2]_CO[3])
                                                      0.398     7.040 r  native_system/digital/burst/commanded_waveform[127]_INST_0_i_339/CO[3]
                         net (fo=1, routed)           0.000     7.040    native_system/digital/burst/commanded_waveform[127]_INST_0_i_339_n_0
    SLICE_X60Y80         CARRY4 (Prop_carry4_CI_CO[3])
                                                      0.114     7.154 r  native_system/digital/burst/commanded_waveform[127]_INST_0_i_295/CO[3]
                         net (fo=1, routed)           0.000     7.154    native_system/digital/burst/commanded_waveform[127]_INST_0_i_295_n_0
    SLICE_X60Y81         CARRY4 (Prop_carry4_CI_CO[3])
                                                      0.114     7.268 r  native_system/digital/burst/commanded_waveform[127]_INST_0_i_244/CO[3]
                         net (fo=1, routed)           0.000     7.268    native_system/digital/burst/commanded_waveform[127]_INST_0_i_244_n_0
    SLICE_X60Y82         CARRY4 (Prop_carry4_CI_CO[1])
                                                      0.157     7.425 r  native_system/digital/burst/commanded_waveform[127]_INST_0_i_239/CO[1]
                         net (fo=2, routed)           0.832     8.257    native_system/digital/burst/commanded_waveform[127]_INST_0_i_239_n_2
    SLICE_X63Y81         LUT5 (Prop_lut5_I3_O)        0.329     8.586 r  native_system/digital/burst/commanded_waveform[127]_INST_0_i_177/O
                         net (fo=2, routed)           0.618     9.204    native_system/digital/burst/commanded_waveform[127]_INST_0_i_177_n_0
    SLICE_X57Y81         LUT5 (Prop_lut5_I0_O)        0.124     9.328 r  native_system/digital/burst/commanded_waveform[127]_INST_0_i_181/O
                         net (fo=1, routed)           0.000     9.328    native_system/digital/burst/commanded_waveform[127]_INST_0_i_181_n_0
    SLICE_X57Y81         CARRY4 (Prop_carry4_S[2]_CO[3])
                                                      0.398     9.726 r  native_system/digital/burst/commanded_waveform[127]_INST_0_i_124/CO[3]
                         net (fo=1, routed)           0.000     9.726    native_system/digital/burst/commanded_waveform[127]_INST_0_i_124_n_0
    SLICE_X57Y82         CARRY4 (Prop_carry4_CI_CO[3])
                                                      0.114     9.840 r  native_system/digital/burst/commanded_waveform[127]_INST_0_i_84/CO[3]
                         net (fo=1, routed)           0.000     9.840    native_system/digital/burst/commanded_waveform[127]_INST_0_i_84_n_0
    SLICE_X57Y83         CARRY4 (Prop_carry4_CI_O[1])
                                                      0.334    10.174 r  native_system/digital/burst/commanded_waveform[127]_INST_0_i_50/O[1]
                         net (fo=3, routed)           0.649    10.823    native_system/digital/burst/commanded_waveform[127]_INST_0_i_50_n_6
    SLICE_X56Y81         LUT4 (Prop_lut4_I1_O)        0.303    11.126 r  native_system/digital/burst/commanded_waveform[127]_INST_0_i_80/O
                         net (fo=1, routed)           0.000    11.126    native_system/digital/burst/commanded_waveform[127]_INST_0_i_80_n_0
    SLICE_X56Y81         CARRY4 (Prop_carry4_S[3]_CO[3])
                                                      0.401    11.527 r  native_system/digital/burst/commanded_waveform[127]_INST_0_i_43/CO[3]
                         net (fo=1, routed)           0.000    11.527    native_system/digital/burst/commanded_waveform[127]_INST_0_i_43_n_0
    SLICE_X56Y82         CARRY4 (Prop_carry4_CI_CO[2])
                                                      0.228    11.755 r  native_system/digital/burst/commanded_waveform[127]_INST_0_i_37/CO[2]
                         net (fo=8, routed)           0.554    12.309    native_system/digital/burst/commanded_waveform[127]_INST_0_i_37_n_1
    SLICE_X55Y82         LUT6 (Prop_lut6_I1_O)        0.313    12.622 r  native_system/digital/burst/commanded_waveform[127]_INST_0_i_35/O
                         net (fo=1, routed)           0.000    12.622    native_system/digital/burst/commanded_waveform[127]_INST_0_i_35_n_0
    SLICE_X55Y82         CARRY4 (Prop_carry4_S[0]_CO[3])
                                                      0.532    13.154 r  native_system/digital/burst/commanded_waveform[127]_INST_0_i_23/CO[3]
                         net (fo=1, routed)           0.000    13.154    native_system/digital/burst/commanded_waveform[127]_INST_0_i_23_n_0
    SLICE_X55Y83         CARRY4 (Prop_carry4_CI_O[3])
                                                      0.313    13.467 f  native_system/digital/burst/commanded_waveform[127]_INST_0_i_17/O[3]
                         net (fo=1, routed)           0.295    13.762    native_system/digital/burst/phase[7]
    SLICE_X55Y85         LUT5 (Prop_lut5_I0_O)        0.306    14.068 r  native_system/digital/burst/commanded_waveform[127]_INST_0_i_11/O
                         net (fo=10, routed)          0.527    14.595    native_system/digital/scheduler/commanded_waveform3
    SLICE_X59Y86         LUT6 (Prop_lut6_I4_O)        0.124    14.719 r  native_system/digital/scheduler/commanded_waveform[126]_INST_0_i_2/O
                         net (fo=16, routed)          0.679    15.398    native_system/digital/bank/captured_reg[96]_0
    SLICE_X64Y85         LUT5 (Prop_lut5_I3_O)        0.124    15.522 r  native_system/digital/bank/commanded_waveform[104]_INST_0/O
                         net (fo=1, unset)            0.973    16.495    commanded_waveform[104]
                                                                      r  commanded_waveform[104] (OUT)
  -------------------------------------------------------------------    -------------------





Min Delay Paths
--------------------------------------------------------------------------------------
Slack:                    inf
  Source:                 native_system/queue/acknowledged_sequence_reg[3]/C
                            (rising edge-triggered cell FDPE clocked by core132  {rise@0.000ns fall@3.788ns period=7.576ns})
  Destination:            acknowledged_sequence[3]
                            (output port)
  Path Group:             (none)
  Path Type:              Min at Fast Process Corner
  Data Path Delay:        0.538ns  (logic 0.128ns (23.786%)  route 0.410ns (76.214%))
  Logic Levels:           0  
  Clock Uncertainty:      0.025ns  ((TSJ^2 + TIJ^2)^1/2 + DJ) / 2 + PE
    Total System Jitter     (TSJ):    0.050ns
    Total Input Jitter      (TIJ):    0.000ns
    Discrete Jitter          (DJ):    0.000ns
    Phase Error              (PE):    0.000ns

    Location             Delay type                Incr(ns)  Path(ns)    Netlist Resource(s)
  -------------------------------------------------------------------    -------------------
                         (clock core132 rise edge)    0.000     0.000 r  
                                                      0.000     0.000 r  clk (IN)
                         net (fo=18015, unset)        0.410     0.410    native_system/queue/clk
    SLICE_X28Y94         FDPE                                         r  native_system/queue/acknowledged_sequence_reg[3]/C
  -------------------------------------------------------------------    -------------------
    SLICE_X28Y94         FDPE (Prop_fdpe_C_Q)         0.128     0.538 r  native_system/queue/acknowledged_sequence_reg[3]/Q
                         net (fo=0)                   0.410     0.948    acknowledged_sequence[3]
                                                                      r  acknowledged_sequence[3] (OUT)
  -------------------------------------------------------------------    -------------------





--------------------------------------------------------------------------------------
Path Group:  (none)
From Clock:  
  To Clock:  core132

Max Delay         23782 Endpoints
Min Delay         23782 Endpoints
--------------------------------------------------------------------------------------


Max Delay Paths
--------------------------------------------------------------------------------------
Slack:                    inf
  Source:                 rst_n
                            (input port)
  Destination:            native_system/queue/active_reg[1294]/CLR
                            (recovery check against rising-edge clock core132  {rise@0.000ns fall@3.788ns period=7.576ns})
  Path Group:             (none)
  Path Type:              Recovery (Max at Slow Process Corner)
  Data Path Delay:        11.652ns  (logic 0.124ns (1.064%)  route 11.528ns (98.936%))
  Logic Levels:           1  (LUT1=1)
  Clock Path Skew:        0.924ns (DCD - SCD + CPR)
    Destination Clock Delay (DCD):    0.924ns
    Source Clock Delay      (SCD):    0.000ns
    Clock Pessimism Removal (CPR):    0.000ns
  Clock Uncertainty:      0.025ns  ((TSJ^2 + TIJ^2)^1/2 + DJ) / 2 + PE
    Total System Jitter     (TSJ):    0.050ns
    Total Input Jitter      (TIJ):    0.000ns
    Discrete Jitter          (DJ):    0.000ns
    Phase Error              (PE):    0.000ns

    Location             Delay type                Incr(ns)  Path(ns)    Netlist Resource(s)
  -------------------------------------------------------------------    -------------------
                                                      0.000     0.000 r  rst_n (IN)
                         net (fo=15, unset)           0.973     0.973    native_system/queue/rst_n
    SLICE_X26Y105        LUT1 (Prop_lut1_I0_O)        0.124     1.097 f  native_system/queue/count[31]_i_3/O
                         net (fo=2722, routed)       10.555    11.652    native_system/queue/rst_n_1
    SLICE_X28Y142        FDCE                                         f  native_system/queue/active_reg[1294]/CLR
  -------------------------------------------------------------------    -------------------

                         (clock core132 rise edge)    0.000     0.000 r  
                                                      0.000     0.000 r  clk (IN)
                         net (fo=18015, unset)        0.924     0.924    native_system/queue/clk
    SLICE_X28Y142        FDCE                                         r  native_system/queue/active_reg[1294]/C





Min Delay Paths
--------------------------------------------------------------------------------------
Slack:                    inf
  Source:                 s_araddr[0]
                            (input port)
  Destination:            bridge/araddr_reg[0]/D
                            (rising edge-triggered cell FDCE clocked by core132  {rise@0.000ns fall@3.788ns period=7.576ns})
  Path Group:             (none)
  Path Type:              Hold (Min at Fast Process Corner)
  Data Path Delay:        0.410ns  (logic 0.000ns (0.000%)  route 0.410ns (100.000%))
  Logic Levels:           0  
  Clock Path Skew:        0.432ns (DCD - SCD - CPR)
    Destination Clock Delay (DCD):    0.432ns
    Source Clock Delay      (SCD):    0.000ns
    Clock Pessimism Removal (CPR):    -0.000ns

    Location             Delay type                Incr(ns)  Path(ns)    Netlist Resource(s)
  -------------------------------------------------------------------    -------------------
                                                      0.000     0.000 r  s_araddr[0] (IN)
                         net (fo=0)                   0.410     0.410    bridge/s_araddr[0]
    SLICE_X32Y91         FDCE                                         r  bridge/araddr_reg[0]/D
  -------------------------------------------------------------------    -------------------

                         (clock core132 rise edge)    0.000     0.000 r  
                                                      0.000     0.000 r  clk (IN)
                         net (fo=18015, unset)        0.432     0.432    bridge/clk
    SLICE_X32Y91         FDCE                                         r  bridge/araddr_reg[0]/C





