#-----------------------------------------------------------
# xsim v2025.2 (64-bit)
# SW Build 6299465 on Fri Nov 14 19:35:11 GMT 2025
# IP Build 6300035 on Fri Nov 14 10:48:45 MST 2025
# SharedData Build 6298862 on Thu Nov 13 04:50:51 MST 2025
# Start of session at: Sat Oct 10 02:10:34 2026
# Process ID         : 44120
# Current directory  : E:/Codex_project/AMD_Sonofield/v5/evidence/next_stage/20261010/c16_capture_run1/xsim
# Command line       : xsim.exe -mode tcl -source {xsim.dir/capture/xsim_script.tcl}
# Log file           : E:/Codex_project/AMD_Sonofield/v5/evidence/next_stage/20261010/c16_capture_run1/xsim/xsim.log
# Journal file       : E:/Codex_project/AMD_Sonofield/v5/evidence/next_stage/20261010/c16_capture_run1/xsim\xsim.jou
# Running On         : [REDACTED_WINDOWS_HOST]
# Platform           : Windows Server 2016 or Windows 10
# Operating System   : 26200
# Processor Detail   : 13th Gen Intel(R) Core(TM) i9-13980HX
# CPU Frequency      : 2419 MHz
# CPU Physical cores : 24
# CPU Logical cores  : 32
# Host memory        : 16774 MB
# Swap memory        : 23622 MB
# Total Virtual      : 40396 MB
# Available Virtual  : 8823 MB
#-----------------------------------------------------------
source xsim.dir/capture/xsim_script.tcl
# xsim {capture} -autoloadwcfg -runall
Time resolution is 1 ps
run -all
PASS C16_CAPTURE_CHAIN 2x1024 signed frames timestamp burst BRAM read ACK ownership abort
$finish called at time : 2758065528 ps : File "E:/Codex_project/AMD_Sonofield/v5/tb/tb_c16_capture_chain.sv" Line 37
exit
INFO: [Common 17-206] Exiting xsim at Sat Oct 10 02:10:36 2026...
