Copyright 1986-2022 Xilinx, Inc. All Rights Reserved. Copyright 2022-2025 Advanced Micro Devices, Inc. All Rights Reserved.
----------------------------------------------------------------------------------------------------------------------------------------------------------------------------------
| Tool Version : Vivado v.2025.2 (win64) Build 6299465 Fri Nov 14 19:35:11 GMT 2025
| Date         : Sat Oct 10 02:06:43 2026
| Host         : [REDACTED_WINDOWS_HOST] running 64-bit major release  (build 9200)
| Command      : report_drc -file E:/Codex_project/AMD_Sonofield/.portability/nextstage_clean_20261010/v5/evidence/next_stage/20261010/nextstage_platform_clean/pl_routed_drc.rpt
| Design       : nextstage_pl
| Device       : xc7z020clg400-2
| Speed File   : -2
| Design State : Fully Routed
----------------------------------------------------------------------------------------------------------------------------------------------------------------------------------

Report DRC

Table of Contents
-----------------
1. REPORT SUMMARY
2. REPORT DETAILS

1. REPORT SUMMARY
-----------------
            Netlist: nextstage_pl
          Floorplan: design_1
      Design limits: <entire design considered>
           Ruledeck: default
             Max checks: <unlimited>
             Checks found: 22
+-----------+----------+----------------------------+--------+
| Rule      | Severity | Description                | Checks |
+-----------+----------+----------------------------+--------+
| CHECK-3   | Warning  | Report rule limit reached  | 1      |
| REQP-1839 | Warning  | RAMB36 async control check | 20     |
| ZPS7-1    | Warning  | PS7 block required         | 1      |
+-----------+----------+----------------------------+--------+

2. REPORT DETAILS
-----------------
CHECK-3#1 Warning
Report rule limit reached  
REQP-1839 rule limit reached: 20 violations have been found.
Related violations: <none>

REQP-1839#1 Warning
RAMB36 async control check  
The RAMB36E1 implementation/core/native_system/digital/scheduler/memory_reg_0 has an input control pin implementation/core/native_system/digital/scheduler/memory_reg_0/ADDRARDADDR[10] (net: implementation/core/native_system/digital/scheduler/frame_count[5]) which is driven by a register (implementation/core/native_system/digital/scheduler/frame_count_reg[5]) that has an active asychronous set or reset. This may cause corruption of the memory contents and/or read values when the set/reset is asserted and is not analyzed by the default static timing analysis. It is suggested to eliminate the use of a set/reset to registers driving this RAMB pin or else use a synchronous reset in which the assertion of the reset is timed by default.
Related violations: <none>

REQP-1839#2 Warning
RAMB36 async control check  
The RAMB36E1 implementation/core/native_system/digital/scheduler/memory_reg_0 has an input control pin implementation/core/native_system/digital/scheduler/memory_reg_0/ADDRARDADDR[11] (net: implementation/core/native_system/digital/scheduler/frame_count[6]) which is driven by a register (implementation/core/native_system/digital/scheduler/frame_count_reg[6]) that has an active asychronous set or reset. This may cause corruption of the memory contents and/or read values when the set/reset is asserted and is not analyzed by the default static timing analysis. It is suggested to eliminate the use of a set/reset to registers driving this RAMB pin or else use a synchronous reset in which the assertion of the reset is timed by default.
Related violations: <none>

REQP-1839#3 Warning
RAMB36 async control check  
The RAMB36E1 implementation/core/native_system/digital/scheduler/memory_reg_0 has an input control pin implementation/core/native_system/digital/scheduler/memory_reg_0/ADDRARDADDR[12] (net: implementation/core/native_system/digital/scheduler/frame_count[7]) which is driven by a register (implementation/core/native_system/digital/scheduler/frame_count_reg[7]) that has an active asychronous set or reset. This may cause corruption of the memory contents and/or read values when the set/reset is asserted and is not analyzed by the default static timing analysis. It is suggested to eliminate the use of a set/reset to registers driving this RAMB pin or else use a synchronous reset in which the assertion of the reset is timed by default.
Related violations: <none>

REQP-1839#4 Warning
RAMB36 async control check  
The RAMB36E1 implementation/core/native_system/digital/scheduler/memory_reg_0 has an input control pin implementation/core/native_system/digital/scheduler/memory_reg_0/ADDRARDADDR[13] (net: implementation/core/native_system/digital/scheduler/frame_count[8]) which is driven by a register (implementation/core/native_system/digital/scheduler/frame_count_reg[8]) that has an active asychronous set or reset. This may cause corruption of the memory contents and/or read values when the set/reset is asserted and is not analyzed by the default static timing analysis. It is suggested to eliminate the use of a set/reset to registers driving this RAMB pin or else use a synchronous reset in which the assertion of the reset is timed by default.
Related violations: <none>

REQP-1839#5 Warning
RAMB36 async control check  
The RAMB36E1 implementation/core/native_system/digital/scheduler/memory_reg_0 has an input control pin implementation/core/native_system/digital/scheduler/memory_reg_0/ADDRARDADDR[14] (net: implementation/core/native_system/digital/scheduler/frame_count_reg[10]_0[0]) which is driven by a register (implementation/core/native_system/digital/scheduler/frame_count_reg[9]) that has an active asychronous set or reset. This may cause corruption of the memory contents and/or read values when the set/reset is asserted and is not analyzed by the default static timing analysis. It is suggested to eliminate the use of a set/reset to registers driving this RAMB pin or else use a synchronous reset in which the assertion of the reset is timed by default.
Related violations: <none>

REQP-1839#6 Warning
RAMB36 async control check  
The RAMB36E1 implementation/core/native_system/digital/scheduler/memory_reg_0 has an input control pin implementation/core/native_system/digital/scheduler/memory_reg_0/ADDRARDADDR[5] (net: implementation/core/native_system/digital/scheduler/frame_count[0]) which is driven by a register (implementation/core/native_system/digital/scheduler/frame_count_reg[0]) that has an active asychronous set or reset. This may cause corruption of the memory contents and/or read values when the set/reset is asserted and is not analyzed by the default static timing analysis. It is suggested to eliminate the use of a set/reset to registers driving this RAMB pin or else use a synchronous reset in which the assertion of the reset is timed by default.
Related violations: <none>

REQP-1839#7 Warning
RAMB36 async control check  
The RAMB36E1 implementation/core/native_system/digital/scheduler/memory_reg_0 has an input control pin implementation/core/native_system/digital/scheduler/memory_reg_0/ADDRARDADDR[6] (net: implementation/core/native_system/digital/scheduler/frame_count[1]) which is driven by a register (implementation/core/native_system/digital/scheduler/frame_count_reg[1]) that has an active asychronous set or reset. This may cause corruption of the memory contents and/or read values when the set/reset is asserted and is not analyzed by the default static timing analysis. It is suggested to eliminate the use of a set/reset to registers driving this RAMB pin or else use a synchronous reset in which the assertion of the reset is timed by default.
Related violations: <none>

REQP-1839#8 Warning
RAMB36 async control check  
The RAMB36E1 implementation/core/native_system/digital/scheduler/memory_reg_0 has an input control pin implementation/core/native_system/digital/scheduler/memory_reg_0/ADDRARDADDR[7] (net: implementation/core/native_system/digital/scheduler/frame_count[2]) which is driven by a register (implementation/core/native_system/digital/scheduler/frame_count_reg[2]) that has an active asychronous set or reset. This may cause corruption of the memory contents and/or read values when the set/reset is asserted and is not analyzed by the default static timing analysis. It is suggested to eliminate the use of a set/reset to registers driving this RAMB pin or else use a synchronous reset in which the assertion of the reset is timed by default.
Related violations: <none>

REQP-1839#9 Warning
RAMB36 async control check  
The RAMB36E1 implementation/core/native_system/digital/scheduler/memory_reg_0 has an input control pin implementation/core/native_system/digital/scheduler/memory_reg_0/ADDRARDADDR[8] (net: implementation/core/native_system/digital/scheduler/frame_count[3]) which is driven by a register (implementation/core/native_system/digital/scheduler/frame_count_reg[3]) that has an active asychronous set or reset. This may cause corruption of the memory contents and/or read values when the set/reset is asserted and is not analyzed by the default static timing analysis. It is suggested to eliminate the use of a set/reset to registers driving this RAMB pin or else use a synchronous reset in which the assertion of the reset is timed by default.
Related violations: <none>

REQP-1839#10 Warning
RAMB36 async control check  
The RAMB36E1 implementation/core/native_system/digital/scheduler/memory_reg_0 has an input control pin implementation/core/native_system/digital/scheduler/memory_reg_0/ADDRARDADDR[9] (net: implementation/core/native_system/digital/scheduler/frame_count[4]) which is driven by a register (implementation/core/native_system/digital/scheduler/frame_count_reg[4]) that has an active asychronous set or reset. This may cause corruption of the memory contents and/or read values when the set/reset is asserted and is not analyzed by the default static timing analysis. It is suggested to eliminate the use of a set/reset to registers driving this RAMB pin or else use a synchronous reset in which the assertion of the reset is timed by default.
Related violations: <none>

REQP-1839#11 Warning
RAMB36 async control check  
The RAMB36E1 implementation/core/native_system/digital/scheduler/memory_reg_0 has an input control pin implementation/core/native_system/digital/scheduler/memory_reg_0/ADDRBWRADDR[10] (net: implementation/core/native_system/digital/scheduler/memory_reg_0_0[7]) which is driven by a register (implementation/core/native_system/digital/cfg_reg[14][7]) that has an active asychronous set or reset. This may cause corruption of the memory contents and/or read values when the set/reset is asserted and is not analyzed by the default static timing analysis. It is suggested to eliminate the use of a set/reset to registers driving this RAMB pin or else use a synchronous reset in which the assertion of the reset is timed by default.
Related violations: <none>

REQP-1839#12 Warning
RAMB36 async control check  
The RAMB36E1 implementation/core/native_system/digital/scheduler/memory_reg_0 has an input control pin implementation/core/native_system/digital/scheduler/memory_reg_0/ADDRBWRADDR[11] (net: implementation/core/native_system/digital/scheduler/memory_reg_0_0[8]) which is driven by a register (implementation/core/native_system/digital/cfg_reg[14][8]) that has an active asychronous set or reset. This may cause corruption of the memory contents and/or read values when the set/reset is asserted and is not analyzed by the default static timing analysis. It is suggested to eliminate the use of a set/reset to registers driving this RAMB pin or else use a synchronous reset in which the assertion of the reset is timed by default.
Related violations: <none>

REQP-1839#13 Warning
RAMB36 async control check  
The RAMB36E1 implementation/core/native_system/digital/scheduler/memory_reg_0 has an input control pin implementation/core/native_system/digital/scheduler/memory_reg_0/ADDRBWRADDR[12] (net: implementation/core/native_system/digital/scheduler/memory_reg_0_0[9]) which is driven by a register (implementation/core/native_system/digital/cfg_reg[14][9]) that has an active asychronous set or reset. This may cause corruption of the memory contents and/or read values when the set/reset is asserted and is not analyzed by the default static timing analysis. It is suggested to eliminate the use of a set/reset to registers driving this RAMB pin or else use a synchronous reset in which the assertion of the reset is timed by default.
Related violations: <none>

REQP-1839#14 Warning
RAMB36 async control check  
The RAMB36E1 implementation/core/native_system/digital/scheduler/memory_reg_0 has an input control pin implementation/core/native_system/digital/scheduler/memory_reg_0/ADDRBWRADDR[13] (net: implementation/core/native_system/digital/scheduler/memory_reg_0_0[10]) which is driven by a register (implementation/core/native_system/digital/cfg_reg[14][10]) that has an active asychronous set or reset. This may cause corruption of the memory contents and/or read values when the set/reset is asserted and is not analyzed by the default static timing analysis. It is suggested to eliminate the use of a set/reset to registers driving this RAMB pin or else use a synchronous reset in which the assertion of the reset is timed by default.
Related violations: <none>

REQP-1839#15 Warning
RAMB36 async control check  
The RAMB36E1 implementation/core/native_system/digital/scheduler/memory_reg_0 has an input control pin implementation/core/native_system/digital/scheduler/memory_reg_0/ADDRBWRADDR[14] (net: implementation/core/native_system/digital/scheduler/memory_reg_0_0[11]) which is driven by a register (implementation/core/native_system/digital/cfg_reg[14][11]) that has an active asychronous set or reset. This may cause corruption of the memory contents and/or read values when the set/reset is asserted and is not analyzed by the default static timing analysis. It is suggested to eliminate the use of a set/reset to registers driving this RAMB pin or else use a synchronous reset in which the assertion of the reset is timed by default.
Related violations: <none>

REQP-1839#16 Warning
RAMB36 async control check  
The RAMB36E1 implementation/core/native_system/digital/scheduler/memory_reg_0 has an input control pin implementation/core/native_system/digital/scheduler/memory_reg_0/ADDRBWRADDR[5] (net: implementation/core/native_system/digital/scheduler/memory_reg_0_0[2]) which is driven by a register (implementation/core/native_system/digital/cfg_reg[14][2]) that has an active asychronous set or reset. This may cause corruption of the memory contents and/or read values when the set/reset is asserted and is not analyzed by the default static timing analysis. It is suggested to eliminate the use of a set/reset to registers driving this RAMB pin or else use a synchronous reset in which the assertion of the reset is timed by default.
Related violations: <none>

REQP-1839#17 Warning
RAMB36 async control check  
The RAMB36E1 implementation/core/native_system/digital/scheduler/memory_reg_0 has an input control pin implementation/core/native_system/digital/scheduler/memory_reg_0/ADDRBWRADDR[6] (net: implementation/core/native_system/digital/scheduler/memory_reg_0_0[3]) which is driven by a register (implementation/core/native_system/digital/cfg_reg[14][3]) that has an active asychronous set or reset. This may cause corruption of the memory contents and/or read values when the set/reset is asserted and is not analyzed by the default static timing analysis. It is suggested to eliminate the use of a set/reset to registers driving this RAMB pin or else use a synchronous reset in which the assertion of the reset is timed by default.
Related violations: <none>

REQP-1839#18 Warning
RAMB36 async control check  
The RAMB36E1 implementation/core/native_system/digital/scheduler/memory_reg_0 has an input control pin implementation/core/native_system/digital/scheduler/memory_reg_0/ADDRBWRADDR[7] (net: implementation/core/native_system/digital/scheduler/memory_reg_0_0[4]) which is driven by a register (implementation/core/native_system/digital/cfg_reg[14][4]) that has an active asychronous set or reset. This may cause corruption of the memory contents and/or read values when the set/reset is asserted and is not analyzed by the default static timing analysis. It is suggested to eliminate the use of a set/reset to registers driving this RAMB pin or else use a synchronous reset in which the assertion of the reset is timed by default.
Related violations: <none>

REQP-1839#19 Warning
RAMB36 async control check  
The RAMB36E1 implementation/core/native_system/digital/scheduler/memory_reg_0 has an input control pin implementation/core/native_system/digital/scheduler/memory_reg_0/ADDRBWRADDR[8] (net: implementation/core/native_system/digital/scheduler/memory_reg_0_0[5]) which is driven by a register (implementation/core/native_system/digital/cfg_reg[14][5]) that has an active asychronous set or reset. This may cause corruption of the memory contents and/or read values when the set/reset is asserted and is not analyzed by the default static timing analysis. It is suggested to eliminate the use of a set/reset to registers driving this RAMB pin or else use a synchronous reset in which the assertion of the reset is timed by default.
Related violations: <none>

REQP-1839#20 Warning
RAMB36 async control check  
The RAMB36E1 implementation/core/native_system/digital/scheduler/memory_reg_0 has an input control pin implementation/core/native_system/digital/scheduler/memory_reg_0/ADDRBWRADDR[9] (net: implementation/core/native_system/digital/scheduler/memory_reg_0_0[6]) which is driven by a register (implementation/core/native_system/digital/cfg_reg[14][6]) that has an active asychronous set or reset. This may cause corruption of the memory contents and/or read values when the set/reset is asserted and is not analyzed by the default static timing analysis. It is suggested to eliminate the use of a set/reset to registers driving this RAMB pin or else use a synchronous reset in which the assertion of the reset is timed by default.
Related violations: <none>

ZPS7-1#1 Warning
PS7 block required  
The PS7 cell must be used in this Zynq design in order to enable correct default configuration.
Related violations: <none>


