The system cannot find the path specified.

****** Vivado v2025.2 (64-bit)
  **** SW Build 6299465 on Fri Nov 14 19:35:11 GMT 2025
  **** IP Build 6300035 on Fri Nov 14 10:48:45 MST 2025
  **** SharedData Build 6298862 on Thu Nov 13 04:50:51 MST 2025
  **** Start of session at: Sun Oct  4 04:27:00 2026
    ** Copyright 1986-2022 Xilinx, Inc. All Rights Reserved.
    ** Copyright 2022-2025 Advanced Micro Devices, Inc. All Rights Reserved.

source parameter_detection/20261004_ddr/read_jtag.tcl
# if {[version -short] ne "2025.2"} {error "Vivado 2025.2 required"}
# open_hw_manager
open_hw_manager: Time (s): cpu = 00:00:05 ; elapsed = 00:00:06 . Memory (MB): peak = 536.656 ; gain = 223.363
# connect_hw_server -url localhost:3121
INFO: [Labtools 27-2285] Connecting to hw_server url TCP:localhost:3121
INFO: [Labtools 27-3415] Connecting to cs_server url TCP:localhost:0
INFO: [Labtools 27-3417] Launching cs_server...
INFO: [Labtools 27-2221] Launch Output:


******** Xilinx cs_server v2025.2.0
  ****** Build date   : Nov 14 2025-07:16:52
    **** Build number : 2025.2.1763075812
      ** Copyright 2017-2022 Xilinx, Inc. All Rights Reserved.
      ** Copyright 2022-2026 Advanced Micro Devices, Inc. All Rights Reserved.



# set targets [get_hw_targets -quiet]
# puts "PREFLIGHT_TARGET_COUNT=[llength $targets]"
PREFLIGHT_TARGET_COUNT=1
# if {[llength $targets] != 1} {error "Automatic identification requires exactly one cable; do not guess a board"}
# set target [lindex $targets 0]
# current_hw_target $target
# open_hw_target $target
INFO: [Labtoolstcl 44-466] Opening hw_target localhost:3121/xilinx_tcf/Xilinx/[REDACTED_CABLE_ID]
# puts "PREFLIGHT_TARGET=$target"
PREFLIGHT_TARGET=localhost:3121/xilinx_tcf/Xilinx/[REDACTED_CABLE_ID]
# foreach device [get_hw_devices -quiet] {
#  puts "PREFLIGHT_DEVICE=$device"
#  report_property -all $device
# }
PREFLIGHT_DEVICE=arm_dap_0
Property                   Type          Read-only  Value
CLASS                      string        true       hw_device
NAME                       string        true       arm_dap_0
PART                       string        true       arm_dap
VARIANT_NAME               string        true       
PROGRAM.LOG                string        true       
INDEX                      int           true       0
IDCODE                     string        true       01001011101000000000010001110111
IDCODE_HEX                 string        true       4BA00477
IR_LENGTH                  int           true       4
USER_CHAIN_COUNT           string        true       0
IS_SYSMON_SUPPORTED        bool          true       0
PROGRAM.IS_SUPPORTED       bool          true       0
PROGRAM.FILE               string        false      
PROGRAM.BOOT_FILE          string        false      
PROGRAM.OPTIONS            string        false      
PROGRAM.HW_BITSTREAM       hw_bitstream  true       
AUTH_JTAG.FILE             string        false      
PROBES.FILE                string        false      
FULL_PROBES.FILE           string        false      
BOOT_PROBES.FILE           string        false      
PARTIAL_PROBES.FILES       string*       false      
PROGRAM.HW_CFGMEM          hw_cfgmem     true       
PROGRAM.HW_CFGMEM_BITFILE  string        true       
PROGRAM.HW_CFGMEM_TYPE     string        true       
PROGRAM.READBACK_FILE      string        false      
PROGRAM.IS_RSA_PROGRAMMED  bool          true       0
PROGRAM.IS_AES_PROGRAMMED  bool          true       0
PROGRAM.DPA_PROTECT        bool          false      0
PROGRAM.DPA_COUNT          int           false      0
PROGRAM.DPA_MODE           string        false      
DID                        string        true       jsn-MiniZed V1-[REDACTED_CABLE_ID]-4ba00477-0
MASK                       string        true       00001111111111111111111111111111
MASK_HEX                   string        true       0FFFFFFF
UNKNOWN_DEVICE             bool          true       0
XSDB_USER_BSCAN            string        false      1,3
BSCAN_SWITCH_USER_MASK     string        false      0001
PREFLIGHT_DEVICE=xc7z020_1
Property                                                            Type          Read-only  Value
CLASS                                                               string        true       hw_device
NAME                                                                string        true       xc7z020_1
PART                                                                string        true       xc7z020
VARIANT_NAME                                                        string        true       
PROGRAM.LOG                                                         string        true       
INDEX                                                               int           true       1
IDCODE                                                              string        true       00100011011100100111000010010011
IDCODE_HEX                                                          string        true       23727093
IR_LENGTH                                                           int           true       6
USER_CHAIN_COUNT                                                    string        true       4
IS_SYSMON_SUPPORTED                                                 bool          true       1
PROGRAM.IS_SUPPORTED                                                bool          true       1
PROGRAM.FILE                                                        string        false      
PROGRAM.BOOT_FILE                                                   string        false      
PROGRAM.OPTIONS                                                     string        false      
PROGRAM.HW_BITSTREAM                                                hw_bitstream  true       
AUTH_JTAG.FILE                                                      string        false      
PROBES.FILE                                                         string        false      
FULL_PROBES.FILE                                                    string        false      
BOOT_PROBES.FILE                                                    string        false      
PARTIAL_PROBES.FILES                                                string*       false      
PROGRAM.HW_CFGMEM                                                   hw_cfgmem     true       
PROGRAM.HW_CFGMEM_BITFILE                                           string        true       
PROGRAM.HW_CFGMEM_TYPE                                              string        true       
PROGRAM.READBACK_FILE                                               string        false      
PROGRAM.IS_RSA_PROGRAMMED                                           bool          true       0
PROGRAM.IS_AES_PROGRAMMED                                           bool          true       0
PROGRAM.DPA_PROTECT                                                 bool          false      0
PROGRAM.DPA_COUNT                                                   int           false      0
PROGRAM.DPA_MODE                                                    string        false      
REGISTER.BOOT_STATUS                                                string        true       00000000000000000000000000000000
REGISTER.BOOT_STATUS.BIT00_0_STATUS_VALID                           string        true       0
REGISTER.BOOT_STATUS.BIT01_0_FALLBACK                               string        true       0
REGISTER.BOOT_STATUS.BIT02_0_INTERNAL_PROG                          string        true       0
REGISTER.BOOT_STATUS.BIT03_0_WATCHDOG_TIMEOUT_ERROR                 string        true       0
REGISTER.BOOT_STATUS.BIT04_0_ID_ERROR                               string        true       0
REGISTER.BOOT_STATUS.BIT05_0_CRC_ERROR                              string        true       0
REGISTER.BOOT_STATUS.BIT06_0_WRAP_ERROR                             string        true       0
REGISTER.BOOT_STATUS.BIT07_0_SECURITY_ERROR                         string        true       0
REGISTER.BOOT_STATUS.BIT08_1_STATUS_VALID                           string        true       0
REGISTER.BOOT_STATUS.BIT09_1_FALLBACK                               string        true       0
REGISTER.BOOT_STATUS.BIT10_1_INTERNAL_PROG                          string        true       0
REGISTER.BOOT_STATUS.BIT11_1_WATCHDOG_TIMEOUT_ERROR                 string        true       0
REGISTER.BOOT_STATUS.BIT12_1_ID_ERROR                               string        true       0
REGISTER.BOOT_STATUS.BIT13_1_CRC_ERROR                              string        true       0
REGISTER.BOOT_STATUS.BIT14_1_WRAP_ERROR                             string        true       0
REGISTER.BOOT_STATUS.BIT15_1_SECURITY_ERROR                         string        true       0
REGISTER.BOOT_STATUS.BIT16_RESERVED                                 string        true       0000000000000000
REGISTER.CONFIG_STATUS                                              string        true       01000110000000000001111100001100
REGISTER.CONFIG_STATUS.BIT00_CRC_ERROR                              string        true       0
REGISTER.CONFIG_STATUS.BIT01_DECRYPTOR_ENABLE                       string        true       0
REGISTER.CONFIG_STATUS.BIT02_PLL_LOCK_STATUS                        string        true       1
REGISTER.CONFIG_STATUS.BIT03_DCI_MATCH_STATUS                       string        true       1
REGISTER.CONFIG_STATUS.BIT04_END_OF_STARTUP_(EOS)_STATUS            string        true       0
REGISTER.CONFIG_STATUS.BIT05_GTS_CFG_B_STATUS                       string        true       0
REGISTER.CONFIG_STATUS.BIT06_GWE_STATUS                             string        true       0
REGISTER.CONFIG_STATUS.BIT07_GHIGH_STATUS                           string        true       0
REGISTER.CONFIG_STATUS.BIT08_MODE_PIN_M[0]                          string        true       1
REGISTER.CONFIG_STATUS.BIT09_MODE_PIN_M[1]                          string        true       1
REGISTER.CONFIG_STATUS.BIT10_MODE_PIN_M[2]                          string        true       1
REGISTER.CONFIG_STATUS.BIT11_INIT_B_INTERNAL_SIGNAL_STATUS          string        true       1
REGISTER.CONFIG_STATUS.BIT12_INIT_B_PIN                             string        true       1
REGISTER.CONFIG_STATUS.BIT13_DONE_INTERNAL_SIGNAL_STATUS            string        true       0
REGISTER.CONFIG_STATUS.BIT14_DONE_PIN                               string        true       0
REGISTER.CONFIG_STATUS.BIT15_IDCODE_ERROR                           string        true       0
REGISTER.CONFIG_STATUS.BIT16_SECURITY_ERROR                         string        true       0
REGISTER.CONFIG_STATUS.BIT17_SYSTEM_MONITOR_OVER-TEMP_ALARM_STATUS  string        true       0
REGISTER.CONFIG_STATUS.BIT18_CFG_STARTUP_STATE_MACHINE_PHASE        string        true       000
REGISTER.CONFIG_STATUS.BIT21_RESERVED                               string        true       0000
REGISTER.CONFIG_STATUS.BIT25_CFG_BUS_WIDTH_DETECTION                string        true       11
REGISTER.CONFIG_STATUS.BIT27_HMAC_ERROR                             string        true       0
REGISTER.CONFIG_STATUS.BIT28_PUDC_B_PIN                             string        true       0
REGISTER.CONFIG_STATUS.BIT29_BAD_PACKET_ERROR                       string        true       0
REGISTER.CONFIG_STATUS.BIT30_CFGBVS_PIN                             string        true       1
REGISTER.CONFIG_STATUS.BIT31_RESERVED                               string        true       0
REGISTER.COR0                                                       string        true       00003fec
REGISTER.COR0.BIT00_GWE_CYCLE                                       string        true       100
REGISTER.COR0.BIT03_GTS_CYCLE                                       string        true       101
REGISTER.COR0.BIT06_LOCK_CYCLE                                      string        true       111
REGISTER.COR0.BIT09_MATCH_CYCLE                                     string        true       111
REGISTER.COR0.BIT12_DONE_CYCLE                                      string        true       011
REGISTER.COR0.BIT15_SSCLKSRC                                        string        true       00
REGISTER.COR0.BIT17_OSCFSEL                                         string        true       000000
REGISTER.COR0.BIT23_SINGLE                                          string        true       0
REGISTER.COR0.BIT24_DRIVE_DONE                                      string        true       0
REGISTER.COR0.BIT25_DONE_PIPE                                       string        true       0
REGISTER.COR0.BIT26_RESERVED                                        string        true       0
REGISTER.COR0.BIT27_PWRDWN_STAT                                     string        true       0
REGISTER.COR0.BIT28_RESERVED                                        string        true       0000
REGISTER.COR1                                                       string        true       00000000
REGISTER.COR1.BIT00_BPI_PAGE_SIZE                                   string        true       00
REGISTER.COR1.BIT02_BPI_1ST_READ_CYCLE                              string        true       00
REGISTER.COR1.BIT04_RESERVED                                        string        true       0000
REGISTER.COR1.BIT08_RBCRC_EN                                        string        true       0
REGISTER.COR1.BIT09_RBCRC_NO_PIN                                    string        true       0
REGISTER.COR1.BIT10_RESERVED                                        string        true       00000
REGISTER.COR1.BIT15_RBCRC_ACTION                                    string        true       00
REGISTER.COR1.BIT17_PERSIST_DEASSERT_AT_DESYNC                      string        true       0
REGISTER.COR1.BIT18_RESERVED                                        string        true       00000000000000
REGISTER.IR                                                         string        true       010001
REGISTER.IR.BIT0_ALWAYS_ONE                                         string        true       1
REGISTER.IR.BIT1_ALWAYS_ZERO                                        string        true       0
REGISTER.IR.BIT2_ISC_DONE                                           string        true       0
REGISTER.IR.BIT3_ISC_ENABLED                                        string        true       0
REGISTER.IR.BIT4_INIT_COMPLETE                                      string        true       1
REGISTER.IR.BIT5_DONE                                               string        true       0
REGISTER.TIMER                                                      string        true       00000000
REGISTER.TIMER.BIT00_TIMER_VALUE                                    string        true       000000000000000000000000000000
REGISTER.TIMER.BIT30_TIMER_CFG_MON                                  string        true       0
REGISTER.TIMER.BIT31_TIMER_USR_MON                                  string        true       0
REGISTER.USERCODE                                                   string        true       ffffffff
REGISTER.USR_ACCESS                                                 string        true       00000000
REGISTER.WBSTAR                                                     string        true       00000000
REGISTER.WBSTAR.BIT00_START_ADDR                                    string        true       00000000000000000000000000000
REGISTER.WBSTAR.BIT29_RS_TS_B                                       string        true       0
REGISTER.WBSTAR.BIT30_RS                                            string        true       00
DID                                                                 string        true       jsn-MiniZed V1-[REDACTED_CABLE_ID]-23727093-0
MASK                                                                string        true       00001111111111111111111111111111
MASK_HEX                                                            string        true       0FFFFFFF
UNKNOWN_DEVICE                                                      bool          true       0
XSDB_USER_BSCAN                                                     string        false      1,3
BSCAN_SWITCH_USER_MASK                                              string        false      0001
# report_property -all $target
Property          Type     Read-only  Value
CLASS             string   true       hw_target
DEVICE_COUNT      int      true       2
HW_JTAG           hw_jtag  true       
IS_OPENED         bool     true       1
IS_STAPL          bool     true       0
IS_SVF            bool     true       0
MAX_DEVICE_COUNT  int      false      32
NAME              string   true       localhost:3121/xilinx_tcf/Xilinx/[REDACTED_CABLE_ID]
PARAM.DEVICE      string   true       jsn-MiniZed V1-[REDACTED_CABLE_ID]
PARAM.FREQUENCY   enum     false      15000000
PARAM.TYPE        string   true       xilinx_tcf
TID               string   true       jsn-MiniZed V1-[REDACTED_CABLE_ID]
UID               string   true       Xilinx/[REDACTED_CABLE_ID]
# close_hw_target
INFO: [Labtoolstcl 44-464] Closing hw_target localhost:3121/xilinx_tcf/Xilinx/[REDACTED_CABLE_ID]
# disconnect_hw_server
# close_hw_manager
# exit
INFO: [Common 17-206] Exiting Vivado at Sun Oct  4 04:27:15 2026...
