Copyright 1986-2022 Xilinx, Inc. All Rights Reserved. Copyright 2022-2025 Advanced Micro Devices, Inc. All Rights Reserved.
---------------------------------------------------------------------------------------------------------------------------------------------------
| Tool Version : Vivado v.2025.2 (win64) Build 6299465 Fri Nov 14 19:35:11 GMT 2025
| Date         : Fri Oct  9 23:41:29 2026
| Host         : loverlike running 64-bit major release  (build 9200)
| Command      : report_timing_summary -file E:/Codex_project/AMD_Sonofield/v5/evidence/repository_cleanup/20261009/ooc_after/timing_synthesis.rpt
| Design       : sono_axi_system
| Device       : 7z020-clg400
| Speed File   : -2  PRODUCTION 1.12 2019-11-22
| Design State : Synthesized
---------------------------------------------------------------------------------------------------------------------------------------------------

Timing Summary Report

------------------------------------------------------------------------------------------------
| Timer Settings
| --------------
------------------------------------------------------------------------------------------------

  Enable Multi Corner Analysis               :  Yes
  Enable Pessimism Removal                   :  Yes
  Pessimism Removal Resolution               :  Nearest Common Node
  Enable Input Delay Default Clock           :  No
  Enable Preset / Clear Arcs                 :  No
  Disable Flight Delays                      :  No
  Ignore I/O Paths                           :  No
  Timing Early Launch at Borrowing Latches   :  No
  Borrow Time for Max Delay Exceptions       :  Yes
  Merge Timing Exceptions                    :  Yes
  Inter-SLR Compensation                     :  Conservative

  Corner  Analyze    Analyze    
  Name    Max Paths  Min Paths  
  ------  ---------  ---------  
  Slow    Yes        Yes        
  Fast    Yes        Yes        


------------------------------------------------------------------------------------------------
| Report Methodology
| ------------------
------------------------------------------------------------------------------------------------

No report available as report_methodology has not been run prior. Run report_methodology on the current design for the summary of methodology violations.



check_timing report

Table of Contents
-----------------
1. checking no_clock (0)
2. checking constant_clock (0)
3. checking pulse_width_clock (0)
4. checking unconstrained_internal_endpoints (0)
5. checking no_input_delay (2324)
6. checking no_output_delay (256)
7. checking multiple_clock (0)
8. checking generated_clocks (0)
9. checking loops (0)
10. checking partial_input_delay (0)
11. checking partial_output_delay (0)
12. checking latch_loops (0)

1. checking no_clock (0)
------------------------
 There are 0 register/latch pins with no clock.


2. checking constant_clock (0)
------------------------------
 There are 0 register/latch pins with constant_clock.


3. checking pulse_width_clock (0)
---------------------------------
 There are 0 register/latch pins which need pulse_width check


4. checking unconstrained_internal_endpoints (0)
------------------------------------------------
 There are 0 pins that are not constrained for maximum delay.

 There are 0 pins that are not constrained for maximum delay due to constant clock.


5. checking no_input_delay (2324)
---------------------------------
 There are 2324 input ports with no input delay specified. (HIGH)

 There are 0 input ports with no input delay but user has a false path constraint.


6. checking no_output_delay (256)
---------------------------------
 There are 256 ports with no output delay specified. (HIGH)

 There are 0 ports with no output delay but user has a false path constraint

 There are 0 ports with no output delay but with a timing clock defined on it or propagating through it


7. checking multiple_clock (0)
------------------------------
 There are 0 register/latch pins with multiple clocks.


8. checking generated_clocks (0)
--------------------------------
 There are 0 generated clocks that are not connected to a clock source.


9. checking loops (0)
---------------------
 There are 0 combinational loops in the design.


10. checking partial_input_delay (0)
------------------------------------
 There are 0 input ports with partial input delay specified.


11. checking partial_output_delay (0)
-------------------------------------
 There are 0 ports with partial output delay specified.


12. checking latch_loops (0)
----------------------------
 There are 0 combinational latch loops in the design through latch input



------------------------------------------------------------------------------------------------
| Design Timing Summary
| ---------------------
------------------------------------------------------------------------------------------------

    WNS(ns)      TNS(ns)  TNS Failing Endpoints  TNS Total Endpoints      WHS(ns)      THS(ns)  THS Failing Endpoints  THS Total Endpoints     WPWS(ns)     TPWS(ns)  TPWS Failing Endpoints  TPWS Total Endpoints  
    -------      -------  ---------------------  -------------------      -------      -------  ---------------------  -------------------     --------     --------  ----------------------  --------------------  
      0.994        0.000                      0                33171        0.157        0.000                      0                33171        3.288        0.000                       0                 17926  


All user specified timing constraints are met.


------------------------------------------------------------------------------------------------
| Clock Summary
| -------------
------------------------------------------------------------------------------------------------

Clock       Waveform(ns)         Period(ns)      Frequency(MHz)
-----       ------------         ----------      --------------
core_clock  {0.000 3.788}        7.576           131.996         


------------------------------------------------------------------------------------------------
| Intra Clock Table
| -----------------
------------------------------------------------------------------------------------------------

Clock             WNS(ns)      TNS(ns)  TNS Failing Endpoints  TNS Total Endpoints      WHS(ns)      THS(ns)  THS Failing Endpoints  THS Total Endpoints     WPWS(ns)     TPWS(ns)  TPWS Failing Endpoints  TPWS Total Endpoints  
-----             -------      -------  ---------------------  -------------------      -------      -------  ---------------------  -------------------     --------     --------  ----------------------  --------------------  
core_clock          0.994        0.000                      0                26746        0.157        0.000                      0                26746        3.288        0.000                       0                 17926  


------------------------------------------------------------------------------------------------
| Inter Clock Table
| -----------------
------------------------------------------------------------------------------------------------

From Clock    To Clock          WNS(ns)      TNS(ns)  TNS Failing Endpoints  TNS Total Endpoints      WHS(ns)      THS(ns)  THS Failing Endpoints  THS Total Endpoints  
----------    --------          -------      -------  ---------------------  -------------------      -------      -------  ---------------------  -------------------  


------------------------------------------------------------------------------------------------
| Other Path Groups Table
| -----------------------
------------------------------------------------------------------------------------------------

Path Group         From Clock         To Clock               WNS(ns)      TNS(ns)  TNS Failing Endpoints  TNS Total Endpoints      WHS(ns)      THS(ns)  THS Failing Endpoints  THS Total Endpoints  
----------         ----------         --------               -------      -------  ---------------------  -------------------      -------      -------  ---------------------  -------------------  
**async_default**  core_clock         core_clock               4.305        0.000                      0                 6425        0.825        0.000                      0                 6425  


------------------------------------------------------------------------------------------------
| Timing Details
| --------------
------------------------------------------------------------------------------------------------


---------------------------------------------------------------------------------------------------
From Clock:  core_clock
  To Clock:  core_clock

Setup :            0  Failing Endpoints,  Worst Slack        0.994ns,  Total Violation        0.000ns
Hold  :            0  Failing Endpoints,  Worst Slack        0.157ns,  Total Violation        0.000ns
PW    :            0  Failing Endpoints,  Worst Slack        3.288ns,  Total Violation        0.000ns
---------------------------------------------------------------------------------------------------


Max Delay Paths
--------------------------------------------------------------------------------------
Slack (MET) :             0.994ns  (required time - arrival time)
  Source:                 native_system/digital/cfg_reg[9][0]/C
                            (rising edge-triggered cell FDCE clocked by core_clock  {rise@0.000ns fall@3.788ns period=7.576ns})
  Destination:            native_system/digital/scheduler/issued_reg[0]/CE
                            (rising edge-triggered cell FDCE clocked by core_clock  {rise@0.000ns fall@3.788ns period=7.576ns})
  Path Group:             core_clock
  Path Type:              Setup (Max at Slow Process Corner)
  Requirement:            7.576ns  (core_clock rise@7.576ns - core_clock rise@0.000ns)
  Data Path Delay:        6.371ns  (logic 2.042ns (32.051%)  route 4.329ns (67.949%))
  Logic Levels:           8  (CARRY4=2 LUT2=1 LUT3=1 LUT4=1 LUT6=3)
  Clock Path Skew:        -0.039ns (DCD - SCD + CPR)
    Destination Clock Delay (DCD):    0.748ns = ( 8.324 - 7.576 ) 
    Source Clock Delay      (SCD):    0.787ns
    Clock Pessimism Removal (CPR):    0.000ns
  Clock Uncertainty:      0.035ns  ((TSJ^2 + TIJ^2)^1/2 + DJ) / 2 + PE
    Total System Jitter     (TSJ):    0.071ns
    Total Input Jitter      (TIJ):    0.000ns
    Discrete Jitter          (DJ):    0.000ns
    Phase Error              (PE):    0.000ns

    Location             Delay type                Incr(ns)  Path(ns)    Netlist Resource(s)
  -------------------------------------------------------------------    -------------------
                         (clock core_clock rise edge)
                                                      0.000     0.000 r  
                                                      0.000     0.000 r  clk (IN)
                         net (fo=17925, unset)        0.787     0.787    native_system/digital/clk
                         FDCE                                         r  native_system/digital/cfg_reg[9][0]/C
  -------------------------------------------------------------------    -------------------
                         FDCE (Prop_fdce_C_Q)         0.433     1.220 r  native_system/digital/cfg_reg[9][0]/Q
                         net (fo=5, unplaced)         0.627     1.847    native_system/digital/scheduler/total_reg[31]_0[0]
                         LUT3 (Prop_lut3_I0_O)        0.232     2.079 r  native_system/digital/scheduler/total[3]_i_4/O
                         net (fo=2, unplaced)         0.548     2.627    native_system/digital/scheduler/total[3]_i_4_n_0
                         CARRY4 (Prop_carry4_DI[1]_CO[3])
                                                      0.430     3.057 r  native_system/digital/scheduler/total_reg[3]_i_1/CO[3]
                         net (fo=1, unplaced)         0.008     3.065    native_system/digital/scheduler/total_reg[3]_i_1_n_0
                         CARRY4 (Prop_carry4_CI_O[3])
                                                      0.277     3.342 f  native_system/digital/scheduler/total_reg[7]_i_1/O[3]
                         net (fo=2, unplaced)         0.661     4.003    native_system/digital/scheduler/total_reg[7]_i_1_n_4
                         LUT4 (Prop_lut4_I1_O)        0.250     4.253 f  native_system/digital/scheduler/capture_sequence[7]_i_19/O
                         net (fo=1, unplaced)         0.938     5.191    native_system/digital/scheduler/capture_sequence[7]_i_19_n_0
                         LUT6 (Prop_lut6_I3_O)        0.105     5.296 f  native_system/digital/scheduler/capture_sequence[7]_i_8/O
                         net (fo=1, unplaced)         0.328     5.624    native_system/digital/adc/spi/selected_tx_reg[0]
                         LUT6 (Prop_lut6_I1_O)        0.105     5.729 f  native_system/digital/adc/spi/capture_sequence[7]_i_5/O
                         net (fo=6, unplaced)         0.379     6.108    native_system/digital/scheduler/state1
                         LUT6 (Prop_lut6_I4_O)        0.105     6.213 r  native_system/digital/scheduler/capture_sequence[7]_i_1/O
                         net (fo=17, unplaced)        0.403     6.616    native_system/digital/scheduler/capture_sequence[7]_i_1_n_0
                         LUT2 (Prop_lut2_I0_O)        0.105     6.721 r  native_system/digital/scheduler/issued[31]_i_1/O
                         net (fo=32, unplaced)        0.437     7.158    native_system/digital/scheduler/issued[0]
                         FDCE                                         r  native_system/digital/scheduler/issued_reg[0]/CE
  -------------------------------------------------------------------    -------------------

                         (clock core_clock rise edge)
                                                      7.576     7.576 r  
                                                      0.000     7.576 r  clk (IN)
                         net (fo=17925, unset)        0.748     8.324    native_system/digital/scheduler/clk
                         FDCE                                         r  native_system/digital/scheduler/issued_reg[0]/C
                         clock pessimism              0.000     8.324    
                         clock uncertainty           -0.035     8.288    
                         FDCE (Setup_fdce_C_CE)      -0.136     8.152    native_system/digital/scheduler/issued_reg[0]
  -------------------------------------------------------------------
                         required time                          8.152    
                         arrival time                          -7.158    
  -------------------------------------------------------------------
                         slack                                  0.994    





Min Delay Paths
--------------------------------------------------------------------------------------
Slack (MET) :             0.157ns  (arrival time - required time)
  Source:                 native_system/digital/adc/busy_sync_reg[0]/C
                            (rising edge-triggered cell FDCE clocked by core_clock  {rise@0.000ns fall@3.788ns period=7.576ns})
  Destination:            native_system/digital/adc/busy_sync_reg[1]/D
                            (rising edge-triggered cell FDCE clocked by core_clock  {rise@0.000ns fall@3.788ns period=7.576ns})
  Path Group:             core_clock
  Path Type:              Hold (Min at Fast Process Corner)
  Requirement:            0.000ns  (core_clock rise@0.000ns - core_clock rise@0.000ns)
  Data Path Delay:        0.237ns  (logic 0.164ns (69.228%)  route 0.073ns (30.772%))
  Logic Levels:           0  
  Clock Path Skew:        0.021ns (DCD - SCD - CPR)
    Destination Clock Delay (DCD):    0.411ns
    Source Clock Delay      (SCD):    0.390ns
    Clock Pessimism Removal (CPR):    -0.000ns

    Location             Delay type                Incr(ns)  Path(ns)    Netlist Resource(s)
  -------------------------------------------------------------------    -------------------
                         (clock core_clock rise edge)
                                                      0.000     0.000 r  
                                                      0.000     0.000 r  clk (IN)
                         net (fo=17925, unset)        0.390     0.390    native_system/digital/adc/clk
                         FDCE                                         r  native_system/digital/adc/busy_sync_reg[0]/C
  -------------------------------------------------------------------    -------------------
                         FDCE (Prop_fdce_C_Q)         0.164     0.554 r  native_system/digital/adc/busy_sync_reg[0]/Q
                         net (fo=1, unplaced)         0.073     0.627    native_system/digital/adc/busy_sync[0]
                         FDCE                                         r  native_system/digital/adc/busy_sync_reg[1]/D
  -------------------------------------------------------------------    -------------------

                         (clock core_clock rise edge)
                                                      0.000     0.000 r  
                                                      0.000     0.000 r  clk (IN)
                         net (fo=17925, unset)        0.411     0.411    native_system/digital/adc/clk
                         FDCE                                         r  native_system/digital/adc/busy_sync_reg[1]/C
                         clock pessimism              0.000     0.411    
                         FDCE (Hold_fdce_C_D)         0.059     0.470    native_system/digital/adc/busy_sync_reg[1]
  -------------------------------------------------------------------
                         required time                         -0.470    
                         arrival time                           0.627    
  -------------------------------------------------------------------
                         slack                                  0.157    





Pulse Width Checks
--------------------------------------------------------------------------------------
Clock Name:         core_clock
Waveform(ns):       { 0.000 3.788 }
Period(ns):         7.576
Sources:            { clk }

Check Type        Corner  Lib Pin             Reference Pin  Required(ns)  Actual(ns)  Slack(ns)  Location  Pin
Min Period        n/a     RAMB36E1/CLKARDCLK  n/a            2.472         7.576       5.104                native_system/digital/scheduler/memory_reg_0/CLKARDCLK
Low Pulse Width   Slow    FDCE/C              n/a            0.500         3.788       3.288                bridge/FSM_sequential_state_reg[0]/C
High Pulse Width  Slow    FDCE/C              n/a            0.500         3.788       3.288                bridge/FSM_sequential_state_reg[0]/C



---------------------------------------------------------------------------------------------------
Path Group:  **async_default**
From Clock:  core_clock
  To Clock:  core_clock

Setup :            0  Failing Endpoints,  Worst Slack        4.305ns,  Total Violation        0.000ns
Hold  :            0  Failing Endpoints,  Worst Slack        0.825ns,  Total Violation        0.000ns
---------------------------------------------------------------------------------------------------


Max Delay Paths
--------------------------------------------------------------------------------------
Slack (MET) :             4.305ns  (required time - arrival time)
  Source:                 native_system/digital/bus_error_reg/C
                            (rising edge-triggered cell FDCE clocked by core_clock  {rise@0.000ns fall@3.788ns period=7.576ns})
  Destination:            native_system/digital/enable_sync_reg[0]/CLR
                            (recovery check against rising-edge clock core_clock  {rise@0.000ns fall@3.788ns period=7.576ns})
  Path Group:             **async_default**
  Path Type:              Recovery (Max at Slow Process Corner)
  Requirement:            7.576ns  (core_clock rise@7.576ns - core_clock rise@0.000ns)
  Data Path Delay:        2.938ns  (logic 0.875ns (29.782%)  route 2.063ns (70.218%))
  Logic Levels:           3  (LUT2=1 LUT5=2)
  Clock Path Skew:        -0.039ns (DCD - SCD + CPR)
    Destination Clock Delay (DCD):    0.748ns = ( 8.324 - 7.576 ) 
    Source Clock Delay      (SCD):    0.787ns
    Clock Pessimism Removal (CPR):    0.000ns
  Clock Uncertainty:      0.035ns  ((TSJ^2 + TIJ^2)^1/2 + DJ) / 2 + PE
    Total System Jitter     (TSJ):    0.071ns
    Total Input Jitter      (TIJ):    0.000ns
    Discrete Jitter          (DJ):    0.000ns
    Phase Error              (PE):    0.000ns

    Location             Delay type                Incr(ns)  Path(ns)    Netlist Resource(s)
  -------------------------------------------------------------------    -------------------
                         (clock core_clock rise edge)
                                                      0.000     0.000 r  
                                                      0.000     0.000 r  clk (IN)
                         net (fo=17925, unset)        0.787     0.787    native_system/digital/clk
                         FDCE                                         r  native_system/digital/bus_error_reg/C
  -------------------------------------------------------------------    -------------------
                         FDCE (Prop_fdce_C_Q)         0.433     1.220 f  native_system/digital/bus_error_reg/Q
                         net (fo=5, unplaced)         0.685     1.905    native_system/queue/native_error
                         LUT5 (Prop_lut5_I0_O)        0.232     2.137 f  native_system/queue/frame_ready_INST_0_i_4/O
                         net (fo=3, unplaced)         0.365     2.502    native_system/queue/fault
                         LUT5 (Prop_lut5_I0_O)        0.105     2.607 r  native_system/queue/output_disable_INST_0_i_2/O
                         net (fo=2, unplaced)         0.358     2.965    native_system/queue/hardware_enable0
                         LUT2 (Prop_lut2_I0_O)        0.105     3.070 f  native_system/queue/enable_sync[1]_i_1/O
                         net (fo=2, unplaced)         0.655     3.725    native_system/digital/AR[0]
                         FDCE                                         f  native_system/digital/enable_sync_reg[0]/CLR
  -------------------------------------------------------------------    -------------------

                         (clock core_clock rise edge)
                                                      7.576     7.576 r  
                                                      0.000     7.576 r  clk (IN)
                         net (fo=17925, unset)        0.748     8.324    native_system/digital/clk
                         FDCE                                         r  native_system/digital/enable_sync_reg[0]/C
                         clock pessimism              0.000     8.324    
                         clock uncertainty           -0.035     8.288    
                         FDCE (Recov_fdce_C_CLR)     -0.258     8.030    native_system/digital/enable_sync_reg[0]
  -------------------------------------------------------------------
                         required time                          8.030    
                         arrival time                          -3.725    
  -------------------------------------------------------------------
                         slack                                  4.305    





Min Delay Paths
--------------------------------------------------------------------------------------
Slack (MET) :             0.825ns  (arrival time - required time)
  Source:                 native_system/digital/reset_sync_reg[1]/C
                            (rising edge-triggered cell FDCE clocked by core_clock  {rise@0.000ns fall@3.788ns period=7.576ns})
  Destination:            native_system/digital/abort_reg/CLR
                            (removal check against rising-edge clock core_clock  {rise@0.000ns fall@3.788ns period=7.576ns})
  Path Group:             **async_default**
  Path Type:              Removal (Min at Fast Process Corner)
  Requirement:            0.000ns  (core_clock rise@0.000ns - core_clock rise@0.000ns)
  Data Path Delay:        0.779ns  (logic 0.262ns (33.644%)  route 0.517ns (66.356%))
  Logic Levels:           1  (LUT1=1)
  Clock Path Skew:        0.021ns (DCD - SCD - CPR)
    Destination Clock Delay (DCD):    0.411ns
    Source Clock Delay      (SCD):    0.390ns
    Clock Pessimism Removal (CPR):    -0.000ns

    Location             Delay type                Incr(ns)  Path(ns)    Netlist Resource(s)
  -------------------------------------------------------------------    -------------------
                         (clock core_clock rise edge)
                                                      0.000     0.000 r  
                                                      0.000     0.000 r  clk (IN)
                         net (fo=17925, unset)        0.390     0.390    native_system/digital/clk
                         FDCE                                         r  native_system/digital/reset_sync_reg[1]/C
  -------------------------------------------------------------------    -------------------
                         FDCE (Prop_fdce_C_Q)         0.164     0.554 r  native_system/digital/reset_sync_reg[1]/Q
                         net (fo=3, unplaced)         0.128     0.682    native_system/digital/bank/out[0]
                         LUT1 (Prop_lut1_I0_O)        0.098     0.780 f  native_system/digital/bank/adc_reset_i_2/O
                         net (fo=6423, unplaced)      0.389     1.169    native_system/digital/bank_n_1
                         FDCE                                         f  native_system/digital/abort_reg/CLR
  -------------------------------------------------------------------    -------------------

                         (clock core_clock rise edge)
                                                      0.000     0.000 r  
                                                      0.000     0.000 r  clk (IN)
                         net (fo=17925, unset)        0.411     0.411    native_system/digital/clk
                         FDCE                                         r  native_system/digital/abort_reg/C
                         clock pessimism              0.000     0.411    
                         FDCE (Remov_fdce_C_CLR)     -0.067     0.344    native_system/digital/abort_reg
  -------------------------------------------------------------------
                         required time                         -0.344    
                         arrival time                           1.169    
  -------------------------------------------------------------------
                         slack                                  0.825    





