Copyright 1986-2022 Xilinx, Inc. All Rights Reserved. Copyright 2022-2025 Advanced Micro Devices, Inc. All Rights Reserved.
--------------------------------------------------------------------------------------------------------------------------------------------------------------------------
| Tool Version : Vivado v.2025.2 (win64) Build 6299465 Fri Nov 14 19:35:11 GMT 2025
| Date         : Tue Sep 29 13:34:59 2026
| Host         : loverlike running 64-bit major release  (build 9200)
| Command      : report_timing_summary -report_unconstrained -file E:/Codex_project/AMD-SonoField-FPGA/v2/evidence/core_timing_real_loop/round2/placed/timing_summary.rpt
| Design       : sono_axi_system
| Device       : 7z020-clg400
| Speed File   : -1  PRODUCTION 1.12 2019-11-22
| Design State : Fully Placed
--------------------------------------------------------------------------------------------------------------------------------------------------------------------------

Timing Summary Report

------------------------------------------------------------------------------------------------
| Timer Settings
| --------------
------------------------------------------------------------------------------------------------

  Enable Multi Corner Analysis               :  Yes
  Enable Pessimism Removal                   :  Yes
  Pessimism Removal Resolution               :  Nearest Common Node
  Enable Input Delay Default Clock           :  No
  Enable Preset / Clear Arcs                 :  No
  Disable Flight Delays                      :  No
  Ignore I/O Paths                           :  No
  Timing Early Launch at Borrowing Latches   :  No
  Borrow Time for Max Delay Exceptions       :  Yes
  Merge Timing Exceptions                    :  Yes
  Inter-SLR Compensation                     :  Conservative

  Corner  Analyze    Analyze    
  Name    Max Paths  Min Paths  
  ------  ---------  ---------  
  Slow    Yes        Yes        
  Fast    Yes        Yes        


------------------------------------------------------------------------------------------------
| Report Methodology
| ------------------
------------------------------------------------------------------------------------------------

Rule       Severity  Description                                 Violations  
---------  --------  ------------------------------------------  ----------  
DPIR-1     Warning   Asynchronous driver check                   30          
LUTAR-1    Warning   LUT drives async reset alert                1           
SYNTH-6    Warning   Timing of a RAM block might be sub-optimal  4           
TIMING-16  Warning   Large setup violation                       17          
TIMING-18  Warning   Missing input or output delay               1000        

Note: This report is based on the most recent report_methodology run and may not be up-to-date. Run report_methodology on the current design for the latest report.



check_timing report

Table of Contents
-----------------
1. checking no_clock (0)
2. checking constant_clock (0)
3. checking pulse_width_clock (0)
4. checking unconstrained_internal_endpoints (0)
5. checking no_input_delay (2324)
6. checking no_output_delay (285)
7. checking multiple_clock (0)
8. checking generated_clocks (0)
9. checking loops (0)
10. checking partial_input_delay (0)
11. checking partial_output_delay (0)
12. checking latch_loops (0)

1. checking no_clock (0)
------------------------
 There are 0 register/latch pins with no clock.


2. checking constant_clock (0)
------------------------------
 There are 0 register/latch pins with constant_clock.


3. checking pulse_width_clock (0)
---------------------------------
 There are 0 register/latch pins which need pulse_width check


4. checking unconstrained_internal_endpoints (0)
------------------------------------------------
 There are 0 pins that are not constrained for maximum delay.

 There are 0 pins that are not constrained for maximum delay due to constant clock.


5. checking no_input_delay (2324)
---------------------------------
 There are 2324 input ports with no input delay specified. (HIGH)

 There are 0 input ports with no input delay but user has a false path constraint.


6. checking no_output_delay (285)
---------------------------------
 There are 285 ports with no output delay specified. (HIGH)

 There are 0 ports with no output delay but user has a false path constraint

 There are 0 ports with no output delay but with a timing clock defined on it or propagating through it


7. checking multiple_clock (0)
------------------------------
 There are 0 register/latch pins with multiple clocks.


8. checking generated_clocks (0)
--------------------------------
 There are 0 generated clocks that are not connected to a clock source.


9. checking loops (0)
---------------------
 There are 0 combinational loops in the design.


10. checking partial_input_delay (0)
------------------------------------
 There are 0 input ports with partial input delay specified.


11. checking partial_output_delay (0)
-------------------------------------
 There are 0 ports with partial output delay specified.


12. checking latch_loops (0)
----------------------------
 There are 0 combinational latch loops in the design through latch input



------------------------------------------------------------------------------------------------
| Design Timing Summary
| ---------------------
------------------------------------------------------------------------------------------------

    WNS(ns)      TNS(ns)  TNS Failing Endpoints  TNS Total Endpoints      WHS(ns)      THS(ns)  THS Failing Endpoints  THS Total Endpoints     WPWS(ns)     TPWS(ns)  TPWS Failing Endpoints  TPWS Total Endpoints  
    -------      -------  ---------------------  -------------------      -------      -------  ---------------------  -------------------     --------     --------  ----------------------  --------------------  
     -4.219    -1383.097                   3148                33359        0.090        0.000                      0                33359        3.288        0.000                       0                 17986  


Timing constraints are not met.


------------------------------------------------------------------------------------------------
| Clock Summary
| -------------
------------------------------------------------------------------------------------------------

Clock    Waveform(ns)         Period(ns)      Frequency(MHz)
-----    ------------         ----------      --------------
core132  {0.000 3.788}        7.576           131.996         


------------------------------------------------------------------------------------------------
| Intra Clock Table
| -----------------
------------------------------------------------------------------------------------------------

Clock             WNS(ns)      TNS(ns)  TNS Failing Endpoints  TNS Total Endpoints      WHS(ns)      THS(ns)  THS Failing Endpoints  THS Total Endpoints     WPWS(ns)     TPWS(ns)  TPWS Failing Endpoints  TPWS Total Endpoints  
-----             -------      -------  ---------------------  -------------------      -------      -------  ---------------------  -------------------     --------     --------  ----------------------  --------------------  
core132            -4.219    -1383.097                   3148                26942        0.090        0.000                      0                26942        3.288        0.000                       0                 17986  


------------------------------------------------------------------------------------------------
| Inter Clock Table
| -----------------
------------------------------------------------------------------------------------------------

From Clock    To Clock          WNS(ns)      TNS(ns)  TNS Failing Endpoints  TNS Total Endpoints      WHS(ns)      THS(ns)  THS Failing Endpoints  THS Total Endpoints  
----------    --------          -------      -------  ---------------------  -------------------      -------      -------  ---------------------  -------------------  


------------------------------------------------------------------------------------------------
| Other Path Groups Table
| -----------------------
------------------------------------------------------------------------------------------------

Path Group         From Clock         To Clock               WNS(ns)      TNS(ns)  TNS Failing Endpoints  TNS Total Endpoints      WHS(ns)      THS(ns)  THS Failing Endpoints  THS Total Endpoints  
----------         ----------         --------               -------      -------  ---------------------  -------------------      -------      -------  ---------------------  -------------------  
**async_default**  core132            core132                  2.395        0.000                      0                 6417        0.669        0.000                      0                 6417  


------------------------------------------------------------------------------------------------
| User Ignored Path Table
| -----------------------
------------------------------------------------------------------------------------------------

Path Group    From Clock    To Clock    
----------    ----------    --------    


------------------------------------------------------------------------------------------------
| Unconstrained Path Table
| ------------------------
------------------------------------------------------------------------------------------------

Path Group    From Clock    To Clock    
----------    ----------    --------    
(none)                                    
(none)        core132                     
(none)                      core132       


------------------------------------------------------------------------------------------------
| Timing Details
| --------------
------------------------------------------------------------------------------------------------


---------------------------------------------------------------------------------------------------
From Clock:  core132
  To Clock:  core132

Setup :         3148  Failing Endpoints,  Worst Slack       -4.219ns,  Total Violation    -1383.097ns
Hold  :            0  Failing Endpoints,  Worst Slack        0.090ns,  Total Violation        0.000ns
PW    :            0  Failing Endpoints,  Worst Slack        3.288ns,  Total Violation        0.000ns
---------------------------------------------------------------------------------------------------


Max Delay Paths
--------------------------------------------------------------------------------------
Slack (VIOLATED) :        -4.219ns  (required time - arrival time)
  Source:                 native_system/queue/channel_reg[11]/C
                            (rising edge-triggered cell FDCE clocked by core132  {rise@0.000ns fall@3.788ns period=7.576ns})
  Destination:            native_system/queue/bus_wdata_reg[4]/D
                            (rising edge-triggered cell FDCE clocked by core132  {rise@0.000ns fall@3.788ns period=7.576ns})
  Path Group:             core132
  Path Type:              Setup (Max at Slow Process Corner)
  Requirement:            7.576ns  (core132 rise@7.576ns - core132 rise@0.000ns)
  Data Path Delay:        11.786ns  (logic 5.255ns (44.587%)  route 6.531ns (55.413%))
  Logic Levels:           8  (DSP48E1=1 LUT4=1 LUT5=1 LUT6=5)
  Clock Path Skew:        -0.049ns (DCD - SCD + CPR)
    Destination Clock Delay (DCD):    0.924ns = ( 8.500 - 7.576 ) 
    Source Clock Delay      (SCD):    0.973ns
    Clock Pessimism Removal (CPR):    0.000ns
  Clock Uncertainty:      0.035ns  ((TSJ^2 + TIJ^2)^1/2 + DJ) / 2 + PE
    Total System Jitter     (TSJ):    0.071ns
    Total Input Jitter      (TIJ):    0.000ns
    Discrete Jitter          (DJ):    0.000ns
    Phase Error              (PE):    0.000ns

    Location             Delay type                Incr(ns)  Path(ns)    Netlist Resource(s)
  -------------------------------------------------------------------    -------------------
                         (clock core132 rise edge)    0.000     0.000 r  
                                                      0.000     0.000 r  clk (IN)
                         net (fo=17985, unset)        0.973     0.973    native_system/queue/clk
    SLICE_X36Y132        FDCE                                         r  native_system/queue/channel_reg[11]/C
  -------------------------------------------------------------------    -------------------
    SLICE_X36Y132        FDCE (Prop_fdce_C_Q)         0.518     1.491 r  native_system/queue/channel_reg[11]/Q
                         net (fo=23, estimated)       0.631     2.122    native_system/queue/channel_reg_n_0_[11]
    DSP48_X2Y52          DSP48E1 (Prop_dsp48e1_A[29]_P[6])
                                                      3.841     5.963 r  native_system/queue/bus_wdata1/P[6]
                         net (fo=724, estimated)      1.260     7.223    native_system/queue/bus_wdata1_n_99
    SLICE_X35Y128        LUT6 (Prop_lut6_I2_O)        0.124     7.347 r  native_system/queue/bus_wdata[16]_i_341/O
                         net (fo=2, estimated)        0.936     8.283    native_system/queue/bus_wdata[16]_i_341_n_0
    SLICE_X39Y127        LUT6 (Prop_lut6_I0_O)        0.124     8.407 r  native_system/queue/bus_wdata[9]_i_29/O
                         net (fo=3, estimated)        0.790     9.197    native_system/queue/bus_wdata[9]_i_29_n_0
    SLICE_X49Y128        LUT6 (Prop_lut6_I1_O)        0.124     9.321 r  native_system/queue/bus_wdata[5]_i_19/O
                         net (fo=4, estimated)        0.877    10.198    native_system/queue/bus_wdata[5]_i_19_n_0
    SLICE_X53Y127        LUT6 (Prop_lut6_I1_O)        0.124    10.322 r  native_system/queue/bus_wdata[4]_i_9/O
                         net (fo=1, estimated)        0.835    11.157    native_system/queue/data6[4]
    SLICE_X58Y127        LUT6 (Prop_lut6_I1_O)        0.124    11.281 r  native_system/queue/bus_wdata[4]_i_4/O
                         net (fo=1, estimated)        0.405    11.686    native_system/queue/bus_wdata[4]_i_4_n_0
    SLICE_X59Y127        LUT5 (Prop_lut5_I2_O)        0.124    11.810 r  native_system/queue/bus_wdata[4]_i_2/O
                         net (fo=1, estimated)        0.797    12.607    native_system/queue/bus_wdata[4]_i_2_n_0
    SLICE_X59Y128        LUT4 (Prop_lut4_I2_O)        0.152    12.759 r  native_system/queue/bus_wdata[4]_i_1/O
                         net (fo=1, routed)           0.000    12.759    native_system/queue/p_2_out[4]
    SLICE_X59Y128        FDCE                                         r  native_system/queue/bus_wdata_reg[4]/D
  -------------------------------------------------------------------    -------------------

                         (clock core132 rise edge)    7.576     7.576 r  
                                                      0.000     7.576 r  clk (IN)
                         net (fo=17985, unset)        0.924     8.500    native_system/queue/clk
    SLICE_X59Y128        FDCE                                         r  native_system/queue/bus_wdata_reg[4]/C
                         clock pessimism              0.000     8.500    
                         clock uncertainty           -0.035     8.465    
    SLICE_X59Y128        FDCE (Setup_fdce_C_D)        0.075     8.540    native_system/queue/bus_wdata_reg[4]
  -------------------------------------------------------------------
                         required time                          8.540    
                         arrival time                         -12.759    
  -------------------------------------------------------------------
                         slack                                 -4.219    





Min Delay Paths
--------------------------------------------------------------------------------------
Slack (MET) :             0.090ns  (arrival time - required time)
  Source:                 native_system/digital/adc/frame_reg[48]/C
                            (rising edge-triggered cell FDCE clocked by core132  {rise@0.000ns fall@3.788ns period=7.576ns})
  Destination:            native_system/digital/scheduler/memory_reg_1/DIADI[12]
                            (rising edge-triggered cell RAMB36E1 clocked by core132  {rise@0.000ns fall@3.788ns period=7.576ns})
  Path Group:             core132
  Path Type:              Hold (Min at Fast Process Corner)
  Requirement:            0.000ns  (core132 rise@0.000ns - core132 rise@0.000ns)
  Data Path Delay:        0.266ns  (logic 0.141ns (52.969%)  route 0.125ns (47.031%))
  Logic Levels:           0  
  Clock Path Skew:        0.022ns (DCD - SCD - CPR)
    Destination Clock Delay (DCD):    0.432ns
    Source Clock Delay      (SCD):    0.410ns
    Clock Pessimism Removal (CPR):    -0.000ns

    Location             Delay type                Incr(ns)  Path(ns)    Netlist Resource(s)
  -------------------------------------------------------------------    -------------------
                         (clock core132 rise edge)    0.000     0.000 r  
                                                      0.000     0.000 r  clk (IN)
                         net (fo=17985, unset)        0.410     0.410    native_system/digital/adc/clk
    SLICE_X105Y86        FDCE                                         r  native_system/digital/adc/frame_reg[48]/C
  -------------------------------------------------------------------    -------------------
    SLICE_X105Y86        FDCE (Prop_fdce_C_Q)         0.141     0.551 r  native_system/digital/adc/frame_reg[48]/Q
                         net (fo=1, estimated)        0.125     0.676    native_system/digital/scheduler/frame[48]
    RAMB36_X5Y17         RAMB36E1                                     r  native_system/digital/scheduler/memory_reg_1/DIADI[12]
  -------------------------------------------------------------------    -------------------

                         (clock core132 rise edge)    0.000     0.000 r  
                                                      0.000     0.000 r  clk (IN)
                         net (fo=17985, unset)        0.432     0.432    native_system/digital/scheduler/clk
    RAMB36_X5Y17         RAMB36E1                                     r  native_system/digital/scheduler/memory_reg_1/CLKARDCLK
                         clock pessimism              0.000     0.432    
    RAMB36_X5Y17         RAMB36E1 (Hold_ramb36e1_CLKARDCLK_DIADI[12])
                                                      0.155     0.587    native_system/digital/scheduler/memory_reg_1
  -------------------------------------------------------------------
                         required time                         -0.587    
                         arrival time                           0.676    
  -------------------------------------------------------------------
                         slack                                  0.090    





Pulse Width Checks
--------------------------------------------------------------------------------------
Clock Name:         core132
Waveform(ns):       { 0.000 3.788 }
Period(ns):         7.576
Sources:            { clk }

Check Type        Corner  Lib Pin             Reference Pin  Required(ns)  Actual(ns)  Slack(ns)  Location        Pin
Min Period        n/a     RAMB36E1/CLKARDCLK  n/a            2.944         7.576       4.632      RAMB36_X5Y16    native_system/digital/scheduler/memory_reg_0/CLKARDCLK
Low Pulse Width   Slow    FDCE/C              n/a            0.500         3.788       3.288      SLICE_X105Y105  bridge/FSM_sequential_state_reg[0]/C
High Pulse Width  Slow    FDCE/C              n/a            0.500         3.788       3.288      SLICE_X105Y105  bridge/FSM_sequential_state_reg[0]/C



---------------------------------------------------------------------------------------------------
Path Group:  **async_default**
From Clock:  core132
  To Clock:  core132

Setup :            0  Failing Endpoints,  Worst Slack        2.395ns,  Total Violation        0.000ns
Hold  :            0  Failing Endpoints,  Worst Slack        0.669ns,  Total Violation        0.000ns
---------------------------------------------------------------------------------------------------


Max Delay Paths
--------------------------------------------------------------------------------------
Slack (MET) :             2.395ns  (required time - arrival time)
  Source:                 native_system/digital/bus_error_reg/C
                            (rising edge-triggered cell FDCE clocked by core132  {rise@0.000ns fall@3.788ns period=7.576ns})
  Destination:            native_system/digital/enable_sync_reg[0]/CLR
                            (recovery check against rising-edge clock core132  {rise@0.000ns fall@3.788ns period=7.576ns})
  Path Group:             **async_default**
  Path Type:              Recovery (Max at Slow Process Corner)
  Requirement:            7.576ns  (core132 rise@7.576ns - core132 rise@0.000ns)
  Data Path Delay:        4.692ns  (logic 1.014ns (21.611%)  route 3.678ns (78.389%))
  Logic Levels:           4  (LUT2=3 LUT4=1)
  Clock Path Skew:        -0.049ns (DCD - SCD + CPR)
    Destination Clock Delay (DCD):    0.924ns = ( 8.500 - 7.576 ) 
    Source Clock Delay      (SCD):    0.973ns
    Clock Pessimism Removal (CPR):    0.000ns
  Clock Uncertainty:      0.035ns  ((TSJ^2 + TIJ^2)^1/2 + DJ) / 2 + PE
    Total System Jitter     (TSJ):    0.071ns
    Total Input Jitter      (TIJ):    0.000ns
    Discrete Jitter          (DJ):    0.000ns
    Phase Error              (PE):    0.000ns

    Location             Delay type                Incr(ns)  Path(ns)    Netlist Resource(s)
  -------------------------------------------------------------------    -------------------
                         (clock core132 rise edge)    0.000     0.000 r  
                                                      0.000     0.000 r  clk (IN)
                         net (fo=17985, unset)        0.973     0.973    native_system/digital/clk
    SLICE_X90Y100        FDCE                                         r  native_system/digital/bus_error_reg/C
  -------------------------------------------------------------------    -------------------
    SLICE_X90Y100        FDCE (Prop_fdce_C_Q)         0.518     1.491 f  native_system/digital/bus_error_reg/Q
                         net (fo=5, estimated)        1.335     2.826    native_system/queue/bus_error_reg_1
    SLICE_X102Y108       LUT4 (Prop_lut4_I1_O)        0.124     2.950 f  native_system/queue/frame_ready_INST_0_i_2/O
                         net (fo=139, estimated)      0.516     3.466    native_system/queue/rd1
    SLICE_X103Y108       LUT2 (Prop_lut2_I0_O)        0.124     3.590 f  native_system/queue/output_disable_INST_0_i_4/O
                         net (fo=2, estimated)        0.842     4.432    native_system/queue/kill
    SLICE_X93Y105        LUT2 (Prop_lut2_I1_O)        0.124     4.556 r  native_system/queue/output_disable_INST_0_i_2/O
                         net (fo=2, estimated)        0.446     5.002    native_system/queue/hardware_enable0
    SLICE_X93Y105        LUT2 (Prop_lut2_I0_O)        0.124     5.126 f  native_system/queue/enable_sync[1]_i_1/O
                         net (fo=2, estimated)        0.539     5.665    native_system/digital/AR[0]
    SLICE_X93Y105        FDCE                                         f  native_system/digital/enable_sync_reg[0]/CLR
  -------------------------------------------------------------------    -------------------

                         (clock core132 rise edge)    7.576     7.576 r  
                                                      0.000     7.576 r  clk (IN)
                         net (fo=17985, unset)        0.924     8.500    native_system/digital/clk
    SLICE_X93Y105        FDCE                                         r  native_system/digital/enable_sync_reg[0]/C
                         clock pessimism              0.000     8.500    
                         clock uncertainty           -0.035     8.465    
    SLICE_X93Y105        FDCE (Recov_fdce_C_CLR)     -0.405     8.060    native_system/digital/enable_sync_reg[0]
  -------------------------------------------------------------------
                         required time                          8.060    
                         arrival time                          -5.665    
  -------------------------------------------------------------------
                         slack                                  2.395    





Min Delay Paths
--------------------------------------------------------------------------------------
Slack (MET) :             0.669ns  (arrival time - required time)
  Source:                 native_system/digital/reset_sync_reg[1]/C
                            (rising edge-triggered cell FDCE clocked by core132  {rise@0.000ns fall@3.788ns period=7.576ns})
  Destination:            native_system/digital/cfg_reg[7][15]/CLR
                            (removal check against rising-edge clock core132  {rise@0.000ns fall@3.788ns period=7.576ns})
  Path Group:             **async_default**
  Path Type:              Removal (Min at Fast Process Corner)
  Requirement:            0.000ns  (core132 rise@0.000ns - core132 rise@0.000ns)
  Data Path Delay:        0.624ns  (logic 0.227ns (36.374%)  route 0.397ns (63.626%))
  Logic Levels:           1  (LUT1=1)
  Clock Path Skew:        0.022ns (DCD - SCD - CPR)
    Destination Clock Delay (DCD):    0.432ns
    Source Clock Delay      (SCD):    0.410ns
    Clock Pessimism Removal (CPR):    -0.000ns

    Location             Delay type                Incr(ns)  Path(ns)    Netlist Resource(s)
  -------------------------------------------------------------------    -------------------
                         (clock core132 rise edge)    0.000     0.000 r  
                                                      0.000     0.000 r  clk (IN)
                         net (fo=17985, unset)        0.410     0.410    native_system/digital/clk
    SLICE_X81Y97         FDCE                                         r  native_system/digital/reset_sync_reg[1]/C
  -------------------------------------------------------------------    -------------------
    SLICE_X81Y97         FDCE (Prop_fdce_C_Q)         0.128     0.538 r  native_system/digital/reset_sync_reg[1]/Q
                         net (fo=3, estimated)        0.134     0.673    native_system/digital/bank/out[0]
    SLICE_X81Y95         LUT1 (Prop_lut1_I0_O)        0.099     0.772 f  native_system/digital/bank/adc_reset_i_2/O
                         net (fo=6415, estimated)     0.263     1.034    native_system/digital/bank_n_1
    SLICE_X82Y94         FDCE                                         f  native_system/digital/cfg_reg[7][15]/CLR
  -------------------------------------------------------------------    -------------------

                         (clock core132 rise edge)    0.000     0.000 r  
                                                      0.000     0.000 r  clk (IN)
                         net (fo=17985, unset)        0.432     0.432    native_system/digital/clk
    SLICE_X82Y94         FDCE                                         r  native_system/digital/cfg_reg[7][15]/C
                         clock pessimism              0.000     0.432    
    SLICE_X82Y94         FDCE (Remov_fdce_C_CLR)     -0.067     0.365    native_system/digital/cfg_reg[7][15]
  -------------------------------------------------------------------
                         required time                         -0.365    
                         arrival time                           1.034    
  -------------------------------------------------------------------
                         slack                                  0.669    





--------------------------------------------------------------------------------------
Path Group:  (none)
From Clock:  
  To Clock:  

Max Delay             5 Endpoints
Min Delay             5 Endpoints
--------------------------------------------------------------------------------------


Max Delay Paths
--------------------------------------------------------------------------------------
Slack:                    inf
  Source:                 hardware_enable
                            (input port)
  Destination:            output_disable
                            (output port)
  Path Group:             (none)
  Path Type:              Max at Slow Process Corner
  Data Path Delay:        5.356ns  (logic 0.620ns (11.576%)  route 4.736ns (88.424%))
  Logic Levels:           5  (LUT2=2 LUT4=1 LUT5=1 LUT6=1)

    Location             Delay type                Incr(ns)  Path(ns)    Netlist Resource(s)
  -------------------------------------------------------------------    -------------------
                                                      0.000     0.000 f  hardware_enable (IN)
                         net (fo=2, unset)            0.973     0.973    native_system/queue/hardware_enable
    SLICE_X102Y108       LUT5 (Prop_lut5_I1_O)        0.124     1.097 r  native_system/queue/frame_ready_INST_0_i_10/O
                         net (fo=1, estimated)        0.511     1.608    native_system/queue/frame_ready_INST_0_i_10_n_0
    SLICE_X102Y108       LUT4 (Prop_lut4_I3_O)        0.124     1.732 r  native_system/queue/frame_ready_INST_0_i_2/O
                         net (fo=139, estimated)      0.516     2.248    native_system/queue/rd1
    SLICE_X103Y108       LUT2 (Prop_lut2_I0_O)        0.124     2.372 r  native_system/queue/output_disable_INST_0_i_4/O
                         net (fo=2, estimated)        0.842     3.214    native_system/queue/kill
    SLICE_X93Y105        LUT2 (Prop_lut2_I1_O)        0.124     3.338 f  native_system/queue/output_disable_INST_0_i_2/O
                         net (fo=2, estimated)        0.921     4.259    native_system/digital/bank/hardware_enable0
    SLICE_X81Y99         LUT6 (Prop_lut6_I2_O)        0.124     4.383 r  native_system/digital/bank/output_disable_INST_0/O
                         net (fo=0)                   0.973     5.356    output_disable
                                                                      r  output_disable (OUT)
  -------------------------------------------------------------------    -------------------





Min Delay Paths
--------------------------------------------------------------------------------------
Slack:                    inf
  Source:                 rst_n
                            (input port)
  Destination:            s_arready
                            (output port)
  Path Group:             (none)
  Path Type:              Min at Fast Process Corner
  Data Path Delay:        0.863ns  (logic 0.043ns (4.981%)  route 0.820ns (95.019%))
  Logic Levels:           1  (LUT4=1)

    Location             Delay type                Incr(ns)  Path(ns)    Netlist Resource(s)
  -------------------------------------------------------------------    -------------------
                                                      0.000     0.000 r  rst_n (IN)
                         net (fo=15, unset)           0.410     0.410    bridge/rst_n
    SLICE_X106Y106       LUT4 (Prop_lut4_I3_O)        0.043     0.453 r  bridge/s_arready_INST_0/O
                         net (fo=0)                   0.410     0.863    s_arready
                                                                      r  s_arready (OUT)
  -------------------------------------------------------------------    -------------------





--------------------------------------------------------------------------------------
Path Group:  (none)
From Clock:  core132
  To Clock:  

Max Delay           285 Endpoints
Min Delay           285 Endpoints
--------------------------------------------------------------------------------------


Max Delay Paths
--------------------------------------------------------------------------------------
Slack:                    inf
  Source:                 native_system/digital/burst/base_phase_reg[1]/C
                            (rising edge-triggered cell FDCE clocked by core132  {rise@0.000ns fall@3.788ns period=7.576ns})
  Destination:            commanded_waveform[91]
                            (output port)
  Path Group:             (none)
  Path Type:              Max at Slow Process Corner
  Data Path Delay:        8.155ns  (logic 2.213ns (27.137%)  route 5.942ns (72.863%))
  Logic Levels:           6  (CARRY4=2 LUT2=1 LUT5=2 LUT6=1)
  Clock Uncertainty:      0.025ns  ((TSJ^2 + TIJ^2)^1/2 + DJ) / 2 + PE
    Total System Jitter     (TSJ):    0.050ns
    Total Input Jitter      (TIJ):    0.000ns
    Discrete Jitter          (DJ):    0.000ns
    Phase Error              (PE):    0.000ns

    Location             Delay type                Incr(ns)  Path(ns)    Netlist Resource(s)
  -------------------------------------------------------------------    -------------------
                         (clock core132 rise edge)    0.000     0.000 r  
                                                      0.000     0.000 r  clk (IN)
                         net (fo=17985, unset)        0.973     0.973    native_system/digital/burst/clk
    SLICE_X85Y80         FDCE                                         r  native_system/digital/burst/base_phase_reg[1]/C
  -------------------------------------------------------------------    -------------------
    SLICE_X85Y80         FDCE (Prop_fdce_C_Q)         0.456     1.429 r  native_system/digital/burst/base_phase_reg[1]/Q
                         net (fo=9, estimated)        0.624     2.053    native_system/digital/burst/base_phase[1]
    SLICE_X86Y80         LUT2 (Prop_lut2_I0_O)        0.124     2.177 r  native_system/digital/burst/commanded_waveform[127]_INST_0_i_34/O
                         net (fo=1, routed)           0.000     2.177    native_system/digital/burst/commanded_waveform[127]_INST_0_i_34_n_0
    SLICE_X86Y80         CARRY4 (Prop_carry4_S[1]_CO[3])
                                                      0.533     2.710 r  native_system/digital/burst/commanded_waveform[127]_INST_0_i_23/CO[3]
                         net (fo=1, estimated)        0.000     2.710    native_system/digital/burst/commanded_waveform[127]_INST_0_i_23_n_0
    SLICE_X86Y81         CARRY4 (Prop_carry4_CI_O[3])
                                                      0.315     3.025 f  native_system/digital/burst/commanded_waveform[127]_INST_0_i_17/O[3]
                         net (fo=1, estimated)        1.602     4.627    native_system/digital/burst/phase[7]
    SLICE_X86Y98         LUT5 (Prop_lut5_I0_O)        0.333     4.960 r  native_system/digital/burst/commanded_waveform[127]_INST_0_i_11/O
                         net (fo=8, estimated)        1.312     6.272    native_system/digital/scheduler/commanded_waveform3
    SLICE_X59Y99         LUT6 (Prop_lut6_I4_O)        0.328     6.600 r  native_system/digital/scheduler/commanded_waveform[95]_INST_0_i_2/O
                         net (fo=16, estimated)       1.431     8.031    native_system/digital/bank/captured_reg[65]_0
    SLICE_X38Y116        LUT5 (Prop_lut5_I3_O)        0.124     8.155 r  native_system/digital/bank/commanded_waveform[91]_INST_0/O
                         net (fo=2, unset)            0.973     9.128    commanded_waveform[91]
                                                                      r  commanded_waveform[91] (OUT)
  -------------------------------------------------------------------    -------------------





Min Delay Paths
--------------------------------------------------------------------------------------
Slack:                    inf
  Source:                 bridge/s_rdata_reg[11]/C
                            (rising edge-triggered cell FDCE clocked by core132  {rise@0.000ns fall@3.788ns period=7.576ns})
  Destination:            s_rdata[11]
                            (output port)
  Path Group:             (none)
  Path Type:              Min at Fast Process Corner
  Data Path Delay:        0.538ns  (logic 0.128ns (23.786%)  route 0.410ns (76.214%))
  Logic Levels:           0  
  Clock Uncertainty:      0.025ns  ((TSJ^2 + TIJ^2)^1/2 + DJ) / 2 + PE
    Total System Jitter     (TSJ):    0.050ns
    Total Input Jitter      (TIJ):    0.000ns
    Discrete Jitter          (DJ):    0.000ns
    Phase Error              (PE):    0.000ns

    Location             Delay type                Incr(ns)  Path(ns)    Netlist Resource(s)
  -------------------------------------------------------------------    -------------------
                         (clock core132 rise edge)    0.000     0.000 r  
                                                      0.000     0.000 r  clk (IN)
                         net (fo=17985, unset)        0.410     0.410    bridge/clk
    SLICE_X105Y100       FDCE                                         r  bridge/s_rdata_reg[11]/C
  -------------------------------------------------------------------    -------------------
    SLICE_X105Y100       FDCE (Prop_fdce_C_Q)         0.128     0.538 r  bridge/s_rdata_reg[11]/Q
                         net (fo=0)                   0.410     0.948    s_rdata[11]
                                                                      r  s_rdata[11] (OUT)
  -------------------------------------------------------------------    -------------------





--------------------------------------------------------------------------------------
Path Group:  (none)
From Clock:  
  To Clock:  core132

Max Delay         23782 Endpoints
Min Delay         23782 Endpoints
--------------------------------------------------------------------------------------


Max Delay Paths
--------------------------------------------------------------------------------------
Slack:                    inf
  Source:                 frame_data[2158]
                            (input port)
  Destination:            native_system/queue/queue_reg[2][1085]/CE
                            (rising edge-triggered cell FDRE clocked by core132  {rise@0.000ns fall@3.788ns period=7.576ns})
  Path Group:             (none)
  Path Type:              Setup (Max at Slow Process Corner)
  Data Path Delay:        7.966ns  (logic 0.620ns (7.783%)  route 7.346ns (92.217%))
  Logic Levels:           5  (LUT3=1 LUT5=2 LUT6=2)
  Clock Path Skew:        0.924ns (DCD - SCD + CPR)
    Destination Clock Delay (DCD):    0.924ns
    Source Clock Delay      (SCD):    0.000ns
    Clock Pessimism Removal (CPR):    0.000ns
  Clock Uncertainty:      0.025ns  ((TSJ^2 + TIJ^2)^1/2 + DJ) / 2 + PE
    Total System Jitter     (TSJ):    0.050ns
    Total Input Jitter      (TIJ):    0.000ns
    Discrete Jitter          (DJ):    0.000ns
    Phase Error              (PE):    0.000ns

    Location             Delay type                Incr(ns)  Path(ns)    Netlist Resource(s)
  -------------------------------------------------------------------    -------------------
                                                      0.000     0.000 r  frame_data[2158] (IN)
                         net (fo=4, unset)            0.973     0.973    native_system/queue/frame_data[2158]
    SLICE_X111Y113       LUT6 (Prop_lut6_I5_O)        0.124     1.097 f  native_system/queue/invalid_frame_i_8/O
                         net (fo=1, estimated)        0.988     2.085    native_system/queue/invalid_frame_i_8_n_0
    SLICE_X110Y113       LUT5 (Prop_lut5_I0_O)        0.124     2.209 f  native_system/queue/invalid_frame_i_3/O
                         net (fo=1, estimated)        1.189     3.398    native_system/queue/invalid_frame_i_3_n_0
    SLICE_X111Y108       LUT5 (Prop_lut5_I0_O)        0.124     3.522 f  native_system/queue/invalid_frame_i_2/O
                         net (fo=2, estimated)        0.495     4.017    native_system/queue/wr1
    SLICE_X107Y112       LUT6 (Prop_lut6_I5_O)        0.124     4.141 r  native_system/queue/count[31]_i_4/O
                         net (fo=11, estimated)       0.536     4.677    native_system/queue/count[31]_i_4_n_0
    SLICE_X106Y114       LUT3 (Prop_lut3_I1_O)        0.124     4.801 r  native_system/queue/queue[2][2175]_i_1/O
                         net (fo=2208, estimated)     3.165     7.966    native_system/queue/queue[2][2175]_i_1_n_0
    SLICE_X26Y144        FDRE                                         r  native_system/queue/queue_reg[2][1085]/CE
  -------------------------------------------------------------------    -------------------

                         (clock core132 rise edge)    0.000     0.000 r  
                                                      0.000     0.000 r  clk (IN)
                         net (fo=17985, unset)        0.924     0.924    native_system/queue/clk
    SLICE_X26Y144        FDRE                                         r  native_system/queue/queue_reg[2][1085]/C





Min Delay Paths
--------------------------------------------------------------------------------------
Slack:                    inf
  Source:                 s_araddr[0]
                            (input port)
  Destination:            bridge/araddr_reg[0]/D
                            (rising edge-triggered cell FDCE clocked by core132  {rise@0.000ns fall@3.788ns period=7.576ns})
  Path Group:             (none)
  Path Type:              Hold (Min at Fast Process Corner)
  Data Path Delay:        0.410ns  (logic 0.000ns (0.000%)  route 0.410ns (100.000%))
  Logic Levels:           0  
  Clock Path Skew:        0.432ns (DCD - SCD - CPR)
    Destination Clock Delay (DCD):    0.432ns
    Source Clock Delay      (SCD):    0.000ns
    Clock Pessimism Removal (CPR):    -0.000ns

    Location             Delay type                Incr(ns)  Path(ns)    Netlist Resource(s)
  -------------------------------------------------------------------    -------------------
                                                      0.000     0.000 r  s_araddr[0] (IN)
                         net (fo=0)                   0.410     0.410    bridge/s_araddr[0]
    SLICE_X107Y103       FDCE                                         r  bridge/araddr_reg[0]/D
  -------------------------------------------------------------------    -------------------

                         (clock core132 rise edge)    0.000     0.000 r  
                                                      0.000     0.000 r  clk (IN)
                         net (fo=17985, unset)        0.432     0.432    bridge/clk
    SLICE_X107Y103       FDCE                                         r  bridge/araddr_reg[0]/C





