Copyright 1986-2022 Xilinx, Inc. All Rights Reserved. Copyright 2022-2025 Advanced Micro Devices, Inc. All Rights Reserved.
--------------------------------------------------------------------------------------------------------------------------------------------------------------------------------------------
| Tool Version : Vivado v.2025.2 (win64) Build 6299465 Fri Nov 14 19:35:11 GMT 2025
| Date         : Sat Oct 10 02:06:55 2026
| Host         : [REDACTED_WINDOWS_HOST] running 64-bit major release  (build 9200)
| Command      : report_timing_summary -delay_type min_max -report_unconstrained -file E:/Codex_project/AMD_Sonofield/v5/evidence/next_stage/20261010/expanded_current2/timing_reopened.rpt
| Design       : nextstage_pl
| Device       : 7z020-clg400
| Speed File   : -2  PRODUCTION 1.12 2019-11-22
| Design State : Physopt postRoute
--------------------------------------------------------------------------------------------------------------------------------------------------------------------------------------------

Timing Summary Report

------------------------------------------------------------------------------------------------
| Timer Settings
| --------------
------------------------------------------------------------------------------------------------

  Enable Multi Corner Analysis               :  Yes
  Enable Pessimism Removal                   :  Yes
  Pessimism Removal Resolution               :  Nearest Common Node
  Enable Input Delay Default Clock           :  No
  Enable Preset / Clear Arcs                 :  No
  Disable Flight Delays                      :  No
  Ignore I/O Paths                           :  No
  Timing Early Launch at Borrowing Latches   :  No
  Borrow Time for Max Delay Exceptions       :  Yes
  Merge Timing Exceptions                    :  Yes
  Inter-SLR Compensation                     :  Conservative

  Corner  Analyze    Analyze    
  Name    Max Paths  Min Paths  
  ------  ---------  ---------  
  Slow    Yes        Yes        
  Fast    Yes        Yes        


------------------------------------------------------------------------------------------------
| Report Methodology
| ------------------
------------------------------------------------------------------------------------------------

No report available as report_methodology has not been run prior. Run report_methodology on the current design for the summary of methodology violations.



check_timing report

Table of Contents
-----------------
1. checking no_clock (0)
2. checking constant_clock (0)
3. checking pulse_width_clock (0)
4. checking unconstrained_internal_endpoints (0)
5. checking no_input_delay (161)
6. checking no_output_delay (148)
7. checking multiple_clock (0)
8. checking generated_clocks (0)
9. checking loops (0)
10. checking partial_input_delay (0)
11. checking partial_output_delay (0)
12. checking latch_loops (0)

1. checking no_clock (0)
------------------------
 There are 0 register/latch pins with no clock.


2. checking constant_clock (0)
------------------------------
 There are 0 register/latch pins with constant_clock.


3. checking pulse_width_clock (0)
---------------------------------
 There are 0 register/latch pins which need pulse_width check


4. checking unconstrained_internal_endpoints (0)
------------------------------------------------
 There are 0 pins that are not constrained for maximum delay.

 There are 0 pins that are not constrained for maximum delay due to constant clock.


5. checking no_input_delay (161)
--------------------------------
 There are 161 input ports with no input delay specified. (HIGH)

 There are 0 input ports with no input delay but user has a false path constraint.


6. checking no_output_delay (148)
---------------------------------
 There are 148 ports with no output delay specified. (HIGH)

 There are 0 ports with no output delay but user has a false path constraint

 There are 0 ports with no output delay but with a timing clock defined on it or propagating through it


7. checking multiple_clock (0)
------------------------------
 There are 0 register/latch pins with multiple clocks.


8. checking generated_clocks (0)
--------------------------------
 There are 0 generated clocks that are not connected to a clock source.


9. checking loops (0)
---------------------
 There are 0 combinational loops in the design.


10. checking partial_input_delay (0)
------------------------------------
 There are 0 input ports with partial input delay specified.


11. checking partial_output_delay (0)
-------------------------------------
 There are 0 ports with partial output delay specified.


12. checking latch_loops (0)
----------------------------
 There are 0 combinational latch loops in the design through latch input



------------------------------------------------------------------------------------------------
| Design Timing Summary
| ---------------------
------------------------------------------------------------------------------------------------

    WNS(ns)      TNS(ns)  TNS Failing Endpoints  TNS Total Endpoints      WHS(ns)      THS(ns)  THS Failing Endpoints  THS Total Endpoints     WPWS(ns)     TPWS(ns)  TPWS Failing Endpoints  TPWS Total Endpoints  
    -------      -------  ---------------------  -------------------      -------      -------  ---------------------  -------------------     --------     --------  ----------------------  --------------------  
      0.038        0.000                      0                49276        0.068        0.000                      0                49276        3.288        0.000                       0                 20231  


All user specified timing constraints are met.


------------------------------------------------------------------------------------------------
| Clock Summary
| -------------
------------------------------------------------------------------------------------------------

Clock     Waveform(ns)         Period(ns)      Frequency(MHz)
-----     ------------         ----------      --------------
core_clk  {0.000 3.788}        7.576           131.996         


------------------------------------------------------------------------------------------------
| Intra Clock Table
| -----------------
------------------------------------------------------------------------------------------------

Clock             WNS(ns)      TNS(ns)  TNS Failing Endpoints  TNS Total Endpoints      WHS(ns)      THS(ns)  THS Failing Endpoints  THS Total Endpoints     WPWS(ns)     TPWS(ns)  TPWS Failing Endpoints  TPWS Total Endpoints  
-----             -------      -------  ---------------------  -------------------      -------      -------  ---------------------  -------------------     --------     --------  ----------------------  --------------------  
core_clk            0.038        0.000                      0                37936        0.068        0.000                      0                37936        3.288        0.000                       0                 20231  


------------------------------------------------------------------------------------------------
| Inter Clock Table
| -----------------
------------------------------------------------------------------------------------------------

From Clock    To Clock          WNS(ns)      TNS(ns)  TNS Failing Endpoints  TNS Total Endpoints      WHS(ns)      THS(ns)  THS Failing Endpoints  THS Total Endpoints  
----------    --------          -------      -------  ---------------------  -------------------      -------      -------  ---------------------  -------------------  


------------------------------------------------------------------------------------------------
| Other Path Groups Table
| -----------------------
------------------------------------------------------------------------------------------------

Path Group         From Clock         To Clock               WNS(ns)      TNS(ns)  TNS Failing Endpoints  TNS Total Endpoints      WHS(ns)      THS(ns)  THS Failing Endpoints  THS Total Endpoints  
----------         ----------         --------               -------      -------  ---------------------  -------------------      -------      -------  ---------------------  -------------------  
**async_default**  core_clk           core_clk                 0.780        0.000                      0                11340        0.728        0.000                      0                11340  


------------------------------------------------------------------------------------------------
| User Ignored Path Table
| -----------------------
------------------------------------------------------------------------------------------------

Path Group    From Clock    To Clock    
----------    ----------    --------    


------------------------------------------------------------------------------------------------
| Unconstrained Path Table
| ------------------------
------------------------------------------------------------------------------------------------

Path Group    From Clock    To Clock    
----------    ----------    --------    
(none)                                    
(none)        core_clk                    
(none)                      core_clk      


------------------------------------------------------------------------------------------------
| Timing Details
| --------------
------------------------------------------------------------------------------------------------


---------------------------------------------------------------------------------------------------
From Clock:  core_clk
  To Clock:  core_clk

Setup :            0  Failing Endpoints,  Worst Slack        0.038ns,  Total Violation        0.000ns
Hold  :            0  Failing Endpoints,  Worst Slack        0.068ns,  Total Violation        0.000ns
PW    :            0  Failing Endpoints,  Worst Slack        3.288ns,  Total Violation        0.000ns
---------------------------------------------------------------------------------------------------


Max Delay Paths
--------------------------------------------------------------------------------------
Slack (MET) :             0.038ns  (required time - arrival time)
  Source:                 implementation/core/native_system/digital/cfg_reg[22][3]/C
                            (rising edge-triggered cell FDCE clocked by core_clk  {rise@0.000ns fall@3.788ns period=7.576ns})
  Destination:            implementation/core/native_system/digital/bank/shadow_requested_reg[25][3]/D
                            (rising edge-triggered cell FDCE clocked by core_clk  {rise@0.000ns fall@3.788ns period=7.576ns})
  Path Group:             core_clk
  Path Type:              Setup (Max at Slow Process Corner)
  Requirement:            7.576ns  (core_clk rise@7.576ns - core_clk rise@0.000ns)
  Data Path Delay:        7.421ns  (logic 0.379ns (5.107%)  route 7.042ns (94.893%))
  Logic Levels:           0  
  Clock Path Skew:        -0.039ns (DCD - SCD + CPR)
    Destination Clock Delay (DCD):    0.748ns = ( 8.324 - 7.576 ) 
    Source Clock Delay      (SCD):    0.787ns
    Clock Pessimism Removal (CPR):    0.000ns
  Clock Uncertainty:      0.035ns  ((TSJ^2 + TIJ^2)^1/2 + DJ) / 2 + PE
    Total System Jitter     (TSJ):    0.071ns
    Total Input Jitter      (TIJ):    0.000ns
    Discrete Jitter          (DJ):    0.000ns
    Phase Error              (PE):    0.000ns

    Location             Delay type                Incr(ns)  Path(ns)    Netlist Resource(s)
  -------------------------------------------------------------------    -------------------
                         (clock core_clk rise edge)
                                                      0.000     0.000 r  
                                                      0.000     0.000 r  clk (IN)
                         net (fo=20230, unset)        0.787     0.787    implementation/core/native_system/digital/clk
    SLICE_X53Y30         FDCE                                         r  implementation/core/native_system/digital/cfg_reg[22][3]/C
  -------------------------------------------------------------------    -------------------
    SLICE_X53Y30         FDCE (Prop_fdce_C_Q)         0.379     1.166 r  implementation/core/native_system/digital/cfg_reg[22][3]/Q
                         net (fo=129, routed)         7.042     8.208    implementation/core/native_system/digital/bank/shadow_mask_reg[127]_0[3]
    SLICE_X92Y28         FDCE                                         r  implementation/core/native_system/digital/bank/shadow_requested_reg[25][3]/D
  -------------------------------------------------------------------    -------------------

                         (clock core_clk rise edge)
                                                      7.576     7.576 r  
                                                      0.000     7.576 r  clk (IN)
                         net (fo=20230, unset)        0.748     8.324    implementation/core/native_system/digital/bank/clk
    SLICE_X92Y28         FDCE                                         r  implementation/core/native_system/digital/bank/shadow_requested_reg[25][3]/C
                         clock pessimism              0.000     8.324    
                         clock uncertainty           -0.035     8.288    
    SLICE_X92Y28         FDCE (Setup_fdce_C_D)       -0.043     8.245    implementation/core/native_system/digital/bank/shadow_requested_reg[25][3]
  -------------------------------------------------------------------
                         required time                          8.245    
                         arrival time                          -8.208    
  -------------------------------------------------------------------
                         slack                                  0.038    





Min Delay Paths
--------------------------------------------------------------------------------------
Slack (MET) :             0.068ns  (arrival time - required time)
  Source:                 implementation/core/native_system/digital/c16.adc/frame_reg[75]/C
                            (rising edge-triggered cell FDCE clocked by core_clk  {rise@0.000ns fall@3.788ns period=7.576ns})
  Destination:            implementation/core/native_system/digital/scheduler/memory_reg_2/DIADI[3]
                            (rising edge-triggered cell RAMB36E1 clocked by core_clk  {rise@0.000ns fall@3.788ns period=7.576ns})
  Path Group:             core_clk
  Path Type:              Hold (Min at Fast Process Corner)
  Requirement:            0.000ns  (core_clk rise@0.000ns - core_clk rise@0.000ns)
  Data Path Delay:        0.244ns  (logic 0.141ns (57.872%)  route 0.103ns (42.128%))
  Logic Levels:           0  
  Clock Path Skew:        0.021ns (DCD - SCD - CPR)
    Destination Clock Delay (DCD):    0.411ns
    Source Clock Delay      (SCD):    0.390ns
    Clock Pessimism Removal (CPR):    -0.000ns

    Location             Delay type                Incr(ns)  Path(ns)    Netlist Resource(s)
  -------------------------------------------------------------------    -------------------
                         (clock core_clk rise edge)
                                                      0.000     0.000 r  
                                                      0.000     0.000 r  clk (IN)
                         net (fo=20230, unset)        0.390     0.390    implementation/core/native_system/digital/c16.adc/clk
    SLICE_X23Y19         FDCE                                         r  implementation/core/native_system/digital/c16.adc/frame_reg[75]/C
  -------------------------------------------------------------------    -------------------
    SLICE_X23Y19         FDCE (Prop_fdce_C_Q)         0.141     0.531 r  implementation/core/native_system/digital/c16.adc/frame_reg[75]/Q
                         net (fo=1, routed)           0.103     0.634    implementation/core/native_system/digital/scheduler/frame[75]
    RAMB36_X1Y3          RAMB36E1                                     r  implementation/core/native_system/digital/scheduler/memory_reg_2/DIADI[3]
  -------------------------------------------------------------------    -------------------

                         (clock core_clk rise edge)
                                                      0.000     0.000 r  
                                                      0.000     0.000 r  clk (IN)
                         net (fo=20230, unset)        0.411     0.411    implementation/core/native_system/digital/scheduler/clk
    RAMB36_X1Y3          RAMB36E1                                     r  implementation/core/native_system/digital/scheduler/memory_reg_2/CLKARDCLK
                         clock pessimism              0.000     0.411    
    RAMB36_X1Y3          RAMB36E1 (Hold_ramb36e1_CLKARDCLK_DIADI[3])
                                                      0.155     0.566    implementation/core/native_system/digital/scheduler/memory_reg_2
  -------------------------------------------------------------------
                         required time                         -0.566    
                         arrival time                           0.634    
  -------------------------------------------------------------------
                         slack                                  0.068    





Pulse Width Checks
--------------------------------------------------------------------------------------
Clock Name:         core_clk
Waveform(ns):       { 0.000 3.788 }
Period(ns):         7.576
Sources:            { clk }

Check Type        Corner  Lib Pin             Reference Pin  Required(ns)  Actual(ns)  Slack(ns)  Location      Pin
Min Period        n/a     RAMB36E1/CLKARDCLK  n/a            2.472         7.576       5.104      RAMB36_X2Y3   implementation/core/native_system/digital/scheduler/memory_reg_0/CLKARDCLK
Low Pulse Width   Slow    FDCE/C              n/a            0.500         3.788       3.288      SLICE_X57Y53  implementation/publish_armed_reg/C
High Pulse Width  Slow    FDCE/C              n/a            0.500         3.788       3.288      SLICE_X57Y53  implementation/publish_armed_reg/C



---------------------------------------------------------------------------------------------------
Path Group:  **async_default**
From Clock:  core_clk
  To Clock:  core_clk

Setup :            0  Failing Endpoints,  Worst Slack        0.780ns,  Total Violation        0.000ns
Hold  :            0  Failing Endpoints,  Worst Slack        0.728ns,  Total Violation        0.000ns
---------------------------------------------------------------------------------------------------


Max Delay Paths
--------------------------------------------------------------------------------------
Slack (MET) :             0.780ns  (required time - arrival time)
  Source:                 implementation/core/native_system/digital/reset_sync_reg[1]/C
                            (rising edge-triggered cell FDCE clocked by core_clk  {rise@0.000ns fall@3.788ns period=7.576ns})
  Destination:            implementation/core/native_system/digital/bank/shadow_calibration_reg[61][1]/CLR
                            (recovery check against rising-edge clock core_clk  {rise@0.000ns fall@3.788ns period=7.576ns})
  Path Group:             **async_default**
  Path Type:              Recovery (Max at Slow Process Corner)
  Requirement:            7.576ns  (core_clk rise@7.576ns - core_clk rise@0.000ns)
  Data Path Delay:        6.390ns  (logic 0.630ns (9.859%)  route 5.760ns (90.141%))
  Logic Levels:           1  (LUT1=1)
  Clock Path Skew:        -0.039ns (DCD - SCD + CPR)
    Destination Clock Delay (DCD):    0.748ns = ( 8.324 - 7.576 ) 
    Source Clock Delay      (SCD):    0.787ns
    Clock Pessimism Removal (CPR):    0.000ns
  Clock Uncertainty:      0.035ns  ((TSJ^2 + TIJ^2)^1/2 + DJ) / 2 + PE
    Total System Jitter     (TSJ):    0.071ns
    Total Input Jitter      (TIJ):    0.000ns
    Discrete Jitter          (DJ):    0.000ns
    Phase Error              (PE):    0.000ns

    Location             Delay type                Incr(ns)  Path(ns)    Netlist Resource(s)
  -------------------------------------------------------------------    -------------------
                         (clock core_clk rise edge)
                                                      0.000     0.000 r  
                                                      0.000     0.000 r  clk (IN)
                         net (fo=20230, unset)        0.787     0.787    implementation/core/native_system/digital/clk
    SLICE_X54Y26         FDCE                                         r  implementation/core/native_system/digital/reset_sync_reg[1]/C
  -------------------------------------------------------------------    -------------------
    SLICE_X54Y26         FDCE (Prop_fdce_C_Q)         0.398     1.185 r  implementation/core/native_system/digital/reset_sync_reg[1]/Q
                         net (fo=3, routed)           0.387     1.572    implementation/core/native_system/digital/bank/out[0]
    SLICE_X54Y26         LUT1 (Prop_lut1_I0_O)        0.232     1.804 f  implementation/core/native_system/digital/bank/adc_reset_i_2/O
                         net (fo=6461, routed)        5.374     7.177    implementation/core/native_system/digital/bank/reset_sync_reg[1]
    SLICE_X91Y1          FDCE                                         f  implementation/core/native_system/digital/bank/shadow_calibration_reg[61][1]/CLR
  -------------------------------------------------------------------    -------------------

                         (clock core_clk rise edge)
                                                      7.576     7.576 r  
                                                      0.000     7.576 r  clk (IN)
                         net (fo=20230, unset)        0.748     8.324    implementation/core/native_system/digital/bank/clk
    SLICE_X91Y1          FDCE                                         r  implementation/core/native_system/digital/bank/shadow_calibration_reg[61][1]/C
                         clock pessimism              0.000     8.324    
                         clock uncertainty           -0.035     8.288    
    SLICE_X91Y1          FDCE (Recov_fdce_C_CLR)     -0.331     7.957    implementation/core/native_system/digital/bank/shadow_calibration_reg[61][1]
  -------------------------------------------------------------------
                         required time                          7.957    
                         arrival time                          -7.177    
  -------------------------------------------------------------------
                         slack                                  0.780    





Min Delay Paths
--------------------------------------------------------------------------------------
Slack (MET) :             0.728ns  (arrival time - required time)
  Source:                 implementation/core/native_system/digital/reset_sync_reg[1]/C
                            (rising edge-triggered cell FDCE clocked by core_clk  {rise@0.000ns fall@3.788ns period=7.576ns})
  Destination:            implementation/core/native_system/digital/bank/active_calibration_reg[2][0]/CLR
                            (removal check against rising-edge clock core_clk  {rise@0.000ns fall@3.788ns period=7.576ns})
  Path Group:             **async_default**
  Path Type:              Removal (Min at Fast Process Corner)
  Requirement:            0.000ns  (core_clk rise@0.000ns - core_clk rise@0.000ns)
  Data Path Delay:        0.682ns  (logic 0.246ns (36.084%)  route 0.436ns (63.916%))
  Logic Levels:           1  (LUT1=1)
  Clock Path Skew:        0.021ns (DCD - SCD - CPR)
    Destination Clock Delay (DCD):    0.411ns
    Source Clock Delay      (SCD):    0.390ns
    Clock Pessimism Removal (CPR):    -0.000ns

    Location             Delay type                Incr(ns)  Path(ns)    Netlist Resource(s)
  -------------------------------------------------------------------    -------------------
                         (clock core_clk rise edge)
                                                      0.000     0.000 r  
                                                      0.000     0.000 r  clk (IN)
                         net (fo=20230, unset)        0.390     0.390    implementation/core/native_system/digital/clk
    SLICE_X54Y26         FDCE                                         r  implementation/core/native_system/digital/reset_sync_reg[1]/C
  -------------------------------------------------------------------    -------------------
    SLICE_X54Y26         FDCE (Prop_fdce_C_Q)         0.148     0.538 r  implementation/core/native_system/digital/reset_sync_reg[1]/Q
                         net (fo=3, routed)           0.174     0.712    implementation/core/native_system/digital/bank/out[0]
    SLICE_X54Y26         LUT1 (Prop_lut1_I0_O)        0.098     0.810 f  implementation/core/native_system/digital/bank/adc_reset_i_2/O
                         net (fo=6461, routed)        0.262     1.072    implementation/core/native_system/digital/bank/reset_sync_reg[1]
    SLICE_X54Y24         FDCE                                         f  implementation/core/native_system/digital/bank/active_calibration_reg[2][0]/CLR
  -------------------------------------------------------------------    -------------------

                         (clock core_clk rise edge)
                                                      0.000     0.000 r  
                                                      0.000     0.000 r  clk (IN)
                         net (fo=20230, unset)        0.411     0.411    implementation/core/native_system/digital/bank/clk
    SLICE_X54Y24         FDCE                                         r  implementation/core/native_system/digital/bank/active_calibration_reg[2][0]/C
                         clock pessimism              0.000     0.411    
    SLICE_X54Y24         FDCE (Remov_fdce_C_CLR)     -0.067     0.344    implementation/core/native_system/digital/bank/active_calibration_reg[2][0]
  -------------------------------------------------------------------
                         required time                         -0.344    
                         arrival time                           1.072    
  -------------------------------------------------------------------
                         slack                                  0.728    





--------------------------------------------------------------------------------------
Path Group:  (none)
From Clock:  
  To Clock:  

Max Delay            11 Endpoints
Min Delay            11 Endpoints
--------------------------------------------------------------------------------------


Max Delay Paths
--------------------------------------------------------------------------------------
Slack:                    inf
  Source:                 rst_n
                            (input port)
  Destination:            output_disable
                            (output port)
  Path Group:             (none)
  Path Type:              Max at Slow Process Corner
  Data Path Delay:        6.262ns  (logic 0.711ns (11.354%)  route 5.551ns (88.646%))
  Logic Levels:           5  (LUT2=1 LUT4=1 LUT6=3)

    Location             Delay type                Incr(ns)  Path(ns)    Netlist Resource(s)
  -------------------------------------------------------------------    -------------------
                                                      0.000     0.000 r  rst_n (IN)
                         net (fo=8, unset)            0.787     0.787    implementation/supervisor/rst_n
    SLICE_X69Y33         LUT4 (Prop_lut4_I3_O)        0.115     0.902 r  implementation/supervisor/status[1]_INST_0/O
                         net (fo=36, routed)          0.680     1.582    implementation/supervisor/state_reg_reg[1]_0
    SLICE_X68Y34         LUT6 (Prop_lut6_I1_O)        0.267     1.849 r  implementation/supervisor/S_AXI_awready_INST_0_i_1/O
                         net (fo=2641, routed)        1.226     3.076    implementation/core/native_system/queue/core_reset_n
    SLICE_X55Y48         LUT6 (Prop_lut6_I0_O)        0.105     3.181 f  implementation/core/native_system/queue/output_disable_INST_0_i_3/O
                         net (fo=2, routed)           0.970     4.150    implementation/core/native_system/digital/bank/hardware_enable0
    SLICE_X55Y26         LUT6 (Prop_lut6_I2_O)        0.105     4.255 r  implementation/core/native_system/digital/bank/output_disable_INST_0_i_1/O
                         net (fo=1, routed)           1.101     5.356    implementation/core/native_system/digital/bank/core_disable
    SLICE_X57Y37         LUT2 (Prop_lut2_I0_O)        0.119     5.475 r  implementation/core/native_system/digital/bank/output_disable_INST_0/O
                         net (fo=0)                   0.787     6.262    output_disable
                                                                      r  output_disable (OUT)
  -------------------------------------------------------------------    -------------------





Min Delay Paths
--------------------------------------------------------------------------------------
Slack:                    inf
  Source:                 health[0]
                            (input port)
  Destination:            status[2]
                            (output port)
  Path Group:             (none)
  Path Type:              Min at Fast Process Corner
  Data Path Delay:        0.823ns  (logic 0.042ns (5.106%)  route 0.781ns (94.894%))
  Logic Levels:           1  (LUT4=1)

    Location             Delay type                Incr(ns)  Path(ns)    Netlist Resource(s)
  -------------------------------------------------------------------    -------------------
                                                      0.000     0.000 r  health[0] (IN)
                         net (fo=4, unset)            0.390     0.390    implementation/supervisor/health[0]
    SLICE_X72Y34         LUT4 (Prop_lut4_I1_O)        0.042     0.432 r  implementation/supervisor/status[2]_INST_0/O
                         net (fo=36, unset)           0.390     0.823    status[2]
                                                                      r  status[2] (OUT)
  -------------------------------------------------------------------    -------------------





--------------------------------------------------------------------------------------
Path Group:  (none)
From Clock:  core_clk
  To Clock:  

Max Delay           148 Endpoints
Min Delay           148 Endpoints
--------------------------------------------------------------------------------------


Max Delay Paths
--------------------------------------------------------------------------------------
Slack:                    inf
  Source:                 implementation/supervisor/state_reg_reg[0]/C
                            (rising edge-triggered cell FDPE clocked by core_clk  {rise@0.000ns fall@3.788ns period=7.576ns})
  Destination:            output_disable
                            (output port)
  Path Group:             (none)
  Path Type:              Max at Slow Process Corner
  Data Path Delay:        6.519ns  (logic 0.918ns (14.082%)  route 5.601ns (85.918%))
  Logic Levels:           5  (LUT2=1 LUT4=1 LUT6=3)
  Clock Uncertainty:      0.025ns  ((TSJ^2 + TIJ^2)^1/2 + DJ) / 2 + PE
    Total System Jitter     (TSJ):    0.050ns
    Total Input Jitter      (TIJ):    0.000ns
    Discrete Jitter          (DJ):    0.000ns
    Phase Error              (PE):    0.000ns

    Location             Delay type                Incr(ns)  Path(ns)    Netlist Resource(s)
  -------------------------------------------------------------------    -------------------
                         (clock core_clk rise edge)
                                                      0.000     0.000 r  
                                                      0.000     0.000 r  clk (IN)
                         net (fo=20230, unset)        0.787     0.787    implementation/supervisor/clk
    SLICE_X73Y34         FDPE                                         r  implementation/supervisor/state_reg_reg[0]/C
  -------------------------------------------------------------------    -------------------
    SLICE_X73Y34         FDPE (Prop_fdpe_C_Q)         0.379     1.166 r  implementation/supervisor/state_reg_reg[0]/Q
                         net (fo=10, routed)          0.826     1.992    implementation/supervisor/state_reg_reg_n_0_[0]
    SLICE_X69Y33         LUT4 (Prop_lut4_I1_O)        0.105     2.097 r  implementation/supervisor/status[0]_INST_0/O
                         net (fo=4, routed)           0.691     2.789    implementation/supervisor/rst_n_1
    SLICE_X68Y34         LUT6 (Prop_lut6_I0_O)        0.105     2.894 r  implementation/supervisor/S_AXI_awready_INST_0_i_1/O
                         net (fo=2641, routed)        1.226     4.120    implementation/core/native_system/queue/core_reset_n
    SLICE_X55Y48         LUT6 (Prop_lut6_I0_O)        0.105     4.225 f  implementation/core/native_system/queue/output_disable_INST_0_i_3/O
                         net (fo=2, routed)           0.970     5.194    implementation/core/native_system/digital/bank/hardware_enable0
    SLICE_X55Y26         LUT6 (Prop_lut6_I2_O)        0.105     5.299 r  implementation/core/native_system/digital/bank/output_disable_INST_0_i_1/O
                         net (fo=1, routed)           1.101     6.400    implementation/core/native_system/digital/bank/core_disable
    SLICE_X57Y37         LUT2 (Prop_lut2_I0_O)        0.119     6.519 r  implementation/core/native_system/digital/bank/output_disable_INST_0/O
                         net (fo=0)                   0.787     7.306    output_disable
                                                                      r  output_disable (OUT)
  -------------------------------------------------------------------    -------------------





Min Delay Paths
--------------------------------------------------------------------------------------
Slack:                    inf
  Source:                 implementation/core/bridge/s_rdata_reg[13]/C
                            (rising edge-triggered cell FDCE clocked by core_clk  {rise@0.000ns fall@3.788ns period=7.576ns})
  Destination:            S_AXI_rdata[13]
                            (output port)
  Path Group:             (none)
  Path Type:              Min at Fast Process Corner
  Data Path Delay:        0.518ns  (logic 0.128ns (24.697%)  route 0.390ns (75.303%))
  Logic Levels:           0  
  Clock Uncertainty:      0.025ns  ((TSJ^2 + TIJ^2)^1/2 + DJ) / 2 + PE
    Total System Jitter     (TSJ):    0.050ns
    Total Input Jitter      (TIJ):    0.000ns
    Discrete Jitter          (DJ):    0.000ns
    Phase Error              (PE):    0.000ns

    Location             Delay type                Incr(ns)  Path(ns)    Netlist Resource(s)
  -------------------------------------------------------------------    -------------------
                         (clock core_clk rise edge)
                                                      0.000     0.000 r  
                                                      0.000     0.000 r  clk (IN)
                         net (fo=20230, unset)        0.390     0.390    implementation/core/bridge/clk
    SLICE_X37Y28         FDCE                                         r  implementation/core/bridge/s_rdata_reg[13]/C
  -------------------------------------------------------------------    -------------------
    SLICE_X37Y28         FDCE (Prop_fdce_C_Q)         0.128     0.518 r  implementation/core/bridge/s_rdata_reg[13]/Q
                         net (fo=0)                   0.390     0.909    S_AXI_rdata[13]
                                                                      r  S_AXI_rdata[13] (OUT)
  -------------------------------------------------------------------    -------------------





--------------------------------------------------------------------------------------
Path Group:  (none)
From Clock:  
  To Clock:  core_clk

Max Delay         16989 Endpoints
Min Delay         16989 Endpoints
--------------------------------------------------------------------------------------


Max Delay Paths
--------------------------------------------------------------------------------------
Slack:                    inf
  Source:                 health[0]
                            (input port)
  Destination:            implementation/core/native_system/queue/queue_reg[3][1043]/CE
                            (rising edge-triggered cell FDRE clocked by core_clk  {rise@0.000ns fall@3.788ns period=7.576ns})
  Path Group:             (none)
  Path Type:              Setup (Max at Slow Process Corner)
  Data Path Delay:        6.317ns  (logic 0.891ns (14.105%)  route 5.426ns (85.895%))
  Logic Levels:           5  (LUT2=1 LUT4=2 LUT5=1 LUT6=1)
  Clock Path Skew:        0.748ns (DCD - SCD + CPR)
    Destination Clock Delay (DCD):    0.748ns
    Source Clock Delay      (SCD):    0.000ns
    Clock Pessimism Removal (CPR):    0.000ns
  Clock Uncertainty:      0.025ns  ((TSJ^2 + TIJ^2)^1/2 + DJ) / 2 + PE
    Total System Jitter     (TSJ):    0.050ns
    Total Input Jitter      (TIJ):    0.000ns
    Discrete Jitter          (DJ):    0.000ns
    Phase Error              (PE):    0.000ns

    Location             Delay type                Incr(ns)  Path(ns)    Netlist Resource(s)
  -------------------------------------------------------------------    -------------------
                                                      0.000     0.000 r  health[0] (IN)
                         net (fo=4, unset)            0.787     0.787    implementation/supervisor/health[0]
    SLICE_X72Y34         LUT4 (Prop_lut4_I1_O)        0.127     0.914 r  implementation/supervisor/status[2]_INST_0/O
                         net (fo=36, routed)          0.693     1.607    implementation/supervisor/state_reg_reg[2]_0
    SLICE_X68Y34         LUT4 (Prop_lut4_I1_O)        0.268     1.875 r  implementation/supervisor/publish_armed_i_2/O
                         net (fo=3, routed)           1.157     3.032    implementation/mailbox/task_allowed
    SLICE_X57Y52         LUT2 (Prop_lut2_I1_O)        0.124     3.156 r  implementation/mailbox/invalid_frame_i_2/O
                         net (fo=4, routed)           0.475     3.631    implementation/mailbox/frame_valid0
    SLICE_X61Y52         LUT6 (Prop_lut6_I2_O)        0.267     3.898 r  implementation/mailbox/occupancy[2]_i_3/O
                         net (fo=12, routed)          0.416     4.313    implementation/core/native_system/queue/occupancy_reg[2]_2
    SLICE_X63Y52         LUT5 (Prop_lut5_I4_O)        0.105     4.418 r  implementation/core/native_system/queue/seq[3][15]_i_1/O
                         net (fo=2192, routed)        1.899     6.317    implementation/core/native_system/queue/seq[3][15]_i_1_n_0
    SLICE_X104Y66        FDRE                                         r  implementation/core/native_system/queue/queue_reg[3][1043]/CE
  -------------------------------------------------------------------    -------------------

                         (clock core_clk rise edge)
                                                      0.000     0.000 r  
                                                      0.000     0.000 r  clk (IN)
                         net (fo=20230, unset)        0.748     0.748    implementation/core/native_system/queue/clk
    SLICE_X104Y66        FDRE                                         r  implementation/core/native_system/queue/queue_reg[3][1043]/C





Min Delay Paths
--------------------------------------------------------------------------------------
Slack:                    inf
  Source:                 S_AXI_araddr[0]
                            (input port)
  Destination:            implementation/core/bridge/araddr_reg[0]/D
                            (rising edge-triggered cell FDCE clocked by core_clk  {rise@0.000ns fall@3.788ns period=7.576ns})
  Path Group:             (none)
  Path Type:              Hold (Min at Fast Process Corner)
  Data Path Delay:        0.390ns  (logic 0.000ns (0.000%)  route 0.390ns (100.000%))
  Logic Levels:           0  
  Clock Path Skew:        0.411ns (DCD - SCD - CPR)
    Destination Clock Delay (DCD):    0.411ns
    Source Clock Delay      (SCD):    0.000ns
    Clock Pessimism Removal (CPR):    -0.000ns

    Location             Delay type                Incr(ns)  Path(ns)    Netlist Resource(s)
  -------------------------------------------------------------------    -------------------
                                                      0.000     0.000 r  S_AXI_araddr[0] (IN)
                         net (fo=0)                   0.390     0.390    implementation/core/bridge/S_AXI_araddr[0]
    SLICE_X26Y34         FDCE                                         r  implementation/core/bridge/araddr_reg[0]/D
  -------------------------------------------------------------------    -------------------

                         (clock core_clk rise edge)
                                                      0.000     0.000 r  
                                                      0.000     0.000 r  clk (IN)
                         net (fo=20230, unset)        0.411     0.411    implementation/core/bridge/clk
    SLICE_X26Y34         FDCE                                         r  implementation/core/bridge/araddr_reg[0]/C





