The system cannot find the path specified.
INFO: [VRFC 10-2263] Analyzing SystemVerilog file "E:/Codex_project/AMD_Sonofield/v5/rtl/acquisition/ad7606b_if.sv" into library work
INFO: [VRFC 10-311] analyzing module ad7606b_if
INFO: [VRFC 10-2263] Analyzing SystemVerilog file "E:/Codex_project/AMD_Sonofield/v5/rtl/acquisition/ad7606c16_if.sv" into library work
INFO: [VRFC 10-311] analyzing module ad7606c16_if
INFO: [VRFC 10-2263] Analyzing SystemVerilog file "E:/Codex_project/AMD_Sonofield/v5/rtl/acquisition/adc_serial.sv" into library work
INFO: [VRFC 10-311] analyzing module adc_serial
INFO: [VRFC 10-2263] Analyzing SystemVerilog file "E:/Codex_project/AMD_Sonofield/v5/rtl/board/sono_board_smoke_pl.sv" into library work
INFO: [VRFC 10-311] analyzing module sono_board_smoke_pl
INFO: [VRFC 10-2263] Analyzing SystemVerilog file "E:/Codex_project/AMD_Sonofield/v5/rtl/calibration/burst_generator.sv" into library work
INFO: [VRFC 10-311] analyzing module burst_generator
INFO: [VRFC 10-2263] Analyzing SystemVerilog file "E:/Codex_project/AMD_Sonofield/v5/rtl/calibration/calibration_scheduler.sv" into library work
INFO: [VRFC 10-311] analyzing module calibration_scheduler
INFO: [VRFC 10-2263] Analyzing SystemVerilog file "E:/Codex_project/AMD_Sonofield/v5/rtl/control/axi_native_bridge.sv" into library work
INFO: [VRFC 10-311] analyzing module axi_native_bridge
INFO: [VRFC 10-2263] Analyzing SystemVerilog file "E:/Codex_project/AMD_Sonofield/v5/rtl/control/prepcb_supervisor.sv" into library work
INFO: [VRFC 10-311] analyzing module prepcb_supervisor
INFO: [VRFC 10-2263] Analyzing SystemVerilog file "E:/Codex_project/AMD_Sonofield/v5/rtl/control/safety_controller.sv" into library work
INFO: [VRFC 10-311] analyzing module safety_controller
INFO: [VRFC 10-2263] Analyzing SystemVerilog file "E:/Codex_project/AMD_Sonofield/v5/rtl/motion/motion_queue.sv" into library work
INFO: [VRFC 10-311] analyzing module motion_queue
INFO: [VRFC 10-2263] Analyzing SystemVerilog file "E:/Codex_project/AMD_Sonofield/v5/rtl/motion/prepcb_frame_mailbox.sv" into library work
INFO: [VRFC 10-311] analyzing module prepcb_frame_mailbox
INFO: [VRFC 10-2263] Analyzing SystemVerilog file "E:/Codex_project/AMD_Sonofield/v5/rtl/output/channel_waveform.sv" into library work
INFO: [VRFC 10-311] analyzing module channel_waveform
INFO: [VRFC 10-2263] Analyzing SystemVerilog file "E:/Codex_project/AMD_Sonofield/v5/rtl/output/serializer.sv" into library work
INFO: [VRFC 10-311] analyzing module serializer
INFO: [VRFC 10-2263] Analyzing SystemVerilog file "E:/Codex_project/AMD_Sonofield/v5/rtl/output/sono_array_interface.sv" into library work
INFO: [VRFC 10-311] analyzing module sono_array_interface
INFO: [VRFC 10-2263] Analyzing SystemVerilog file "E:/Codex_project/AMD_Sonofield/v5/rtl/phase/phase_bank.sv" into library work
INFO: [VRFC 10-311] analyzing module phase_bank
INFO: [VRFC 10-2263] Analyzing SystemVerilog file "E:/Codex_project/AMD_Sonofield/v5/rtl/sono_axi_system.sv" into library work
INFO: [VRFC 10-311] analyzing module sono_axi_system
INFO: [VRFC 10-2263] Analyzing SystemVerilog file "E:/Codex_project/AMD_Sonofield/v5/rtl/sono_core.sv" into library work
INFO: [VRFC 10-311] analyzing module sono_core
INFO: [VRFC 10-2263] Analyzing SystemVerilog file "E:/Codex_project/AMD_Sonofield/v5/rtl/sono_digital_system.sv" into library work
INFO: [VRFC 10-311] analyzing module sono_digital_system
INFO: [VRFC 10-2263] Analyzing SystemVerilog file "E:/Codex_project/AMD_Sonofield/v5/rtl/sono_motion_system.sv" into library work
INFO: [VRFC 10-311] analyzing module sono_motion_system
INFO: [VRFC 10-2263] Analyzing SystemVerilog file "E:/Codex_project/AMD_Sonofield/v5/rtl/sono_top.sv" into library work
INFO: [VRFC 10-311] analyzing module sono_top
INFO: [VRFC 10-2263] Analyzing SystemVerilog file "E:/Codex_project/AMD_Sonofield/v5/rtl/timing/board_clock_candidate.sv" into library work
INFO: [VRFC 10-311] analyzing module board_clock_candidate
INFO: [VRFC 10-2263] Analyzing SystemVerilog file "E:/Codex_project/AMD_Sonofield/v5/rtl/timing/ultrasonic_timebase.sv" into library work
INFO: [VRFC 10-311] analyzing module ultrasonic_timebase
INFO: [VRFC 10-2263] Analyzing SystemVerilog file "E:/Codex_project/AMD_Sonofield/v5/tb/tb_core.sv" into library work
INFO: [VRFC 10-311] analyzing module tb_core
INFO: [VRFC 10-2263] Analyzing SystemVerilog file "E:/Codex_project/AMD_Sonofield/v5/tb/tb_system.sv" into library work
INFO: [VRFC 10-311] analyzing module tb_system
INFO: [VRFC 10-2263] Analyzing SystemVerilog file "E:/Codex_project/AMD_Sonofield/v5/tb/tb_serializer_fault.sv" into library work
INFO: [VRFC 10-311] analyzing module tb_serializer_fault
INFO: [VRFC 10-2263] Analyzing SystemVerilog file "E:/Codex_project/AMD_Sonofield/v5/tb/tb_phase_map.sv" into library work
INFO: [VRFC 10-311] analyzing module tb_phase_map
