Copyright 1986-2022 Xilinx, Inc. All Rights Reserved. Copyright 2022-2025 Advanced Micro Devices, Inc. All Rights Reserved.
---------------------------------------------------------------------------------------------------------------------------------------------------------------------------
| Tool Version : Vivado v.2025.2 (win64) Build 6299465 Fri Nov 14 19:35:11 GMT 2025
| Date         : Fri Oct  9 23:49:33 2026
| Host         : loverlike running 64-bit major release  (build 9200)
| Command      : report_cdc -details -file E:/Codex_project/AMD_Sonofield/.portability/historical_clean_20261009/v5/evidence/repository_cleanup/20261009/clean_ooc/cdc.rpt
| Design       : sono_axi_system
| Device       : 7z020-clg400
| Speed File   : -2  PRODUCTION 1.12 2019-11-22
| Design State : Synthesized
---------------------------------------------------------------------------------------------------------------------------------------------------------------------------

CDC Report

All paths are Safely Timed.

