#-----------------------------------------------------------
# xsim v2025.2 (64-bit)
# SW Build 6299465 on Fri Nov 14 19:35:11 GMT 2025
# IP Build 6300035 on Fri Nov 14 10:48:45 MST 2025
# SharedData Build 6298862 on Thu Nov 13 04:50:51 MST 2025
# Start of session at: Fri Oct  9 13:29:16 2026
# Process ID         : 6816
# Current directory  : E:/Codex_project/AMD_Sonofield/.portability/clean/v5/evidence/migration/20261009/clean_clone/candidates
# Command line       : xsim.exe -mode tcl -source {xsim.dir/adc_candidate/xsim_script.tcl}
# Log file           : E:/Codex_project/AMD_Sonofield/.portability/clean/v5/evidence/migration/20261009/clean_clone/candidates/xsim.log
# Journal file       : E:/Codex_project/AMD_Sonofield/.portability/clean/v5/evidence/migration/20261009/clean_clone/candidates\xsim.jou
# Running On         : loverlike
# Platform           : Windows Server 2016 or Windows 10
# Operating System   : 26200
# Processor Detail   : 13th Gen Intel(R) Core(TM) i9-13980HX
# CPU Frequency      : 2419 MHz
# CPU Physical cores : 24
# CPU Logical cores  : 32
# Host memory        : 16774 MB
# Swap memory        : 23622 MB
# Total Virtual      : 40396 MB
# Available Virtual  : 13171 MB
#-----------------------------------------------------------
source xsim.dir/adc_candidate/xsim_script.tcl
# xsim {adc_candidate} -autoloadwcfg -runall
Time resolution is 1 ps
run -all
ADC_CANDIDATE_SERIAL_PASS frames=256 signed_edges_and_channel_order_checked
$finish called at time : 254099040 ps : File "E:/Codex_project/AMD_Sonofield/.portability/clean/v5/hardware/integration_candidates/20261009/tb_adc_candidate.sv" Line 32
exit
INFO: [Common 17-206] Exiting xsim at Fri Oct  9 13:29:19 2026...
