Copyright 1986-2022 Xilinx, Inc. All Rights Reserved. Copyright 2022-2025 Advanced Micro Devices, Inc. All Rights Reserved.
--------------------------------------------------------------------------------------------------------------------------------------------------------------------------------------------
| Tool Version : Vivado v.2025.2 (win64) Build 6299465 Fri Nov 14 19:35:11 GMT 2025
| Date         : Fri Oct  9 15:30:06 2026
| Host         : loverlike running 64-bit major release  (build 9200)
| Command      : report_timing_summary -delay_type min_max -report_unconstrained -file E:/Codex_project/AMD_Sonofield/v5/evidence/pre_pcb_20261009/platform_connected5/pl_routed_timing.rpt
| Design       : prepcb_pl
| Device       : 7z020-clg400
| Speed File   : -2  PRODUCTION 1.12 2019-11-22
| Design State : Physopt postRoute
--------------------------------------------------------------------------------------------------------------------------------------------------------------------------------------------

Timing Summary Report

------------------------------------------------------------------------------------------------
| Timer Settings
| --------------
------------------------------------------------------------------------------------------------

  Enable Multi Corner Analysis               :  Yes
  Enable Pessimism Removal                   :  Yes
  Pessimism Removal Resolution               :  Nearest Common Node
  Enable Input Delay Default Clock           :  No
  Enable Preset / Clear Arcs                 :  No
  Disable Flight Delays                      :  No
  Ignore I/O Paths                           :  No
  Timing Early Launch at Borrowing Latches   :  No
  Borrow Time for Max Delay Exceptions       :  Yes
  Merge Timing Exceptions                    :  Yes
  Inter-SLR Compensation                     :  Conservative

  Corner  Analyze    Analyze    
  Name    Max Paths  Min Paths  
  ------  ---------  ---------  
  Slow    Yes        Yes        
  Fast    Yes        Yes        


------------------------------------------------------------------------------------------------
| Report Methodology
| ------------------
------------------------------------------------------------------------------------------------

No report available as report_methodology has not been run prior. Run report_methodology on the current design for the summary of methodology violations.



check_timing report

Table of Contents
-----------------
1. checking no_clock (0)
2. checking constant_clock (0)
3. checking pulse_width_clock (0)
4. checking unconstrained_internal_endpoints (0)
5. checking no_input_delay (161)
6. checking no_output_delay (147)
7. checking multiple_clock (0)
8. checking generated_clocks (0)
9. checking loops (0)
10. checking partial_input_delay (0)
11. checking partial_output_delay (0)
12. checking latch_loops (0)

1. checking no_clock (0)
------------------------
 There are 0 register/latch pins with no clock.


2. checking constant_clock (0)
------------------------------
 There are 0 register/latch pins with constant_clock.


3. checking pulse_width_clock (0)
---------------------------------
 There are 0 register/latch pins which need pulse_width check


4. checking unconstrained_internal_endpoints (0)
------------------------------------------------
 There are 0 pins that are not constrained for maximum delay.

 There are 0 pins that are not constrained for maximum delay due to constant clock.


5. checking no_input_delay (161)
--------------------------------
 There are 161 input ports with no input delay specified. (HIGH)

 There are 0 input ports with no input delay but user has a false path constraint.


6. checking no_output_delay (147)
---------------------------------
 There are 147 ports with no output delay specified. (HIGH)

 There are 0 ports with no output delay but user has a false path constraint

 There are 0 ports with no output delay but with a timing clock defined on it or propagating through it


7. checking multiple_clock (0)
------------------------------
 There are 0 register/latch pins with multiple clocks.


8. checking generated_clocks (0)
--------------------------------
 There are 0 generated clocks that are not connected to a clock source.


9. checking loops (0)
---------------------
 There are 0 combinational loops in the design.


10. checking partial_input_delay (0)
------------------------------------
 There are 0 input ports with partial input delay specified.


11. checking partial_output_delay (0)
-------------------------------------
 There are 0 ports with partial output delay specified.


12. checking latch_loops (0)
----------------------------
 There are 0 combinational latch loops in the design through latch input



------------------------------------------------------------------------------------------------
| Design Timing Summary
| ---------------------
------------------------------------------------------------------------------------------------

    WNS(ns)      TNS(ns)  TNS Failing Endpoints  TNS Total Endpoints      WHS(ns)      THS(ns)  THS Failing Endpoints  THS Total Endpoints     WPWS(ns)     TPWS(ns)  TPWS Failing Endpoints  TPWS Total Endpoints  
    -------      -------  ---------------------  -------------------      -------      -------  ---------------------  -------------------     --------     --------  ----------------------  --------------------  
      0.098        0.000                      0                46907        0.092        0.000                      0                46907        3.288        0.000                       0                 20193  


All user specified timing constraints are met.


------------------------------------------------------------------------------------------------
| Clock Summary
| -------------
------------------------------------------------------------------------------------------------

Clock     Waveform(ns)         Period(ns)      Frequency(MHz)
-----     ------------         ----------      --------------
core_clk  {0.000 3.788}        7.576           131.996         


------------------------------------------------------------------------------------------------
| Intra Clock Table
| -----------------
------------------------------------------------------------------------------------------------

Clock             WNS(ns)      TNS(ns)  TNS Failing Endpoints  TNS Total Endpoints      WHS(ns)      THS(ns)  THS Failing Endpoints  THS Total Endpoints     WPWS(ns)     TPWS(ns)  TPWS Failing Endpoints  TPWS Total Endpoints  
-----             -------      -------  ---------------------  -------------------      -------      -------  ---------------------  -------------------     --------     --------  ----------------------  --------------------  
core_clk            0.098        0.000                      0                37861        0.092        0.000                      0                37861        3.288        0.000                       0                 20193  


------------------------------------------------------------------------------------------------
| Inter Clock Table
| -----------------
------------------------------------------------------------------------------------------------

From Clock    To Clock          WNS(ns)      TNS(ns)  TNS Failing Endpoints  TNS Total Endpoints      WHS(ns)      THS(ns)  THS Failing Endpoints  THS Total Endpoints  
----------    --------          -------      -------  ---------------------  -------------------      -------      -------  ---------------------  -------------------  


------------------------------------------------------------------------------------------------
| Other Path Groups Table
| -----------------------
------------------------------------------------------------------------------------------------

Path Group         From Clock         To Clock               WNS(ns)      TNS(ns)  TNS Failing Endpoints  TNS Total Endpoints      WHS(ns)      THS(ns)  THS Failing Endpoints  THS Total Endpoints  
----------         ----------         --------               -------      -------  ---------------------  -------------------      -------      -------  ---------------------  -------------------  
**async_default**  core_clk           core_clk                 0.696        0.000                      0                 9046        0.635        0.000                      0                 9046  


------------------------------------------------------------------------------------------------
| User Ignored Path Table
| -----------------------
------------------------------------------------------------------------------------------------

Path Group    From Clock    To Clock    
----------    ----------    --------    


------------------------------------------------------------------------------------------------
| Unconstrained Path Table
| ------------------------
------------------------------------------------------------------------------------------------

Path Group    From Clock    To Clock    
----------    ----------    --------    
(none)                                    
(none)        core_clk                    
(none)                      core_clk      


------------------------------------------------------------------------------------------------
| Timing Details
| --------------
------------------------------------------------------------------------------------------------


---------------------------------------------------------------------------------------------------
From Clock:  core_clk
  To Clock:  core_clk

Setup :            0  Failing Endpoints,  Worst Slack        0.098ns,  Total Violation        0.000ns
Hold  :            0  Failing Endpoints,  Worst Slack        0.092ns,  Total Violation        0.000ns
PW    :            0  Failing Endpoints,  Worst Slack        3.288ns,  Total Violation        0.000ns
---------------------------------------------------------------------------------------------------


Max Delay Paths
--------------------------------------------------------------------------------------
Slack (MET) :             0.098ns  (required time - arrival time)
  Source:                 mailbox/frame_data_reg[611]/C
                            (rising edge-triggered cell FDCE clocked by core_clk  {rise@0.000ns fall@3.788ns period=7.576ns})
  Destination:            core/native_system/queue/queue_reg[3][1690]/CE
                            (rising edge-triggered cell FDRE clocked by core_clk  {rise@0.000ns fall@3.788ns period=7.576ns})
  Path Group:             core_clk
  Path Type:              Setup (Max at Slow Process Corner)
  Requirement:            7.576ns  (core_clk rise@7.576ns - core_clk rise@0.000ns)
  Data Path Delay:        7.236ns  (logic 1.155ns (15.962%)  route 6.081ns (84.038%))
  Logic Levels:           6  (LUT4=2 LUT5=2 LUT6=2)
  Clock Path Skew:        -0.039ns (DCD - SCD + CPR)
    Destination Clock Delay (DCD):    0.748ns = ( 8.324 - 7.576 ) 
    Source Clock Delay      (SCD):    0.787ns
    Clock Pessimism Removal (CPR):    0.000ns
  Clock Uncertainty:      0.035ns  ((TSJ^2 + TIJ^2)^1/2 + DJ) / 2 + PE
    Total System Jitter     (TSJ):    0.071ns
    Total Input Jitter      (TIJ):    0.000ns
    Discrete Jitter          (DJ):    0.000ns
    Phase Error              (PE):    0.000ns

    Location             Delay type                Incr(ns)  Path(ns)    Netlist Resource(s)
  -------------------------------------------------------------------    -------------------
                         (clock core_clk rise edge)
                                                      0.000     0.000 r  
                                                      0.000     0.000 r  clk (IN)
                         net (fo=20192, unset)        0.787     0.787    mailbox/clk
    SLICE_X62Y68         FDCE                                         r  mailbox/frame_data_reg[611]/C
  -------------------------------------------------------------------    -------------------
    SLICE_X62Y68         FDCE (Prop_fdce_C_Q)         0.398     1.185 r  mailbox/frame_data_reg[611]/Q
                         net (fo=5, routed)           0.721     1.906    mailbox/frame_data[611]
    SLICE_X62Y68         LUT4 (Prop_lut4_I1_O)        0.232     2.138 r  mailbox/occupancy[2]_i_39/O
                         net (fo=1, routed)           0.265     2.403    mailbox/occupancy[2]_i_39_n_0
    SLICE_X62Y68         LUT5 (Prop_lut5_I4_O)        0.105     2.508 r  mailbox/occupancy[2]_i_24/O
                         net (fo=1, routed)           0.458     2.966    mailbox/occupancy[2]_i_24_n_0
    SLICE_X61Y65         LUT6 (Prop_lut6_I5_O)        0.105     3.071 r  mailbox/occupancy[2]_i_10/O
                         net (fo=1, routed)           1.256     4.327    mailbox/occupancy[2]_i_10_n_0
    SLICE_X52Y45         LUT4 (Prop_lut4_I0_O)        0.105     4.432 r  mailbox/occupancy[2]_i_7/O
                         net (fo=2, routed)           0.615     5.046    mailbox/occupancy[2]_i_7_n_0
    SLICE_X53Y43         LUT6 (Prop_lut6_I4_O)        0.105     5.151 r  mailbox/occupancy[2]_i_3/O
                         net (fo=12, routed)          0.817     5.968    core/native_system/queue/occupancy_reg[2]_2
    SLICE_X53Y58         LUT5 (Prop_lut5_I4_O)        0.105     6.073 r  core/native_system/queue/seq[3][15]_i_1/O
                         net (fo=2192, routed)        1.950     8.023    core/native_system/queue/seq[3][15]_i_1_n_0
    SLICE_X87Y42         FDRE                                         r  core/native_system/queue/queue_reg[3][1690]/CE
  -------------------------------------------------------------------    -------------------

                         (clock core_clk rise edge)
                                                      7.576     7.576 r  
                                                      0.000     7.576 r  clk (IN)
                         net (fo=20192, unset)        0.748     8.324    core/native_system/queue/clk
    SLICE_X87Y42         FDRE                                         r  core/native_system/queue/queue_reg[3][1690]/C
                         clock pessimism              0.000     8.324    
                         clock uncertainty           -0.035     8.288    
    SLICE_X87Y42         FDRE (Setup_fdre_C_CE)      -0.168     8.120    core/native_system/queue/queue_reg[3][1690]
  -------------------------------------------------------------------
                         required time                          8.120    
                         arrival time                          -8.023    
  -------------------------------------------------------------------
                         slack                                  0.098    





Min Delay Paths
--------------------------------------------------------------------------------------
Slack (MET) :             0.092ns  (arrival time - required time)
  Source:                 core/native_system/digital/adc/frame_reg[53]/C
                            (rising edge-triggered cell FDCE clocked by core_clk  {rise@0.000ns fall@3.788ns period=7.576ns})
  Destination:            core/native_system/digital/scheduler/memory_reg_1/DIADI[17]
                            (rising edge-triggered cell RAMB36E1 clocked by core_clk  {rise@0.000ns fall@3.788ns period=7.576ns})
  Path Group:             core_clk
  Path Type:              Hold (Min at Fast Process Corner)
  Requirement:            0.000ns  (core_clk rise@0.000ns - core_clk rise@0.000ns)
  Data Path Delay:        0.268ns  (logic 0.164ns (61.276%)  route 0.104ns (38.724%))
  Logic Levels:           0  
  Clock Path Skew:        0.021ns (DCD - SCD - CPR)
    Destination Clock Delay (DCD):    0.411ns
    Source Clock Delay      (SCD):    0.390ns
    Clock Pessimism Removal (CPR):    -0.000ns

    Location             Delay type                Incr(ns)  Path(ns)    Netlist Resource(s)
  -------------------------------------------------------------------    -------------------
                         (clock core_clk rise edge)
                                                      0.000     0.000 r  
                                                      0.000     0.000 r  clk (IN)
                         net (fo=20192, unset)        0.390     0.390    core/native_system/digital/adc/clk
    SLICE_X22Y16         FDCE                                         r  core/native_system/digital/adc/frame_reg[53]/C
  -------------------------------------------------------------------    -------------------
    SLICE_X22Y16         FDCE (Prop_fdce_C_Q)         0.164     0.554 r  core/native_system/digital/adc/frame_reg[53]/Q
                         net (fo=1, routed)           0.104     0.658    core/native_system/digital/scheduler/frame[53]
    RAMB36_X1Y3          RAMB36E1                                     r  core/native_system/digital/scheduler/memory_reg_1/DIADI[17]
  -------------------------------------------------------------------    -------------------

                         (clock core_clk rise edge)
                                                      0.000     0.000 r  
                                                      0.000     0.000 r  clk (IN)
                         net (fo=20192, unset)        0.411     0.411    core/native_system/digital/scheduler/clk
    RAMB36_X1Y3          RAMB36E1                                     r  core/native_system/digital/scheduler/memory_reg_1/CLKARDCLK
                         clock pessimism              0.000     0.411    
    RAMB36_X1Y3          RAMB36E1 (Hold_ramb36e1_CLKARDCLK_DIADI[17])
                                                      0.155     0.566    core/native_system/digital/scheduler/memory_reg_1
  -------------------------------------------------------------------
                         required time                         -0.566    
                         arrival time                           0.658    
  -------------------------------------------------------------------
                         slack                                  0.092    





Pulse Width Checks
--------------------------------------------------------------------------------------
Clock Name:         core_clk
Waveform(ns):       { 0.000 3.788 }
Period(ns):         7.576
Sources:            { clk }

Check Type        Corner  Lib Pin             Reference Pin  Required(ns)  Actual(ns)  Slack(ns)  Location      Pin
Min Period        n/a     RAMB36E1/CLKARDCLK  n/a            2.472         7.576       5.104      RAMB36_X2Y3   core/native_system/digital/scheduler/memory_reg_0/CLKARDCLK
Low Pulse Width   Slow    FDCE/C              n/a            0.500         3.788       3.288      SLICE_X44Y33  core/bridge/FSM_sequential_state_reg[0]/C
High Pulse Width  Slow    FDCE/C              n/a            0.500         3.788       3.288      SLICE_X44Y33  core/bridge/FSM_sequential_state_reg[0]/C



---------------------------------------------------------------------------------------------------
Path Group:  **async_default**
From Clock:  core_clk
  To Clock:  core_clk

Setup :            0  Failing Endpoints,  Worst Slack        0.696ns,  Total Violation        0.000ns
Hold  :            0  Failing Endpoints,  Worst Slack        0.635ns,  Total Violation        0.000ns
---------------------------------------------------------------------------------------------------


Max Delay Paths
--------------------------------------------------------------------------------------
Slack (MET) :             0.696ns  (required time - arrival time)
  Source:                 core/native_system/digital/reset_sync_reg[1]/C
                            (rising edge-triggered cell FDCE clocked by core_clk  {rise@0.000ns fall@3.788ns period=7.576ns})
  Destination:            core/native_system/digital/bank/active_calibration_reg[103][0]/CLR
                            (recovery check against rising-edge clock core_clk  {rise@0.000ns fall@3.788ns period=7.576ns})
  Path Group:             **async_default**
  Path Type:              Recovery (Max at Slow Process Corner)
  Requirement:            7.576ns  (core_clk rise@7.576ns - core_clk rise@0.000ns)
  Data Path Delay:        6.475ns  (logic 0.590ns (9.112%)  route 5.885ns (90.888%))
  Logic Levels:           1  (LUT1=1)
  Clock Path Skew:        -0.039ns (DCD - SCD + CPR)
    Destination Clock Delay (DCD):    0.748ns = ( 8.324 - 7.576 ) 
    Source Clock Delay      (SCD):    0.787ns
    Clock Pessimism Removal (CPR):    0.000ns
  Clock Uncertainty:      0.035ns  ((TSJ^2 + TIJ^2)^1/2 + DJ) / 2 + PE
    Total System Jitter     (TSJ):    0.071ns
    Total Input Jitter      (TIJ):    0.000ns
    Discrete Jitter          (DJ):    0.000ns
    Phase Error              (PE):    0.000ns

    Location             Delay type                Incr(ns)  Path(ns)    Netlist Resource(s)
  -------------------------------------------------------------------    -------------------
                         (clock core_clk rise edge)
                                                      0.000     0.000 r  
                                                      0.000     0.000 r  clk (IN)
                         net (fo=20192, unset)        0.787     0.787    core/native_system/digital/clk
    SLICE_X40Y20         FDCE                                         r  core/native_system/digital/reset_sync_reg[1]/C
  -------------------------------------------------------------------    -------------------
    SLICE_X40Y20         FDCE (Prop_fdce_C_Q)         0.348     1.135 r  core/native_system/digital/reset_sync_reg[1]/Q
                         net (fo=3, routed)           0.383     1.518    core/native_system/digital/bank/out[0]
    SLICE_X40Y20         LUT1 (Prop_lut1_I0_O)        0.242     1.760 f  core/native_system/digital/bank/adc_reset_i_2/O
                         net (fo=6424, routed)        5.502     7.262    core/native_system/digital/bank/reset_sync_reg[1]
    SLICE_X105Y5         FDCE                                         f  core/native_system/digital/bank/active_calibration_reg[103][0]/CLR
  -------------------------------------------------------------------    -------------------

                         (clock core_clk rise edge)
                                                      7.576     7.576 r  
                                                      0.000     7.576 r  clk (IN)
                         net (fo=20192, unset)        0.748     8.324    core/native_system/digital/bank/clk
    SLICE_X105Y5         FDCE                                         r  core/native_system/digital/bank/active_calibration_reg[103][0]/C
                         clock pessimism              0.000     8.324    
                         clock uncertainty           -0.035     8.288    
    SLICE_X105Y5         FDCE (Recov_fdce_C_CLR)     -0.331     7.957    core/native_system/digital/bank/active_calibration_reg[103][0]
  -------------------------------------------------------------------
                         required time                          7.957    
                         arrival time                          -7.262    
  -------------------------------------------------------------------
                         slack                                  0.696    





Min Delay Paths
--------------------------------------------------------------------------------------
Slack (MET) :             0.635ns  (arrival time - required time)
  Source:                 core/native_system/digital/reset_sync_reg[1]/C
                            (rising edge-triggered cell FDCE clocked by core_clk  {rise@0.000ns fall@3.788ns period=7.576ns})
  Destination:            core/native_system/digital/adc/frame_valid_reg/CLR
                            (removal check against rising-edge clock core_clk  {rise@0.000ns fall@3.788ns period=7.576ns})
  Path Group:             **async_default**
  Path Type:              Removal (Min at Fast Process Corner)
  Requirement:            0.000ns  (core_clk rise@0.000ns - core_clk rise@0.000ns)
  Data Path Delay:        0.588ns  (logic 0.227ns (38.597%)  route 0.361ns (61.403%))
  Logic Levels:           1  (LUT1=1)
  Clock Path Skew:        0.021ns (DCD - SCD - CPR)
    Destination Clock Delay (DCD):    0.411ns
    Source Clock Delay      (SCD):    0.390ns
    Clock Pessimism Removal (CPR):    -0.000ns

    Location             Delay type                Incr(ns)  Path(ns)    Netlist Resource(s)
  -------------------------------------------------------------------    -------------------
                         (clock core_clk rise edge)
                                                      0.000     0.000 r  
                                                      0.000     0.000 r  clk (IN)
                         net (fo=20192, unset)        0.390     0.390    core/native_system/digital/clk
    SLICE_X40Y20         FDCE                                         r  core/native_system/digital/reset_sync_reg[1]/C
  -------------------------------------------------------------------    -------------------
    SLICE_X40Y20         FDCE (Prop_fdce_C_Q)         0.128     0.518 r  core/native_system/digital/reset_sync_reg[1]/Q
                         net (fo=3, routed)           0.178     0.697    core/native_system/digital/bank/out[0]
    SLICE_X40Y20         LUT1 (Prop_lut1_I0_O)        0.099     0.796 f  core/native_system/digital/bank/adc_reset_i_2/O
                         net (fo=6424, routed)        0.183     0.978    core/native_system/digital/adc/index_reg[0]
    SLICE_X36Y20         FDCE                                         f  core/native_system/digital/adc/frame_valid_reg/CLR
  -------------------------------------------------------------------    -------------------

                         (clock core_clk rise edge)
                                                      0.000     0.000 r  
                                                      0.000     0.000 r  clk (IN)
                         net (fo=20192, unset)        0.411     0.411    core/native_system/digital/adc/clk
    SLICE_X36Y20         FDCE                                         r  core/native_system/digital/adc/frame_valid_reg/C
                         clock pessimism              0.000     0.411    
    SLICE_X36Y20         FDCE (Remov_fdce_C_CLR)     -0.067     0.344    core/native_system/digital/adc/frame_valid_reg
  -------------------------------------------------------------------
                         required time                         -0.344    
                         arrival time                           0.978    
  -------------------------------------------------------------------
                         slack                                  0.635    





--------------------------------------------------------------------------------------
Path Group:  (none)
From Clock:  
  To Clock:  

Max Delay            11 Endpoints
Min Delay            11 Endpoints
--------------------------------------------------------------------------------------


Max Delay Paths
--------------------------------------------------------------------------------------
Slack:                    inf
  Source:                 health[0]
                            (input port)
  Destination:            output_disable
                            (output port)
  Path Group:             (none)
  Path Type:              Max at Slow Process Corner
  Data Path Delay:        5.703ns  (logic 0.730ns (12.801%)  route 4.973ns (87.199%))
  Logic Levels:           5  (LUT2=1 LUT4=1 LUT6=3)

    Location             Delay type                Incr(ns)  Path(ns)    Netlist Resource(s)
  -------------------------------------------------------------------    -------------------
                                                      0.000     0.000 r  health[0] (IN)
                         net (fo=4, unset)            0.787     0.787    supervisor/health[0]
    SLICE_X63Y29         LUT4 (Prop_lut4_I3_O)        0.128     0.915 r  supervisor/status[0]_INST_0/O
                         net (fo=4, routed)           0.792     1.707    supervisor/status[0]
    SLICE_X61Y30         LUT6 (Prop_lut6_I0_O)        0.268     1.975 r  supervisor/S_AXI_awready_INST_0_i_1/O
                         net (fo=2641, routed)        0.767     2.742    core/native_system/queue/core_reset_n
    SLICE_X59Y40         LUT6 (Prop_lut6_I0_O)        0.105     2.847 f  core/native_system/queue/output_disable_INST_0_i_3/O
                         net (fo=2, routed)           1.135     3.982    core/native_system/digital/bank/hardware_enable0
    SLICE_X57Y22         LUT6 (Prop_lut6_I2_O)        0.105     4.087 r  core/native_system/digital/bank/output_disable_INST_0_i_1/O
                         net (fo=1, routed)           0.705     4.792    core/native_system/digital/bank/core_disable
    SLICE_X59Y29         LUT2 (Prop_lut2_I0_O)        0.124     4.916 r  core/native_system/digital/bank/output_disable_INST_0/O
                         net (fo=0)                   0.787     5.703    output_disable
                                                                      r  output_disable (OUT)
  -------------------------------------------------------------------    -------------------





Min Delay Paths
--------------------------------------------------------------------------------------
Slack:                    inf
  Source:                 health[0]
                            (input port)
  Destination:            status[2]
                            (output port)
  Path Group:             (none)
  Path Type:              Min at Fast Process Corner
  Data Path Delay:        0.823ns  (logic 0.042ns (5.106%)  route 0.781ns (94.894%))
  Logic Levels:           1  (LUT4=1)

    Location             Delay type                Incr(ns)  Path(ns)    Netlist Resource(s)
  -------------------------------------------------------------------    -------------------
                                                      0.000     0.000 r  health[0] (IN)
                         net (fo=4, unset)            0.390     0.390    supervisor/health[0]
    SLICE_X64Y27         LUT4 (Prop_lut4_I1_O)        0.042     0.432 r  supervisor/status[2]_INST_0/O
                         net (fo=36, unset)           0.390     0.823    status[2]
                                                                      r  status[2] (OUT)
  -------------------------------------------------------------------    -------------------





--------------------------------------------------------------------------------------
Path Group:  (none)
From Clock:  core_clk
  To Clock:  

Max Delay           147 Endpoints
Min Delay           147 Endpoints
--------------------------------------------------------------------------------------


Max Delay Paths
--------------------------------------------------------------------------------------
Slack:                    inf
  Source:                 supervisor/state_reg_reg[0]/C
                            (rising edge-triggered cell FDPE clocked by core_clk  {rise@0.000ns fall@3.788ns period=7.576ns})
  Destination:            output_disable
                            (output port)
  Path Group:             (none)
  Path Type:              Max at Slow Process Corner
  Data Path Delay:        5.968ns  (logic 1.102ns (18.465%)  route 4.866ns (81.535%))
  Logic Levels:           5  (LUT2=1 LUT4=1 LUT6=3)
  Clock Uncertainty:      0.025ns  ((TSJ^2 + TIJ^2)^1/2 + DJ) / 2 + PE
    Total System Jitter     (TSJ):    0.050ns
    Total Input Jitter      (TIJ):    0.000ns
    Discrete Jitter          (DJ):    0.000ns
    Phase Error              (PE):    0.000ns

    Location             Delay type                Incr(ns)  Path(ns)    Netlist Resource(s)
  -------------------------------------------------------------------    -------------------
                         (clock core_clk rise edge)
                                                      0.000     0.000 r  
                                                      0.000     0.000 r  clk (IN)
                         net (fo=20192, unset)        0.787     0.787    supervisor/clk
    SLICE_X63Y27         FDPE                                         r  supervisor/state_reg_reg[0]/C
  -------------------------------------------------------------------    -------------------
    SLICE_X63Y27         FDPE (Prop_fdpe_C_Q)         0.379     1.166 r  supervisor/state_reg_reg[0]/Q
                         net (fo=10, routed)          0.680     1.846    supervisor/state_reg_reg_n_0_[0]
    SLICE_X63Y29         LUT4 (Prop_lut4_I1_O)        0.121     1.967 r  supervisor/status[0]_INST_0/O
                         net (fo=4, routed)           0.792     2.759    supervisor/status[0]
    SLICE_X61Y30         LUT6 (Prop_lut6_I0_O)        0.268     3.027 r  supervisor/S_AXI_awready_INST_0_i_1/O
                         net (fo=2641, routed)        0.767     3.794    core/native_system/queue/core_reset_n
    SLICE_X59Y40         LUT6 (Prop_lut6_I0_O)        0.105     3.899 f  core/native_system/queue/output_disable_INST_0_i_3/O
                         net (fo=2, routed)           1.135     5.034    core/native_system/digital/bank/hardware_enable0
    SLICE_X57Y22         LUT6 (Prop_lut6_I2_O)        0.105     5.139 r  core/native_system/digital/bank/output_disable_INST_0_i_1/O
                         net (fo=1, routed)           0.705     5.844    core/native_system/digital/bank/core_disable
    SLICE_X59Y29         LUT2 (Prop_lut2_I0_O)        0.124     5.968 r  core/native_system/digital/bank/output_disable_INST_0/O
                         net (fo=0)                   0.787     6.755    output_disable
                                                                      r  output_disable (OUT)
  -------------------------------------------------------------------    -------------------





Min Delay Paths
--------------------------------------------------------------------------------------
Slack:                    inf
  Source:                 core/bridge/s_bresp_reg[0]/C
                            (rising edge-triggered cell FDCE clocked by core_clk  {rise@0.000ns fall@3.788ns period=7.576ns})
  Destination:            S_AXI_bresp[0]
                            (output port)
  Path Group:             (none)
  Path Type:              Min at Fast Process Corner
  Data Path Delay:        0.518ns  (logic 0.128ns (24.697%)  route 0.390ns (75.303%))
  Logic Levels:           0  
  Clock Uncertainty:      0.025ns  ((TSJ^2 + TIJ^2)^1/2 + DJ) / 2 + PE
    Total System Jitter     (TSJ):    0.050ns
    Total Input Jitter      (TIJ):    0.000ns
    Discrete Jitter          (DJ):    0.000ns
    Phase Error              (PE):    0.000ns

    Location             Delay type                Incr(ns)  Path(ns)    Netlist Resource(s)
  -------------------------------------------------------------------    -------------------
                         (clock core_clk rise edge)
                                                      0.000     0.000 r  
                                                      0.000     0.000 r  clk (IN)
                         net (fo=20192, unset)        0.390     0.390    core/bridge/clk
    SLICE_X44Y31         FDCE                                         r  core/bridge/s_bresp_reg[0]/C
  -------------------------------------------------------------------    -------------------
    SLICE_X44Y31         FDCE (Prop_fdce_C_Q)         0.128     0.518 r  core/bridge/s_bresp_reg[0]/Q
                         net (fo=1, unset)            0.390     0.909    S_AXI_bresp[0]
                                                                      r  S_AXI_bresp[0] (OUT)
  -------------------------------------------------------------------    -------------------





--------------------------------------------------------------------------------------
Path Group:  (none)
From Clock:  
  To Clock:  core_clk

Max Delay         16987 Endpoints
Min Delay         16987 Endpoints
--------------------------------------------------------------------------------------


Max Delay Paths
--------------------------------------------------------------------------------------
Slack:                    inf
  Source:                 rst_n
                            (input port)
  Destination:            mailbox/frame_data_reg[58]/CLR
                            (recovery check against rising-edge clock core_clk  {rise@0.000ns fall@3.788ns period=7.576ns})
  Path Group:             (none)
  Path Type:              Recovery (Max at Slow Process Corner)
  Data Path Delay:        19.160ns  (logic 0.105ns (0.548%)  route 19.055ns (99.452%))
  Logic Levels:           1  (LUT1=1)
  Clock Path Skew:        0.748ns (DCD - SCD + CPR)
    Destination Clock Delay (DCD):    0.748ns
    Source Clock Delay      (SCD):    0.000ns
    Clock Pessimism Removal (CPR):    0.000ns
  Clock Uncertainty:      0.025ns  ((TSJ^2 + TIJ^2)^1/2 + DJ) / 2 + PE
    Total System Jitter     (TSJ):    0.050ns
    Total Input Jitter      (TIJ):    0.000ns
    Discrete Jitter          (DJ):    0.000ns
    Phase Error              (PE):    0.000ns

    Location             Delay type                Incr(ns)  Path(ns)    Netlist Resource(s)
  -------------------------------------------------------------------    -------------------
                                                      0.000     0.000 r  rst_n (IN)
                         net (fo=7, unset)            0.787     0.787    mailbox/rst_n
    SLICE_X47Y63         LUT1 (Prop_lut1_I0_O)        0.105     0.892 f  mailbox/bram_rst_INST_0/O
                         net (fo=2364, routed)       18.268    19.160    mailbox/bram_rst
    SLICE_X80Y85         FDCE                                         f  mailbox/frame_data_reg[58]/CLR
  -------------------------------------------------------------------    -------------------

                         (clock core_clk rise edge)
                                                      0.000     0.000 r  
                                                      0.000     0.000 r  clk (IN)
                         net (fo=20192, unset)        0.748     0.748    mailbox/clk
    SLICE_X80Y85         FDCE                                         r  mailbox/frame_data_reg[58]/C





Min Delay Paths
--------------------------------------------------------------------------------------
Slack:                    inf
  Source:                 S_AXI_araddr[0]
                            (input port)
  Destination:            core/bridge/araddr_reg[0]/D
                            (rising edge-triggered cell FDCE clocked by core_clk  {rise@0.000ns fall@3.788ns period=7.576ns})
  Path Group:             (none)
  Path Type:              Hold (Min at Fast Process Corner)
  Data Path Delay:        0.390ns  (logic 0.000ns (0.000%)  route 0.390ns (100.000%))
  Logic Levels:           0  
  Clock Path Skew:        0.411ns (DCD - SCD - CPR)
    Destination Clock Delay (DCD):    0.411ns
    Source Clock Delay      (SCD):    0.000ns
    Clock Pessimism Removal (CPR):    -0.000ns

    Location             Delay type                Incr(ns)  Path(ns)    Netlist Resource(s)
  -------------------------------------------------------------------    -------------------
                                                      0.000     0.000 r  S_AXI_araddr[0] (IN)
                         net (fo=0)                   0.390     0.390    core/bridge/S_AXI_araddr[0]
    SLICE_X36Y33         FDCE                                         r  core/bridge/araddr_reg[0]/D
  -------------------------------------------------------------------    -------------------

                         (clock core_clk rise edge)
                                                      0.000     0.000 r  
                                                      0.000     0.000 r  clk (IN)
                         net (fo=20192, unset)        0.411     0.411    core/bridge/clk
    SLICE_X36Y33         FDCE                                         r  core/bridge/araddr_reg[0]/C





