#-----------------------------------------------------------
# xsim v2025.2 (64-bit)
# SW Build 6299465 on Fri Nov 14 19:35:11 GMT 2025
# IP Build 6300035 on Fri Nov 14 10:48:45 MST 2025
# SharedData Build 6298862 on Thu Nov 13 04:50:51 MST 2025
# Start of session at: Thu Oct  8 16:39:20 2026
# Process ID         : 35280
# Current directory  : E:/Codex_project/AMD-SonoField-FPGA/v5/evidence/baseline/after_migration/motion/faults
# Command line       : xsim.exe -mode tcl -source {xsim.dir/faults_2640000/xsim_script.tcl}
# Log file           : E:/Codex_project/AMD-SonoField-FPGA/v5/evidence/baseline/after_migration/motion/faults/xsim.log
# Journal file       : E:/Codex_project/AMD-SonoField-FPGA/v5/evidence/baseline/after_migration/motion/faults\xsim.jou
# Running On         : loverlike
# Platform           : Windows Server 2016 or Windows 10
# Operating System   : 26200
# Processor Detail   : 13th Gen Intel(R) Core(TM) i9-13980HX
# CPU Frequency      : 2419 MHz
# CPU Physical cores : 24
# CPU Logical cores  : 32
# Host memory        : 16774 MB
# Swap memory        : 23622 MB
# Total Virtual      : 40396 MB
# Available Virtual  : 21914 MB
#-----------------------------------------------------------
source xsim.dir/faults_2640000/xsim_script.tcl
# xsim {faults_2640000} -autoloadwcfg -runall
Time resolution is 1 ps
run -all
PASS MOTION-RTL01/02/03/04 complete maps, ordered double-buffer swap, cadence=2640000 cycles
PASS MOTION-RTL05 underflow disables
PASS MOTION-RTL06 overflow
PASS MOTION-RTL07 STOP mid-load remains disabled until reset
PASS MOTION-RTL08 reset mid-trajectory
PASS MOTION-RTL09 invalid frame/sequence reject
PASS MOTION-RTL10 reset and new complete map recover safely
PASS MOTION extra lost ACK timeout
$finish called at time : 79226806 ns : File "E:/Codex_project/AMD-SonoField-FPGA/v5/tb/tb_motion_faults.sv" Line 86
exit
INFO: [Common 17-206] Exiting xsim at Thu Oct  8 16:39:24 2026...
