Copyright 1986-2022 Xilinx, Inc. All Rights Reserved. Copyright 2022-2025 Advanced Micro Devices, Inc. All Rights Reserved.
--------------------------------------------------------------------------------------------------------------------------------------------------------------------------------------------
| Tool Version : Vivado v.2025.2 (win64) Build 6299465 Fri Nov 14 19:35:11 GMT 2025
| Date         : Fri Oct  9 14:55:52 2026
| Host         : loverlike running 64-bit major release  (build 9200)
| Command      : report_timing_summary -delay_type min_max -report_unconstrained -file E:/Codex_project/AMD_Sonofield/v5/evidence/pre_pcb_20261009/platform_connected4/pl_routed_timing.rpt
| Design       : prepcb_pl
| Device       : 7z020-clg400
| Speed File   : -2  PRODUCTION 1.12 2019-11-22
| Design State : Physopt postRoute
--------------------------------------------------------------------------------------------------------------------------------------------------------------------------------------------

Timing Summary Report

------------------------------------------------------------------------------------------------
| Timer Settings
| --------------
------------------------------------------------------------------------------------------------

  Enable Multi Corner Analysis               :  Yes
  Enable Pessimism Removal                   :  Yes
  Pessimism Removal Resolution               :  Nearest Common Node
  Enable Input Delay Default Clock           :  No
  Enable Preset / Clear Arcs                 :  No
  Disable Flight Delays                      :  No
  Ignore I/O Paths                           :  No
  Timing Early Launch at Borrowing Latches   :  No
  Borrow Time for Max Delay Exceptions       :  Yes
  Merge Timing Exceptions                    :  Yes
  Inter-SLR Compensation                     :  Conservative

  Corner  Analyze    Analyze    
  Name    Max Paths  Min Paths  
  ------  ---------  ---------  
  Slow    Yes        Yes        
  Fast    Yes        Yes        


------------------------------------------------------------------------------------------------
| Report Methodology
| ------------------
------------------------------------------------------------------------------------------------

No report available as report_methodology has not been run prior. Run report_methodology on the current design for the summary of methodology violations.



check_timing report

Table of Contents
-----------------
1. checking no_clock (0)
2. checking constant_clock (0)
3. checking pulse_width_clock (0)
4. checking unconstrained_internal_endpoints (0)
5. checking no_input_delay (161)
6. checking no_output_delay (147)
7. checking multiple_clock (0)
8. checking generated_clocks (0)
9. checking loops (0)
10. checking partial_input_delay (0)
11. checking partial_output_delay (0)
12. checking latch_loops (0)

1. checking no_clock (0)
------------------------
 There are 0 register/latch pins with no clock.


2. checking constant_clock (0)
------------------------------
 There are 0 register/latch pins with constant_clock.


3. checking pulse_width_clock (0)
---------------------------------
 There are 0 register/latch pins which need pulse_width check


4. checking unconstrained_internal_endpoints (0)
------------------------------------------------
 There are 0 pins that are not constrained for maximum delay.

 There are 0 pins that are not constrained for maximum delay due to constant clock.


5. checking no_input_delay (161)
--------------------------------
 There are 161 input ports with no input delay specified. (HIGH)

 There are 0 input ports with no input delay but user has a false path constraint.


6. checking no_output_delay (147)
---------------------------------
 There are 147 ports with no output delay specified. (HIGH)

 There are 0 ports with no output delay but user has a false path constraint

 There are 0 ports with no output delay but with a timing clock defined on it or propagating through it


7. checking multiple_clock (0)
------------------------------
 There are 0 register/latch pins with multiple clocks.


8. checking generated_clocks (0)
--------------------------------
 There are 0 generated clocks that are not connected to a clock source.


9. checking loops (0)
---------------------
 There are 0 combinational loops in the design.


10. checking partial_input_delay (0)
------------------------------------
 There are 0 input ports with partial input delay specified.


11. checking partial_output_delay (0)
-------------------------------------
 There are 0 ports with partial output delay specified.


12. checking latch_loops (0)
----------------------------
 There are 0 combinational latch loops in the design through latch input



------------------------------------------------------------------------------------------------
| Design Timing Summary
| ---------------------
------------------------------------------------------------------------------------------------

    WNS(ns)      TNS(ns)  TNS Failing Endpoints  TNS Total Endpoints      WHS(ns)      THS(ns)  THS Failing Endpoints  THS Total Endpoints     WPWS(ns)     TPWS(ns)  TPWS Failing Endpoints  TPWS Total Endpoints  
    -------      -------  ---------------------  -------------------      -------      -------  ---------------------  -------------------     --------     --------  ----------------------  --------------------  
      0.068        0.000                      0                44286        0.070        0.000                      0                44286        3.288        0.000                       0                 20193  


All user specified timing constraints are met.


------------------------------------------------------------------------------------------------
| Clock Summary
| -------------
------------------------------------------------------------------------------------------------

Clock     Waveform(ns)         Period(ns)      Frequency(MHz)
-----     ------------         ----------      --------------
core_clk  {0.000 3.788}        7.576           131.996         


------------------------------------------------------------------------------------------------
| Intra Clock Table
| -----------------
------------------------------------------------------------------------------------------------

Clock             WNS(ns)      TNS(ns)  TNS Failing Endpoints  TNS Total Endpoints      WHS(ns)      THS(ns)  THS Failing Endpoints  THS Total Endpoints     WPWS(ns)     TPWS(ns)  TPWS Failing Endpoints  TPWS Total Endpoints  
-----             -------      -------  ---------------------  -------------------      -------      -------  ---------------------  -------------------     --------     --------  ----------------------  --------------------  
core_clk            0.068        0.000                      0                37860        0.070        0.000                      0                37860        3.288        0.000                       0                 20193  


------------------------------------------------------------------------------------------------
| Inter Clock Table
| -----------------
------------------------------------------------------------------------------------------------

From Clock    To Clock          WNS(ns)      TNS(ns)  TNS Failing Endpoints  TNS Total Endpoints      WHS(ns)      THS(ns)  THS Failing Endpoints  THS Total Endpoints  
----------    --------          -------      -------  ---------------------  -------------------      -------      -------  ---------------------  -------------------  


------------------------------------------------------------------------------------------------
| Other Path Groups Table
| -----------------------
------------------------------------------------------------------------------------------------

Path Group         From Clock         To Clock               WNS(ns)      TNS(ns)  TNS Failing Endpoints  TNS Total Endpoints      WHS(ns)      THS(ns)  THS Failing Endpoints  THS Total Endpoints  
----------         ----------         --------               -------      -------  ---------------------  -------------------      -------      -------  ---------------------  -------------------  
**async_default**  core_clk           core_clk                 0.814        0.000                      0                 6426        0.671        0.000                      0                 6426  


------------------------------------------------------------------------------------------------
| User Ignored Path Table
| -----------------------
------------------------------------------------------------------------------------------------

Path Group    From Clock    To Clock    
----------    ----------    --------    


------------------------------------------------------------------------------------------------
| Unconstrained Path Table
| ------------------------
------------------------------------------------------------------------------------------------

Path Group    From Clock    To Clock    
----------    ----------    --------    
(none)                                    
(none)        core_clk                    
(none)                      core_clk      


------------------------------------------------------------------------------------------------
| Timing Details
| --------------
------------------------------------------------------------------------------------------------


---------------------------------------------------------------------------------------------------
From Clock:  core_clk
  To Clock:  core_clk

Setup :            0  Failing Endpoints,  Worst Slack        0.068ns,  Total Violation        0.000ns
Hold  :            0  Failing Endpoints,  Worst Slack        0.070ns,  Total Violation        0.000ns
PW    :            0  Failing Endpoints,  Worst Slack        3.288ns,  Total Violation        0.000ns
---------------------------------------------------------------------------------------------------


Max Delay Paths
--------------------------------------------------------------------------------------
Slack (MET) :             0.068ns  (required time - arrival time)
  Source:                 core/native_system/digital/cfg_reg[22][14]/C
                            (rising edge-triggered cell FDCE clocked by core_clk  {rise@0.000ns fall@3.788ns period=7.576ns})
  Destination:            core/native_system/digital/bank/shadow_calibration_reg[60][6]/D
                            (rising edge-triggered cell FDCE clocked by core_clk  {rise@0.000ns fall@3.788ns period=7.576ns})
  Path Group:             core_clk
  Path Type:              Setup (Max at Slow Process Corner)
  Requirement:            7.576ns  (core_clk rise@7.576ns - core_clk rise@0.000ns)
  Data Path Delay:        7.401ns  (logic 0.379ns (5.121%)  route 7.022ns (94.879%))
  Logic Levels:           0  
  Clock Path Skew:        -0.039ns (DCD - SCD + CPR)
    Destination Clock Delay (DCD):    0.748ns = ( 8.324 - 7.576 ) 
    Source Clock Delay      (SCD):    0.787ns
    Clock Pessimism Removal (CPR):    0.000ns
  Clock Uncertainty:      0.035ns  ((TSJ^2 + TIJ^2)^1/2 + DJ) / 2 + PE
    Total System Jitter     (TSJ):    0.071ns
    Total Input Jitter      (TIJ):    0.000ns
    Discrete Jitter          (DJ):    0.000ns
    Phase Error              (PE):    0.000ns

    Location             Delay type                Incr(ns)  Path(ns)    Netlist Resource(s)
  -------------------------------------------------------------------    -------------------
                         (clock core_clk rise edge)
                                                      0.000     0.000 r  
                                                      0.000     0.000 r  clk (IN)
                         net (fo=20192, unset)        0.787     0.787    core/native_system/digital/clk
    SLICE_X57Y89         FDCE                                         r  core/native_system/digital/cfg_reg[22][14]/C
  -------------------------------------------------------------------    -------------------
    SLICE_X57Y89         FDCE (Prop_fdce_C_Q)         0.379     1.166 r  core/native_system/digital/cfg_reg[22][14]/Q
                         net (fo=129, routed)         7.022     8.188    core/native_system/digital/bank/shadow_mask_reg[127]_0[14]
    SLICE_X45Y86         FDCE                                         r  core/native_system/digital/bank/shadow_calibration_reg[60][6]/D
  -------------------------------------------------------------------    -------------------

                         (clock core_clk rise edge)
                                                      7.576     7.576 r  
                                                      0.000     7.576 r  clk (IN)
                         net (fo=20192, unset)        0.748     8.324    core/native_system/digital/bank/clk
    SLICE_X45Y86         FDCE                                         r  core/native_system/digital/bank/shadow_calibration_reg[60][6]/C
                         clock pessimism              0.000     8.324    
                         clock uncertainty           -0.035     8.288    
    SLICE_X45Y86         FDCE (Setup_fdce_C_D)       -0.032     8.256    core/native_system/digital/bank/shadow_calibration_reg[60][6]
  -------------------------------------------------------------------
                         required time                          8.256    
                         arrival time                          -8.188    
  -------------------------------------------------------------------
                         slack                                  0.068    





Min Delay Paths
--------------------------------------------------------------------------------------
Slack (MET) :             0.070ns  (arrival time - required time)
  Source:                 core/native_system/digital/adc/frame_reg[11]/C
                            (rising edge-triggered cell FDCE clocked by core_clk  {rise@0.000ns fall@3.788ns period=7.576ns})
  Destination:            core/native_system/digital/scheduler/memory_reg_0/DIADI[11]
                            (rising edge-triggered cell RAMB36E1 clocked by core_clk  {rise@0.000ns fall@3.788ns period=7.576ns})
  Path Group:             core_clk
  Path Type:              Hold (Min at Fast Process Corner)
  Requirement:            0.000ns  (core_clk rise@0.000ns - core_clk rise@0.000ns)
  Data Path Delay:        0.245ns  (logic 0.141ns (57.471%)  route 0.104ns (42.529%))
  Logic Levels:           0  
  Clock Path Skew:        0.021ns (DCD - SCD - CPR)
    Destination Clock Delay (DCD):    0.411ns
    Source Clock Delay      (SCD):    0.390ns
    Clock Pessimism Removal (CPR):    -0.000ns

    Location             Delay type                Incr(ns)  Path(ns)    Netlist Resource(s)
  -------------------------------------------------------------------    -------------------
                         (clock core_clk rise edge)
                                                      0.000     0.000 r  
                                                      0.000     0.000 r  clk (IN)
                         net (fo=20192, unset)        0.390     0.390    core/native_system/digital/adc/clk
    SLICE_X91Y89         FDCE                                         r  core/native_system/digital/adc/frame_reg[11]/C
  -------------------------------------------------------------------    -------------------
    SLICE_X91Y89         FDCE (Prop_fdce_C_Q)         0.141     0.531 r  core/native_system/digital/adc/frame_reg[11]/Q
                         net (fo=1, routed)           0.104     0.636    core/native_system/digital/scheduler/frame[11]
    RAMB36_X4Y17         RAMB36E1                                     r  core/native_system/digital/scheduler/memory_reg_0/DIADI[11]
  -------------------------------------------------------------------    -------------------

                         (clock core_clk rise edge)
                                                      0.000     0.000 r  
                                                      0.000     0.000 r  clk (IN)
                         net (fo=20192, unset)        0.411     0.411    core/native_system/digital/scheduler/clk
    RAMB36_X4Y17         RAMB36E1                                     r  core/native_system/digital/scheduler/memory_reg_0/CLKARDCLK
                         clock pessimism              0.000     0.411    
    RAMB36_X4Y17         RAMB36E1 (Hold_ramb36e1_CLKARDCLK_DIADI[11])
                                                      0.155     0.566    core/native_system/digital/scheduler/memory_reg_0
  -------------------------------------------------------------------
                         required time                         -0.566    
                         arrival time                           0.636    
  -------------------------------------------------------------------
                         slack                                  0.070    





Pulse Width Checks
--------------------------------------------------------------------------------------
Clock Name:         core_clk
Waveform(ns):       { 0.000 3.788 }
Period(ns):         7.576
Sources:            { clk }

Check Type        Corner  Lib Pin             Reference Pin  Required(ns)  Actual(ns)  Slack(ns)  Location      Pin
Min Period        n/a     RAMB36E1/CLKARDCLK  n/a            2.472         7.576       5.104      RAMB36_X4Y17  core/native_system/digital/scheduler/memory_reg_0/CLKARDCLK
Low Pulse Width   Slow    FDCE/C              n/a            0.500         3.788       3.288      SLICE_X95Y93  core/bridge/FSM_sequential_state_reg[0]/C
High Pulse Width  Slow    FDCE/C              n/a            0.500         3.788       3.288      SLICE_X95Y93  core/bridge/FSM_sequential_state_reg[0]/C



---------------------------------------------------------------------------------------------------
Path Group:  **async_default**
From Clock:  core_clk
  To Clock:  core_clk

Setup :            0  Failing Endpoints,  Worst Slack        0.814ns,  Total Violation        0.000ns
Hold  :            0  Failing Endpoints,  Worst Slack        0.671ns,  Total Violation        0.000ns
---------------------------------------------------------------------------------------------------


Max Delay Paths
--------------------------------------------------------------------------------------
Slack (MET) :             0.814ns  (required time - arrival time)
  Source:                 core/native_system/digital/reset_sync_reg[1]/C
                            (rising edge-triggered cell FDCE clocked by core_clk  {rise@0.000ns fall@3.788ns period=7.576ns})
  Destination:            core/native_system/digital/bank/active_calibration_reg[92][0]/CLR
                            (recovery check against rising-edge clock core_clk  {rise@0.000ns fall@3.788ns period=7.576ns})
  Path Group:             **async_default**
  Path Type:              Recovery (Max at Slow Process Corner)
  Requirement:            7.576ns  (core_clk rise@7.576ns - core_clk rise@0.000ns)
  Data Path Delay:        6.356ns  (logic 0.590ns (9.283%)  route 5.766ns (90.717%))
  Logic Levels:           1  (LUT1=1)
  Clock Path Skew:        -0.039ns (DCD - SCD + CPR)
    Destination Clock Delay (DCD):    0.748ns = ( 8.324 - 7.576 ) 
    Source Clock Delay      (SCD):    0.787ns
    Clock Pessimism Removal (CPR):    0.000ns
  Clock Uncertainty:      0.035ns  ((TSJ^2 + TIJ^2)^1/2 + DJ) / 2 + PE
    Total System Jitter     (TSJ):    0.071ns
    Total Input Jitter      (TIJ):    0.000ns
    Discrete Jitter          (DJ):    0.000ns
    Phase Error              (PE):    0.000ns

    Location             Delay type                Incr(ns)  Path(ns)    Netlist Resource(s)
  -------------------------------------------------------------------    -------------------
                         (clock core_clk rise edge)
                                                      0.000     0.000 r  
                                                      0.000     0.000 r  clk (IN)
                         net (fo=20192, unset)        0.787     0.787    core/native_system/digital/clk
    SLICE_X83Y85         FDCE                                         r  core/native_system/digital/reset_sync_reg[1]/C
  -------------------------------------------------------------------    -------------------
    SLICE_X83Y85         FDCE (Prop_fdce_C_Q)         0.348     1.135 r  core/native_system/digital/reset_sync_reg[1]/Q
                         net (fo=3, routed)           0.451     1.586    core/native_system/digital/bank/out[0]
    SLICE_X81Y78         LUT1 (Prop_lut1_I0_O)        0.242     1.828 f  core/native_system/digital/bank/adc_reset_i_2/O
                         net (fo=6423, routed)        5.315     7.143    core/native_system/digital/bank/reset_sync_reg[1]
    SLICE_X28Y53         FDCE                                         f  core/native_system/digital/bank/active_calibration_reg[92][0]/CLR
  -------------------------------------------------------------------    -------------------

                         (clock core_clk rise edge)
                                                      7.576     7.576 r  
                                                      0.000     7.576 r  clk (IN)
                         net (fo=20192, unset)        0.748     8.324    core/native_system/digital/bank/clk
    SLICE_X28Y53         FDCE                                         r  core/native_system/digital/bank/active_calibration_reg[92][0]/C
                         clock pessimism              0.000     8.324    
                         clock uncertainty           -0.035     8.288    
    SLICE_X28Y53         FDCE (Recov_fdce_C_CLR)     -0.331     7.957    core/native_system/digital/bank/active_calibration_reg[92][0]
  -------------------------------------------------------------------
                         required time                          7.957    
                         arrival time                          -7.143    
  -------------------------------------------------------------------
                         slack                                  0.814    





Min Delay Paths
--------------------------------------------------------------------------------------
Slack (MET) :             0.671ns  (arrival time - required time)
  Source:                 core/native_system/digital/reset_sync_reg[1]/C
                            (rising edge-triggered cell FDCE clocked by core_clk  {rise@0.000ns fall@3.788ns period=7.576ns})
  Destination:            core/native_system/digital/bank/shadow_calibration_reg[41][1]/CLR
                            (removal check against rising-edge clock core_clk  {rise@0.000ns fall@3.788ns period=7.576ns})
  Path Group:             **async_default**
  Path Type:              Removal (Min at Fast Process Corner)
  Requirement:            0.000ns  (core_clk rise@0.000ns - core_clk rise@0.000ns)
  Data Path Delay:        0.600ns  (logic 0.227ns (37.862%)  route 0.373ns (62.138%))
  Logic Levels:           1  (LUT1=1)
  Clock Path Skew:        0.021ns (DCD - SCD - CPR)
    Destination Clock Delay (DCD):    0.411ns
    Source Clock Delay      (SCD):    0.390ns
    Clock Pessimism Removal (CPR):    -0.000ns

    Location             Delay type                Incr(ns)  Path(ns)    Netlist Resource(s)
  -------------------------------------------------------------------    -------------------
                         (clock core_clk rise edge)
                                                      0.000     0.000 r  
                                                      0.000     0.000 r  clk (IN)
                         net (fo=20192, unset)        0.390     0.390    core/native_system/digital/clk
    SLICE_X83Y85         FDCE                                         r  core/native_system/digital/reset_sync_reg[1]/C
  -------------------------------------------------------------------    -------------------
    SLICE_X83Y85         FDCE (Prop_fdce_C_Q)         0.128     0.518 r  core/native_system/digital/reset_sync_reg[1]/Q
                         net (fo=3, routed)           0.221     0.739    core/native_system/digital/bank/out[0]
    SLICE_X81Y78         LUT1 (Prop_lut1_I0_O)        0.099     0.838 f  core/native_system/digital/bank/adc_reset_i_2/O
                         net (fo=6423, routed)        0.152     0.990    core/native_system/digital/bank/reset_sync_reg[1]
    SLICE_X81Y77         FDCE                                         f  core/native_system/digital/bank/shadow_calibration_reg[41][1]/CLR
  -------------------------------------------------------------------    -------------------

                         (clock core_clk rise edge)
                                                      0.000     0.000 r  
                                                      0.000     0.000 r  clk (IN)
                         net (fo=20192, unset)        0.411     0.411    core/native_system/digital/bank/clk
    SLICE_X81Y77         FDCE                                         r  core/native_system/digital/bank/shadow_calibration_reg[41][1]/C
                         clock pessimism              0.000     0.411    
    SLICE_X81Y77         FDCE (Remov_fdce_C_CLR)     -0.092     0.319    core/native_system/digital/bank/shadow_calibration_reg[41][1]
  -------------------------------------------------------------------
                         required time                         -0.319    
                         arrival time                           0.990    
  -------------------------------------------------------------------
                         slack                                  0.671    





--------------------------------------------------------------------------------------
Path Group:  (none)
From Clock:  
  To Clock:  

Max Delay            11 Endpoints
Min Delay            11 Endpoints
--------------------------------------------------------------------------------------


Max Delay Paths
--------------------------------------------------------------------------------------
Slack:                    inf
  Source:                 health[6]
                            (input port)
  Destination:            output_disable
                            (output port)
  Path Group:             (none)
  Path Type:              Max at Slow Process Corner
  Data Path Delay:        6.231ns  (logic 0.650ns (10.431%)  route 5.581ns (89.569%))
  Logic Levels:           6  (LUT2=1 LUT4=1 LUT5=1 LUT6=3)

    Location             Delay type                Incr(ns)  Path(ns)    Netlist Resource(s)
  -------------------------------------------------------------------    -------------------
                                                      0.000     0.000 f  health[6] (IN)
                         net (fo=0)                   0.787     0.787    supervisor/health[5]
    SLICE_X52Y100        LUT6 (Prop_lut6_I5_O)        0.105     0.892 f  supervisor/efuse_dn_INST_0_i_2/O
                         net (fo=1, routed)           0.778     1.670    mailbox/fault_latched_reg
    SLICE_X52Y99         LUT4 (Prop_lut4_I0_O)        0.105     1.775 f  mailbox/efuse_dn_INST_0_i_1/O
                         net (fo=42, routed)          0.886     2.660    supervisor/p_32_in
    SLICE_X56Y98         LUT6 (Prop_lut6_I1_O)        0.105     2.765 f  supervisor/efuse_dn_INST_0/O
                         net (fo=6, routed)           0.559     3.324    core/native_system/queue/stopped_reg_0
    SLICE_X57Y98         LUT5 (Prop_lut5_I1_O)        0.105     3.429 f  core/native_system/queue/output_disable_INST_0_i_3/O
                         net (fo=2, routed)           0.803     4.232    core/native_system/digital/bank/hardware_enable0
    SLICE_X59Y86         LUT6 (Prop_lut6_I2_O)        0.105     4.337 r  core/native_system/digital/bank/output_disable_INST_0_i_1/O
                         net (fo=1, routed)           0.982     5.319    core/native_system/digital/bank/core_disable
    SLICE_X57Y98         LUT2 (Prop_lut2_I0_O)        0.125     5.444 r  core/native_system/digital/bank/output_disable_INST_0/O
                         net (fo=0)                   0.787     6.231    output_disable
                                                                      r  output_disable (OUT)
  -------------------------------------------------------------------    -------------------





Min Delay Paths
--------------------------------------------------------------------------------------
Slack:                    inf
  Source:                 health[0]
                            (input port)
  Destination:            status[0]
                            (output port)
  Path Group:             (none)
  Path Type:              Min at Fast Process Corner
  Data Path Delay:        0.823ns  (logic 0.042ns (5.106%)  route 0.781ns (94.894%))
  Logic Levels:           1  (LUT4=1)

    Location             Delay type                Incr(ns)  Path(ns)    Netlist Resource(s)
  -------------------------------------------------------------------    -------------------
                                                      0.000     0.000 r  health[0] (IN)
                         net (fo=4, unset)            0.390     0.390    supervisor/health[0]
    SLICE_X45Y96         LUT4 (Prop_lut4_I3_O)        0.042     0.432 r  supervisor/status[0]_INST_0/O
                         net (fo=1, unset)            0.390     0.823    status[0]
                                                                      r  status[0] (OUT)
  -------------------------------------------------------------------    -------------------





--------------------------------------------------------------------------------------
Path Group:  (none)
From Clock:  core_clk
  To Clock:  

Max Delay           147 Endpoints
Min Delay           147 Endpoints
--------------------------------------------------------------------------------------


Max Delay Paths
--------------------------------------------------------------------------------------
Slack:                    inf
  Source:                 supervisor/state_reg_reg[2]/C
                            (rising edge-triggered cell FDCE clocked by core_clk  {rise@0.000ns fall@3.788ns period=7.576ns})
  Destination:            output_disable
                            (output port)
  Path Group:             (none)
  Path Type:              Max at Slow Process Corner
  Data Path Delay:        5.886ns  (logic 0.978ns (16.615%)  route 4.908ns (83.385%))
  Logic Levels:           5  (LUT2=1 LUT4=1 LUT5=1 LUT6=2)
  Clock Uncertainty:      0.025ns  ((TSJ^2 + TIJ^2)^1/2 + DJ) / 2 + PE
    Total System Jitter     (TSJ):    0.050ns
    Total Input Jitter      (TIJ):    0.000ns
    Discrete Jitter          (DJ):    0.000ns
    Phase Error              (PE):    0.000ns

    Location             Delay type                Incr(ns)  Path(ns)    Netlist Resource(s)
  -------------------------------------------------------------------    -------------------
                         (clock core_clk rise edge)
                                                      0.000     0.000 r  
                                                      0.000     0.000 r  clk (IN)
                         net (fo=20192, unset)        0.787     0.787    supervisor/clk
    SLICE_X42Y96         FDCE                                         r  supervisor/state_reg_reg[2]/C
  -------------------------------------------------------------------    -------------------
    SLICE_X42Y96         FDCE (Prop_fdce_C_Q)         0.433     1.220 r  supervisor/state_reg_reg[2]/Q
                         net (fo=10, routed)          0.716     1.936    supervisor/state_reg_reg_n_0_[2]
    SLICE_X45Y96         LUT4 (Prop_lut4_I0_O)        0.105     2.041 r  supervisor/status[2]_INST_0/O
                         net (fo=33, routed)          1.061     3.102    supervisor/state_reg_reg[2]_0
    SLICE_X56Y98         LUT6 (Prop_lut6_I3_O)        0.105     3.207 f  supervisor/efuse_dn_INST_0/O
                         net (fo=6, routed)           0.559     3.766    core/native_system/queue/stopped_reg_0
    SLICE_X57Y98         LUT5 (Prop_lut5_I1_O)        0.105     3.871 f  core/native_system/queue/output_disable_INST_0_i_3/O
                         net (fo=2, routed)           0.803     4.674    core/native_system/digital/bank/hardware_enable0
    SLICE_X59Y86         LUT6 (Prop_lut6_I2_O)        0.105     4.779 r  core/native_system/digital/bank/output_disable_INST_0_i_1/O
                         net (fo=1, routed)           0.982     5.761    core/native_system/digital/bank/core_disable
    SLICE_X57Y98         LUT2 (Prop_lut2_I0_O)        0.125     5.886 r  core/native_system/digital/bank/output_disable_INST_0/O
                         net (fo=0)                   0.787     6.673    output_disable
                                                                      r  output_disable (OUT)
  -------------------------------------------------------------------    -------------------





Min Delay Paths
--------------------------------------------------------------------------------------
Slack:                    inf
  Source:                 core/bridge/s_bresp_reg[0]/C
                            (rising edge-triggered cell FDCE clocked by core_clk  {rise@0.000ns fall@3.788ns period=7.576ns})
  Destination:            S_AXI_bresp[0]
                            (output port)
  Path Group:             (none)
  Path Type:              Min at Fast Process Corner
  Data Path Delay:        0.518ns  (logic 0.128ns (24.697%)  route 0.390ns (75.303%))
  Logic Levels:           0  
  Clock Uncertainty:      0.025ns  ((TSJ^2 + TIJ^2)^1/2 + DJ) / 2 + PE
    Total System Jitter     (TSJ):    0.050ns
    Total Input Jitter      (TIJ):    0.000ns
    Discrete Jitter          (DJ):    0.000ns
    Phase Error              (PE):    0.000ns

    Location             Delay type                Incr(ns)  Path(ns)    Netlist Resource(s)
  -------------------------------------------------------------------    -------------------
                         (clock core_clk rise edge)
                                                      0.000     0.000 r  
                                                      0.000     0.000 r  clk (IN)
                         net (fo=20192, unset)        0.390     0.390    core/bridge/clk
    SLICE_X95Y95         FDCE                                         r  core/bridge/s_bresp_reg[0]/C
  -------------------------------------------------------------------    -------------------
    SLICE_X95Y95         FDCE (Prop_fdce_C_Q)         0.128     0.518 r  core/bridge/s_bresp_reg[0]/Q
                         net (fo=1, unset)            0.390     0.909    S_AXI_bresp[0]
                                                                      r  S_AXI_bresp[0] (OUT)
  -------------------------------------------------------------------    -------------------





--------------------------------------------------------------------------------------
Path Group:  (none)
From Clock:  
  To Clock:  core_clk

Max Delay         19346 Endpoints
Min Delay         19346 Endpoints
--------------------------------------------------------------------------------------


Max Delay Paths
--------------------------------------------------------------------------------------
Slack:                    inf
  Source:                 rst_n
                            (input port)
  Destination:            core/bridge/timer_reg[8]/CLR
                            (recovery check against rising-edge clock core_clk  {rise@0.000ns fall@3.788ns period=7.576ns})
  Path Group:             (none)
  Path Type:              Recovery (Max at Slow Process Corner)
  Data Path Delay:        19.257ns  (logic 0.105ns (0.545%)  route 19.152ns (99.455%))
  Logic Levels:           1  (LUT1=1)
  Clock Path Skew:        0.748ns (DCD - SCD + CPR)
    Destination Clock Delay (DCD):    0.748ns
    Source Clock Delay      (SCD):    0.000ns
    Clock Pessimism Removal (CPR):    0.000ns
  Clock Uncertainty:      0.025ns  ((TSJ^2 + TIJ^2)^1/2 + DJ) / 2 + PE
    Total System Jitter     (TSJ):    0.050ns
    Total Input Jitter      (TIJ):    0.000ns
    Discrete Jitter          (DJ):    0.000ns
    Phase Error              (PE):    0.000ns

    Location             Delay type                Incr(ns)  Path(ns)    Netlist Resource(s)
  -------------------------------------------------------------------    -------------------
                                                      0.000     0.000 r  rst_n (IN)
                         net (fo=27, unset)           0.787     0.787    core/bridge/rst_n
    SLICE_X34Y88         LUT1 (Prop_lut1_I0_O)        0.105     0.892 f  core/bridge/i___5/O
                         net (fo=4984, routed)       18.365    19.257    core/bridge/rst_n_0
    SLICE_X93Y88         FDCE                                         f  core/bridge/timer_reg[8]/CLR
  -------------------------------------------------------------------    -------------------

                         (clock core_clk rise edge)
                                                      0.000     0.000 r  
                                                      0.000     0.000 r  clk (IN)
                         net (fo=20192, unset)        0.748     0.748    core/bridge/clk
    SLICE_X93Y88         FDCE                                         r  core/bridge/timer_reg[8]/C





Min Delay Paths
--------------------------------------------------------------------------------------
Slack:                    inf
  Source:                 S_AXI_araddr[0]
                            (input port)
  Destination:            core/bridge/araddr_reg[0]/D
                            (rising edge-triggered cell FDCE clocked by core_clk  {rise@0.000ns fall@3.788ns period=7.576ns})
  Path Group:             (none)
  Path Type:              Hold (Min at Fast Process Corner)
  Data Path Delay:        0.390ns  (logic 0.000ns (0.000%)  route 0.390ns (100.000%))
  Logic Levels:           0  
  Clock Path Skew:        0.411ns (DCD - SCD - CPR)
    Destination Clock Delay (DCD):    0.411ns
    Source Clock Delay      (SCD):    0.000ns
    Clock Pessimism Removal (CPR):    -0.000ns

    Location             Delay type                Incr(ns)  Path(ns)    Netlist Resource(s)
  -------------------------------------------------------------------    -------------------
                                                      0.000     0.000 r  S_AXI_araddr[0] (IN)
                         net (fo=0)                   0.390     0.390    core/bridge/S_AXI_araddr[0]
    SLICE_X97Y92         FDCE                                         r  core/bridge/araddr_reg[0]/D
  -------------------------------------------------------------------    -------------------

                         (clock core_clk rise edge)
                                                      0.000     0.000 r  
                                                      0.000     0.000 r  clk (IN)
                         net (fo=20192, unset)        0.411     0.411    core/bridge/clk
    SLICE_X97Y92         FDCE                                         r  core/bridge/araddr_reg[0]/C





