Copyright 1986-2022 Xilinx, Inc. All Rights Reserved. Copyright 2022-2025 Advanced Micro Devices, Inc. All Rights Reserved.
--------------------------------------------------------------------------------------------------------------------------------------------------------------------------------------------------------------------
| Tool Version : Vivado v.2025.2 (win64) Build 6299465 Fri Nov 14 19:35:11 GMT 2025
| Date         : Fri Oct  9 18:28:25 2026
| Host         : loverlike running 64-bit major release  (build 9200)
| Command      : report_timing_summary -delay_type min_max -report_unconstrained -file E:/Codex_project/AMD_Sonofield/.portability/prepcb_clean/v5/evidence/pre_pcb_20261009/platform_verified/pl_routed_timing.rpt
| Design       : prepcb_pl
| Device       : 7z020-clg400
| Speed File   : -2  PRODUCTION 1.12 2019-11-22
| Design State : Physopt postRoute
--------------------------------------------------------------------------------------------------------------------------------------------------------------------------------------------------------------------

Timing Summary Report

------------------------------------------------------------------------------------------------
| Timer Settings
| --------------
------------------------------------------------------------------------------------------------

  Enable Multi Corner Analysis               :  Yes
  Enable Pessimism Removal                   :  Yes
  Pessimism Removal Resolution               :  Nearest Common Node
  Enable Input Delay Default Clock           :  No
  Enable Preset / Clear Arcs                 :  No
  Disable Flight Delays                      :  No
  Ignore I/O Paths                           :  No
  Timing Early Launch at Borrowing Latches   :  No
  Borrow Time for Max Delay Exceptions       :  Yes
  Merge Timing Exceptions                    :  Yes
  Inter-SLR Compensation                     :  Conservative

  Corner  Analyze    Analyze    
  Name    Max Paths  Min Paths  
  ------  ---------  ---------  
  Slow    Yes        Yes        
  Fast    Yes        Yes        


------------------------------------------------------------------------------------------------
| Report Methodology
| ------------------
------------------------------------------------------------------------------------------------

No report available as report_methodology has not been run prior. Run report_methodology on the current design for the summary of methodology violations.



check_timing report

Table of Contents
-----------------
1. checking no_clock (0)
2. checking constant_clock (0)
3. checking pulse_width_clock (0)
4. checking unconstrained_internal_endpoints (0)
5. checking no_input_delay (161)
6. checking no_output_delay (148)
7. checking multiple_clock (0)
8. checking generated_clocks (0)
9. checking loops (0)
10. checking partial_input_delay (0)
11. checking partial_output_delay (0)
12. checking latch_loops (0)

1. checking no_clock (0)
------------------------
 There are 0 register/latch pins with no clock.


2. checking constant_clock (0)
------------------------------
 There are 0 register/latch pins with constant_clock.


3. checking pulse_width_clock (0)
---------------------------------
 There are 0 register/latch pins which need pulse_width check


4. checking unconstrained_internal_endpoints (0)
------------------------------------------------
 There are 0 pins that are not constrained for maximum delay.

 There are 0 pins that are not constrained for maximum delay due to constant clock.


5. checking no_input_delay (161)
--------------------------------
 There are 161 input ports with no input delay specified. (HIGH)

 There are 0 input ports with no input delay but user has a false path constraint.


6. checking no_output_delay (148)
---------------------------------
 There are 148 ports with no output delay specified. (HIGH)

 There are 0 ports with no output delay but user has a false path constraint

 There are 0 ports with no output delay but with a timing clock defined on it or propagating through it


7. checking multiple_clock (0)
------------------------------
 There are 0 register/latch pins with multiple clocks.


8. checking generated_clocks (0)
--------------------------------
 There are 0 generated clocks that are not connected to a clock source.


9. checking loops (0)
---------------------
 There are 0 combinational loops in the design.


10. checking partial_input_delay (0)
------------------------------------
 There are 0 input ports with partial input delay specified.


11. checking partial_output_delay (0)
-------------------------------------
 There are 0 ports with partial output delay specified.


12. checking latch_loops (0)
----------------------------
 There are 0 combinational latch loops in the design through latch input



------------------------------------------------------------------------------------------------
| Design Timing Summary
| ---------------------
------------------------------------------------------------------------------------------------

    WNS(ns)      TNS(ns)  TNS Failing Endpoints  TNS Total Endpoints      WHS(ns)      THS(ns)  THS Failing Endpoints  THS Total Endpoints     WPWS(ns)     TPWS(ns)  TPWS Failing Endpoints  TPWS Total Endpoints  
    -------      -------  ---------------------  -------------------      -------      -------  ---------------------  -------------------     --------     --------  ----------------------  --------------------  
      0.081        0.000                      0                49162        0.096        0.000                      0                49162        3.288        0.000                       0                 20193  


All user specified timing constraints are met.


------------------------------------------------------------------------------------------------
| Clock Summary
| -------------
------------------------------------------------------------------------------------------------

Clock     Waveform(ns)         Period(ns)      Frequency(MHz)
-----     ------------         ----------      --------------
core_clk  {0.000 3.788}        7.576           131.996         


------------------------------------------------------------------------------------------------
| Intra Clock Table
| -----------------
------------------------------------------------------------------------------------------------

Clock             WNS(ns)      TNS(ns)  TNS Failing Endpoints  TNS Total Endpoints      WHS(ns)      THS(ns)  THS Failing Endpoints  THS Total Endpoints     WPWS(ns)     TPWS(ns)  TPWS Failing Endpoints  TPWS Total Endpoints  
-----             -------      -------  ---------------------  -------------------      -------      -------  ---------------------  -------------------     --------     --------  ----------------------  --------------------  
core_clk            0.081        0.000                      0                37860        0.096        0.000                      0                37860        3.288        0.000                       0                 20193  


------------------------------------------------------------------------------------------------
| Inter Clock Table
| -----------------
------------------------------------------------------------------------------------------------

From Clock    To Clock          WNS(ns)      TNS(ns)  TNS Failing Endpoints  TNS Total Endpoints      WHS(ns)      THS(ns)  THS Failing Endpoints  THS Total Endpoints  
----------    --------          -------      -------  ---------------------  -------------------      -------      -------  ---------------------  -------------------  


------------------------------------------------------------------------------------------------
| Other Path Groups Table
| -----------------------
------------------------------------------------------------------------------------------------

Path Group         From Clock         To Clock               WNS(ns)      TNS(ns)  TNS Failing Endpoints  TNS Total Endpoints      WHS(ns)      THS(ns)  THS Failing Endpoints  THS Total Endpoints  
----------         ----------         --------               -------      -------  ---------------------  -------------------      -------      -------  ---------------------  -------------------  
**async_default**  core_clk           core_clk                 0.802        0.000                      0                11302        0.659        0.000                      0                11302  


------------------------------------------------------------------------------------------------
| User Ignored Path Table
| -----------------------
------------------------------------------------------------------------------------------------

Path Group    From Clock    To Clock    
----------    ----------    --------    


------------------------------------------------------------------------------------------------
| Unconstrained Path Table
| ------------------------
------------------------------------------------------------------------------------------------

Path Group    From Clock    To Clock    
----------    ----------    --------    
(none)                                    
(none)        core_clk                    
(none)                      core_clk      


------------------------------------------------------------------------------------------------
| Timing Details
| --------------
------------------------------------------------------------------------------------------------


---------------------------------------------------------------------------------------------------
From Clock:  core_clk
  To Clock:  core_clk

Setup :            0  Failing Endpoints,  Worst Slack        0.081ns,  Total Violation        0.000ns
Hold  :            0  Failing Endpoints,  Worst Slack        0.096ns,  Total Violation        0.000ns
PW    :            0  Failing Endpoints,  Worst Slack        3.288ns,  Total Violation        0.000ns
---------------------------------------------------------------------------------------------------


Max Delay Paths
--------------------------------------------------------------------------------------
Slack (MET) :             0.081ns  (required time - arrival time)
  Source:                 core/native_system/digital/cfg_reg[22][5]/C
                            (rising edge-triggered cell FDCE clocked by core_clk  {rise@0.000ns fall@3.788ns period=7.576ns})
  Destination:            core/native_system/digital/bank/shadow_requested_reg[96][5]/D
                            (rising edge-triggered cell FDCE clocked by core_clk  {rise@0.000ns fall@3.788ns period=7.576ns})
  Path Group:             core_clk
  Path Type:              Setup (Max at Slow Process Corner)
  Requirement:            7.576ns  (core_clk rise@7.576ns - core_clk rise@0.000ns)
  Data Path Delay:        7.214ns  (logic 0.348ns (4.824%)  route 6.866ns (95.176%))
  Logic Levels:           0  
  Clock Path Skew:        -0.039ns (DCD - SCD + CPR)
    Destination Clock Delay (DCD):    0.748ns = ( 8.324 - 7.576 ) 
    Source Clock Delay      (SCD):    0.787ns
    Clock Pessimism Removal (CPR):    0.000ns
  Clock Uncertainty:      0.035ns  ((TSJ^2 + TIJ^2)^1/2 + DJ) / 2 + PE
    Total System Jitter     (TSJ):    0.071ns
    Total Input Jitter      (TIJ):    0.000ns
    Discrete Jitter          (DJ):    0.000ns
    Phase Error              (PE):    0.000ns

    Location             Delay type                Incr(ns)  Path(ns)    Netlist Resource(s)
  -------------------------------------------------------------------    -------------------
                         (clock core_clk rise edge)
                                                      0.000     0.000 r  
                                                      0.000     0.000 r  clk (IN)
                         net (fo=20192, unset)        0.787     0.787    core/native_system/digital/clk
    SLICE_X84Y17         FDCE                                         r  core/native_system/digital/cfg_reg[22][5]/C
  -------------------------------------------------------------------    -------------------
    SLICE_X84Y17         FDCE (Prop_fdce_C_Q)         0.348     1.135 r  core/native_system/digital/cfg_reg[22][5]/Q
                         net (fo=129, routed)         6.866     8.001    core/native_system/digital/bank/shadow_mask_reg[127]_0[5]
    SLICE_X28Y8          FDCE                                         r  core/native_system/digital/bank/shadow_requested_reg[96][5]/D
  -------------------------------------------------------------------    -------------------

                         (clock core_clk rise edge)
                                                      7.576     7.576 r  
                                                      0.000     7.576 r  clk (IN)
                         net (fo=20192, unset)        0.748     8.324    core/native_system/digital/bank/clk
    SLICE_X28Y8          FDCE                                         r  core/native_system/digital/bank/shadow_requested_reg[96][5]/C
                         clock pessimism              0.000     8.324    
                         clock uncertainty           -0.035     8.288    
    SLICE_X28Y8          FDCE (Setup_fdce_C_D)       -0.206     8.082    core/native_system/digital/bank/shadow_requested_reg[96][5]
  -------------------------------------------------------------------
                         required time                          8.082    
                         arrival time                          -8.001    
  -------------------------------------------------------------------
                         slack                                  0.081    





Min Delay Paths
--------------------------------------------------------------------------------------
Slack (MET) :             0.096ns  (arrival time - required time)
  Source:                 core/native_system/digital/bank/shadow_calibration_reg[103][1]/C
                            (rising edge-triggered cell FDCE clocked by core_clk  {rise@0.000ns fall@3.788ns period=7.576ns})
  Destination:            core/native_system/digital/bank/active_calibration_reg[103][1]/D
                            (rising edge-triggered cell FDCE clocked by core_clk  {rise@0.000ns fall@3.788ns period=7.576ns})
  Path Group:             core_clk
  Path Type:              Hold (Min at Fast Process Corner)
  Requirement:            0.000ns  (core_clk rise@0.000ns - core_clk rise@0.000ns)
  Data Path Delay:        0.192ns  (logic 0.141ns (73.267%)  route 0.051ns (26.733%))
  Logic Levels:           0  
  Clock Path Skew:        0.021ns (DCD - SCD - CPR)
    Destination Clock Delay (DCD):    0.411ns
    Source Clock Delay      (SCD):    0.390ns
    Clock Pessimism Removal (CPR):    -0.000ns

    Location             Delay type                Incr(ns)  Path(ns)    Netlist Resource(s)
  -------------------------------------------------------------------    -------------------
                         (clock core_clk rise edge)
                                                      0.000     0.000 r  
                                                      0.000     0.000 r  clk (IN)
                         net (fo=20192, unset)        0.390     0.390    core/native_system/digital/bank/clk
    SLICE_X17Y3          FDCE                                         r  core/native_system/digital/bank/shadow_calibration_reg[103][1]/C
  -------------------------------------------------------------------    -------------------
    SLICE_X17Y3          FDCE (Prop_fdce_C_Q)         0.141     0.531 r  core/native_system/digital/bank/shadow_calibration_reg[103][1]/Q
                         net (fo=1, routed)           0.051     0.583    core/native_system/digital/bank/shadow_calibration_reg[103]_313[1]
    SLICE_X16Y3          FDCE                                         r  core/native_system/digital/bank/active_calibration_reg[103][1]/D
  -------------------------------------------------------------------    -------------------

                         (clock core_clk rise edge)
                                                      0.000     0.000 r  
                                                      0.000     0.000 r  clk (IN)
                         net (fo=20192, unset)        0.411     0.411    core/native_system/digital/bank/clk
    SLICE_X16Y3          FDCE                                         r  core/native_system/digital/bank/active_calibration_reg[103][1]/C
                         clock pessimism              0.000     0.411    
    SLICE_X16Y3          FDCE (Hold_fdce_C_D)         0.076     0.487    core/native_system/digital/bank/active_calibration_reg[103][1]
  -------------------------------------------------------------------
                         required time                         -0.487    
                         arrival time                           0.583    
  -------------------------------------------------------------------
                         slack                                  0.096    





Pulse Width Checks
--------------------------------------------------------------------------------------
Clock Name:         core_clk
Waveform(ns):       { 0.000 3.788 }
Period(ns):         7.576
Sources:            { clk }

Check Type        Corner  Lib Pin             Reference Pin  Required(ns)  Actual(ns)  Slack(ns)  Location      Pin
Min Period        n/a     RAMB36E1/CLKARDCLK  n/a            2.472         7.576       5.104      RAMB36_X3Y1   core/native_system/digital/scheduler/memory_reg_0/CLKARDCLK
Low Pulse Width   Slow    FDCE/C              n/a            0.500         3.788       3.288      SLICE_X79Y47  publish_armed_reg/C
High Pulse Width  Slow    FDCE/C              n/a            0.500         3.788       3.288      SLICE_X79Y47  publish_armed_reg/C



---------------------------------------------------------------------------------------------------
Path Group:  **async_default**
From Clock:  core_clk
  To Clock:  core_clk

Setup :            0  Failing Endpoints,  Worst Slack        0.802ns,  Total Violation        0.000ns
Hold  :            0  Failing Endpoints,  Worst Slack        0.659ns,  Total Violation        0.000ns
---------------------------------------------------------------------------------------------------


Max Delay Paths
--------------------------------------------------------------------------------------
Slack (MET) :             0.802ns  (required time - arrival time)
  Source:                 core/native_system/digital/reset_sync_reg[1]/C
                            (rising edge-triggered cell FDCE clocked by core_clk  {rise@0.000ns fall@3.788ns period=7.576ns})
  Destination:            core/native_system/digital/bank/shadow_calibration_reg[53][3]/CLR
                            (recovery check against rising-edge clock core_clk  {rise@0.000ns fall@3.788ns period=7.576ns})
  Path Group:             **async_default**
  Path Type:              Recovery (Max at Slow Process Corner)
  Requirement:            7.576ns  (core_clk rise@7.576ns - core_clk rise@0.000ns)
  Data Path Delay:        6.368ns  (logic 0.590ns (9.265%)  route 5.778ns (90.735%))
  Logic Levels:           1  (LUT1=1)
  Clock Path Skew:        -0.039ns (DCD - SCD + CPR)
    Destination Clock Delay (DCD):    0.748ns = ( 8.324 - 7.576 ) 
    Source Clock Delay      (SCD):    0.787ns
    Clock Pessimism Removal (CPR):    0.000ns
  Clock Uncertainty:      0.035ns  ((TSJ^2 + TIJ^2)^1/2 + DJ) / 2 + PE
    Total System Jitter     (TSJ):    0.071ns
    Total Input Jitter      (TIJ):    0.000ns
    Discrete Jitter          (DJ):    0.000ns
    Phase Error              (PE):    0.000ns

    Location             Delay type                Incr(ns)  Path(ns)    Netlist Resource(s)
  -------------------------------------------------------------------    -------------------
                         (clock core_clk rise edge)
                                                      0.000     0.000 r  
                                                      0.000     0.000 r  clk (IN)
                         net (fo=20192, unset)        0.787     0.787    core/native_system/digital/clk
    SLICE_X69Y6          FDCE                                         r  core/native_system/digital/reset_sync_reg[1]/C
  -------------------------------------------------------------------    -------------------
    SLICE_X69Y6          FDCE (Prop_fdce_C_Q)         0.348     1.135 r  core/native_system/digital/reset_sync_reg[1]/Q
                         net (fo=3, routed)           0.375     1.510    core/native_system/digital/bank/out[0]
    SLICE_X69Y6          LUT1 (Prop_lut1_I0_O)        0.242     1.752 f  core/native_system/digital/bank/adc_reset_i_2/O
                         net (fo=6423, routed)        5.403     7.155    core/native_system/digital/bank/reset_sync_reg[1]
    SLICE_X27Y29         FDCE                                         f  core/native_system/digital/bank/shadow_calibration_reg[53][3]/CLR
  -------------------------------------------------------------------    -------------------

                         (clock core_clk rise edge)
                                                      7.576     7.576 r  
                                                      0.000     7.576 r  clk (IN)
                         net (fo=20192, unset)        0.748     8.324    core/native_system/digital/bank/clk
    SLICE_X27Y29         FDCE                                         r  core/native_system/digital/bank/shadow_calibration_reg[53][3]/C
                         clock pessimism              0.000     8.324    
                         clock uncertainty           -0.035     8.288    
    SLICE_X27Y29         FDCE (Recov_fdce_C_CLR)     -0.331     7.957    core/native_system/digital/bank/shadow_calibration_reg[53][3]
  -------------------------------------------------------------------
                         required time                          7.957    
                         arrival time                          -7.155    
  -------------------------------------------------------------------
                         slack                                  0.802    





Min Delay Paths
--------------------------------------------------------------------------------------
Slack (MET) :             0.659ns  (arrival time - required time)
  Source:                 core/native_system/digital/reset_sync_reg[1]/C
                            (rising edge-triggered cell FDCE clocked by core_clk  {rise@0.000ns fall@3.788ns period=7.576ns})
  Destination:            core/native_system/digital/cfg_reg[7][4]/CLR
                            (removal check against rising-edge clock core_clk  {rise@0.000ns fall@3.788ns period=7.576ns})
  Path Group:             **async_default**
  Path Type:              Removal (Min at Fast Process Corner)
  Requirement:            0.000ns  (core_clk rise@0.000ns - core_clk rise@0.000ns)
  Data Path Delay:        0.588ns  (logic 0.227ns (38.629%)  route 0.361ns (61.371%))
  Logic Levels:           1  (LUT1=1)
  Clock Path Skew:        0.021ns (DCD - SCD - CPR)
    Destination Clock Delay (DCD):    0.411ns
    Source Clock Delay      (SCD):    0.390ns
    Clock Pessimism Removal (CPR):    -0.000ns

    Location             Delay type                Incr(ns)  Path(ns)    Netlist Resource(s)
  -------------------------------------------------------------------    -------------------
                         (clock core_clk rise edge)
                                                      0.000     0.000 r  
                                                      0.000     0.000 r  clk (IN)
                         net (fo=20192, unset)        0.390     0.390    core/native_system/digital/clk
    SLICE_X69Y6          FDCE                                         r  core/native_system/digital/reset_sync_reg[1]/C
  -------------------------------------------------------------------    -------------------
    SLICE_X69Y6          FDCE (Prop_fdce_C_Q)         0.128     0.518 r  core/native_system/digital/reset_sync_reg[1]/Q
                         net (fo=3, routed)           0.170     0.688    core/native_system/digital/bank/out[0]
    SLICE_X69Y6          LUT1 (Prop_lut1_I0_O)        0.099     0.787 f  core/native_system/digital/bank/adc_reset_i_2/O
                         net (fo=6423, routed)        0.191     0.978    core/native_system/digital/bank_n_1
    SLICE_X73Y6          FDCE                                         f  core/native_system/digital/cfg_reg[7][4]/CLR
  -------------------------------------------------------------------    -------------------

                         (clock core_clk rise edge)
                                                      0.000     0.000 r  
                                                      0.000     0.000 r  clk (IN)
                         net (fo=20192, unset)        0.411     0.411    core/native_system/digital/clk
    SLICE_X73Y6          FDCE                                         r  core/native_system/digital/cfg_reg[7][4]/C
                         clock pessimism              0.000     0.411    
    SLICE_X73Y6          FDCE (Remov_fdce_C_CLR)     -0.092     0.319    core/native_system/digital/cfg_reg[7][4]
  -------------------------------------------------------------------
                         required time                         -0.319    
                         arrival time                           0.978    
  -------------------------------------------------------------------
                         slack                                  0.659    





--------------------------------------------------------------------------------------
Path Group:  (none)
From Clock:  
  To Clock:  

Max Delay            11 Endpoints
Min Delay            11 Endpoints
--------------------------------------------------------------------------------------


Max Delay Paths
--------------------------------------------------------------------------------------
Slack:                    inf
  Source:                 health[0]
                            (input port)
  Destination:            output_disable
                            (output port)
  Path Group:             (none)
  Path Type:              Max at Slow Process Corner
  Data Path Delay:        7.047ns  (logic 0.616ns (8.742%)  route 6.431ns (91.258%))
  Logic Levels:           4  (LUT2=1 LUT4=1 LUT6=2)

    Location             Delay type                Incr(ns)  Path(ns)    Netlist Resource(s)
  -------------------------------------------------------------------    -------------------
                                                      0.000     0.000 r  health[0] (IN)
                         net (fo=4, unset)            0.787     0.787    supervisor/health[0]
    SLICE_X90Y33         LUT4 (Prop_lut4_I3_O)        0.128     0.915 r  supervisor/status[0]_INST_0/O
                         net (fo=4, routed)           0.691     1.606    supervisor/status[0]
    SLICE_X90Y33         LUT6 (Prop_lut6_I0_O)        0.268     1.874 r  supervisor/S_AXI_awready_INST_0_i_1/O
                         net (fo=2641, routed)        2.861     4.735    core/native_system/digital/bank/core_reset_n
    SLICE_X72Y17         LUT6 (Prop_lut6_I1_O)        0.105     4.840 r  core/native_system/digital/bank/output_disable_INST_0_i_1/O
                         net (fo=1, routed)           1.305     6.145    core/native_system/digital/bank/core_disable
    SLICE_X83Y31         LUT2 (Prop_lut2_I0_O)        0.115     6.260 r  core/native_system/digital/bank/output_disable_INST_0/O
                         net (fo=0)                   0.787     7.047    output_disable
                                                                      r  output_disable (OUT)
  -------------------------------------------------------------------    -------------------





Min Delay Paths
--------------------------------------------------------------------------------------
Slack:                    inf
  Source:                 health[0]
                            (input port)
  Destination:            status[0]
                            (output port)
  Path Group:             (none)
  Path Type:              Min at Fast Process Corner
  Data Path Delay:        0.824ns  (logic 0.043ns (5.221%)  route 0.781ns (94.779%))
  Logic Levels:           1  (LUT4=1)

    Location             Delay type                Incr(ns)  Path(ns)    Netlist Resource(s)
  -------------------------------------------------------------------    -------------------
                                                      0.000     0.000 r  health[0] (IN)
                         net (fo=4, unset)            0.390     0.390    supervisor/health[0]
    SLICE_X90Y33         LUT4 (Prop_lut4_I3_O)        0.043     0.433 r  supervisor/status[0]_INST_0/O
                         net (fo=4, unset)            0.390     0.824    status[0]
                                                                      r  status[0] (OUT)
  -------------------------------------------------------------------    -------------------





--------------------------------------------------------------------------------------
Path Group:  (none)
From Clock:  core_clk
  To Clock:  

Max Delay           148 Endpoints
Min Delay           148 Endpoints
--------------------------------------------------------------------------------------


Max Delay Paths
--------------------------------------------------------------------------------------
Slack:                    inf
  Source:                 supervisor/state_reg_reg[0]/C
                            (rising edge-triggered cell FDPE clocked by core_clk  {rise@0.000ns fall@3.788ns period=7.576ns})
  Destination:            output_disable
                            (output port)
  Path Group:             (none)
  Path Type:              Max at Slow Process Corner
  Data Path Delay:        7.341ns  (logic 0.986ns (13.431%)  route 6.355ns (86.569%))
  Logic Levels:           4  (LUT2=1 LUT4=1 LUT6=2)
  Clock Uncertainty:      0.025ns  ((TSJ^2 + TIJ^2)^1/2 + DJ) / 2 + PE
    Total System Jitter     (TSJ):    0.050ns
    Total Input Jitter      (TIJ):    0.000ns
    Discrete Jitter          (DJ):    0.000ns
    Phase Error              (PE):    0.000ns

    Location             Delay type                Incr(ns)  Path(ns)    Netlist Resource(s)
  -------------------------------------------------------------------    -------------------
                         (clock core_clk rise edge)
                                                      0.000     0.000 r  
                                                      0.000     0.000 r  clk (IN)
                         net (fo=20192, unset)        0.787     0.787    supervisor/clk
    SLICE_X93Y32         FDPE                                         r  supervisor/state_reg_reg[0]/C
  -------------------------------------------------------------------    -------------------
    SLICE_X93Y32         FDPE (Prop_fdpe_C_Q)         0.379     1.166 r  supervisor/state_reg_reg[0]/Q
                         net (fo=10, routed)          0.711     1.877    supervisor/state_reg_reg_n_0_[0]
    SLICE_X90Y33         LUT4 (Prop_lut4_I1_O)        0.119     1.996 r  supervisor/status[0]_INST_0/O
                         net (fo=4, routed)           0.691     2.687    supervisor/status[0]
    SLICE_X90Y33         LUT6 (Prop_lut6_I0_O)        0.268     2.955 r  supervisor/S_AXI_awready_INST_0_i_1/O
                         net (fo=2641, routed)        2.861     5.817    core/native_system/digital/bank/core_reset_n
    SLICE_X72Y17         LUT6 (Prop_lut6_I1_O)        0.105     5.922 r  core/native_system/digital/bank/output_disable_INST_0_i_1/O
                         net (fo=1, routed)           1.305     7.226    core/native_system/digital/bank/core_disable
    SLICE_X83Y31         LUT2 (Prop_lut2_I0_O)        0.115     7.341 r  core/native_system/digital/bank/output_disable_INST_0/O
                         net (fo=0)                   0.787     8.128    output_disable
                                                                      r  output_disable (OUT)
  -------------------------------------------------------------------    -------------------





Min Delay Paths
--------------------------------------------------------------------------------------
Slack:                    inf
  Source:                 core/bridge/s_bresp_reg[0]/C
                            (rising edge-triggered cell FDCE clocked by core_clk  {rise@0.000ns fall@3.788ns period=7.576ns})
  Destination:            S_AXI_bresp[0]
                            (output port)
  Path Group:             (none)
  Path Type:              Min at Fast Process Corner
  Data Path Delay:        0.518ns  (logic 0.128ns (24.697%)  route 0.390ns (75.303%))
  Logic Levels:           0  
  Clock Uncertainty:      0.025ns  ((TSJ^2 + TIJ^2)^1/2 + DJ) / 2 + PE
    Total System Jitter     (TSJ):    0.050ns
    Total Input Jitter      (TIJ):    0.000ns
    Discrete Jitter          (DJ):    0.000ns
    Phase Error              (PE):    0.000ns

    Location             Delay type                Incr(ns)  Path(ns)    Netlist Resource(s)
  -------------------------------------------------------------------    -------------------
                         (clock core_clk rise edge)
                                                      0.000     0.000 r  
                                                      0.000     0.000 r  clk (IN)
                         net (fo=20192, unset)        0.390     0.390    core/bridge/clk
    SLICE_X88Y25         FDCE                                         r  core/bridge/s_bresp_reg[0]/C
  -------------------------------------------------------------------    -------------------
    SLICE_X88Y25         FDCE (Prop_fdce_C_Q)         0.128     0.518 r  core/bridge/s_bresp_reg[0]/Q
                         net (fo=1, unset)            0.390     0.909    S_AXI_bresp[0]
                                                                      r  S_AXI_bresp[0] (OUT)
  -------------------------------------------------------------------    -------------------





--------------------------------------------------------------------------------------
Path Group:  (none)
From Clock:  
  To Clock:  core_clk

Max Delay         16989 Endpoints
Min Delay         16989 Endpoints
--------------------------------------------------------------------------------------


Max Delay Paths
--------------------------------------------------------------------------------------
Slack:                    inf
  Source:                 health[0]
                            (input port)
  Destination:            core/native_system/queue/queue_reg[1][547]/CE
                            (rising edge-triggered cell FDRE clocked by core_clk  {rise@0.000ns fall@3.788ns period=7.576ns})
  Path Group:             (none)
  Path Type:              Setup (Max at Slow Process Corner)
  Data Path Delay:        6.279ns  (logic 0.711ns (11.324%)  route 5.568ns (88.676%))
  Logic Levels:           5  (LUT4=1 LUT5=1 LUT6=3)
  Clock Path Skew:        0.748ns (DCD - SCD + CPR)
    Destination Clock Delay (DCD):    0.748ns
    Source Clock Delay      (SCD):    0.000ns
    Clock Pessimism Removal (CPR):    0.000ns
  Clock Uncertainty:      0.025ns  ((TSJ^2 + TIJ^2)^1/2 + DJ) / 2 + PE
    Total System Jitter     (TSJ):    0.050ns
    Total Input Jitter      (TIJ):    0.000ns
    Discrete Jitter          (DJ):    0.000ns
    Phase Error              (PE):    0.000ns

    Location             Delay type                Incr(ns)  Path(ns)    Netlist Resource(s)
  -------------------------------------------------------------------    -------------------
                                                      0.000     0.000 r  health[0] (IN)
                         net (fo=4, unset)            0.787     0.787    supervisor/health[0]
    SLICE_X90Y33         LUT4 (Prop_lut4_I3_O)        0.128     0.915 r  supervisor/status[0]_INST_0/O
                         net (fo=4, routed)           0.691     1.606    supervisor/status[0]
    SLICE_X90Y33         LUT6 (Prop_lut6_I0_O)        0.268     1.874 f  supervisor/S_AXI_awready_INST_0_i_1/O
                         net (fo=2641, routed)        0.976     2.850    core/native_system/queue/core_reset_n
    SLICE_X80Y42         LUT6 (Prop_lut6_I3_O)        0.105     2.955 r  core/native_system/queue/occupancy[2]_i_5/O
                         net (fo=2, routed)           0.615     3.570    mailbox/core_frame_ready
    SLICE_X81Y51         LUT6 (Prop_lut6_I1_O)        0.105     3.675 r  mailbox/occupancy[2]_i_3/O
                         net (fo=12, routed)          0.493     4.168    core/native_system/queue/occupancy_reg[2]_2
    SLICE_X80Y55         LUT5 (Prop_lut5_I4_O)        0.105     4.273 r  core/native_system/queue/seq[1][15]_i_1/O
                         net (fo=2192, routed)        2.005     6.279    core/native_system/queue/seq[1][15]_i_1_n_0
    SLICE_X99Y88         FDRE                                         r  core/native_system/queue/queue_reg[1][547]/CE
  -------------------------------------------------------------------    -------------------

                         (clock core_clk rise edge)
                                                      0.000     0.000 r  
                                                      0.000     0.000 r  clk (IN)
                         net (fo=20192, unset)        0.748     0.748    core/native_system/queue/clk
    SLICE_X99Y88         FDRE                                         r  core/native_system/queue/queue_reg[1][547]/C





Min Delay Paths
--------------------------------------------------------------------------------------
Slack:                    inf
  Source:                 S_AXI_araddr[0]
                            (input port)
  Destination:            core/bridge/araddr_reg[0]/D
                            (rising edge-triggered cell FDCE clocked by core_clk  {rise@0.000ns fall@3.788ns period=7.576ns})
  Path Group:             (none)
  Path Type:              Hold (Min at Fast Process Corner)
  Data Path Delay:        0.390ns  (logic 0.000ns (0.000%)  route 0.390ns (100.000%))
  Logic Levels:           0  
  Clock Path Skew:        0.411ns (DCD - SCD - CPR)
    Destination Clock Delay (DCD):    0.411ns
    Source Clock Delay      (SCD):    0.000ns
    Clock Pessimism Removal (CPR):    -0.000ns

    Location             Delay type                Incr(ns)  Path(ns)    Netlist Resource(s)
  -------------------------------------------------------------------    -------------------
                                                      0.000     0.000 r  S_AXI_araddr[0] (IN)
                         net (fo=0)                   0.390     0.390    core/bridge/S_AXI_araddr[0]
    SLICE_X86Y24         FDCE                                         r  core/bridge/araddr_reg[0]/D
  -------------------------------------------------------------------    -------------------

                         (clock core_clk rise edge)
                                                      0.000     0.000 r  
                                                      0.000     0.000 r  clk (IN)
                         net (fo=20192, unset)        0.411     0.411    core/bridge/clk
    SLICE_X86Y24         FDCE                                         r  core/bridge/araddr_reg[0]/C





