Copyright 1986-2022 Xilinx, Inc. All Rights Reserved. Copyright 2022-2025 Advanced Micro Devices, Inc. All Rights Reserved.
----------------------------------------------------------------------------------------------------------------------------------------------------------
| Tool Version : Vivado v.2025.2 (win64) Build 6299465 Fri Nov 14 19:35:11 GMT 2025
| Date         : Sat Oct  3 16:18:20 2026
| Host         : loverlike running 64-bit major release  (build 9200)
| Command      : check_timing -verbose -file E:/Codex_project/AMD-SonoField-FPGA/v2/evidence/pre_pcb_board_ready/timing/strategy2/routed/check_timing.rpt
| Design       : sono_axi_system
| Device       : 7z020-clg400
| Speed File   : -1  PRODUCTION 1.12 2019-11-22
| Design State : Routed
----------------------------------------------------------------------------------------------------------------------------------------------------------


check_timing report

Table of Contents
-----------------
1. checking no_clock (0)
2. checking constant_clock (0)
3. checking pulse_width_clock (0)
4. checking unconstrained_internal_endpoints (0)
5. checking no_input_delay (2324)
6. checking no_output_delay (256)
7. checking multiple_clock (0)
8. checking generated_clocks (0)
9. checking loops (0)
10. checking partial_input_delay (0)
11. checking partial_output_delay (0)
12. checking latch_loops (0)

1. checking no_clock (0)
------------------------
 There are 0 register/latch pins with no clock.


2. checking constant_clock (0)
------------------------------
 There are 0 register/latch pins with constant_clock.


3. checking pulse_width_clock (0)
---------------------------------
 There are 0 register/latch pins which need pulse_width check


4. checking unconstrained_internal_endpoints (0)
------------------------------------------------
 There are 0 pins that are not constrained for maximum delay.

 There are 0 pins that are not constrained for maximum delay due to constant clock.


5. checking no_input_delay (2324)
---------------------------------
 There are 2324 input ports with no input delay specified. (HIGH)

adc_busy
adc_dout[0]
adc_dout[1]
adc_dout[2]
adc_dout[3]
frame_data[0]
frame_data[1000]
frame_data[1001]
frame_data[1002]
frame_data[1003]
frame_data[1004]
frame_data[1005]
frame_data[1006]
frame_data[1007]
frame_data[1008]
frame_data[1009]
frame_data[100]
frame_data[1010]
frame_data[1011]
frame_data[1012]
frame_data[1013]
frame_data[1014]
frame_data[1015]
frame_data[1016]
frame_data[1017]
frame_data[1018]
frame_data[1019]
frame_data[101]
frame_data[1020]
frame_data[1021]
frame_data[1022]
frame_data[1023]
frame_data[1024]
frame_data[1025]
frame_data[1026]
frame_data[1027]
frame_data[1028]
frame_data[1029]
frame_data[102]
frame_data[1030]
frame_data[1031]
frame_data[1032]
frame_data[1033]
frame_data[1034]
frame_data[1035]
frame_data[1036]
frame_data[1037]
frame_data[1038]
frame_data[1039]
frame_data[103]
frame_data[1040]
frame_data[1041]
frame_data[1042]
frame_data[1043]
frame_data[1044]
frame_data[1045]
frame_data[1046]
frame_data[1047]
frame_data[1048]
frame_data[1049]
frame_data[104]
frame_data[1050]
frame_data[1051]
frame_data[1052]
frame_data[1053]
frame_data[1054]
frame_data[1055]
frame_data[1056]
frame_data[1057]
frame_data[1058]
frame_data[1059]
frame_data[105]
frame_data[1060]
frame_data[1061]
frame_data[1062]
frame_data[1063]
frame_data[1064]
frame_data[1065]
frame_data[1066]
frame_data[1067]
frame_data[1068]
frame_data[1069]
frame_data[106]
frame_data[1070]
frame_data[1071]
frame_data[1072]
frame_data[1073]
frame_data[1074]
frame_data[1075]
frame_data[1076]
frame_data[1077]
frame_data[1078]
frame_data[1079]
frame_data[107]
frame_data[1080]
frame_data[1081]
frame_data[1082]
frame_data[1083]
frame_data[1084]
frame_data[1085]
frame_data[1086]
frame_data[1087]
frame_data[1088]
frame_data[1089]
frame_data[108]
frame_data[1090]
frame_data[1091]
frame_data[1092]
frame_data[1093]
frame_data[1094]
frame_data[1095]
frame_data[1096]
frame_data[1097]
frame_data[1098]
frame_data[1099]
frame_data[109]
frame_data[10]
frame_data[1100]
frame_data[1101]
frame_data[1102]
frame_data[1103]
frame_data[1104]
frame_data[1105]
frame_data[1106]
frame_data[1107]
frame_data[1108]
frame_data[1109]
frame_data[110]
frame_data[1110]
frame_data[1111]
frame_data[1112]
frame_data[1113]
frame_data[1114]
frame_data[1115]
frame_data[1116]
frame_data[1117]
frame_data[1118]
frame_data[1119]
frame_data[111]
frame_data[1120]
frame_data[1121]
frame_data[1122]
frame_data[1123]
frame_data[1124]
frame_data[1125]
frame_data[1126]
frame_data[1127]
frame_data[1128]
frame_data[1129]
frame_data[112]
frame_data[1130]
frame_data[1131]
frame_data[1132]
frame_data[1133]
frame_data[1134]
frame_data[1135]
frame_data[1136]
frame_data[1137]
frame_data[1138]
frame_data[1139]
frame_data[113]
frame_data[1140]
frame_data[1141]
frame_data[1142]
frame_data[1143]
frame_data[1144]
frame_data[1145]
frame_data[1146]
frame_data[1147]
frame_data[1148]
frame_data[1149]
frame_data[114]
frame_data[1150]
frame_data[1151]
frame_data[1152]
frame_data[1153]
frame_data[1154]
frame_data[1155]
frame_data[1156]
frame_data[1157]
frame_data[1158]
frame_data[1159]
frame_data[115]
frame_data[1160]
frame_data[1161]
frame_data[1162]
frame_data[1163]
frame_data[1164]
frame_data[1165]
frame_data[1166]
frame_data[1167]
frame_data[1168]
frame_data[1169]
frame_data[116]
frame_data[1170]
frame_data[1171]
frame_data[1172]
frame_data[1173]
frame_data[1174]
frame_data[1175]
frame_data[1176]
frame_data[1177]
frame_data[1178]
frame_data[1179]
frame_data[117]
frame_data[1180]
frame_data[1181]
frame_data[1182]
frame_data[1183]
frame_data[1184]
frame_data[1185]
frame_data[1186]
frame_data[1187]
frame_data[1188]
frame_data[1189]
frame_data[118]
frame_data[1190]
frame_data[1191]
frame_data[1192]
frame_data[1193]
frame_data[1194]
frame_data[1195]
frame_data[1196]
frame_data[1197]
frame_data[1198]
frame_data[1199]
frame_data[119]
frame_data[11]
frame_data[1200]
frame_data[1201]
frame_data[1202]
frame_data[1203]
frame_data[1204]
frame_data[1205]
frame_data[1206]
frame_data[1207]
frame_data[1208]
frame_data[1209]
frame_data[120]
frame_data[1210]
frame_data[1211]
frame_data[1212]
frame_data[1213]
frame_data[1214]
frame_data[1215]
frame_data[1216]
frame_data[1217]
frame_data[1218]
frame_data[1219]
frame_data[121]
frame_data[1220]
frame_data[1221]
frame_data[1222]
frame_data[1223]
frame_data[1224]
frame_data[1225]
frame_data[1226]
frame_data[1227]
frame_data[1228]
frame_data[1229]
frame_data[122]
frame_data[1230]
frame_data[1231]
frame_data[1232]
frame_data[1233]
frame_data[1234]
frame_data[1235]
frame_data[1236]
frame_data[1237]
frame_data[1238]
frame_data[1239]
frame_data[123]
frame_data[1240]
frame_data[1241]
frame_data[1242]
frame_data[1243]
frame_data[1244]
frame_data[1245]
frame_data[1246]
frame_data[1247]
frame_data[1248]
frame_data[1249]
frame_data[124]
frame_data[1250]
frame_data[1251]
frame_data[1252]
frame_data[1253]
frame_data[1254]
frame_data[1255]
frame_data[1256]
frame_data[1257]
frame_data[1258]
frame_data[1259]
frame_data[125]
frame_data[1260]
frame_data[1261]
frame_data[1262]
frame_data[1263]
frame_data[1264]
frame_data[1265]
frame_data[1266]
frame_data[1267]
frame_data[1268]
frame_data[1269]
frame_data[126]
frame_data[1270]
frame_data[1271]
frame_data[1272]
frame_data[1273]
frame_data[1274]
frame_data[1275]
frame_data[1276]
frame_data[1277]
frame_data[1278]
frame_data[1279]
frame_data[127]
frame_data[1280]
frame_data[1281]
frame_data[1282]
frame_data[1283]
frame_data[1284]
frame_data[1285]
frame_data[1286]
frame_data[1287]
frame_data[1288]
frame_data[1289]
frame_data[128]
frame_data[1290]
frame_data[1291]
frame_data[1292]
frame_data[1293]
frame_data[1294]
frame_data[1295]
frame_data[1296]
frame_data[1297]
frame_data[1298]
frame_data[1299]
frame_data[129]
frame_data[12]
frame_data[1300]
frame_data[1301]
frame_data[1302]
frame_data[1303]
frame_data[1304]
frame_data[1305]
frame_data[1306]
frame_data[1307]
frame_data[1308]
frame_data[1309]
frame_data[130]
frame_data[1310]
frame_data[1311]
frame_data[1312]
frame_data[1313]
frame_data[1314]
frame_data[1315]
frame_data[1316]
frame_data[1317]
frame_data[1318]
frame_data[1319]
frame_data[131]
frame_data[1320]
frame_data[1321]
frame_data[1322]
frame_data[1323]
frame_data[1324]
frame_data[1325]
frame_data[1326]
frame_data[1327]
frame_data[1328]
frame_data[1329]
frame_data[132]
frame_data[1330]
frame_data[1331]
frame_data[1332]
frame_data[1333]
frame_data[1334]
frame_data[1335]
frame_data[1336]
frame_data[1337]
frame_data[1338]
frame_data[1339]
frame_data[133]
frame_data[1340]
frame_data[1341]
frame_data[1342]
frame_data[1343]
frame_data[1344]
frame_data[1345]
frame_data[1346]
frame_data[1347]
frame_data[1348]
frame_data[1349]
frame_data[134]
frame_data[1350]
frame_data[1351]
frame_data[1352]
frame_data[1353]
frame_data[1354]
frame_data[1355]
frame_data[1356]
frame_data[1357]
frame_data[1358]
frame_data[1359]
frame_data[135]
frame_data[1360]
frame_data[1361]
frame_data[1362]
frame_data[1363]
frame_data[1364]
frame_data[1365]
frame_data[1366]
frame_data[1367]
frame_data[1368]
frame_data[1369]
frame_data[136]
frame_data[1370]
frame_data[1371]
frame_data[1372]
frame_data[1373]
frame_data[1374]
frame_data[1375]
frame_data[1376]
frame_data[1377]
frame_data[1378]
frame_data[1379]
frame_data[137]
frame_data[1380]
frame_data[1381]
frame_data[1382]
frame_data[1383]
frame_data[1384]
frame_data[1385]
frame_data[1386]
frame_data[1387]
frame_data[1388]
frame_data[1389]
frame_data[138]
frame_data[1390]
frame_data[1391]
frame_data[1392]
frame_data[1393]
frame_data[1394]
frame_data[1395]
frame_data[1396]
frame_data[1397]
frame_data[1398]
frame_data[1399]
frame_data[139]
frame_data[13]
frame_data[1400]
frame_data[1401]
frame_data[1402]
frame_data[1403]
frame_data[1404]
frame_data[1405]
frame_data[1406]
frame_data[1407]
frame_data[1408]
frame_data[1409]
frame_data[140]
frame_data[1410]
frame_data[1411]
frame_data[1412]
frame_data[1413]
frame_data[1414]
frame_data[1415]
frame_data[1416]
frame_data[1417]
frame_data[1418]
frame_data[1419]
frame_data[141]
frame_data[1420]
frame_data[1421]
frame_data[1422]
frame_data[1423]
frame_data[1424]
frame_data[1425]
frame_data[1426]
frame_data[1427]
frame_data[1428]
frame_data[1429]
frame_data[142]
frame_data[1430]
frame_data[1431]
frame_data[1432]
frame_data[1433]
frame_data[1434]
frame_data[1435]
frame_data[1436]
frame_data[1437]
frame_data[1438]
frame_data[1439]
frame_data[143]
frame_data[1440]
frame_data[1441]
frame_data[1442]
frame_data[1443]
frame_data[1444]
frame_data[1445]
frame_data[1446]
frame_data[1447]
frame_data[1448]
frame_data[1449]
frame_data[144]
frame_data[1450]
frame_data[1451]
frame_data[1452]
frame_data[1453]
frame_data[1454]
frame_data[1455]
frame_data[1456]
frame_data[1457]
frame_data[1458]
frame_data[1459]
frame_data[145]
frame_data[1460]
frame_data[1461]
frame_data[1462]
frame_data[1463]
frame_data[1464]
frame_data[1465]
frame_data[1466]
frame_data[1467]
frame_data[1468]
frame_data[1469]
frame_data[146]
frame_data[1470]
frame_data[1471]
frame_data[1472]
frame_data[1473]
frame_data[1474]
frame_data[1475]
frame_data[1476]
frame_data[1477]
frame_data[1478]
frame_data[1479]
frame_data[147]
frame_data[1480]
frame_data[1481]
frame_data[1482]
frame_data[1483]
frame_data[1484]
frame_data[1485]
frame_data[1486]
frame_data[1487]
frame_data[1488]
frame_data[1489]
frame_data[148]
frame_data[1490]
frame_data[1491]
frame_data[1492]
frame_data[1493]
frame_data[1494]
frame_data[1495]
frame_data[1496]
frame_data[1497]
frame_data[1498]
frame_data[1499]
frame_data[149]
frame_data[14]
frame_data[1500]
frame_data[1501]
frame_data[1502]
frame_data[1503]
frame_data[1504]
frame_data[1505]
frame_data[1506]
frame_data[1507]
frame_data[1508]
frame_data[1509]
frame_data[150]
frame_data[1510]
frame_data[1511]
frame_data[1512]
frame_data[1513]
frame_data[1514]
frame_data[1515]
frame_data[1516]
frame_data[1517]
frame_data[1518]
frame_data[1519]
frame_data[151]
frame_data[1520]
frame_data[1521]
frame_data[1522]
frame_data[1523]
frame_data[1524]
frame_data[1525]
frame_data[1526]
frame_data[1527]
frame_data[1528]
frame_data[1529]
frame_data[152]
frame_data[1530]
frame_data[1531]
frame_data[1532]
frame_data[1533]
frame_data[1534]
frame_data[1535]
frame_data[1536]
frame_data[1537]
frame_data[1538]
frame_data[1539]
frame_data[153]
frame_data[1540]
frame_data[1541]
frame_data[1542]
frame_data[1543]
frame_data[1544]
frame_data[1545]
frame_data[1546]
frame_data[1547]
frame_data[1548]
frame_data[1549]
frame_data[154]
frame_data[1550]
frame_data[1551]
frame_data[1552]
frame_data[1553]
frame_data[1554]
frame_data[1555]
frame_data[1556]
frame_data[1557]
frame_data[1558]
frame_data[1559]
frame_data[155]
frame_data[1560]
frame_data[1561]
frame_data[1562]
frame_data[1563]
frame_data[1564]
frame_data[1565]
frame_data[1566]
frame_data[1567]
frame_data[1568]
frame_data[1569]
frame_data[156]
frame_data[1570]
frame_data[1571]
frame_data[1572]
frame_data[1573]
frame_data[1574]
frame_data[1575]
frame_data[1576]
frame_data[1577]
frame_data[1578]
frame_data[1579]
frame_data[157]
frame_data[1580]
frame_data[1581]
frame_data[1582]
frame_data[1583]
frame_data[1584]
frame_data[1585]
frame_data[1586]
frame_data[1587]
frame_data[1588]
frame_data[1589]
frame_data[158]
frame_data[1590]
frame_data[1591]
frame_data[1592]
frame_data[1593]
frame_data[1594]
frame_data[1595]
frame_data[1596]
frame_data[1597]
frame_data[1598]
frame_data[1599]
frame_data[159]
frame_data[15]
frame_data[1600]
frame_data[1601]
frame_data[1602]
frame_data[1603]
frame_data[1604]
frame_data[1605]
frame_data[1606]
frame_data[1607]
frame_data[1608]
frame_data[1609]
frame_data[160]
frame_data[1610]
frame_data[1611]
frame_data[1612]
frame_data[1613]
frame_data[1614]
frame_data[1615]
frame_data[1616]
frame_data[1617]
frame_data[1618]
frame_data[1619]
frame_data[161]
frame_data[1620]
frame_data[1621]
frame_data[1622]
frame_data[1623]
frame_data[1624]
frame_data[1625]
frame_data[1626]
frame_data[1627]
frame_data[1628]
frame_data[1629]
frame_data[162]
frame_data[1630]
frame_data[1631]
frame_data[1632]
frame_data[1633]
frame_data[1634]
frame_data[1635]
frame_data[1636]
frame_data[1637]
frame_data[1638]
frame_data[1639]
frame_data[163]
frame_data[1640]
frame_data[1641]
frame_data[1642]
frame_data[1643]
frame_data[1644]
frame_data[1645]
frame_data[1646]
frame_data[1647]
frame_data[1648]
frame_data[1649]
frame_data[164]
frame_data[1650]
frame_data[1651]
frame_data[1652]
frame_data[1653]
frame_data[1654]
frame_data[1655]
frame_data[1656]
frame_data[1657]
frame_data[1658]
frame_data[1659]
frame_data[165]
frame_data[1660]
frame_data[1661]
frame_data[1662]
frame_data[1663]
frame_data[1664]
frame_data[1665]
frame_data[1666]
frame_data[1667]
frame_data[1668]
frame_data[1669]
frame_data[166]
frame_data[1670]
frame_data[1671]
frame_data[1672]
frame_data[1673]
frame_data[1674]
frame_data[1675]
frame_data[1676]
frame_data[1677]
frame_data[1678]
frame_data[1679]
frame_data[167]
frame_data[1680]
frame_data[1681]
frame_data[1682]
frame_data[1683]
frame_data[1684]
frame_data[1685]
frame_data[1686]
frame_data[1687]
frame_data[1688]
frame_data[1689]
frame_data[168]
frame_data[1690]
frame_data[1691]
frame_data[1692]
frame_data[1693]
frame_data[1694]
frame_data[1695]
frame_data[1696]
frame_data[1697]
frame_data[1698]
frame_data[1699]
frame_data[169]
frame_data[16]
frame_data[1700]
frame_data[1701]
frame_data[1702]
frame_data[1703]
frame_data[1704]
frame_data[1705]
frame_data[1706]
frame_data[1707]
frame_data[1708]
frame_data[1709]
frame_data[170]
frame_data[1710]
frame_data[1711]
frame_data[1712]
frame_data[1713]
frame_data[1714]
frame_data[1715]
frame_data[1716]
frame_data[1717]
frame_data[1718]
frame_data[1719]
frame_data[171]
frame_data[1720]
frame_data[1721]
frame_data[1722]
frame_data[1723]
frame_data[1724]
frame_data[1725]
frame_data[1726]
frame_data[1727]
frame_data[1728]
frame_data[1729]
frame_data[172]
frame_data[1730]
frame_data[1731]
frame_data[1732]
frame_data[1733]
frame_data[1734]
frame_data[1735]
frame_data[1736]
frame_data[1737]
frame_data[1738]
frame_data[1739]
frame_data[173]
frame_data[1740]
frame_data[1741]
frame_data[1742]
frame_data[1743]
frame_data[1744]
frame_data[1745]
frame_data[1746]
frame_data[1747]
frame_data[1748]
frame_data[1749]
frame_data[174]
frame_data[1750]
frame_data[1751]
frame_data[1752]
frame_data[1753]
frame_data[1754]
frame_data[1755]
frame_data[1756]
frame_data[1757]
frame_data[1758]
frame_data[1759]
frame_data[175]
frame_data[1760]
frame_data[1761]
frame_data[1762]
frame_data[1763]
frame_data[1764]
frame_data[1765]
frame_data[1766]
frame_data[1767]
frame_data[1768]
frame_data[1769]
frame_data[176]
frame_data[1770]
frame_data[1771]
frame_data[1772]
frame_data[1773]
frame_data[1774]
frame_data[1775]
frame_data[1776]
frame_data[1777]
frame_data[1778]
frame_data[1779]
frame_data[177]
frame_data[1780]
frame_data[1781]
frame_data[1782]
frame_data[1783]
frame_data[1784]
frame_data[1785]
frame_data[1786]
frame_data[1787]
frame_data[1788]
frame_data[1789]
frame_data[178]
frame_data[1790]
frame_data[1791]
frame_data[1792]
frame_data[1793]
frame_data[1794]
frame_data[1795]
frame_data[1796]
frame_data[1797]
frame_data[1798]
frame_data[1799]
frame_data[179]
frame_data[17]
frame_data[1800]
frame_data[1801]
frame_data[1802]
frame_data[1803]
frame_data[1804]
frame_data[1805]
frame_data[1806]
frame_data[1807]
frame_data[1808]
frame_data[1809]
frame_data[180]
frame_data[1810]
frame_data[1811]
frame_data[1812]
frame_data[1813]
frame_data[1814]
frame_data[1815]
frame_data[1816]
frame_data[1817]
frame_data[1818]
frame_data[1819]
frame_data[181]
frame_data[1820]
frame_data[1821]
frame_data[1822]
frame_data[1823]
frame_data[1824]
frame_data[1825]
frame_data[1826]
frame_data[1827]
frame_data[1828]
frame_data[1829]
frame_data[182]
frame_data[1830]
frame_data[1831]
frame_data[1832]
frame_data[1833]
frame_data[1834]
frame_data[1835]
frame_data[1836]
frame_data[1837]
frame_data[1838]
frame_data[1839]
frame_data[183]
frame_data[1840]
frame_data[1841]
frame_data[1842]
frame_data[1843]
frame_data[1844]
frame_data[1845]
frame_data[1846]
frame_data[1847]
frame_data[1848]
frame_data[1849]
frame_data[184]
frame_data[1850]
frame_data[1851]
frame_data[1852]
frame_data[1853]
frame_data[1854]
frame_data[1855]
frame_data[1856]
frame_data[1857]
frame_data[1858]
frame_data[1859]
frame_data[185]
frame_data[1860]
frame_data[1861]
frame_data[1862]
frame_data[1863]
frame_data[1864]
frame_data[1865]
frame_data[1866]
frame_data[1867]
frame_data[1868]
frame_data[1869]
frame_data[186]
frame_data[1870]
frame_data[1871]
frame_data[1872]
frame_data[1873]
frame_data[1874]
frame_data[1875]
frame_data[1876]
frame_data[1877]
frame_data[1878]
frame_data[1879]
frame_data[187]
frame_data[1880]
frame_data[1881]
frame_data[1882]
frame_data[1883]
frame_data[1884]
frame_data[1885]
frame_data[1886]
frame_data[1887]
frame_data[1888]
frame_data[1889]
frame_data[188]
frame_data[1890]
frame_data[1891]
frame_data[1892]
frame_data[1893]
frame_data[1894]
frame_data[1895]
frame_data[1896]
frame_data[1897]
frame_data[1898]
frame_data[1899]
frame_data[189]
frame_data[18]
frame_data[1900]
frame_data[1901]
frame_data[1902]
frame_data[1903]
frame_data[1904]
frame_data[1905]
frame_data[1906]
frame_data[1907]
frame_data[1908]
frame_data[1909]
frame_data[190]
frame_data[1910]
frame_data[1911]
frame_data[1912]
frame_data[1913]
frame_data[1914]
frame_data[1915]
frame_data[1916]
frame_data[1917]
frame_data[1918]
frame_data[1919]
frame_data[191]
frame_data[1920]
frame_data[1921]
frame_data[1922]
frame_data[1923]
frame_data[1924]
frame_data[1925]
frame_data[1926]
frame_data[1927]
frame_data[1928]
frame_data[1929]
frame_data[192]
frame_data[1930]
frame_data[1931]
frame_data[1932]
frame_data[1933]
frame_data[1934]
frame_data[1935]
frame_data[1936]
frame_data[1937]
frame_data[1938]
frame_data[1939]
frame_data[193]
frame_data[1940]
frame_data[1941]
frame_data[1942]
frame_data[1943]
frame_data[1944]
frame_data[1945]
frame_data[1946]
frame_data[1947]
frame_data[1948]
frame_data[1949]
frame_data[194]
frame_data[1950]
frame_data[1951]
frame_data[1952]
frame_data[1953]
frame_data[1954]
frame_data[1955]
frame_data[1956]
frame_data[1957]
frame_data[1958]
frame_data[1959]
frame_data[195]
frame_data[1960]
frame_data[1961]
frame_data[1962]
frame_data[1963]
frame_data[1964]
frame_data[1965]
frame_data[1966]
frame_data[1967]
frame_data[1968]
frame_data[1969]
frame_data[196]
frame_data[1970]
frame_data[1971]
frame_data[1972]
frame_data[1973]
frame_data[1974]
frame_data[1975]
frame_data[1976]
frame_data[1977]
frame_data[1978]
frame_data[1979]
frame_data[197]
frame_data[1980]
frame_data[1981]
frame_data[1982]
frame_data[1983]
frame_data[1984]
frame_data[1985]
frame_data[1986]
frame_data[1987]
frame_data[1988]
frame_data[1989]
frame_data[198]
frame_data[1990]
frame_data[1991]
frame_data[1992]
frame_data[1993]
frame_data[1994]
frame_data[1995]
frame_data[1996]
frame_data[1997]
frame_data[1998]
frame_data[1999]
frame_data[199]
frame_data[19]
frame_data[1]
frame_data[2000]
frame_data[2001]
frame_data[2002]
frame_data[2003]
frame_data[2004]
frame_data[2005]
frame_data[2006]
frame_data[2007]
frame_data[2008]
frame_data[2009]
frame_data[200]
frame_data[2010]
frame_data[2011]
frame_data[2012]
frame_data[2013]
frame_data[2014]
frame_data[2015]
frame_data[2016]
frame_data[2017]
frame_data[2018]
frame_data[2019]
frame_data[201]
frame_data[2020]
frame_data[2021]
frame_data[2022]
frame_data[2023]
frame_data[2024]
frame_data[2025]
frame_data[2026]
frame_data[2027]
frame_data[2028]
frame_data[2029]
frame_data[202]
frame_data[2030]
frame_data[2031]
frame_data[2032]
frame_data[2033]
frame_data[2034]
frame_data[2035]
frame_data[2036]
frame_data[2037]
frame_data[2038]
frame_data[2039]
frame_data[203]
frame_data[2040]
frame_data[2041]
frame_data[2042]
frame_data[2043]
frame_data[2044]
frame_data[2045]
frame_data[2046]
frame_data[2047]
frame_data[2048]
frame_data[2049]
frame_data[204]
frame_data[2050]
frame_data[2051]
frame_data[2052]
frame_data[2053]
frame_data[2054]
frame_data[2055]
frame_data[2056]
frame_data[2057]
frame_data[2058]
frame_data[2059]
frame_data[205]
frame_data[2060]
frame_data[2061]
frame_data[2062]
frame_data[2063]
frame_data[2064]
frame_data[2065]
frame_data[2066]
frame_data[2067]
frame_data[2068]
frame_data[2069]
frame_data[206]
frame_data[2070]
frame_data[2071]
frame_data[2072]
frame_data[2073]
frame_data[2074]
frame_data[2075]
frame_data[2076]
frame_data[2077]
frame_data[2078]
frame_data[2079]
frame_data[207]
frame_data[2080]
frame_data[2081]
frame_data[2082]
frame_data[2083]
frame_data[2084]
frame_data[2085]
frame_data[2086]
frame_data[2087]
frame_data[2088]
frame_data[2089]
frame_data[208]
frame_data[2090]
frame_data[2091]
frame_data[2092]
frame_data[2093]
frame_data[2094]
frame_data[2095]
frame_data[2096]
frame_data[2097]
frame_data[2098]
frame_data[2099]
frame_data[209]
frame_data[20]
frame_data[2100]
frame_data[2101]
frame_data[2102]
frame_data[2103]
frame_data[2104]
frame_data[2105]
frame_data[2106]
frame_data[2107]
frame_data[2108]
frame_data[2109]
frame_data[210]
frame_data[2110]
frame_data[2111]
frame_data[2112]
frame_data[2113]
frame_data[2114]
frame_data[2115]
frame_data[2116]
frame_data[2117]
frame_data[2118]
frame_data[2119]
frame_data[211]
frame_data[2120]
frame_data[2121]
frame_data[2122]
frame_data[2123]
frame_data[2124]
frame_data[2125]
frame_data[2126]
frame_data[2127]
frame_data[2128]
frame_data[2129]
frame_data[212]
frame_data[2130]
frame_data[2131]
frame_data[2132]
frame_data[2133]
frame_data[2134]
frame_data[2135]
frame_data[2136]
frame_data[2137]
frame_data[2138]
frame_data[2139]
frame_data[213]
frame_data[2140]
frame_data[2141]
frame_data[2142]
frame_data[2143]
frame_data[2144]
frame_data[2145]
frame_data[2146]
frame_data[2147]
frame_data[2148]
frame_data[2149]
frame_data[214]
frame_data[2150]
frame_data[2151]
frame_data[2152]
frame_data[2153]
frame_data[2154]
frame_data[2155]
frame_data[2156]
frame_data[2157]
frame_data[2158]
frame_data[2159]
frame_data[215]
frame_data[2160]
frame_data[2161]
frame_data[2162]
frame_data[2163]
frame_data[2164]
frame_data[2165]
frame_data[2166]
frame_data[2167]
frame_data[2168]
frame_data[2169]
frame_data[216]
frame_data[2170]
frame_data[2171]
frame_data[2172]
frame_data[2173]
frame_data[2174]
frame_data[2175]
frame_data[217]
frame_data[218]
frame_data[219]
frame_data[21]
frame_data[220]
frame_data[221]
frame_data[222]
frame_data[223]
frame_data[224]
frame_data[225]
frame_data[226]
frame_data[227]
frame_data[228]
frame_data[229]
frame_data[22]
frame_data[230]
frame_data[231]
frame_data[232]
frame_data[233]
frame_data[234]
frame_data[235]
frame_data[236]
frame_data[237]
frame_data[238]
frame_data[239]
frame_data[23]
frame_data[240]
frame_data[241]
frame_data[242]
frame_data[243]
frame_data[244]
frame_data[245]
frame_data[246]
frame_data[247]
frame_data[248]
frame_data[249]
frame_data[24]
frame_data[250]
frame_data[251]
frame_data[252]
frame_data[253]
frame_data[254]
frame_data[255]
frame_data[256]
frame_data[257]
frame_data[258]
frame_data[259]
frame_data[25]
frame_data[260]
frame_data[261]
frame_data[262]
frame_data[263]
frame_data[264]
frame_data[265]
frame_data[266]
frame_data[267]
frame_data[268]
frame_data[269]
frame_data[26]
frame_data[270]
frame_data[271]
frame_data[272]
frame_data[273]
frame_data[274]
frame_data[275]
frame_data[276]
frame_data[277]
frame_data[278]
frame_data[279]
frame_data[27]
frame_data[280]
frame_data[281]
frame_data[282]
frame_data[283]
frame_data[284]
frame_data[285]
frame_data[286]
frame_data[287]
frame_data[288]
frame_data[289]
frame_data[28]
frame_data[290]
frame_data[291]
frame_data[292]
frame_data[293]
frame_data[294]
frame_data[295]
frame_data[296]
frame_data[297]
frame_data[298]
frame_data[299]
frame_data[29]
frame_data[2]
frame_data[300]
frame_data[301]
frame_data[302]
frame_data[303]
frame_data[304]
frame_data[305]
frame_data[306]
frame_data[307]
frame_data[308]
frame_data[309]
frame_data[30]
frame_data[310]
frame_data[311]
frame_data[312]
frame_data[313]
frame_data[314]
frame_data[315]
frame_data[316]
frame_data[317]
frame_data[318]
frame_data[319]
frame_data[31]
frame_data[320]
frame_data[321]
frame_data[322]
frame_data[323]
frame_data[324]
frame_data[325]
frame_data[326]
frame_data[327]
frame_data[328]
frame_data[329]
frame_data[32]
frame_data[330]
frame_data[331]
frame_data[332]
frame_data[333]
frame_data[334]
frame_data[335]
frame_data[336]
frame_data[337]
frame_data[338]
frame_data[339]
frame_data[33]
frame_data[340]
frame_data[341]
frame_data[342]
frame_data[343]
frame_data[344]
frame_data[345]
frame_data[346]
frame_data[347]
frame_data[348]
frame_data[349]
frame_data[34]
frame_data[350]
frame_data[351]
frame_data[352]
frame_data[353]
frame_data[354]
frame_data[355]
frame_data[356]
frame_data[357]
frame_data[358]
frame_data[359]
frame_data[35]
frame_data[360]
frame_data[361]
frame_data[362]
frame_data[363]
frame_data[364]
frame_data[365]
frame_data[366]
frame_data[367]
frame_data[368]
frame_data[369]
frame_data[36]
frame_data[370]
frame_data[371]
frame_data[372]
frame_data[373]
frame_data[374]
frame_data[375]
frame_data[376]
frame_data[377]
frame_data[378]
frame_data[379]
frame_data[37]
frame_data[380]
frame_data[381]
frame_data[382]
frame_data[383]
frame_data[384]
frame_data[385]
frame_data[386]
frame_data[387]
frame_data[388]
frame_data[389]
frame_data[38]
frame_data[390]
frame_data[391]
frame_data[392]
frame_data[393]
frame_data[394]
frame_data[395]
frame_data[396]
frame_data[397]
frame_data[398]
frame_data[399]
frame_data[39]
frame_data[3]
frame_data[400]
frame_data[401]
frame_data[402]
frame_data[403]
frame_data[404]
frame_data[405]
frame_data[406]
frame_data[407]
frame_data[408]
frame_data[409]
frame_data[40]
frame_data[410]
frame_data[411]
frame_data[412]
frame_data[413]
frame_data[414]
frame_data[415]
frame_data[416]
frame_data[417]
frame_data[418]
frame_data[419]
frame_data[41]
frame_data[420]
frame_data[421]
frame_data[422]
frame_data[423]
frame_data[424]
frame_data[425]
frame_data[426]
frame_data[427]
frame_data[428]
frame_data[429]
frame_data[42]
frame_data[430]
frame_data[431]
frame_data[432]
frame_data[433]
frame_data[434]
frame_data[435]
frame_data[436]
frame_data[437]
frame_data[438]
frame_data[439]
frame_data[43]
frame_data[440]
frame_data[441]
frame_data[442]
frame_data[443]
frame_data[444]
frame_data[445]
frame_data[446]
frame_data[447]
frame_data[448]
frame_data[449]
frame_data[44]
frame_data[450]
frame_data[451]
frame_data[452]
frame_data[453]
frame_data[454]
frame_data[455]
frame_data[456]
frame_data[457]
frame_data[458]
frame_data[459]
frame_data[45]
frame_data[460]
frame_data[461]
frame_data[462]
frame_data[463]
frame_data[464]
frame_data[465]
frame_data[466]
frame_data[467]
frame_data[468]
frame_data[469]
frame_data[46]
frame_data[470]
frame_data[471]
frame_data[472]
frame_data[473]
frame_data[474]
frame_data[475]
frame_data[476]
frame_data[477]
frame_data[478]
frame_data[479]
frame_data[47]
frame_data[480]
frame_data[481]
frame_data[482]
frame_data[483]
frame_data[484]
frame_data[485]
frame_data[486]
frame_data[487]
frame_data[488]
frame_data[489]
frame_data[48]
frame_data[490]
frame_data[491]
frame_data[492]
frame_data[493]
frame_data[494]
frame_data[495]
frame_data[496]
frame_data[497]
frame_data[498]
frame_data[499]
frame_data[49]
frame_data[4]
frame_data[500]
frame_data[501]
frame_data[502]
frame_data[503]
frame_data[504]
frame_data[505]
frame_data[506]
frame_data[507]
frame_data[508]
frame_data[509]
frame_data[50]
frame_data[510]
frame_data[511]
frame_data[512]
frame_data[513]
frame_data[514]
frame_data[515]
frame_data[516]
frame_data[517]
frame_data[518]
frame_data[519]
frame_data[51]
frame_data[520]
frame_data[521]
frame_data[522]
frame_data[523]
frame_data[524]
frame_data[525]
frame_data[526]
frame_data[527]
frame_data[528]
frame_data[529]
frame_data[52]
frame_data[530]
frame_data[531]
frame_data[532]
frame_data[533]
frame_data[534]
frame_data[535]
frame_data[536]
frame_data[537]
frame_data[538]
frame_data[539]
frame_data[53]
frame_data[540]
frame_data[541]
frame_data[542]
frame_data[543]
frame_data[544]
frame_data[545]
frame_data[546]
frame_data[547]
frame_data[548]
frame_data[549]
frame_data[54]
frame_data[550]
frame_data[551]
frame_data[552]
frame_data[553]
frame_data[554]
frame_data[555]
frame_data[556]
frame_data[557]
frame_data[558]
frame_data[559]
frame_data[55]
frame_data[560]
frame_data[561]
frame_data[562]
frame_data[563]
frame_data[564]
frame_data[565]
frame_data[566]
frame_data[567]
frame_data[568]
frame_data[569]
frame_data[56]
frame_data[570]
frame_data[571]
frame_data[572]
frame_data[573]
frame_data[574]
frame_data[575]
frame_data[576]
frame_data[577]
frame_data[578]
frame_data[579]
frame_data[57]
frame_data[580]
frame_data[581]
frame_data[582]
frame_data[583]
frame_data[584]
frame_data[585]
frame_data[586]
frame_data[587]
frame_data[588]
frame_data[589]
frame_data[58]
frame_data[590]
frame_data[591]
frame_data[592]
frame_data[593]
frame_data[594]
frame_data[595]
frame_data[596]
frame_data[597]
frame_data[598]
frame_data[599]
frame_data[59]
frame_data[5]
frame_data[600]
frame_data[601]
frame_data[602]
frame_data[603]
frame_data[604]
frame_data[605]
frame_data[606]
frame_data[607]
frame_data[608]
frame_data[609]
frame_data[60]
frame_data[610]
frame_data[611]
frame_data[612]
frame_data[613]
frame_data[614]
frame_data[615]
frame_data[616]
frame_data[617]
frame_data[618]
frame_data[619]
frame_data[61]
frame_data[620]
frame_data[621]
frame_data[622]
frame_data[623]
frame_data[624]
frame_data[625]
frame_data[626]
frame_data[627]
frame_data[628]
frame_data[629]
frame_data[62]
frame_data[630]
frame_data[631]
frame_data[632]
frame_data[633]
frame_data[634]
frame_data[635]
frame_data[636]
frame_data[637]
frame_data[638]
frame_data[639]
frame_data[63]
frame_data[640]
frame_data[641]
frame_data[642]
frame_data[643]
frame_data[644]
frame_data[645]
frame_data[646]
frame_data[647]
frame_data[648]
frame_data[649]
frame_data[64]
frame_data[650]
frame_data[651]
frame_data[652]
frame_data[653]
frame_data[654]
frame_data[655]
frame_data[656]
frame_data[657]
frame_data[658]
frame_data[659]
frame_data[65]
frame_data[660]
frame_data[661]
frame_data[662]
frame_data[663]
frame_data[664]
frame_data[665]
frame_data[666]
frame_data[667]
frame_data[668]
frame_data[669]
frame_data[66]
frame_data[670]
frame_data[671]
frame_data[672]
frame_data[673]
frame_data[674]
frame_data[675]
frame_data[676]
frame_data[677]
frame_data[678]
frame_data[679]
frame_data[67]
frame_data[680]
frame_data[681]
frame_data[682]
frame_data[683]
frame_data[684]
frame_data[685]
frame_data[686]
frame_data[687]
frame_data[688]
frame_data[689]
frame_data[68]
frame_data[690]
frame_data[691]
frame_data[692]
frame_data[693]
frame_data[694]
frame_data[695]
frame_data[696]
frame_data[697]
frame_data[698]
frame_data[699]
frame_data[69]
frame_data[6]
frame_data[700]
frame_data[701]
frame_data[702]
frame_data[703]
frame_data[704]
frame_data[705]
frame_data[706]
frame_data[707]
frame_data[708]
frame_data[709]
frame_data[70]
frame_data[710]
frame_data[711]
frame_data[712]
frame_data[713]
frame_data[714]
frame_data[715]
frame_data[716]
frame_data[717]
frame_data[718]
frame_data[719]
frame_data[71]
frame_data[720]
frame_data[721]
frame_data[722]
frame_data[723]
frame_data[724]
frame_data[725]
frame_data[726]
frame_data[727]
frame_data[728]
frame_data[729]
frame_data[72]
frame_data[730]
frame_data[731]
frame_data[732]
frame_data[733]
frame_data[734]
frame_data[735]
frame_data[736]
frame_data[737]
frame_data[738]
frame_data[739]
frame_data[73]
frame_data[740]
frame_data[741]
frame_data[742]
frame_data[743]
frame_data[744]
frame_data[745]
frame_data[746]
frame_data[747]
frame_data[748]
frame_data[749]
frame_data[74]
frame_data[750]
frame_data[751]
frame_data[752]
frame_data[753]
frame_data[754]
frame_data[755]
frame_data[756]
frame_data[757]
frame_data[758]
frame_data[759]
frame_data[75]
frame_data[760]
frame_data[761]
frame_data[762]
frame_data[763]
frame_data[764]
frame_data[765]
frame_data[766]
frame_data[767]
frame_data[768]
frame_data[769]
frame_data[76]
frame_data[770]
frame_data[771]
frame_data[772]
frame_data[773]
frame_data[774]
frame_data[775]
frame_data[776]
frame_data[777]
frame_data[778]
frame_data[779]
frame_data[77]
frame_data[780]
frame_data[781]
frame_data[782]
frame_data[783]
frame_data[784]
frame_data[785]
frame_data[786]
frame_data[787]
frame_data[788]
frame_data[789]
frame_data[78]
frame_data[790]
frame_data[791]
frame_data[792]
frame_data[793]
frame_data[794]
frame_data[795]
frame_data[796]
frame_data[797]
frame_data[798]
frame_data[799]
frame_data[79]
frame_data[7]
frame_data[800]
frame_data[801]
frame_data[802]
frame_data[803]
frame_data[804]
frame_data[805]
frame_data[806]
frame_data[807]
frame_data[808]
frame_data[809]
frame_data[80]
frame_data[810]
frame_data[811]
frame_data[812]
frame_data[813]
frame_data[814]
frame_data[815]
frame_data[816]
frame_data[817]
frame_data[818]
frame_data[819]
frame_data[81]
frame_data[820]
frame_data[821]
frame_data[822]
frame_data[823]
frame_data[824]
frame_data[825]
frame_data[826]
frame_data[827]
frame_data[828]
frame_data[829]
frame_data[82]
frame_data[830]
frame_data[831]
frame_data[832]
frame_data[833]
frame_data[834]
frame_data[835]
frame_data[836]
frame_data[837]
frame_data[838]
frame_data[839]
frame_data[83]
frame_data[840]
frame_data[841]
frame_data[842]
frame_data[843]
frame_data[844]
frame_data[845]
frame_data[846]
frame_data[847]
frame_data[848]
frame_data[849]
frame_data[84]
frame_data[850]
frame_data[851]
frame_data[852]
frame_data[853]
frame_data[854]
frame_data[855]
frame_data[856]
frame_data[857]
frame_data[858]
frame_data[859]
frame_data[85]
frame_data[860]
frame_data[861]
frame_data[862]
frame_data[863]
frame_data[864]
frame_data[865]
frame_data[866]
frame_data[867]
frame_data[868]
frame_data[869]
frame_data[86]
frame_data[870]
frame_data[871]
frame_data[872]
frame_data[873]
frame_data[874]
frame_data[875]
frame_data[876]
frame_data[877]
frame_data[878]
frame_data[879]
frame_data[87]
frame_data[880]
frame_data[881]
frame_data[882]
frame_data[883]
frame_data[884]
frame_data[885]
frame_data[886]
frame_data[887]
frame_data[888]
frame_data[889]
frame_data[88]
frame_data[890]
frame_data[891]
frame_data[892]
frame_data[893]
frame_data[894]
frame_data[895]
frame_data[896]
frame_data[897]
frame_data[898]
frame_data[899]
frame_data[89]
frame_data[8]
frame_data[900]
frame_data[901]
frame_data[902]
frame_data[903]
frame_data[904]
frame_data[905]
frame_data[906]
frame_data[907]
frame_data[908]
frame_data[909]
frame_data[90]
frame_data[910]
frame_data[911]
frame_data[912]
frame_data[913]
frame_data[914]
frame_data[915]
frame_data[916]
frame_data[917]
frame_data[918]
frame_data[919]
frame_data[91]
frame_data[920]
frame_data[921]
frame_data[922]
frame_data[923]
frame_data[924]
frame_data[925]
frame_data[926]
frame_data[927]
frame_data[928]
frame_data[929]
frame_data[92]
frame_data[930]
frame_data[931]
frame_data[932]
frame_data[933]
frame_data[934]
frame_data[935]
frame_data[936]
frame_data[937]
frame_data[938]
frame_data[939]
frame_data[93]
frame_data[940]
frame_data[941]
frame_data[942]
frame_data[943]
frame_data[944]
frame_data[945]
frame_data[946]
frame_data[947]
frame_data[948]
frame_data[949]
frame_data[94]
frame_data[950]
frame_data[951]
frame_data[952]
frame_data[953]
frame_data[954]
frame_data[955]
frame_data[956]
frame_data[957]
frame_data[958]
frame_data[959]
frame_data[95]
frame_data[960]
frame_data[961]
frame_data[962]
frame_data[963]
frame_data[964]
frame_data[965]
frame_data[966]
frame_data[967]
frame_data[968]
frame_data[969]
frame_data[96]
frame_data[970]
frame_data[971]
frame_data[972]
frame_data[973]
frame_data[974]
frame_data[975]
frame_data[976]
frame_data[977]
frame_data[978]
frame_data[979]
frame_data[97]
frame_data[980]
frame_data[981]
frame_data[982]
frame_data[983]
frame_data[984]
frame_data[985]
frame_data[986]
frame_data[987]
frame_data[988]
frame_data[989]
frame_data[98]
frame_data[990]
frame_data[991]
frame_data[992]
frame_data[993]
frame_data[994]
frame_data[995]
frame_data[996]
frame_data[997]
frame_data[998]
frame_data[999]
frame_data[99]
frame_data[9]
frame_last
frame_sequence[0]
frame_sequence[10]
frame_sequence[11]
frame_sequence[12]
frame_sequence[13]
frame_sequence[14]
frame_sequence[15]
frame_sequence[16]
frame_sequence[17]
frame_sequence[18]
frame_sequence[19]
frame_sequence[1]
frame_sequence[20]
frame_sequence[21]
frame_sequence[22]
frame_sequence[23]
frame_sequence[24]
frame_sequence[25]
frame_sequence[26]
frame_sequence[27]
frame_sequence[28]
frame_sequence[29]
frame_sequence[2]
frame_sequence[30]
frame_sequence[31]
frame_sequence[3]
frame_sequence[4]
frame_sequence[5]
frame_sequence[6]
frame_sequence[7]
frame_sequence[8]
frame_sequence[9]
frame_valid
hardware_enable
motion_arm
motion_stop
rst_n
s_araddr[0]
s_araddr[10]
s_araddr[11]
s_araddr[12]
s_araddr[13]
s_araddr[14]
s_araddr[15]
s_araddr[16]
s_araddr[17]
s_araddr[18]
s_araddr[19]
s_araddr[1]
s_araddr[20]
s_araddr[21]
s_araddr[22]
s_araddr[23]
s_araddr[24]
s_araddr[25]
s_araddr[26]
s_araddr[27]
s_araddr[28]
s_araddr[29]
s_araddr[2]
s_araddr[30]
s_araddr[31]
s_araddr[3]
s_araddr[4]
s_araddr[5]
s_araddr[6]
s_araddr[7]
s_araddr[8]
s_araddr[9]
s_arvalid
s_awaddr[0]
s_awaddr[10]
s_awaddr[11]
s_awaddr[12]
s_awaddr[13]
s_awaddr[14]
s_awaddr[15]
s_awaddr[16]
s_awaddr[17]
s_awaddr[18]
s_awaddr[19]
s_awaddr[1]
s_awaddr[20]
s_awaddr[21]
s_awaddr[22]
s_awaddr[23]
s_awaddr[24]
s_awaddr[25]
s_awaddr[26]
s_awaddr[27]
s_awaddr[28]
s_awaddr[29]
s_awaddr[2]
s_awaddr[30]
s_awaddr[31]
s_awaddr[3]
s_awaddr[4]
s_awaddr[5]
s_awaddr[6]
s_awaddr[7]
s_awaddr[8]
s_awaddr[9]
s_awvalid
s_bready
s_rready
s_wdata[0]
s_wdata[10]
s_wdata[11]
s_wdata[12]
s_wdata[13]
s_wdata[14]
s_wdata[15]
s_wdata[16]
s_wdata[17]
s_wdata[18]
s_wdata[19]
s_wdata[1]
s_wdata[20]
s_wdata[21]
s_wdata[22]
s_wdata[23]
s_wdata[24]
s_wdata[25]
s_wdata[26]
s_wdata[27]
s_wdata[28]
s_wdata[29]
s_wdata[2]
s_wdata[30]
s_wdata[31]
s_wdata[3]
s_wdata[4]
s_wdata[5]
s_wdata[6]
s_wdata[7]
s_wdata[8]
s_wdata[9]
s_wstrb[0]
s_wstrb[1]
s_wstrb[2]
s_wstrb[3]
s_wvalid

 There are 0 input ports with no input delay but user has a false path constraint.


6. checking no_output_delay (256)
---------------------------------
 There are 256 ports with no output delay specified. (HIGH)

acknowledged_sequence[0]
acknowledged_sequence[10]
acknowledged_sequence[11]
acknowledged_sequence[12]
acknowledged_sequence[13]
acknowledged_sequence[14]
acknowledged_sequence[15]
acknowledged_sequence[16]
acknowledged_sequence[17]
acknowledged_sequence[18]
acknowledged_sequence[19]
acknowledged_sequence[1]
acknowledged_sequence[20]
acknowledged_sequence[21]
acknowledged_sequence[22]
acknowledged_sequence[23]
acknowledged_sequence[24]
acknowledged_sequence[25]
acknowledged_sequence[26]
acknowledged_sequence[27]
acknowledged_sequence[28]
acknowledged_sequence[29]
acknowledged_sequence[2]
acknowledged_sequence[30]
acknowledged_sequence[31]
acknowledged_sequence[3]
acknowledged_sequence[4]
acknowledged_sequence[5]
acknowledged_sequence[6]
acknowledged_sequence[7]
acknowledged_sequence[8]
acknowledged_sequence[9]
adc_convst
adc_cs_n
adc_reset
adc_sclk
adc_sdi
buffered_count[0]
buffered_count[1]
buffered_count[2]
commanded_waveform[0]
commanded_waveform[100]
commanded_waveform[101]
commanded_waveform[102]
commanded_waveform[103]
commanded_waveform[104]
commanded_waveform[105]
commanded_waveform[106]
commanded_waveform[107]
commanded_waveform[108]
commanded_waveform[109]
commanded_waveform[10]
commanded_waveform[110]
commanded_waveform[111]
commanded_waveform[112]
commanded_waveform[113]
commanded_waveform[114]
commanded_waveform[115]
commanded_waveform[116]
commanded_waveform[117]
commanded_waveform[118]
commanded_waveform[119]
commanded_waveform[11]
commanded_waveform[120]
commanded_waveform[121]
commanded_waveform[122]
commanded_waveform[123]
commanded_waveform[124]
commanded_waveform[125]
commanded_waveform[126]
commanded_waveform[127]
commanded_waveform[12]
commanded_waveform[13]
commanded_waveform[14]
commanded_waveform[15]
commanded_waveform[16]
commanded_waveform[17]
commanded_waveform[18]
commanded_waveform[19]
commanded_waveform[1]
commanded_waveform[20]
commanded_waveform[21]
commanded_waveform[22]
commanded_waveform[23]
commanded_waveform[24]
commanded_waveform[25]
commanded_waveform[26]
commanded_waveform[27]
commanded_waveform[28]
commanded_waveform[29]
commanded_waveform[2]
commanded_waveform[30]
commanded_waveform[31]
commanded_waveform[32]
commanded_waveform[33]
commanded_waveform[34]
commanded_waveform[35]
commanded_waveform[36]
commanded_waveform[37]
commanded_waveform[38]
commanded_waveform[39]
commanded_waveform[3]
commanded_waveform[40]
commanded_waveform[41]
commanded_waveform[42]
commanded_waveform[43]
commanded_waveform[44]
commanded_waveform[45]
commanded_waveform[46]
commanded_waveform[47]
commanded_waveform[48]
commanded_waveform[49]
commanded_waveform[4]
commanded_waveform[50]
commanded_waveform[51]
commanded_waveform[52]
commanded_waveform[53]
commanded_waveform[54]
commanded_waveform[55]
commanded_waveform[56]
commanded_waveform[57]
commanded_waveform[58]
commanded_waveform[59]
commanded_waveform[5]
commanded_waveform[60]
commanded_waveform[61]
commanded_waveform[62]
commanded_waveform[63]
commanded_waveform[64]
commanded_waveform[65]
commanded_waveform[66]
commanded_waveform[67]
commanded_waveform[68]
commanded_waveform[69]
commanded_waveform[6]
commanded_waveform[70]
commanded_waveform[71]
commanded_waveform[72]
commanded_waveform[73]
commanded_waveform[74]
commanded_waveform[75]
commanded_waveform[76]
commanded_waveform[77]
commanded_waveform[78]
commanded_waveform[79]
commanded_waveform[7]
commanded_waveform[80]
commanded_waveform[81]
commanded_waveform[82]
commanded_waveform[83]
commanded_waveform[84]
commanded_waveform[85]
commanded_waveform[86]
commanded_waveform[87]
commanded_waveform[88]
commanded_waveform[89]
commanded_waveform[8]
commanded_waveform[90]
commanded_waveform[91]
commanded_waveform[92]
commanded_waveform[93]
commanded_waveform[94]
commanded_waveform[95]
commanded_waveform[96]
commanded_waveform[97]
commanded_waveform[98]
commanded_waveform[99]
commanded_waveform[9]
frame_ready
irq
latch_clock
motion_ack_pulse
motion_done
motion_invalid
motion_overflow
motion_request_pulse
motion_running
motion_timeout
motion_underflow
output_disable
rx_blank[0]
rx_blank[1]
s_arready
s_awready
s_bresp[0]
s_bresp[1]
s_bvalid
s_rdata[0]
s_rdata[10]
s_rdata[11]
s_rdata[12]
s_rdata[13]
s_rdata[14]
s_rdata[15]
s_rdata[16]
s_rdata[17]
s_rdata[18]
s_rdata[19]
s_rdata[1]
s_rdata[20]
s_rdata[21]
s_rdata[22]
s_rdata[23]
s_rdata[24]
s_rdata[25]
s_rdata[26]
s_rdata[27]
s_rdata[28]
s_rdata[29]
s_rdata[2]
s_rdata[30]
s_rdata[31]
s_rdata[3]
s_rdata[4]
s_rdata[5]
s_rdata[6]
s_rdata[7]
s_rdata[8]
s_rdata[9]
s_rresp[0]
s_rresp[1]
s_rvalid
s_wready
serial_data[0]
serial_data[10]
serial_data[11]
serial_data[12]
serial_data[13]
serial_data[14]
serial_data[15]
serial_data[16]
serial_data[17]
serial_data[18]
serial_data[19]
serial_data[1]
serial_data[20]
serial_data[21]
serial_data[22]
serial_data[23]
serial_data[24]
serial_data[25]
serial_data[26]
serial_data[27]
serial_data[28]
serial_data[29]
serial_data[2]
serial_data[30]
serial_data[31]
serial_data[3]
serial_data[4]
serial_data[5]
serial_data[6]
serial_data[7]
serial_data[8]
serial_data[9]
shift_clock

 There are 0 ports with no output delay but user has a false path constraint

 There are 0 ports with no output delay but with a timing clock defined on it or propagating through it


7. checking multiple_clock (0)
------------------------------
 There are 0 register/latch pins with multiple clocks.


8. checking generated_clocks (0)
--------------------------------
 There are 0 generated clocks that are not connected to a clock source.


9. checking loops (0)
---------------------
 There are 0 combinational loops in the design.


10. checking partial_input_delay (0)
------------------------------------
 There are 0 input ports with partial input delay specified.


11. checking partial_output_delay (0)
-------------------------------------
 There are 0 ports with partial output delay specified.


12. checking latch_loops (0)
----------------------------
 There are 0 combinational latch loops in the design through latch input


