
****** xsim v2025.2 (64-bit)
  **** SW Build 6299465 on Fri Nov 14 19:35:11 GMT 2025
  **** IP Build 6300035 on Fri Nov 14 10:48:45 MST 2025
  **** SharedData Build 6298862 on Thu Nov 13 04:50:51 MST 2025
  **** Start of session at: Thu Oct  8 16:27:32 2026
    ** Copyright 1986-2022 Xilinx, Inc. All Rights Reserved.
    ** Copyright 2022-2025 Advanced Micro Devices, Inc. All Rights Reserved.

source xsim.dir/tb_axi_native_bridge/xsim_script.tcl
# xsim {tb_axi_native_bridge} -autoloadwcfg -runall
Time resolution is 1 ps
run -all
PASS AXI_NATIVE checks=24 independent_AW_W backpressure invalid error reset ownership IRQ
$finish called at time : 3450 ns : File "E:/Codex_project/AMD-SonoField-FPGA/v5/build/standalone_workspace/v5/tb/tb_axi_native_bridge.sv" Line 103
exit
INFO: [Common 17-206] Exiting xsim at Thu Oct  8 16:27:34 2026...
The system cannot find the path specified.


****** xsim v2025.2 (64-bit)
  **** SW Build 6299465 on Fri Nov 14 19:35:11 GMT 2025
  **** IP Build 6300035 on Fri Nov 14 10:48:45 MST 2025
  **** SharedData Build 6298862 on Thu Nov 13 04:50:51 MST 2025
  **** Start of session at: Thu Oct  8 16:27:38 2026
    ** Copyright 1986-2022 Xilinx, Inc. All Rights Reserved.
    ** Copyright 2022-2025 Advanced Micro Devices, Inc. All Rights Reserved.

source xsim.dir/tb_axi_system/xsim_script.tcl
# xsim {tb_axi_system} -autoloadwcfg -runall
Time resolution is 1 ps
run -all
PASS AXI_SYSTEM actual wrapper STATUS frequency safe-disable, outputs disabled
$finish called at time : 400 ns : File "E:/Codex_project/AMD-SonoField-FPGA/v5/build/standalone_workspace/v5/tb/tb_axi_system.sv" Line 33
exit
INFO: [Common 17-206] Exiting xsim at Thu Oct  8 16:27:40 2026...
The system cannot find the path specified.
