The system cannot find the path specified.
2026-10-10 13:27:41,544 - [DEBUG]: Generating CPU list took 0.83 seconds
The system cannot find the path specified.
2026-10-10 13:27:42,476 - [DEBUG]: Getting supported component list took 0.89 seconds
2026-10-10 13:27:42,476 - [INFO]: Validating inputs
2026-10-10 13:27:42,483 - [INFO]: Starting domain creation
The system cannot find the path specified.
2026-10-10 13:27:43,338 - [DEBUG]: Generating Flat DT from SDT (Unpruned) took 0.85 seconds
2026-10-10 13:27:43,342 - [INFO]: Generating Domain-specific DTS for ps7_cortexa9_0
The system cannot find the path specified.
2026-10-10 13:27:44,598 - [DEBUG]: Generating Domain-specific DTS for ps7_cortexa9_0 took 1.26 seconds
The system cannot find the path specified.
2026-10-10 13:27:46,230 - [DEBUG]: Generating driver list took 1.19 seconds
2026-10-10 13:27:46,418 - [DEBUG]: Function add_lib_for_apps took 0.03 seconds
2026-10-10 13:27:46,419 - [INFO]: Generating required metadata from domain specific DT
The system cannot find the path specified.
2026-10-10 13:27:48,544 - [DEBUG]: Generating required metadata from domain specific DT took 2.13 seconds
2026-10-10 13:27:51,730 - [DEBUG]: Running CMake Configuration with xiltimer;standalone took 3.18 seconds
2026-10-10 13:27:51,763 - [DEBUG]: Function config_lib took 3.22 seconds
2026-10-10 13:27:51,847 - [INFO]: Successfully created Domain at E:\Codex_project\AMD_Sonofield\v5\build\uart_resume_01\ocm_script_verified\bsp
2026-10-10 13:27:51,847 - [DEBUG]: Function create_domain took 11.16 seconds
