ELF Header:
  Magic:   7f 45 4c 46 01 01 01 00 00 00 00 00 00 00 00 00 
  Class:                             ELF32
  Data:                              2's complement, little endian
  Version:                           1 (current)
  OS/ABI:                            UNIX - System V
  ABI Version:                       0
  Type:                              EXEC (Executable file)
  Machine:                           ARM
  Version:                           0x1
  Entry point address:               0x0
  Start of program headers:          52 (bytes into file)
  Start of section headers:          195892 (bytes into file)
  Flags:                             0x5000400, Version5 EABI, hard-float ABI
  Size of this header:               52 (bytes)
  Size of program headers:           32 (bytes)
  Number of program headers:         3
  Size of section headers:           40 (bytes)
  Number of section headers:         30
  Section header string table index: 29

Program Headers:
  Type           Offset   VirtAddr   PhysAddr   FileSiz MemSiz  Flg Align
  EXIDX          0x00a000 0x0000c000 0x0000c000 0x00008 0x00008 R   0x4
  LOAD           0x001000 0x00000000 0x00000000 0x04604 0x04604 RWE 0x1000
  LOAD           0x006000 0x00008000 0x00008000 0x04054 0x09c10 RW  0x1000

 Section to Segment mapping:
  Segment Sections...
   00     .ARM.exidx 
   01     .text .init .fini .rodata .data .eh_frame 
   02     .mmu_tbl .ARM.exidx .init_array .fini_array .drvcfg_sec .bss .heap .stack 
Attribute Section: aeabi
File Attributes
  Tag_CPU_name: "7-A"
  Tag_CPU_arch: v7
  Tag_CPU_arch_profile: Application
  Tag_ARM_ISA_use: Yes
  Tag_THUMB_ISA_use: Thumb-2
  Tag_FP_arch: VFPv3
  Tag_ABI_PCS_wchar_t: 4
  Tag_ABI_FP_denormal: Needed
  Tag_ABI_FP_exceptions: Needed
  Tag_ABI_FP_number_model: IEEE 754
  Tag_ABI_align_needed: 8-byte
  Tag_ABI_enum_size: small
  Tag_ABI_VFP_args: VFP registers
  Tag_CPU_unaligned_access: v6
  Tag_MPextension_use: Allowed
  Tag_Virtualization_use: TrustZone
