E:/Codex_project/AMD_Sonofield/v5/build/uart_resume_01/ocm_script_verified/app/build/empty_application.elf  :
section             size    addr
.text              16252       0
.init                 12   16252
.fini                 12   16264
.rodata              224   16276
.data               1416   16504
.eh_frame              4   17920
.mmu_tbl           16384   32768
.ARM.exidx             8   49152
.init_array            8   49160
.fini_array            4   49168
.drvcfg_sec           64   49172
.ARM.attributes       51   49236
.bss                 944   49236
.heap               8204   50180
.stack             14336   58384
.debug_info        15497       0
.debug_abbrev       5905       0
.debug_aranges       656       0
.debug_macro       15347       0
.debug_line        18668       0
.debug_str         75414       0
.comment              68       0
.debug_frame        3828       0
.debug_line_str      693       0
.debug_loclists     4314       0
.debug_rnglists      377       0
Total             198690


