Copyright 1986-2022 Xilinx, Inc. All Rights Reserved. Copyright 2022-2025 Advanced Micro Devices, Inc. All Rights Reserved.
-------------------------------------------------------------------------------------------------------------------------------------------------------------------------------------
| Tool Version : Vivado v.2025.2 (win64) Build 6299465 Fri Nov 14 19:35:11 GMT 2025
| Date         : Sat Oct  3 15:42:49 2026
| Host         : loverlike running 64-bit major release  (build 9200)
| Command      : report_timing_summary -report_unconstrained -file E:/Codex_project/AMD-SonoField-FPGA/v2/evidence/pre_pcb_board_ready/timing/strategy1/synthesis/timing_summary.rpt
| Design       : sono_axi_system
| Device       : 7z020-clg400
| Speed File   : -1  PRODUCTION 1.12 2019-11-22
| Design State : Synthesized
-------------------------------------------------------------------------------------------------------------------------------------------------------------------------------------

Timing Summary Report

------------------------------------------------------------------------------------------------
| Timer Settings
| --------------
------------------------------------------------------------------------------------------------

  Enable Multi Corner Analysis               :  Yes
  Enable Pessimism Removal                   :  Yes
  Pessimism Removal Resolution               :  Nearest Common Node
  Enable Input Delay Default Clock           :  No
  Enable Preset / Clear Arcs                 :  No
  Disable Flight Delays                      :  No
  Ignore I/O Paths                           :  No
  Timing Early Launch at Borrowing Latches   :  No
  Borrow Time for Max Delay Exceptions       :  Yes
  Merge Timing Exceptions                    :  Yes
  Inter-SLR Compensation                     :  Conservative

  Corner  Analyze    Analyze    
  Name    Max Paths  Min Paths  
  ------  ---------  ---------  
  Slow    Yes        Yes        
  Fast    Yes        Yes        


------------------------------------------------------------------------------------------------
| Report Methodology
| ------------------
------------------------------------------------------------------------------------------------

No report available as report_methodology has not been run prior. Run report_methodology on the current design for the summary of methodology violations.



check_timing report

Table of Contents
-----------------
1. checking no_clock (0)
2. checking constant_clock (0)
3. checking pulse_width_clock (0)
4. checking unconstrained_internal_endpoints (0)
5. checking no_input_delay (2324)
6. checking no_output_delay (285)
7. checking multiple_clock (0)
8. checking generated_clocks (0)
9. checking loops (0)
10. checking partial_input_delay (0)
11. checking partial_output_delay (0)
12. checking latch_loops (0)

1. checking no_clock (0)
------------------------
 There are 0 register/latch pins with no clock.


2. checking constant_clock (0)
------------------------------
 There are 0 register/latch pins with constant_clock.


3. checking pulse_width_clock (0)
---------------------------------
 There are 0 register/latch pins which need pulse_width check


4. checking unconstrained_internal_endpoints (0)
------------------------------------------------
 There are 0 pins that are not constrained for maximum delay.

 There are 0 pins that are not constrained for maximum delay due to constant clock.


5. checking no_input_delay (2324)
---------------------------------
 There are 2324 input ports with no input delay specified. (HIGH)

 There are 0 input ports with no input delay but user has a false path constraint.


6. checking no_output_delay (285)
---------------------------------
 There are 285 ports with no output delay specified. (HIGH)

 There are 0 ports with no output delay but user has a false path constraint

 There are 0 ports with no output delay but with a timing clock defined on it or propagating through it


7. checking multiple_clock (0)
------------------------------
 There are 0 register/latch pins with multiple clocks.


8. checking generated_clocks (0)
--------------------------------
 There are 0 generated clocks that are not connected to a clock source.


9. checking loops (0)
---------------------
 There are 0 combinational loops in the design.


10. checking partial_input_delay (0)
------------------------------------
 There are 0 input ports with partial input delay specified.


11. checking partial_output_delay (0)
-------------------------------------
 There are 0 ports with partial output delay specified.


12. checking latch_loops (0)
----------------------------
 There are 0 combinational latch loops in the design through latch input



------------------------------------------------------------------------------------------------
| Design Timing Summary
| ---------------------
------------------------------------------------------------------------------------------------

    WNS(ns)      TNS(ns)  TNS Failing Endpoints  TNS Total Endpoints      WHS(ns)      THS(ns)  THS Failing Endpoints  THS Total Endpoints     WPWS(ns)     TPWS(ns)  TPWS Failing Endpoints  TPWS Total Endpoints  
    -------      -------  ---------------------  -------------------      -------      -------  ---------------------  -------------------     --------     --------  ----------------------  --------------------  
     -0.723      -72.788                    129                33143        0.164        0.000                      0                33143        3.288        0.000                       0                 17926  


Timing constraints are not met.


------------------------------------------------------------------------------------------------
| Clock Summary
| -------------
------------------------------------------------------------------------------------------------

Clock    Waveform(ns)         Period(ns)      Frequency(MHz)
-----    ------------         ----------      --------------
core132  {0.000 3.788}        7.576           131.996         


------------------------------------------------------------------------------------------------
| Intra Clock Table
| -----------------
------------------------------------------------------------------------------------------------

Clock             WNS(ns)      TNS(ns)  TNS Failing Endpoints  TNS Total Endpoints      WHS(ns)      THS(ns)  THS Failing Endpoints  THS Total Endpoints     WPWS(ns)     TPWS(ns)  TPWS Failing Endpoints  TPWS Total Endpoints  
-----             -------      -------  ---------------------  -------------------      -------      -------  ---------------------  -------------------     --------     --------  ----------------------  --------------------  
core132            -0.723      -72.788                    129                26749        0.164        0.000                      0                26749        3.288        0.000                       0                 17926  


------------------------------------------------------------------------------------------------
| Inter Clock Table
| -----------------
------------------------------------------------------------------------------------------------

From Clock    To Clock          WNS(ns)      TNS(ns)  TNS Failing Endpoints  TNS Total Endpoints      WHS(ns)      THS(ns)  THS Failing Endpoints  THS Total Endpoints  
----------    --------          -------      -------  ---------------------  -------------------      -------      -------  ---------------------  -------------------  


------------------------------------------------------------------------------------------------
| Other Path Groups Table
| -----------------------
------------------------------------------------------------------------------------------------

Path Group         From Clock         To Clock               WNS(ns)      TNS(ns)  TNS Failing Endpoints  TNS Total Endpoints      WHS(ns)      THS(ns)  THS Failing Endpoints  THS Total Endpoints  
----------         ----------         --------               -------      -------  ---------------------  -------------------      -------      -------  ---------------------  -------------------  
**async_default**  core132            core132                  3.564        0.000                      0                 6394        0.832        0.000                      0                 6394  


------------------------------------------------------------------------------------------------
| User Ignored Path Table
| -----------------------
------------------------------------------------------------------------------------------------

Path Group    From Clock    To Clock    
----------    ----------    --------    


------------------------------------------------------------------------------------------------
| Unconstrained Path Table
| ------------------------
------------------------------------------------------------------------------------------------

Path Group    From Clock    To Clock    
----------    ----------    --------    
(none)                                    
(none)        core132                     
(none)                      core132       


------------------------------------------------------------------------------------------------
| Timing Details
| --------------
------------------------------------------------------------------------------------------------


---------------------------------------------------------------------------------------------------
From Clock:  core132
  To Clock:  core132

Setup :          129  Failing Endpoints,  Worst Slack       -0.723ns,  Total Violation      -72.788ns
Hold  :            0  Failing Endpoints,  Worst Slack        0.164ns,  Total Violation        0.000ns
PW    :            0  Failing Endpoints,  Worst Slack        3.288ns,  Total Violation        0.000ns
---------------------------------------------------------------------------------------------------


Max Delay Paths
--------------------------------------------------------------------------------------
Slack (VIOLATED) :        -0.723ns  (required time - arrival time)
  Source:                 native_system/queue/count_reg[27]/C
                            (rising edge-triggered cell FDCE clocked by core132  {rise@0.000ns fall@3.788ns period=7.576ns})
  Destination:            native_system/queue/count_reg[0]/CE
                            (rising edge-triggered cell FDCE clocked by core132  {rise@0.000ns fall@3.788ns period=7.576ns})
  Path Group:             core132
  Path Type:              Setup (Max at Slow Process Corner)
  Requirement:            7.576ns  (core132 rise@7.576ns - core132 rise@0.000ns)
  Data Path Delay:        8.046ns  (logic 1.953ns (24.273%)  route 6.093ns (75.727%))
  Logic Levels:           10  (LUT2=1 LUT4=1 LUT6=8)
  Clock Path Skew:        -0.049ns (DCD - SCD + CPR)
    Destination Clock Delay (DCD):    0.924ns = ( 8.500 - 7.576 ) 
    Source Clock Delay      (SCD):    0.973ns
    Clock Pessimism Removal (CPR):    0.000ns
  Clock Uncertainty:      0.035ns  ((TSJ^2 + TIJ^2)^1/2 + DJ) / 2 + PE
    Total System Jitter     (TSJ):    0.071ns
    Total Input Jitter      (TIJ):    0.000ns
    Discrete Jitter          (DJ):    0.000ns
    Phase Error              (PE):    0.000ns

    Location             Delay type                Incr(ns)  Path(ns)    Netlist Resource(s)
  -------------------------------------------------------------------    -------------------
                         (clock core132 rise edge)    0.000     0.000 r  
                                                      0.000     0.000 r  clk (IN)
                         net (fo=17925, unset)        0.973     0.973    native_system/queue/clk
                         FDCE                                         r  native_system/queue/count_reg[27]/C
  -------------------------------------------------------------------    -------------------
                         FDCE (Prop_fdce_C_Q)         0.518     1.491 f  native_system/queue/count_reg[27]/Q
                         net (fo=6, unplaced)         0.773     2.264    native_system/queue/count_reg[31]_0[27]
                         LUT4 (Prop_lut4_I1_O)        0.319     2.583 f  native_system/queue/frame_ready_INST_0_i_14/O
                         net (fo=1, unplaced)         0.665     3.248    native_system/queue/frame_ready_INST_0_i_14_n_0
                         LUT6 (Prop_lut6_I0_O)        0.124     3.372 f  native_system/queue/frame_ready_INST_0_i_5/O
                         net (fo=2, unplaced)         0.430     3.802    native_system/queue/frame_ready_INST_0_i_5_n_0
                         LUT6 (Prop_lut6_I0_O)        0.124     3.926 f  native_system/queue/frame_ready_INST_0_i_1/O
                         net (fo=34, unplaced)        0.975     4.901    native_system/queue/pop0
                         LUT6 (Prop_lut6_I1_O)        0.124     5.025 r  native_system/queue/invalid_frame_i_3/O
                         net (fo=3, unplaced)         0.437     5.462    native_system/queue/push
                         LUT2 (Prop_lut2_I0_O)        0.124     5.586 r  native_system/queue/count[31]_i_5__0/O
                         net (fo=4, unplaced)         0.473     6.059    native_system/queue/count[31]_i_5__0_n_0
                         LUT6 (Prop_lut6_I3_O)        0.124     6.183 r  native_system/queue/count[31]_i_21/O
                         net (fo=1, unplaced)         0.449     6.632    native_system/queue/count[31]_i_21_n_0
                         LUT6 (Prop_lut6_I3_O)        0.124     6.756 r  native_system/queue/count[31]_i_17/O
                         net (fo=1, unplaced)         0.449     7.205    native_system/queue/count[31]_i_17_n_0
                         LUT6 (Prop_lut6_I3_O)        0.124     7.329 r  native_system/queue/count[31]_i_9__0/O
                         net (fo=1, unplaced)         0.449     7.778    native_system/queue/count[31]_i_9__0_n_0
                         LUT6 (Prop_lut6_I3_O)        0.124     7.902 r  native_system/queue/count[31]_i_6__0/O
                         net (fo=1, unplaced)         0.449     8.351    native_system/queue/count[31]_i_6__0_n_0
                         LUT6 (Prop_lut6_I4_O)        0.124     8.475 r  native_system/queue/count[31]_i_1__0/O
                         net (fo=32, unplaced)        0.544     9.019    native_system/queue/count[31]_i_1__0_n_0
                         FDCE                                         r  native_system/queue/count_reg[0]/CE
  -------------------------------------------------------------------    -------------------

                         (clock core132 rise edge)    7.576     7.576 r  
                                                      0.000     7.576 r  clk (IN)
                         net (fo=17925, unset)        0.924     8.500    native_system/queue/clk
                         FDCE                                         r  native_system/queue/count_reg[0]/C
                         clock pessimism              0.000     8.500    
                         clock uncertainty           -0.035     8.465    
                         FDCE (Setup_fdce_C_CE)      -0.169     8.296    native_system/queue/count_reg[0]
  -------------------------------------------------------------------
                         required time                          8.296    
                         arrival time                          -9.019    
  -------------------------------------------------------------------
                         slack                                 -0.723    





Min Delay Paths
--------------------------------------------------------------------------------------
Slack (MET) :             0.164ns  (arrival time - required time)
  Source:                 native_system/digital/adc/busy_sync_reg[0]/C
                            (rising edge-triggered cell FDCE clocked by core132  {rise@0.000ns fall@3.788ns period=7.576ns})
  Destination:            native_system/digital/adc/busy_sync_reg[1]/D
                            (rising edge-triggered cell FDCE clocked by core132  {rise@0.000ns fall@3.788ns period=7.576ns})
  Path Group:             core132
  Path Type:              Hold (Min at Fast Process Corner)
  Requirement:            0.000ns  (core132 rise@0.000ns - core132 rise@0.000ns)
  Data Path Delay:        0.245ns  (logic 0.164ns (66.957%)  route 0.081ns (33.043%))
  Logic Levels:           0  
  Clock Path Skew:        0.022ns (DCD - SCD - CPR)
    Destination Clock Delay (DCD):    0.432ns
    Source Clock Delay      (SCD):    0.410ns
    Clock Pessimism Removal (CPR):    -0.000ns

    Location             Delay type                Incr(ns)  Path(ns)    Netlist Resource(s)
  -------------------------------------------------------------------    -------------------
                         (clock core132 rise edge)    0.000     0.000 r  
                                                      0.000     0.000 r  clk (IN)
                         net (fo=17925, unset)        0.410     0.410    native_system/digital/adc/clk
                         FDCE                                         r  native_system/digital/adc/busy_sync_reg[0]/C
  -------------------------------------------------------------------    -------------------
                         FDCE (Prop_fdce_C_Q)         0.164     0.574 r  native_system/digital/adc/busy_sync_reg[0]/Q
                         net (fo=1, unplaced)         0.081     0.655    native_system/digital/adc/busy_sync[0]
                         FDCE                                         r  native_system/digital/adc/busy_sync_reg[1]/D
  -------------------------------------------------------------------    -------------------

                         (clock core132 rise edge)    0.000     0.000 r  
                                                      0.000     0.000 r  clk (IN)
                         net (fo=17925, unset)        0.432     0.432    native_system/digital/adc/clk
                         FDCE                                         r  native_system/digital/adc/busy_sync_reg[1]/C
                         clock pessimism              0.000     0.432    
                         FDCE (Hold_fdce_C_D)         0.059     0.491    native_system/digital/adc/busy_sync_reg[1]
  -------------------------------------------------------------------
                         required time                         -0.491    
                         arrival time                           0.655    
  -------------------------------------------------------------------
                         slack                                  0.164    





Pulse Width Checks
--------------------------------------------------------------------------------------
Clock Name:         core132
Waveform(ns):       { 0.000 3.788 }
Period(ns):         7.576
Sources:            { clk }

Check Type        Corner  Lib Pin             Reference Pin  Required(ns)  Actual(ns)  Slack(ns)  Location  Pin
Min Period        n/a     RAMB36E1/CLKARDCLK  n/a            2.944         7.576       4.632                native_system/digital/scheduler/memory_reg_0/CLKARDCLK
Low Pulse Width   Slow    FDCE/C              n/a            0.500         3.788       3.288                bridge/FSM_sequential_state_reg[0]/C
High Pulse Width  Slow    FDCE/C              n/a            0.500         3.788       3.288                bridge/FSM_sequential_state_reg[0]/C



---------------------------------------------------------------------------------------------------
Path Group:  **async_default**
From Clock:  core132
  To Clock:  core132

Setup :            0  Failing Endpoints,  Worst Slack        3.564ns,  Total Violation        0.000ns
Hold  :            0  Failing Endpoints,  Worst Slack        0.832ns,  Total Violation        0.000ns
---------------------------------------------------------------------------------------------------


Max Delay Paths
--------------------------------------------------------------------------------------
Slack (MET) :             3.564ns  (required time - arrival time)
  Source:                 native_system/digital/bus_error_reg/C
                            (rising edge-triggered cell FDCE clocked by core132  {rise@0.000ns fall@3.788ns period=7.576ns})
  Destination:            native_system/digital/enable_sync_reg[0]/CLR
                            (recovery check against rising-edge clock core132  {rise@0.000ns fall@3.788ns period=7.576ns})
  Path Group:             **async_default**
  Path Type:              Recovery (Max at Slow Process Corner)
  Requirement:            7.576ns  (core132 rise@7.576ns - core132 rise@0.000ns)
  Data Path Delay:        3.609ns  (logic 1.061ns (29.399%)  route 2.548ns (70.601%))
  Logic Levels:           3  (LUT2=1 LUT5=2)
  Clock Path Skew:        -0.049ns (DCD - SCD + CPR)
    Destination Clock Delay (DCD):    0.924ns = ( 8.500 - 7.576 ) 
    Source Clock Delay      (SCD):    0.973ns
    Clock Pessimism Removal (CPR):    0.000ns
  Clock Uncertainty:      0.035ns  ((TSJ^2 + TIJ^2)^1/2 + DJ) / 2 + PE
    Total System Jitter     (TSJ):    0.071ns
    Total Input Jitter      (TIJ):    0.000ns
    Discrete Jitter          (DJ):    0.000ns
    Phase Error              (PE):    0.000ns

    Location             Delay type                Incr(ns)  Path(ns)    Netlist Resource(s)
  -------------------------------------------------------------------    -------------------
                         (clock core132 rise edge)    0.000     0.000 r  
                                                      0.000     0.000 r  clk (IN)
                         net (fo=17925, unset)        0.973     0.973    native_system/digital/clk
                         FDCE                                         r  native_system/digital/bus_error_reg/C
  -------------------------------------------------------------------    -------------------
                         FDCE (Prop_fdce_C_Q)         0.518     1.491 f  native_system/digital/bus_error_reg/Q
                         net (fo=5, unplaced)         0.834     2.325    native_system/queue/native_error
                         LUT5 (Prop_lut5_I0_O)        0.295     2.620 f  native_system/queue/frame_ready_INST_0_i_13/O
                         net (fo=3, unplaced)         0.467     3.087    native_system/queue/fault
                         LUT5 (Prop_lut5_I0_O)        0.124     3.211 r  native_system/queue/output_disable_INST_0_i_2/O
                         net (fo=2, unplaced)         0.460     3.671    native_system/queue/hardware_enable0
                         LUT2 (Prop_lut2_I0_O)        0.124     3.795 f  native_system/queue/enable_sync[1]_i_1/O
                         net (fo=2, unplaced)         0.787     4.582    native_system/digital/AR[0]
                         FDCE                                         f  native_system/digital/enable_sync_reg[0]/CLR
  -------------------------------------------------------------------    -------------------

                         (clock core132 rise edge)    7.576     7.576 r  
                                                      0.000     7.576 r  clk (IN)
                         net (fo=17925, unset)        0.924     8.500    native_system/digital/clk
                         FDCE                                         r  native_system/digital/enable_sync_reg[0]/C
                         clock pessimism              0.000     8.500    
                         clock uncertainty           -0.035     8.465    
                         FDCE (Recov_fdce_C_CLR)     -0.319     8.146    native_system/digital/enable_sync_reg[0]
  -------------------------------------------------------------------
                         required time                          8.146    
                         arrival time                          -4.582    
  -------------------------------------------------------------------
                         slack                                  3.564    





Min Delay Paths
--------------------------------------------------------------------------------------
Slack (MET) :             0.832ns  (arrival time - required time)
  Source:                 native_system/digital/reset_sync_reg[1]/C
                            (rising edge-triggered cell FDCE clocked by core132  {rise@0.000ns fall@3.788ns period=7.576ns})
  Destination:            native_system/digital/abort_reg/CLR
                            (removal check against rising-edge clock core132  {rise@0.000ns fall@3.788ns period=7.576ns})
  Path Group:             **async_default**
  Path Type:              Removal (Min at Fast Process Corner)
  Requirement:            0.000ns  (core132 rise@0.000ns - core132 rise@0.000ns)
  Data Path Delay:        0.787ns  (logic 0.262ns (33.300%)  route 0.525ns (66.700%))
  Logic Levels:           1  (LUT1=1)
  Clock Path Skew:        0.022ns (DCD - SCD - CPR)
    Destination Clock Delay (DCD):    0.432ns
    Source Clock Delay      (SCD):    0.410ns
    Clock Pessimism Removal (CPR):    -0.000ns

    Location             Delay type                Incr(ns)  Path(ns)    Netlist Resource(s)
  -------------------------------------------------------------------    -------------------
                         (clock core132 rise edge)    0.000     0.000 r  
                                                      0.000     0.000 r  clk (IN)
                         net (fo=17925, unset)        0.410     0.410    native_system/digital/clk
                         FDCE                                         r  native_system/digital/reset_sync_reg[1]/C
  -------------------------------------------------------------------    -------------------
                         FDCE (Prop_fdce_C_Q)         0.164     0.574 r  native_system/digital/reset_sync_reg[1]/Q
                         net (fo=3, unplaced)         0.139     0.713    native_system/digital/bank/shadow_mask_reg[0]_0[0]
                         LUT1 (Prop_lut1_I0_O)        0.098     0.811 f  native_system/digital/bank/adc_reset_i_2/O
                         net (fo=6392, unplaced)      0.386     1.197    native_system/digital/bank_n_1
                         FDCE                                         f  native_system/digital/abort_reg/CLR
  -------------------------------------------------------------------    -------------------

                         (clock core132 rise edge)    0.000     0.000 r  
                                                      0.000     0.000 r  clk (IN)
                         net (fo=17925, unset)        0.432     0.432    native_system/digital/clk
                         FDCE                                         r  native_system/digital/abort_reg/C
                         clock pessimism              0.000     0.432    
                         FDCE (Remov_fdce_C_CLR)     -0.067     0.365    native_system/digital/abort_reg
  -------------------------------------------------------------------
                         required time                         -0.365    
                         arrival time                           1.197    
  -------------------------------------------------------------------
                         slack                                  0.832    





--------------------------------------------------------------------------------------
Path Group:  (none)
From Clock:  
  To Clock:  

Max Delay             5 Endpoints
Min Delay             5 Endpoints
--------------------------------------------------------------------------------------


Max Delay Paths
--------------------------------------------------------------------------------------
Slack:                    inf
  Source:                 hardware_enable
                            (input port)
  Destination:            frame_ready
                            (output port)
  Path Group:             (none)
  Path Type:              Max at Slow Process Corner
  Data Path Delay:        2.870ns  (logic 0.248ns (8.641%)  route 2.622ns (91.359%))
  Logic Levels:           2  (LUT5=2)

    Location             Delay type                Incr(ns)  Path(ns)    Netlist Resource(s)
  -------------------------------------------------------------------    -------------------
                                                      0.000     0.000 r  hardware_enable (IN)
                         net (fo=3, unset)            0.973     0.973    native_system/queue/hardware_enable
                         LUT5 (Prop_lut5_I4_O)        0.124     1.097 f  native_system/queue/frame_ready_INST_0_i_4/O
                         net (fo=2, unplaced)         0.676     1.773    native_system/queue/frame_ready_INST_0_i_4_n_0
                         LUT5 (Prop_lut5_I4_O)        0.124     1.897 r  native_system/queue/frame_ready_INST_0/O
                         net (fo=0)                   0.973     2.870    frame_ready
                                                                      r  frame_ready (OUT)
  -------------------------------------------------------------------    -------------------





Min Delay Paths
--------------------------------------------------------------------------------------
Slack:                    inf
  Source:                 rst_n
                            (input port)
  Destination:            frame_ready
                            (output port)
  Path Group:             (none)
  Path Type:              Min at Fast Process Corner
  Data Path Delay:        0.865ns  (logic 0.045ns (5.201%)  route 0.820ns (94.799%))
  Logic Levels:           1  (LUT5=1)

    Location             Delay type                Incr(ns)  Path(ns)    Netlist Resource(s)
  -------------------------------------------------------------------    -------------------
                                                      0.000     0.000 r  rst_n (IN)
                         net (fo=15, unset)           0.410     0.410    native_system/queue/rst_n
                         LUT5 (Prop_lut5_I3_O)        0.045     0.455 r  native_system/queue/frame_ready_INST_0/O
                         net (fo=0)                   0.410     0.865    frame_ready
                                                                      r  frame_ready (OUT)
  -------------------------------------------------------------------    -------------------





--------------------------------------------------------------------------------------
Path Group:  (none)
From Clock:  core132
  To Clock:  

Max Delay           285 Endpoints
Min Delay           285 Endpoints
--------------------------------------------------------------------------------------


Max Delay Paths
--------------------------------------------------------------------------------------
Slack:                    inf
  Source:                 native_system/digital/bank/active_requested_reg[0][1]/C
                            (rising edge-triggered cell FDCE clocked by core132  {rise@0.000ns fall@3.788ns period=7.576ns})
  Destination:            commanded_waveform[0]
                            (output port)
  Path Group:             (none)
  Path Type:              Max at Slow Process Corner
  Data Path Delay:        5.476ns  (logic 2.777ns (50.712%)  route 2.699ns (49.288%))
  Logic Levels:           6  (CARRY4=3 LUT2=2 LUT5=1)
  Clock Uncertainty:      0.025ns  ((TSJ^2 + TIJ^2)^1/2 + DJ) / 2 + PE
    Total System Jitter     (TSJ):    0.050ns
    Total Input Jitter      (TIJ):    0.000ns
    Discrete Jitter          (DJ):    0.000ns
    Phase Error              (PE):    0.000ns

    Location             Delay type                Incr(ns)  Path(ns)    Netlist Resource(s)
  -------------------------------------------------------------------    -------------------
                         (clock core132 rise edge)    0.000     0.000 r  
                                                      0.000     0.000 r  clk (IN)
                         net (fo=17925, unset)        0.973     0.973    native_system/digital/bank/clk
                         FDCE                                         r  native_system/digital/bank/active_requested_reg[0][1]/C
  -------------------------------------------------------------------    -------------------
                         FDCE (Prop_fdce_C_Q)         0.518     1.491 r  native_system/digital/bank/active_requested_reg[0][1]/Q
                         net (fo=2, unplaced)         0.481     1.972    native_system/digital/bank/active_requested_reg[0][3]_0[1]
                         LUT2 (Prop_lut2_I0_O)        0.295     2.267 r  native_system/digital/bank/commanded_waveform[0]_INST_0_i_19/O
                         net (fo=1, unplaced)         0.000     2.267    native_system_n_283
                         CARRY4 (Prop_carry4_S[1]_O[3])
                                                      0.643     2.910 r  digital/bank/commanded_waveform[0]_INST_0_i_12/O[3]
                         net (fo=1, unplaced)         0.618     3.528    native_system/digital/serial/commanded_waveform[127]_INST_0_i_6_0[3]
                         LUT2 (Prop_lut2_I1_O)        0.307     3.835 r  native_system/digital/serial/commanded_waveform[0]_INST_0_i_7/O
                         net (fo=1, unplaced)         0.000     3.835    native_system/digital/serial/commanded_waveform[0]_INST_0_i_7_n_0
                         CARRY4 (Prop_carry4_S[3]_CO[3])
                                                      0.376     4.211 r  native_system/digital/serial/commanded_waveform[0]_INST_0_i_2/CO[3]
                         net (fo=1, unplaced)         0.009     4.220    native_system/digital/bank/captured_reg[0]_1[0]
                         CARRY4 (Prop_carry4_CI_O[3])
                                                      0.331     4.551 f  native_system/digital/bank/commanded_waveform[0]_INST_0_i_1/O[3]
                         net (fo=1, unplaced)         0.618     5.169    native_system/digital/bank/wave/channel[0].local_phase0_out[7]
                         LUT5 (Prop_lut5_I4_O)        0.307     5.476 r  native_system/digital/bank/commanded_waveform[0]_INST_0/O
                         net (fo=1, unset)            0.973     6.449    commanded_waveform[0]
                                                                      r  commanded_waveform[0] (OUT)
  -------------------------------------------------------------------    -------------------





Min Delay Paths
--------------------------------------------------------------------------------------
Slack:                    inf
  Source:                 native_system/queue/acknowledged_sequence_reg[0]/C
                            (rising edge-triggered cell FDPE clocked by core132  {rise@0.000ns fall@3.788ns period=7.576ns})
  Destination:            acknowledged_sequence[0]
                            (output port)
  Path Group:             (none)
  Path Type:              Min at Fast Process Corner
  Data Path Delay:        0.574ns  (logic 0.164ns (28.565%)  route 0.410ns (71.435%))
  Logic Levels:           0  
  Clock Uncertainty:      0.025ns  ((TSJ^2 + TIJ^2)^1/2 + DJ) / 2 + PE
    Total System Jitter     (TSJ):    0.050ns
    Total Input Jitter      (TIJ):    0.000ns
    Discrete Jitter          (DJ):    0.000ns
    Phase Error              (PE):    0.000ns

    Location             Delay type                Incr(ns)  Path(ns)    Netlist Resource(s)
  -------------------------------------------------------------------    -------------------
                         (clock core132 rise edge)    0.000     0.000 r  
                                                      0.000     0.000 r  clk (IN)
                         net (fo=17925, unset)        0.410     0.410    native_system/queue/clk
                         FDPE                                         r  native_system/queue/acknowledged_sequence_reg[0]/C
  -------------------------------------------------------------------    -------------------
                         FDPE (Prop_fdpe_C_Q)         0.164     0.574 r  native_system/queue/acknowledged_sequence_reg[0]/Q
                         net (fo=0)                   0.410     0.984    acknowledged_sequence[0]
                                                                      r  acknowledged_sequence[0] (OUT)
  -------------------------------------------------------------------    -------------------





--------------------------------------------------------------------------------------
Path Group:  (none)
From Clock:  
  To Clock:  core132

Max Delay         23645 Endpoints
Min Delay         23645 Endpoints
--------------------------------------------------------------------------------------


Max Delay Paths
--------------------------------------------------------------------------------------
Slack:                    inf
  Source:                 frame_data[441]
                            (input port)
  Destination:            native_system/queue/count_reg[0]/CE
                            (rising edge-triggered cell FDCE clocked by core132  {rise@0.000ns fall@3.788ns period=7.576ns})
  Path Group:             (none)
  Path Type:              Setup (Max at Slow Process Corner)
  Data Path Delay:        7.955ns  (logic 1.240ns (15.588%)  route 6.715ns (84.412%))
  Logic Levels:           10  (LUT2=1 LUT4=2 LUT5=1 LUT6=6)
  Clock Path Skew:        0.924ns (DCD - SCD + CPR)
    Destination Clock Delay (DCD):    0.924ns
    Source Clock Delay      (SCD):    0.000ns
    Clock Pessimism Removal (CPR):    0.000ns
  Clock Uncertainty:      0.025ns  ((TSJ^2 + TIJ^2)^1/2 + DJ) / 2 + PE
    Total System Jitter     (TSJ):    0.050ns
    Total Input Jitter      (TIJ):    0.000ns
    Discrete Jitter          (DJ):    0.000ns
    Phase Error              (PE):    0.000ns

    Location             Delay type                Incr(ns)  Path(ns)    Netlist Resource(s)
  -------------------------------------------------------------------    -------------------
                                                      0.000     0.000 r  frame_data[441] (IN)
                         net (fo=4, unset)            0.973     0.973    native_system/queue/frame_data[441]
                         LUT4 (Prop_lut4_I3_O)        0.124     1.097 r  native_system/queue/invalid_frame_i_40/O
                         net (fo=1, unplaced)         0.449     1.546    native_system/queue/invalid_frame_i_40_n_0
                         LUT5 (Prop_lut5_I4_O)        0.124     1.670 r  native_system/queue/invalid_frame_i_19/O
                         net (fo=1, unplaced)         0.902     2.572    native_system/queue/invalid_frame_i_19_n_0
                         LUT4 (Prop_lut4_I1_O)        0.124     2.696 r  native_system/queue/invalid_frame_i_6/O
                         net (fo=1, unplaced)         1.111     3.807    native_system/queue/invalid_frame_i_6_n_0
                         LUT6 (Prop_lut6_I2_O)        0.124     3.931 f  native_system/queue/invalid_frame_i_2/O
                         net (fo=3, unplaced)         0.467     4.398    native_system/queue/wr1
                         LUT2 (Prop_lut2_I1_O)        0.124     4.522 r  native_system/queue/count[31]_i_5__0/O
                         net (fo=4, unplaced)         0.473     4.995    native_system/queue/count[31]_i_5__0_n_0
                         LUT6 (Prop_lut6_I3_O)        0.124     5.119 r  native_system/queue/count[31]_i_21/O
                         net (fo=1, unplaced)         0.449     5.568    native_system/queue/count[31]_i_21_n_0
                         LUT6 (Prop_lut6_I3_O)        0.124     5.692 r  native_system/queue/count[31]_i_17/O
                         net (fo=1, unplaced)         0.449     6.141    native_system/queue/count[31]_i_17_n_0
                         LUT6 (Prop_lut6_I3_O)        0.124     6.265 r  native_system/queue/count[31]_i_9__0/O
                         net (fo=1, unplaced)         0.449     6.714    native_system/queue/count[31]_i_9__0_n_0
                         LUT6 (Prop_lut6_I3_O)        0.124     6.838 r  native_system/queue/count[31]_i_6__0/O
                         net (fo=1, unplaced)         0.449     7.287    native_system/queue/count[31]_i_6__0_n_0
                         LUT6 (Prop_lut6_I4_O)        0.124     7.411 r  native_system/queue/count[31]_i_1__0/O
                         net (fo=32, unplaced)        0.544     7.955    native_system/queue/count[31]_i_1__0_n_0
                         FDCE                                         r  native_system/queue/count_reg[0]/CE
  -------------------------------------------------------------------    -------------------

                         (clock core132 rise edge)    0.000     0.000 r  
                                                      0.000     0.000 r  clk (IN)
                         net (fo=17925, unset)        0.924     0.924    native_system/queue/clk
                         FDCE                                         r  native_system/queue/count_reg[0]/C





Min Delay Paths
--------------------------------------------------------------------------------------
Slack:                    inf
  Source:                 s_araddr[0]
                            (input port)
  Destination:            bridge/araddr_reg[0]/D
                            (rising edge-triggered cell FDCE clocked by core132  {rise@0.000ns fall@3.788ns period=7.576ns})
  Path Group:             (none)
  Path Type:              Hold (Min at Fast Process Corner)
  Data Path Delay:        0.410ns  (logic 0.000ns (0.000%)  route 0.410ns (100.000%))
  Logic Levels:           0  
  Clock Path Skew:        0.432ns (DCD - SCD - CPR)
    Destination Clock Delay (DCD):    0.432ns
    Source Clock Delay      (SCD):    0.000ns
    Clock Pessimism Removal (CPR):    -0.000ns

    Location             Delay type                Incr(ns)  Path(ns)    Netlist Resource(s)
  -------------------------------------------------------------------    -------------------
                                                      0.000     0.000 r  s_araddr[0] (IN)
                         net (fo=0)                   0.410     0.410    bridge/s_araddr[0]
                         FDCE                                         r  bridge/araddr_reg[0]/D
  -------------------------------------------------------------------    -------------------

                         (clock core132 rise edge)    0.000     0.000 r  
                                                      0.000     0.000 r  clk (IN)
                         net (fo=17925, unset)        0.432     0.432    bridge/clk
                         FDCE                                         r  bridge/araddr_reg[0]/C





