13:02:46 INFO  : Starting Vitis IDE Server with threads 8
java.lang.IllegalStateException: failed to create a child event loop
	at io.netty.util.concurrent.MultithreadEventExecutorGroup.<init>(MultithreadEventExecutorGroup.java:88)
	at io.netty.util.concurrent.MultithreadEventExecutorGroup.<init>(MultithreadEventExecutorGroup.java:60)
	at io.netty.util.concurrent.MultithreadEventExecutorGroup.<init>(MultithreadEventExecutorGroup.java:49)
	at io.netty.channel.MultithreadEventLoopGroup.<init>(MultithreadEventLoopGroup.java:59)
	at io.netty.channel.nio.NioEventLoopGroup.<init>(NioEventLoopGroup.java:87)
	at io.netty.channel.nio.NioEventLoopGroup.<init>(NioEventLoopGroup.java:82)
	at io.netty.channel.nio.NioEventLoopGroup.<init>(NioEventLoopGroup.java:69)
	at io.grpc.netty.Utils$DefaultEventLoopGroupResource.create(Utils.java:516)
	at io.grpc.netty.Utils$DefaultEventLoopGroupResource.create(Utils.java:489)
	at io.grpc.internal.SharedResourceHolder.getInternal(SharedResourceHolder.java:104)
	at io.grpc.internal.SharedResourceHolder.get(SharedResourceHolder.java:74)
	at io.grpc.internal.SharedResourcePool.getObject(SharedResourcePool.java:35)
	at io.grpc.netty.NettyServer.<init>(NettyServer.java:149)
	at io.grpc.netty.NettyServerBuilder.buildTransportServers(NettyServerBuilder.java:740)
	at io.grpc.netty.NettyServerBuilder$NettyClientTransportServersBuilder.buildClientTransportServers(NettyServerBuilder.java:168)
	at io.grpc.internal.ServerImplBuilder.build(ServerImplBuilder.java:245)
	at io.grpc.ForwardingServerBuilder.build(ForwardingServerBuilder.java:201)
	at com.xilinx.rigel.server.RigelServer.startServer(RigelServer.java:135)
	at com.xilinx.rigel.server.RigelServer.start(RigelServer.java:95)
	at com.xilinx.rigel.app.RigelMain.start(RigelMain.java:32)
	at com.xilinx.rigel.app.RigelApp.call(RigelApp.java:69)
	at com.xilinx.rigel.app.RigelApp.call(RigelApp.java:20)
	at picocli.CommandLine.executeUserObject(CommandLine.java:1953)
	at picocli.CommandLine.access$1300(CommandLine.java:145)
	at picocli.CommandLine$RunLast.executeUserObjectOfLastSubcommandWithSameParent(CommandLine.java:2352)
	at picocli.CommandLine$RunLast.handle(CommandLine.java:2346)
	at picocli.CommandLine$RunLast.handle(CommandLine.java:2311)
	at picocli.CommandLine$AbstractParseResultHandler.execute(CommandLine.java:2179)
	at picocli.CommandLine.execute(CommandLine.java:2078)
	at com.xilinx.rigel.app.RigelApp.main(RigelApp.java:100)
Caused by: io.netty.channel.ChannelException: failed to open a new selector
	at io.netty.channel.nio.NioEventLoop.openSelector(NioEventLoop.java:179)
	at io.netty.channel.nio.NioEventLoop.<init>(NioEventLoop.java:146)
	at io.netty.channel.nio.NioEventLoopGroup.newChild(NioEventLoopGroup.java:183)
	at io.netty.channel.nio.NioEventLoopGroup.newChild(NioEventLoopGroup.java:38)
	at io.netty.util.concurrent.MultithreadEventExecutorGroup.<init>(MultithreadEventExecutorGroup.java:84)
	... 29 more
Caused by: java.io.IOException: Unable to establish loopback connection
	at java.base/sun.nio.ch.PipeImpl$Initializer.run(PipeImpl.java:103)
	at java.base/sun.nio.ch.PipeImpl$Initializer.run(PipeImpl.java:67)
	at java.base/java.security.AccessController.doPrivileged(AccessController.java:571)
	at java.base/sun.nio.ch.PipeImpl.<init>(PipeImpl.java:204)
	at java.base/sun.nio.ch.WindowsSelectorImpl.<init>(WindowsSelectorImpl.java:142)
	at java.base/sun.nio.ch.WindowsSelectorProvider.openSelector(WindowsSelectorProvider.java:44)
	at io.netty.channel.nio.NioEventLoop.openSelector(NioEventLoop.java:177)
	... 33 more
Caused by: java.net.SocketException: Invalid argument: connect
	at java.base/sun.nio.ch.UnixDomainSockets.connect0(Native Method)
	at java.base/sun.nio.ch.UnixDomainSockets.connect(UnixDomainSockets.java:154)
	at java.base/sun.nio.ch.UnixDomainSockets.connect(UnixDomainSockets.java:150)
	at java.base/sun.nio.ch.SocketChannelImpl.connect(SocketChannelImpl.java:878)
	at java.base/java.nio.channels.SocketChannel.open(SocketChannel.java:285)
	at java.base/sun.nio.ch.PipeImpl$Initializer$LoopbackConnector.run(PipeImpl.java:138)
	at java.base/sun.nio.ch.PipeImpl$Initializer.run(PipeImpl.java:85)
	... 39 more
