The system cannot find the path specified.

****** Xilinx Vitis Development Environment
****** Vitis v2025.2 (64-bit)
The system cannot find the path specified.
****** SW Build 6295257 on 2025-11-13-08:29:30
    ** Copyright 1986-2022 Xilinx, Inc. All Rights Reserved.
    ** Copyright 2022-2025 Advanced Micro Devices, Inc. All Rights Reserved.

The system cannot find the path specified.
IMPORTING_VITIS_2025_2
STARTING_OFFLINE_VITIS_SERVER
Timeout (0:01:30)!
Thread 0x00008a88 (most recent call first):
  File "D:\Vivado\2025.2\2025.2\Vitis\cli\vitis\_server.py", line 136 in startServer
  File "D:\Vivado\2025.2\2025.2\Vitis\cli\vitis\_server.py", line 60 in __init__
  File "D:\Vivado\2025.2\2025.2\Vitis\cli\vitis\_server.py", line 20 in __call__
  File "D:\Vivado\2025.2\2025.2\Vitis\cli\vitis\cli_client.py", line 44 in __init__
  File "D:\Vivado\2025.2\2025.2\Vitis\cli\vitis\cli_client.py", line 2091 in __init__
  File "D:\Vivado\2025.2\2025.2\Vitis\cli\vitis\cli_client.py", line 25 in __call__
  File "D:\Vivado\2025.2\2025.2\Vitis\cli\vitis\__init__.py", line 42 in create_client
  File "E:\Codex_project\AMD_Sonofield\v5\scripts\build_uart_candidate.py", line 35 in <module>
