ELF Header:
  Magic:   7f 45 4c 46 01 01 01 00 00 00 00 00 00 00 00 00
  Class:                             ELF32
  Data:                              2's complement, little endian
  Version:                           1 (current)
  OS/ABI:                            UNIX - System V
  ABI Version:                       0
  Type:                              REL (Relocatable file)
  Machine:                           ARM
  Version:                           0x1
  Entry point address:               0x0
  Start of program headers:          0 (bytes into file)
  Start of section headers:          1428 (bytes into file)
  Flags:                             0x5000000
  Size of this header:               52 (bytes)
  Size of program headers:           0 (bytes)
  Number of program headers:         0
  Size of section headers:           40 (bytes)
  Number of section headers:         12
  Section header string table index: 1

Symbol table '.symtab' contains 7 entries:
   Num:    Value  Size Type    Bind   Vis       Ndx Name
     0: 00000000     0 NOTYPE  LOCAL  DEFAULT   UND 
     1: 00000000     0 FILE    LOCAL  DEFAULT   ABS adc7606c16.c
     2: 00000000     0 SECTION LOCAL  DEFAULT     2 .text
     3: 00000000     0 NOTYPE  LOCAL  DEFAULT     2 $a.0
     4: 00000000     8 OBJECT  LOCAL  DEFAULT     6 sf_c16_configure.address
     5: 00000000   620 FUNC    GLOBAL DEFAULT     2 sf_c16_configure
     6: 0000026c   296 FUNC    GLOBAL DEFAULT     2 sf_tmp117_read
