#-----------------------------------------------------------
# Vivado v2025.2 (64-bit)
# SW Build 6299465 on Fri Nov 14 19:35:11 GMT 2025
# IP Build 6300035 on Fri Nov 14 10:48:45 MST 2025
# SharedData Build 6298862 on Thu Nov 13 04:50:51 MST 2025
# Start of session at: Sat Oct 10 02:05:28 2026
# Process ID         : 39024
# Current directory  : E:/Codex_project/AMD_Sonofield
# Command line       : vivado.exe -mode batch -log v5/evidence/next_stage/20261010/drc_params.log -nojournal -source v5/build/next_stage/drc_params.tcl
# Log file           : E:/Codex_project/AMD_Sonofield/v5/evidence/next_stage/20261010/drc_params.log
# Journal file       : 
# Running On         : [REDACTED_WINDOWS_HOST]
# Platform           : Windows Server 2016 or Windows 10
# Operating System   : 26200
# Processor Detail   : 13th Gen Intel(R) Core(TM) i9-13980HX
# CPU Frequency      : 2419 MHz
# CPU Physical cores : 24
# CPU Logical cores  : 32
# Host memory        : 16774 MB
# Swap memory        : 29081 MB
# Total Virtual      : 45855 MB
# Available Virtual  : 4256 MB
#-----------------------------------------------------------
source v5/build/next_stage/drc_params.tcl
# foreach p [list_param] {if {[string match drc.* $p]} {puts "$p=[get_param $p]"}}
INFO: [Common 17-206] Exiting Vivado at Sat Oct 10 02:05:33 2026...
