The system cannot find the path specified.
2026-10-10 13:22:24,077 - [DEBUG]: Generating CPU list took 0.73 seconds
The system cannot find the path specified.
2026-10-10 13:22:24,837 - [DEBUG]: Getting supported component list took 0.73 seconds
2026-10-10 13:22:24,838 - [INFO]: Validating inputs
2026-10-10 13:22:24,845 - [INFO]: Starting domain creation
The system cannot find the path specified.
2026-10-10 13:22:25,611 - [DEBUG]: Generating Flat DT from SDT (Unpruned) took 0.76 seconds
2026-10-10 13:22:25,615 - [INFO]: Generating Domain-specific DTS for ps7_cortexa9_0
The system cannot find the path specified.
2026-10-10 13:22:26,752 - [DEBUG]: Generating Domain-specific DTS for ps7_cortexa9_0 took 1.14 seconds
The system cannot find the path specified.
2026-10-10 13:22:28,380 - [DEBUG]: Generating driver list took 1.06 seconds
2026-10-10 13:22:28,611 - [DEBUG]: Function add_lib_for_apps took 0.03 seconds
2026-10-10 13:22:28,612 - [INFO]: Generating required metadata from domain specific DT
The system cannot find the path specified.
2026-10-10 13:22:30,589 - [DEBUG]: Generating required metadata from domain specific DT took 1.98 seconds
2026-10-10 13:22:34,957 - [DEBUG]: Running CMake Configuration with xiltimer;standalone took 4.36 seconds
2026-10-10 13:22:34,985 - [DEBUG]: Function config_lib took 4.39 seconds
2026-10-10 13:22:35,053 - [INFO]: Successfully created Domain at E:\Codex_project\AMD_Sonofield\v5\build\uart_resume_01\empyro_candidate_01\bsp_a9
2026-10-10 13:22:35,054 - [DEBUG]: Function create_domain took 11.74 seconds
