Vivado Simulator v2025.2
Copyright 1986-2022 Xilinx, Inc. All Rights Reserved.
Copyright 2022-2025 Advanced Micro Devices, Inc. All Rights Reserved.
Running: D:/Vivado/2025.2/2025.2/Vivado/bin/unwrapped/win64.o/xelab.exe tb_nextstage_system -s top_c16 
Multi-threading is on. Using 30 slave threads.
Starting static elaboration
Pass Through NonSizing Optimizer
Completed static elaboration
Starting simulation data flow analysis
Completed simulation data flow analysis
Time Resolution for simulation is 1ps
Compiling module work.prepcb_frame_mailbox
Compiling module work.prepcb_supervisor(MS_CYCLES=4,LO...
Compiling module work.axi_native_bridge
Compiling module work.motion_queue(INTERVAL_CYCLES=819...
Compiling module work.adc_serial
Compiling module work.ad7606c16_if(POWER_WAIT_CYCLES=3...
Compiling module work.calibration_scheduler
Compiling module work.burst_generator_default
Compiling module work.phase_bank_default
Compiling module work.channel_waveform_default
Compiling module work.serializer_default
Compiling module work.sono_digital_system(POWER_WAIT_C...
Compiling module work.sono_motion_system(POWER_WAIT_CY...
Compiling module work.sono_axi_system(POWER_WAIT_CYCLE...
Compiling module work.prepcb_pl(ADC_C16=1)
Compiling module work.nextstage_pl_default
Compiling module work.ad7606c16_model
Compiling module work.tb_nextstage_system
Built simulation snapshot top_c16
The system cannot find the path specified.
