#-----------------------------------------------------------
# xsim v2025.2 (64-bit)
# SW Build 6299465 on Fri Nov 14 19:35:11 GMT 2025
# IP Build 6300035 on Fri Nov 14 10:48:45 MST 2025
# SharedData Build 6298862 on Thu Nov 13 04:50:51 MST 2025
# Start of session at: Sun Oct 11 02:56:13 2026
# Process ID         : 71968
# Current directory  : E:/Codex_project/AMD_Sonofield/v5/evidence/hardware_design_20261011/digital_full_retry2/top_c16/xsim
# Command line       : xsim.exe -mode tcl -source {xsim.dir/top_c16/xsim_script.tcl}
# Log file           : E:/Codex_project/AMD_Sonofield/v5/evidence/hardware_design_20261011/digital_full_retry2/top_c16/xsim/xsim.log
# Journal file       : E:/Codex_project/AMD_Sonofield/v5/evidence/hardware_design_20261011/digital_full_retry2/top_c16/xsim\xsim.jou
# Running On         : loverlike
# Platform           : Windows Server 2016 or Windows 10
# Operating System   : 26200
# Processor Detail   : 13th Gen Intel(R) Core(TM) i9-13980HX
# CPU Frequency      : 2419 MHz
# CPU Physical cores : 24
# CPU Logical cores  : 32
# Host memory        : 16774 MB
# Swap memory        : 23622 MB
# Total Virtual      : 40396 MB
# Available Virtual  : 12644 MB
#-----------------------------------------------------------
source xsim.dir/top_c16/xsim_script.tcl
# xsim {top_c16} -autoloadwcfg -runall
Time resolution is 1 ps
run -all
PASS PREPCB SYSTEM C maps BRAM supervisor AXI atomic ACK fault latch manual rearm no stale task frames=37
$finish called at time : 2551930144 ps : File "E:/Codex_project/AMD_Sonofield/v5/tb/tb_nextstage_system.sv" Line 73
exit
INFO: [Common 17-206] Exiting xsim at Sun Oct 11 02:56:15 2026...
