{
  "status": "FAIL",
  "errors": [
    "Frozen working file changed: v1/config/board_facts.json",
    "Frozen working file changed: v1/docs/hardware/interface.md",
    "Frozen working file changed: v1/docs/theory/model_and_results.md",
    "Frozen working file changed: v1/evidence/board_inventory/board_manifest.json",
    "Frozen working file changed: v1/evidence/board_inventory/documented_pin_candidates.csv",
    "Frozen working file changed: v1/evidence/integrity/baseline_python.log",
    "Frozen working file changed: v1/evidence/integrity/chat_capability.json",
    "Frozen working file changed: v1/evidence/integrity/current_tree_scan.json",
    "Frozen working file changed: v1/evidence/integrity/repository_audit.json",
    "Frozen working file changed: v1/evidence/integrity/summary.json",
    "Frozen working file changed: v1/evidence/integrity/supplier_source.json",
    "Frozen working file changed: v1/evidence/interaction_memory/capture_check.log",
    "Frozen working file changed: v1/evidence/interaction_memory/privacy_review.json",
    "Frozen working file changed: v1/evidence/interaction_memory/repository_audit.log",
    "Frozen working file changed: v1/evidence/interaction_memory/unit_tests.log",
    "Frozen working file changed: v1/evidence/interaction_memory/validation.json",
    "Frozen working file changed: v1/evidence/model/assumptions.json",
    "Frozen working file changed: v1/evidence/model/channel_mapping.csv",
    "Frozen working file changed: v1/evidence/model/emitter_scaling.csv",
    "Frozen working file changed: v1/evidence/model/gap_response.csv",
    "Frozen working file changed: v1/evidence/model/geometry_comparison.csv",
    "Frozen working file changed: v1/evidence/model/particle_scenarios.csv",
    "Frozen working file changed: v1/evidence/model/reference_phase_map.csv",
    "Frozen working file changed: v1/evidence/reproducibility/clone.log",
    "Frozen working file changed: v1/evidence/reproducibility/coordinates.log",
    "Frozen working file changed: v1/evidence/reproducibility/dependency_check.log",
    "Frozen working file changed: v1/evidence/reproducibility/full_validation.log",
    "Frozen working file changed: v1/evidence/reproducibility/install.log",
    "Frozen working file changed: v1/evidence/reproducibility/model.log",
    "Frozen working file changed: v1/evidence/reproducibility/repository_audit.log",
    "Frozen working file changed: v1/evidence/reproducibility/source_commit.log",
    "Frozen working file changed: v1/evidence/reproducibility/summary.json",
    "Frozen working file changed: v1/evidence/reproducibility/validation/bandwidth_guard.log",
    "Frozen working file changed: v1/evidence/reproducibility/validation/iverilog_version.log",
    "Frozen working file changed: v1/evidence/reproducibility/validation/model_map_128_focus_100mm.log",
    "Frozen working file changed: v1/evidence/reproducibility/validation/model_map_128_focus_115mm.log",
    "Frozen working file changed: v1/evidence/reproducibility/validation/model_map_128_focus_90mm.log",
    "Frozen working file changed: v1/evidence/reproducibility/validation/model_map_128_standing_wave_100mm.log",
    "Frozen working file changed: v1/evidence/reproducibility/validation/model_map_128_standing_wave_115mm.log",
    "Frozen working file changed: v1/evidence/reproducibility/validation/model_map_128_standing_wave_90mm.log",
    "Frozen working file changed: v1/evidence/reproducibility/validation/model_map_2_standing_wave_100mm.log",
    "Frozen working file changed: v1/evidence/reproducibility/validation/model_map_32_standing_wave_100mm.log",
    "Frozen working file changed: v1/evidence/reproducibility/validation/model_map_72_standing_wave_100mm.log",
    "Frozen working file changed: v1/evidence/reproducibility/validation/python_tests.log",
    "Frozen working file changed: v1/evidence/reproducibility/validation/run_core_128_0.log",
    "Frozen working file changed: v1/evidence/reproducibility/validation/run_core_128_1.log",
    "Frozen working file changed: v1/evidence/reproducibility/validation/run_core_128_2.log",
    "Frozen working file changed: v1/evidence/reproducibility/validation/run_core_1_0.log",
    "Frozen working file changed: v1/evidence/reproducibility/validation/run_core_2_0.log",
    "Frozen working file changed: v1/evidence/reproducibility/validation/run_core_32_0.log",
    "Frozen working file changed: v1/evidence/reproducibility/validation/run_core_72_0.log",
    "Frozen working file changed: v1/evidence/reproducibility/validation/run_core_7_0.log",
    "Frozen working file changed: v1/evidence/reproducibility/validation/run_tb_serializer_fault.log",
    "Frozen working file changed: v1/evidence/reproducibility/validation/run_tb_system.log",
    "Frozen working file changed: v1/evidence/reproducibility/validation/summary.json",
    "Frozen working file changed: v1/evidence/reproducibility/validation/xelab_tb_core.log",
    "Frozen working file changed: v1/evidence/reproducibility/validation/xelab_tb_phase_map.log",
    "Frozen working file changed: v1/evidence/reproducibility/validation/xelab_tb_serializer_fault.log",
    "Frozen working file changed: v1/evidence/reproducibility/validation/xelab_tb_system.log",
    "Frozen working file changed: v1/evidence/reproducibility/validation/xsim_model_map_128_focus_100mm.log",
    "Frozen working file changed: v1/evidence/reproducibility/validation/xsim_model_map_128_focus_115mm.log",
    "Frozen working file changed: v1/evidence/reproducibility/validation/xsim_model_map_128_focus_90mm.log",
    "Frozen working file changed: v1/evidence/reproducibility/validation/xsim_model_map_128_standing_wave_100mm.log",
    "Frozen working file changed: v1/evidence/reproducibility/validation/xsim_model_map_128_standing_wave_115mm.log",
    "Frozen working file changed: v1/evidence/reproducibility/validation/xsim_model_map_128_standing_wave_90mm.log",
    "Frozen working file changed: v1/evidence/reproducibility/validation/xsim_tb_core_0.log",
    "Frozen working file changed: v1/evidence/reproducibility/validation/xsim_tb_core_1.log",
    "Frozen working file changed: v1/evidence/reproducibility/validation/xsim_tb_core_2.log",
    "Frozen working file changed: v1/evidence/reproducibility/validation/xsim_tb_serializer_fault_0.log",
    "Frozen working file changed: v1/evidence/reproducibility/validation/xsim_tb_system_0.log",
    "Frozen working file changed: v1/evidence/reproducibility/validation/xvlog.log",
    "Frozen working file changed: v1/evidence/synthesis_gate/board_gate.log",
    "Frozen working file changed: v1/evidence/synthesis_gate/summary.json",
    "Frozen working file changed: v1/evidence/validation/bandwidth_guard.log",
    "Frozen working file changed: v1/evidence/validation/iverilog_version.log",
    "Frozen working file changed: v1/evidence/validation/model_map_128_focus_100mm.log",
    "Frozen working file changed: v1/evidence/validation/model_map_128_focus_115mm.log",
    "Frozen working file changed: v1/evidence/validation/model_map_128_focus_90mm.log",
    "Frozen working file changed: v1/evidence/validation/model_map_128_standing_wave_100mm.log",
    "Frozen working file changed: v1/evidence/validation/model_map_128_standing_wave_115mm.log",
    "Frozen working file changed: v1/evidence/validation/model_map_128_standing_wave_90mm.log",
    "Frozen working file changed: v1/evidence/validation/model_map_2_standing_wave_100mm.log",
    "Frozen working file changed: v1/evidence/validation/model_map_32_standing_wave_100mm.log",
    "Frozen working file changed: v1/evidence/validation/model_map_72_standing_wave_100mm.log",
    "Frozen working file changed: v1/evidence/validation/python_tests.log",
    "Frozen working file changed: v1/evidence/validation/run_core_128_0.log",
    "Frozen working file changed: v1/evidence/validation/run_core_128_1.log",
    "Frozen working file changed: v1/evidence/validation/run_core_128_2.log",
    "Frozen working file changed: v1/evidence/validation/run_core_1_0.log",
    "Frozen working file changed: v1/evidence/validation/run_core_2_0.log",
    "Frozen working file changed: v1/evidence/validation/run_core_32_0.log",
    "Frozen working file changed: v1/evidence/validation/run_core_72_0.log",
    "Frozen working file changed: v1/evidence/validation/run_core_7_0.log",
    "Frozen working file changed: v1/evidence/validation/run_tb_serializer_fault.log",
    "Frozen working file changed: v1/evidence/validation/run_tb_system.log",
    "Frozen working file changed: v1/evidence/validation/summary.json",
    "Frozen working file changed: v1/evidence/validation/xelab_tb_core.log",
    "Frozen working file changed: v1/evidence/validation/xelab_tb_phase_map.log",
    "Frozen working file changed: v1/evidence/validation/xelab_tb_serializer_fault.log",
    "Frozen working file changed: v1/evidence/validation/xelab_tb_system.log",
    "Frozen working file changed: v1/evidence/validation/xsim_model_map_128_focus_100mm.log",
    "Frozen working file changed: v1/evidence/validation/xsim_model_map_128_focus_115mm.log",
    "Frozen working file changed: v1/evidence/validation/xsim_model_map_128_focus_90mm.log",
    "Frozen working file changed: v1/evidence/validation/xsim_model_map_128_standing_wave_100mm.log",
    "Frozen working file changed: v1/evidence/validation/xsim_model_map_128_standing_wave_115mm.log",
    "Frozen working file changed: v1/evidence/validation/xsim_model_map_128_standing_wave_90mm.log",
    "Frozen working file changed: v1/evidence/validation/xsim_tb_core_0.log",
    "Frozen working file changed: v1/evidence/validation/xsim_tb_core_1.log",
    "Frozen working file changed: v1/evidence/validation/xsim_tb_core_2.log",
    "Frozen working file changed: v1/evidence/validation/xsim_tb_serializer_fault_0.log",
    "Frozen working file changed: v1/evidence/validation/xsim_tb_system_0.log",
    "Frozen working file changed: v1/evidence/validation/xvlog.log",
    "Frozen working file changed: v1/hardware/mechanical/geometry_10mm/array_dimensions.svg",
    "Frozen working file changed: v1/hardware/mechanical/geometry_10mm/coordinates_100mm.csv",
    "Frozen working file changed: v1/hardware/mechanical/geometry_10mm/coordinates_105mm.csv",
    "Frozen working file changed: v1/hardware/mechanical/geometry_10mm/coordinates_110mm.csv",
    "Frozen working file changed: v1/hardware/mechanical/geometry_10mm/coordinates_115mm.csv",
    "Frozen working file changed: v1/hardware/mechanical/geometry_10mm/coordinates_90mm.csv",
    "Frozen working file changed: v1/hardware/mechanical/geometry_10mm/coordinates_95mm.csv",
    "Frozen working file changed: v1/hardware/mechanical/geometry_10mm/coordinates_nominal.csv",
    "Frozen working file changed: v1/hardware/mechanical/geometry_10mm/coordinates_nominal.json",
    "Frozen working file changed: v1/hardware/mechanical/geometry_10mm/geometry_summary.json",
    "Frozen working file changed: v1/hardware/mechanical/geometry_10mm/phase_map_focus_100mm.csv",
    "Frozen working file changed: v1/hardware/mechanical/geometry_10mm/phase_map_focus_105mm.csv",
    "Frozen working file changed: v1/hardware/mechanical/geometry_10mm/phase_map_focus_110mm.csv",
    "Frozen working file changed: v1/hardware/mechanical/geometry_10mm/phase_map_focus_115mm.csv",
    "Frozen working file changed: v1/hardware/mechanical/geometry_10mm/phase_map_focus_90mm.csv",
    "Frozen working file changed: v1/hardware/mechanical/geometry_10mm/phase_map_focus_95mm.csv",
    "Frozen working file changed: v1/hardware/mechanical/geometry_10mm/phase_map_standing_wave_100mm.csv",
    "Frozen working file changed: v1/hardware/mechanical/geometry_10mm/phase_map_standing_wave_105mm.csv",
    "Frozen working file changed: v1/hardware/mechanical/geometry_10mm/phase_map_standing_wave_110mm.csv",
    "Frozen working file changed: v1/hardware/mechanical/geometry_10mm/phase_map_standing_wave_115mm.csv",
    "Frozen working file changed: v1/hardware/mechanical/geometry_10mm/phase_map_standing_wave_90mm.csv",
    "Frozen working file changed: v1/hardware/mechanical/geometry_10mm/phase_map_standing_wave_95mm.csv",
    "Frozen working file changed: v1/requirements-lock.txt"
  ],
  "checks": [
    "v2 layout and frozen v1 integrity",
    "complete inherited coverage",
    "required artifacts",
    "root hygiene",
    "implementation markers",
    "Markdown links",
    "live source hashes",
    "no fabricated board PASS",
    "Problem ID/version/body SHA256"
  ]
}
