Copyright 1986-2022 Xilinx, Inc. All Rights Reserved. Copyright 2022-2025 Advanced Micro Devices, Inc. All Rights Reserved.
---------------------------------------------------------------------------------------------------------------------------------------------------------------------------------
| Tool Version : Vivado v.2025.2 (win64) Build 6299465 Fri Nov 14 19:35:11 GMT 2025
| Date         : Fri Oct  9 14:26:14 2026
| Host         : loverlike running 64-bit major release  (build 9200)
| Command      : report_timing_summary -delay_type min_max -report_unconstrained -file E:/Codex_project/AMD_Sonofield/v5/evidence/pre_pcb_20261009/platform/pl_routed_timing.rpt
| Design       : prepcb_pl
| Device       : 7z020-clg400
| Speed File   : -2  PRODUCTION 1.12 2019-11-22
| Design State : Routed
---------------------------------------------------------------------------------------------------------------------------------------------------------------------------------

Timing Summary Report

------------------------------------------------------------------------------------------------
| Timer Settings
| --------------
------------------------------------------------------------------------------------------------

  Enable Multi Corner Analysis               :  Yes
  Enable Pessimism Removal                   :  Yes
  Pessimism Removal Resolution               :  Nearest Common Node
  Enable Input Delay Default Clock           :  No
  Enable Preset / Clear Arcs                 :  No
  Disable Flight Delays                      :  No
  Ignore I/O Paths                           :  No
  Timing Early Launch at Borrowing Latches   :  No
  Borrow Time for Max Delay Exceptions       :  Yes
  Merge Timing Exceptions                    :  Yes
  Inter-SLR Compensation                     :  Conservative

  Corner  Analyze    Analyze    
  Name    Max Paths  Min Paths  
  ------  ---------  ---------  
  Slow    Yes        Yes        
  Fast    Yes        Yes        


------------------------------------------------------------------------------------------------
| Report Methodology
| ------------------
------------------------------------------------------------------------------------------------

No report available as report_methodology has not been run prior. Run report_methodology on the current design for the summary of methodology violations.



check_timing report

Table of Contents
-----------------
1. checking no_clock (16)
2. checking constant_clock (0)
3. checking pulse_width_clock (0)
4. checking unconstrained_internal_endpoints (3)
5. checking no_input_delay (2336)
6. checking no_output_delay (115)
7. checking multiple_clock (0)
8. checking generated_clocks (0)
9. checking loops (0)
10. checking partial_input_delay (0)
11. checking partial_output_delay (0)
12. checking latch_loops (0)

1. checking no_clock (16)
-------------------------
 There are 3 register/latch pins with no clock driven by root clock pin: health[0] (HIGH)

 There are 2 register/latch pins with no clock driven by root clock pin: health[1] (HIGH)

 There are 2 register/latch pins with no clock driven by root clock pin: health[2] (HIGH)

 There are 2 register/latch pins with no clock driven by root clock pin: health[3] (HIGH)

 There are 2 register/latch pins with no clock driven by root clock pin: health[4] (HIGH)

 There are 2 register/latch pins with no clock driven by root clock pin: health[5] (HIGH)

 There are 3 register/latch pins with no clock driven by root clock pin: rst_n (HIGH)


2. checking constant_clock (0)
------------------------------
 There are 0 register/latch pins with constant_clock.


3. checking pulse_width_clock (0)
---------------------------------
 There are 0 register/latch pins which need pulse_width check


4. checking unconstrained_internal_endpoints (3)
------------------------------------------------
 There are 3 pins that are not constrained for maximum delay. (HIGH)

 There are 0 pins that are not constrained for maximum delay due to constant clock.


5. checking no_input_delay (2336)
---------------------------------
 There are 2336 input ports with no input delay specified. (HIGH)

 There are 0 input ports with no input delay but user has a false path constraint.


6. checking no_output_delay (115)
---------------------------------
 There are 115 ports with no output delay specified. (HIGH)

 There are 0 ports with no output delay but user has a false path constraint

 There are 0 ports with no output delay but with a timing clock defined on it or propagating through it


7. checking multiple_clock (0)
------------------------------
 There are 0 register/latch pins with multiple clocks.


8. checking generated_clocks (0)
--------------------------------
 There are 0 generated clocks that are not connected to a clock source.


9. checking loops (0)
---------------------
 There are 0 combinational loops in the design.


10. checking partial_input_delay (0)
------------------------------------
 There are 0 input ports with partial input delay specified.


11. checking partial_output_delay (0)
-------------------------------------
 There are 0 ports with partial output delay specified.


12. checking latch_loops (0)
----------------------------
 There are 0 combinational latch loops in the design through latch input



------------------------------------------------------------------------------------------------
| Design Timing Summary
| ---------------------
------------------------------------------------------------------------------------------------

    WNS(ns)      TNS(ns)  TNS Failing Endpoints  TNS Total Endpoints      WHS(ns)      THS(ns)  THS Failing Endpoints  THS Total Endpoints     WPWS(ns)     TPWS(ns)  TPWS Failing Endpoints  TPWS Total Endpoints  
    -------      -------  ---------------------  -------------------      -------      -------  ---------------------  -------------------     --------     --------  ----------------------  --------------------  
      0.070        0.000                      0                33216        0.093        0.000                      0                33216        3.288        0.000                       0                 17938  


All user specified timing constraints are met.


------------------------------------------------------------------------------------------------
| Clock Summary
| -------------
------------------------------------------------------------------------------------------------

Clock     Waveform(ns)         Period(ns)      Frequency(MHz)
-----     ------------         ----------      --------------
core_clk  {0.000 3.788}        7.576           131.996         


------------------------------------------------------------------------------------------------
| Intra Clock Table
| -----------------
------------------------------------------------------------------------------------------------

Clock             WNS(ns)      TNS(ns)  TNS Failing Endpoints  TNS Total Endpoints      WHS(ns)      THS(ns)  THS Failing Endpoints  THS Total Endpoints     WPWS(ns)     TPWS(ns)  TPWS Failing Endpoints  TPWS Total Endpoints  
-----             -------      -------  ---------------------  -------------------      -------      -------  ---------------------  -------------------     --------     --------  ----------------------  --------------------  
core_clk            0.070        0.000                      0                26791        0.093        0.000                      0                26791        3.288        0.000                       0                 17938  


------------------------------------------------------------------------------------------------
| Inter Clock Table
| -----------------
------------------------------------------------------------------------------------------------

From Clock    To Clock          WNS(ns)      TNS(ns)  TNS Failing Endpoints  TNS Total Endpoints      WHS(ns)      THS(ns)  THS Failing Endpoints  THS Total Endpoints  
----------    --------          -------      -------  ---------------------  -------------------      -------      -------  ---------------------  -------------------  


------------------------------------------------------------------------------------------------
| Other Path Groups Table
| -----------------------
------------------------------------------------------------------------------------------------

Path Group         From Clock         To Clock               WNS(ns)      TNS(ns)  TNS Failing Endpoints  TNS Total Endpoints      WHS(ns)      THS(ns)  THS Failing Endpoints  THS Total Endpoints  
----------         ----------         --------               -------      -------  ---------------------  -------------------      -------      -------  ---------------------  -------------------  
**async_default**  core_clk           core_clk                 0.805        0.000                      0                 6425        0.919        0.000                      0                 6425  


------------------------------------------------------------------------------------------------
| User Ignored Path Table
| -----------------------
------------------------------------------------------------------------------------------------

Path Group    From Clock    To Clock    
----------    ----------    --------    


------------------------------------------------------------------------------------------------
| Unconstrained Path Table
| ------------------------
------------------------------------------------------------------------------------------------

Path Group    From Clock    To Clock    
----------    ----------    --------    
(none)                                    
(none)        core_clk                    
(none)                      core_clk      


------------------------------------------------------------------------------------------------
| Timing Details
| --------------
------------------------------------------------------------------------------------------------


---------------------------------------------------------------------------------------------------
From Clock:  core_clk
  To Clock:  core_clk

Setup :            0  Failing Endpoints,  Worst Slack        0.070ns,  Total Violation        0.000ns
Hold  :            0  Failing Endpoints,  Worst Slack        0.093ns,  Total Violation        0.000ns
PW    :            0  Failing Endpoints,  Worst Slack        3.288ns,  Total Violation        0.000ns
---------------------------------------------------------------------------------------------------


Max Delay Paths
--------------------------------------------------------------------------------------
Slack (MET) :             0.070ns  (required time - arrival time)
  Source:                 core/native_system/digital/cfg_reg[22][3]/C
                            (rising edge-triggered cell FDCE clocked by core_clk  {rise@0.000ns fall@3.788ns period=7.576ns})
  Destination:            core/native_system/digital/bank/shadow_requested_reg[65][3]/D
                            (rising edge-triggered cell FDCE clocked by core_clk  {rise@0.000ns fall@3.788ns period=7.576ns})
  Path Group:             core_clk
  Path Type:              Setup (Max at Slow Process Corner)
  Requirement:            7.576ns  (core_clk rise@7.576ns - core_clk rise@0.000ns)
  Data Path Delay:        7.384ns  (logic 0.433ns (5.864%)  route 6.951ns (94.136%))
  Logic Levels:           0  
  Clock Path Skew:        -0.039ns (DCD - SCD + CPR)
    Destination Clock Delay (DCD):    0.748ns = ( 8.324 - 7.576 ) 
    Source Clock Delay      (SCD):    0.787ns
    Clock Pessimism Removal (CPR):    0.000ns
  Clock Uncertainty:      0.035ns  ((TSJ^2 + TIJ^2)^1/2 + DJ) / 2 + PE
    Total System Jitter     (TSJ):    0.071ns
    Total Input Jitter      (TIJ):    0.000ns
    Discrete Jitter          (DJ):    0.000ns
    Phase Error              (PE):    0.000ns

    Location             Delay type                Incr(ns)  Path(ns)    Netlist Resource(s)
  -------------------------------------------------------------------    -------------------
                         (clock core_clk rise edge)
                                                      0.000     0.000 r  
                                                      0.000     0.000 r  clk (IN)
                         net (fo=17937, unset)        0.787     0.787    core/native_system/digital/clk
    SLICE_X50Y81         FDCE                                         r  core/native_system/digital/cfg_reg[22][3]/C
  -------------------------------------------------------------------    -------------------
    SLICE_X50Y81         FDCE (Prop_fdce_C_Q)         0.433     1.220 r  core/native_system/digital/cfg_reg[22][3]/Q
                         net (fo=129, routed)         6.951     8.171    core/native_system/digital/bank/shadow_mask_reg[127]_0[3]
    SLICE_X83Y50         FDCE                                         r  core/native_system/digital/bank/shadow_requested_reg[65][3]/D
  -------------------------------------------------------------------    -------------------

                         (clock core_clk rise edge)
                                                      7.576     7.576 r  
                                                      0.000     7.576 r  clk (IN)
                         net (fo=17937, unset)        0.748     8.324    core/native_system/digital/bank/clk
    SLICE_X83Y50         FDCE                                         r  core/native_system/digital/bank/shadow_requested_reg[65][3]/C
                         clock pessimism              0.000     8.324    
                         clock uncertainty           -0.035     8.288    
    SLICE_X83Y50         FDCE (Setup_fdce_C_D)       -0.047     8.241    core/native_system/digital/bank/shadow_requested_reg[65][3]
  -------------------------------------------------------------------
                         required time                          8.241    
                         arrival time                          -8.171    
  -------------------------------------------------------------------
                         slack                                  0.070    





Min Delay Paths
--------------------------------------------------------------------------------------
Slack (MET) :             0.093ns  (arrival time - required time)
  Source:                 core/native_system/digital/adc/frame_reg[38]/C
                            (rising edge-triggered cell FDCE clocked by core_clk  {rise@0.000ns fall@3.788ns period=7.576ns})
  Destination:            core/native_system/digital/scheduler/memory_reg_1/DIADI[2]
                            (rising edge-triggered cell RAMB36E1 clocked by core_clk  {rise@0.000ns fall@3.788ns period=7.576ns})
  Path Group:             core_clk
  Path Type:              Hold (Min at Fast Process Corner)
  Requirement:            0.000ns  (core_clk rise@0.000ns - core_clk rise@0.000ns)
  Data Path Delay:        0.268ns  (logic 0.164ns (61.116%)  route 0.104ns (38.884%))
  Logic Levels:           0  
  Clock Path Skew:        0.021ns (DCD - SCD - CPR)
    Destination Clock Delay (DCD):    0.411ns
    Source Clock Delay      (SCD):    0.390ns
    Clock Pessimism Removal (CPR):    -0.000ns

    Location             Delay type                Incr(ns)  Path(ns)    Netlist Resource(s)
  -------------------------------------------------------------------    -------------------
                         (clock core_clk rise edge)
                                                      0.000     0.000 r  
                                                      0.000     0.000 r  clk (IN)
                         net (fo=17937, unset)        0.390     0.390    core/native_system/digital/adc/clk
    SLICE_X32Y90         FDCE                                         r  core/native_system/digital/adc/frame_reg[38]/C
  -------------------------------------------------------------------    -------------------
    SLICE_X32Y90         FDCE (Prop_fdce_C_Q)         0.164     0.554 r  core/native_system/digital/adc/frame_reg[38]/Q
                         net (fo=1, routed)           0.104     0.659    core/native_system/digital/scheduler/frame[38]
    RAMB36_X2Y18         RAMB36E1                                     r  core/native_system/digital/scheduler/memory_reg_1/DIADI[2]
  -------------------------------------------------------------------    -------------------

                         (clock core_clk rise edge)
                                                      0.000     0.000 r  
                                                      0.000     0.000 r  clk (IN)
                         net (fo=17937, unset)        0.411     0.411    core/native_system/digital/scheduler/clk
    RAMB36_X2Y18         RAMB36E1                                     r  core/native_system/digital/scheduler/memory_reg_1/CLKARDCLK
                         clock pessimism              0.000     0.411    
    RAMB36_X2Y18         RAMB36E1 (Hold_ramb36e1_CLKARDCLK_DIADI[2])
                                                      0.155     0.566    core/native_system/digital/scheduler/memory_reg_1
  -------------------------------------------------------------------
                         required time                         -0.566    
                         arrival time                           0.659    
  -------------------------------------------------------------------
                         slack                                  0.093    





Pulse Width Checks
--------------------------------------------------------------------------------------
Clock Name:         core_clk
Waveform(ns):       { 0.000 3.788 }
Period(ns):         7.576
Sources:            { clk }

Check Type        Corner  Lib Pin             Reference Pin  Required(ns)  Actual(ns)  Slack(ns)  Location      Pin
Min Period        n/a     RAMB36E1/CLKARDCLK  n/a            2.472         7.576       5.104      RAMB36_X2Y17  core/native_system/digital/scheduler/memory_reg_0/CLKARDCLK
Low Pulse Width   Slow    FDCE/C              n/a            0.500         3.788       3.288      SLICE_X62Y95  core/bridge/FSM_sequential_state_reg[0]/C
High Pulse Width  Slow    FDCE/C              n/a            0.500         3.788       3.288      SLICE_X62Y95  core/bridge/FSM_sequential_state_reg[0]/C



---------------------------------------------------------------------------------------------------
Path Group:  **async_default**
From Clock:  core_clk
  To Clock:  core_clk

Setup :            0  Failing Endpoints,  Worst Slack        0.805ns,  Total Violation        0.000ns
Hold  :            0  Failing Endpoints,  Worst Slack        0.919ns,  Total Violation        0.000ns
---------------------------------------------------------------------------------------------------


Max Delay Paths
--------------------------------------------------------------------------------------
Slack (MET) :             0.805ns  (required time - arrival time)
  Source:                 core/native_system/digital/reset_sync_reg[1]/C
                            (rising edge-triggered cell FDCE clocked by core_clk  {rise@0.000ns fall@3.788ns period=7.576ns})
  Destination:            core/native_system/digital/bank/active_calibration_reg[65][3]/CLR
                            (recovery check against rising-edge clock core_clk  {rise@0.000ns fall@3.788ns period=7.576ns})
  Path Group:             **async_default**
  Path Type:              Recovery (Max at Slow Process Corner)
  Requirement:            7.576ns  (core_clk rise@7.576ns - core_clk rise@0.000ns)
  Data Path Delay:        6.366ns  (logic 0.590ns (9.268%)  route 5.776ns (90.732%))
  Logic Levels:           1  (LUT1=1)
  Clock Path Skew:        -0.039ns (DCD - SCD + CPR)
    Destination Clock Delay (DCD):    0.748ns = ( 8.324 - 7.576 ) 
    Source Clock Delay      (SCD):    0.787ns
    Clock Pessimism Removal (CPR):    0.000ns
  Clock Uncertainty:      0.035ns  ((TSJ^2 + TIJ^2)^1/2 + DJ) / 2 + PE
    Total System Jitter     (TSJ):    0.071ns
    Total Input Jitter      (TIJ):    0.000ns
    Discrete Jitter          (DJ):    0.000ns
    Phase Error              (PE):    0.000ns

    Location             Delay type                Incr(ns)  Path(ns)    Netlist Resource(s)
  -------------------------------------------------------------------    -------------------
                         (clock core_clk rise edge)
                                                      0.000     0.000 r  
                                                      0.000     0.000 r  clk (IN)
                         net (fo=17937, unset)        0.787     0.787    core/native_system/digital/clk
    SLICE_X49Y81         FDCE                                         r  core/native_system/digital/reset_sync_reg[1]/C
  -------------------------------------------------------------------    -------------------
    SLICE_X49Y81         FDCE (Prop_fdce_C_Q)         0.348     1.135 r  core/native_system/digital/reset_sync_reg[1]/Q
                         net (fo=3, routed)           0.758     1.893    core/native_system/digital/bank/out[0]
    SLICE_X48Y77         LUT1 (Prop_lut1_I0_O)        0.242     2.135 f  core/native_system/digital/bank/adc_reset_i_2/O
                         net (fo=6423, routed)        5.018     7.153    core/native_system/digital/bank/reset_sync_reg[1]
    SLICE_X80Y51         FDCE                                         f  core/native_system/digital/bank/active_calibration_reg[65][3]/CLR
  -------------------------------------------------------------------    -------------------

                         (clock core_clk rise edge)
                                                      7.576     7.576 r  
                                                      0.000     7.576 r  clk (IN)
                         net (fo=17937, unset)        0.748     8.324    core/native_system/digital/bank/clk
    SLICE_X80Y51         FDCE                                         r  core/native_system/digital/bank/active_calibration_reg[65][3]/C
                         clock pessimism              0.000     8.324    
                         clock uncertainty           -0.035     8.288    
    SLICE_X80Y51         FDCE (Recov_fdce_C_CLR)     -0.331     7.957    core/native_system/digital/bank/active_calibration_reg[65][3]
  -------------------------------------------------------------------
                         required time                          7.957    
                         arrival time                          -7.153    
  -------------------------------------------------------------------
                         slack                                  0.805    





Min Delay Paths
--------------------------------------------------------------------------------------
Slack (MET) :             0.919ns  (arrival time - required time)
  Source:                 core/native_system/digital/reset_sync_reg[1]/C
                            (rising edge-triggered cell FDCE clocked by core_clk  {rise@0.000ns fall@3.788ns period=7.576ns})
  Destination:            core/native_system/digital/bank/shadow_calibration_reg[30][5]/CLR
                            (removal check against rising-edge clock core_clk  {rise@0.000ns fall@3.788ns period=7.576ns})
  Path Group:             **async_default**
  Path Type:              Removal (Min at Fast Process Corner)
  Requirement:            0.000ns  (core_clk rise@0.000ns - core_clk rise@0.000ns)
  Data Path Delay:        0.848ns  (logic 0.227ns (26.774%)  route 0.621ns (73.226%))
  Logic Levels:           1  (LUT1=1)
  Clock Path Skew:        0.021ns (DCD - SCD - CPR)
    Destination Clock Delay (DCD):    0.411ns
    Source Clock Delay      (SCD):    0.390ns
    Clock Pessimism Removal (CPR):    -0.000ns

    Location             Delay type                Incr(ns)  Path(ns)    Netlist Resource(s)
  -------------------------------------------------------------------    -------------------
                         (clock core_clk rise edge)
                                                      0.000     0.000 r  
                                                      0.000     0.000 r  clk (IN)
                         net (fo=17937, unset)        0.390     0.390    core/native_system/digital/clk
    SLICE_X49Y81         FDCE                                         r  core/native_system/digital/reset_sync_reg[1]/C
  -------------------------------------------------------------------    -------------------
    SLICE_X49Y81         FDCE (Prop_fdce_C_Q)         0.128     0.518 r  core/native_system/digital/reset_sync_reg[1]/Q
                         net (fo=3, routed)           0.344     0.862    core/native_system/digital/bank/out[0]
    SLICE_X48Y77         LUT1 (Prop_lut1_I0_O)        0.099     0.961 f  core/native_system/digital/bank/adc_reset_i_2/O
                         net (fo=6423, routed)        0.277     1.238    core/native_system/digital/bank/reset_sync_reg[1]
    SLICE_X49Y77         FDCE                                         f  core/native_system/digital/bank/shadow_calibration_reg[30][5]/CLR
  -------------------------------------------------------------------    -------------------

                         (clock core_clk rise edge)
                                                      0.000     0.000 r  
                                                      0.000     0.000 r  clk (IN)
                         net (fo=17937, unset)        0.411     0.411    core/native_system/digital/bank/clk
    SLICE_X49Y77         FDCE                                         r  core/native_system/digital/bank/shadow_calibration_reg[30][5]/C
                         clock pessimism              0.000     0.411    
    SLICE_X49Y77         FDCE (Remov_fdce_C_CLR)     -0.092     0.319    core/native_system/digital/bank/shadow_calibration_reg[30][5]
  -------------------------------------------------------------------
                         required time                         -0.319    
                         arrival time                           1.238    
  -------------------------------------------------------------------
                         slack                                  0.919    





--------------------------------------------------------------------------------------
Path Group:  (none)
From Clock:  
  To Clock:  

Max Delay            13 Endpoints
Min Delay            13 Endpoints
--------------------------------------------------------------------------------------


Max Delay Paths
--------------------------------------------------------------------------------------
Slack:                    inf
  Source:                 rst_n
                            (input port)
  Destination:            output_disable
                            (output port)
  Path Group:             (none)
  Path Type:              Max at Slow Process Corner
  Data Path Delay:        14.097ns  (logic 1.570ns (11.137%)  route 12.527ns (88.863%))
  Logic Levels:           7  (LDCE=1 LUT1=1 LUT2=1 LUT3=1 LUT5=1 LUT6=2)

    Location             Delay type                Incr(ns)  Path(ns)    Netlist Resource(s)
  -------------------------------------------------------------------    -------------------
                                                      0.000     0.000 f  rst_n (IN)
                         net (fo=26, unset)           0.787     0.787    core/bridge/rst_n
    SLICE_X67Y118        LUT1 (Prop_lut1_I0_O)        0.105     0.892 r  core/bridge/i___5/O
                         net (fo=2659, routed)        6.568     7.460    supervisor/ms_div_reg[31]_0
    SLICE_X34Y95         LDCE (SetClr_ldce_CLR_Q)     0.741     8.201 f  supervisor/state_reg[3]_LDC/Q
                         net (fo=35, routed)          0.461     8.661    supervisor/state_reg[3]_LDC_n_0
    SLICE_X34Y95         LUT3 (Prop_lut3_I1_O)        0.125     8.786 r  supervisor/status[3]_INST_0/O
                         net (fo=10, routed)          0.485     9.272    supervisor/status[1]
    SLICE_X34Y96         LUT6 (Prop_lut6_I2_O)        0.264     9.536 f  supervisor/output_disable_INST_0_i_2/O
                         net (fo=6, routed)           1.005    10.541    core/native_system/queue/stopped_reg_0
    SLICE_X55Y97         LUT5 (Prop_lut5_I0_O)        0.105    10.646 f  core/native_system/queue/output_disable_INST_0_i_4/O
                         net (fo=2, routed)           1.273    11.918    core/native_system/digital/bank/hardware_enable0
    SLICE_X50Y83         LUT6 (Prop_lut6_I2_O)        0.105    12.023 r  core/native_system/digital/bank/output_disable_INST_0_i_1/O
                         net (fo=1, routed)           1.161    13.185    core/native_system/digital/bank/core_disable
    SLICE_X55Y97         LUT2 (Prop_lut2_I0_O)        0.125    13.310 r  core/native_system/digital/bank/output_disable_INST_0/O
                         net (fo=0)                   0.787    14.097    output_disable
                                                                      r  output_disable (OUT)
  -------------------------------------------------------------------    -------------------





Min Delay Paths
--------------------------------------------------------------------------------------
Slack:                    inf
  Source:                 health[0]
                            (input port)
  Destination:            supervisor/state_reg[0]_LDC/CLR
  Path Group:             (none)
  Path Type:              Min at Fast Process Corner
  Data Path Delay:        0.732ns  (logic 0.045ns (6.148%)  route 0.687ns (93.852%))
  Logic Levels:           1  (LUT2=1)

    Location             Delay type                Incr(ns)  Path(ns)    Netlist Resource(s)
  -------------------------------------------------------------------    -------------------
                                                      0.000     0.000 r  health[0] (IN)
                         net (fo=2, unset)            0.390     0.390    supervisor/health[0]
    SLICE_X33Y96         LUT2 (Prop_lut2_I1_O)        0.045     0.435 f  supervisor/state_reg[1]_LDC_i_1/O
                         net (fo=4, routed)           0.297     0.732    supervisor/state_reg[1]_LDC_i_1_n_0
    SLICE_X33Y97         LDCE                                         f  supervisor/state_reg[0]_LDC/CLR
  -------------------------------------------------------------------    -------------------





--------------------------------------------------------------------------------------
Path Group:  (none)
From Clock:  core_clk
  To Clock:  

Max Delay           115 Endpoints
Min Delay           115 Endpoints
--------------------------------------------------------------------------------------


Max Delay Paths
--------------------------------------------------------------------------------------
Slack:                    inf
  Source:                 supervisor/state_reg[1]_C/C
                            (rising edge-triggered cell FDCE clocked by core_clk  {rise@0.000ns fall@3.788ns period=7.576ns})
  Destination:            output_disable
                            (output port)
  Path Group:             (none)
  Path Type:              Max at Slow Process Corner
  Data Path Delay:        6.530ns  (logic 1.161ns (17.780%)  route 5.369ns (82.220%))
  Logic Levels:           5  (LUT2=1 LUT3=1 LUT5=1 LUT6=2)
  Clock Uncertainty:      0.025ns  ((TSJ^2 + TIJ^2)^1/2 + DJ) / 2 + PE
    Total System Jitter     (TSJ):    0.050ns
    Total Input Jitter      (TIJ):    0.000ns
    Discrete Jitter          (DJ):    0.000ns
    Phase Error              (PE):    0.000ns

    Location             Delay type                Incr(ns)  Path(ns)    Netlist Resource(s)
  -------------------------------------------------------------------    -------------------
                         (clock core_clk rise edge)
                                                      0.000     0.000 r  
                                                      0.000     0.000 r  clk (IN)
                         net (fo=17937, unset)        0.787     0.787    supervisor/clk
    SLICE_X32Y96         FDCE                                         r  supervisor/state_reg[1]_C/C
  -------------------------------------------------------------------    -------------------
    SLICE_X32Y96         FDCE (Prop_fdce_C_Q)         0.433     1.220 r  supervisor/state_reg[1]_C/Q
                         net (fo=4, routed)           0.364     1.584    supervisor/state_reg[1]_C_n_0
    SLICE_X33Y96         LUT3 (Prop_lut3_I2_O)        0.126     1.710 r  supervisor/status[1]_INST_0/O
                         net (fo=45, routed)          0.778     2.489    supervisor/state_reg[1]_P_0
    SLICE_X34Y96         LUT6 (Prop_lut6_I1_O)        0.267     2.756 f  supervisor/output_disable_INST_0_i_2/O
                         net (fo=6, routed)           1.005     3.761    core/native_system/queue/stopped_reg_0
    SLICE_X55Y97         LUT5 (Prop_lut5_I0_O)        0.105     3.866 f  core/native_system/queue/output_disable_INST_0_i_4/O
                         net (fo=2, routed)           1.273     5.139    core/native_system/digital/bank/hardware_enable0
    SLICE_X50Y83         LUT6 (Prop_lut6_I2_O)        0.105     5.244 r  core/native_system/digital/bank/output_disable_INST_0_i_1/O
                         net (fo=1, routed)           1.161     6.405    core/native_system/digital/bank/core_disable
    SLICE_X55Y97         LUT2 (Prop_lut2_I0_O)        0.125     6.530 r  core/native_system/digital/bank/output_disable_INST_0/O
                         net (fo=0)                   0.787     7.317    output_disable
                                                                      r  output_disable (OUT)
  -------------------------------------------------------------------    -------------------





Min Delay Paths
--------------------------------------------------------------------------------------
Slack:                    inf
  Source:                 core/bridge/s_rdata_reg[11]/C
                            (rising edge-triggered cell FDCE clocked by core_clk  {rise@0.000ns fall@3.788ns period=7.576ns})
  Destination:            S_AXI_rdata[11]
                            (output port)
  Path Group:             (none)
  Path Type:              Min at Fast Process Corner
  Data Path Delay:        0.518ns  (logic 0.128ns (24.697%)  route 0.390ns (75.303%))
  Logic Levels:           0  
  Clock Uncertainty:      0.025ns  ((TSJ^2 + TIJ^2)^1/2 + DJ) / 2 + PE
    Total System Jitter     (TSJ):    0.050ns
    Total Input Jitter      (TIJ):    0.000ns
    Discrete Jitter          (DJ):    0.000ns
    Phase Error              (PE):    0.000ns

    Location             Delay type                Incr(ns)  Path(ns)    Netlist Resource(s)
  -------------------------------------------------------------------    -------------------
                         (clock core_clk rise edge)
                                                      0.000     0.000 r  
                                                      0.000     0.000 r  clk (IN)
                         net (fo=17937, unset)        0.390     0.390    core/bridge/clk
    SLICE_X65Y83         FDCE                                         r  core/bridge/s_rdata_reg[11]/C
  -------------------------------------------------------------------    -------------------
    SLICE_X65Y83         FDCE (Prop_fdce_C_Q)         0.128     0.518 r  core/bridge/s_rdata_reg[11]/Q
                         net (fo=0)                   0.390     0.909    S_AXI_rdata[11]
                                                                      r  S_AXI_rdata[11] (OUT)
  -------------------------------------------------------------------    -------------------





--------------------------------------------------------------------------------------
Path Group:  (none)
From Clock:  
  To Clock:  core_clk

Max Delay         23507 Endpoints
Min Delay         23507 Endpoints
--------------------------------------------------------------------------------------


Max Delay Paths
--------------------------------------------------------------------------------------
Slack:                    inf
  Source:                 rst_n
                            (input port)
  Destination:            core/native_system/queue/active_sequence_reg[0]/CLR
                            (recovery check against rising-edge clock core_clk  {rise@0.000ns fall@3.788ns period=7.576ns})
  Path Group:             (none)
  Path Type:              Recovery (Max at Slow Process Corner)
  Data Path Delay:        15.004ns  (logic 0.105ns (0.700%)  route 14.899ns (99.300%))
  Logic Levels:           1  (LUT1=1)
  Clock Path Skew:        0.748ns (DCD - SCD + CPR)
    Destination Clock Delay (DCD):    0.748ns
    Source Clock Delay      (SCD):    0.000ns
    Clock Pessimism Removal (CPR):    0.000ns
  Clock Uncertainty:      0.025ns  ((TSJ^2 + TIJ^2)^1/2 + DJ) / 2 + PE
    Total System Jitter     (TSJ):    0.050ns
    Total Input Jitter      (TIJ):    0.000ns
    Discrete Jitter          (DJ):    0.000ns
    Phase Error              (PE):    0.000ns

    Location             Delay type                Incr(ns)  Path(ns)    Netlist Resource(s)
  -------------------------------------------------------------------    -------------------
                                                      0.000     0.000 r  rst_n (IN)
                         net (fo=26, unset)           0.787     0.787    core/bridge/rst_n
    SLICE_X67Y118        LUT1 (Prop_lut1_I0_O)        0.105     0.892 f  core/bridge/i___5/O
                         net (fo=2659, routed)       14.112    15.004    core/native_system/queue/active_last_reg_0
    SLICE_X84Y91         FDCE                                         f  core/native_system/queue/active_sequence_reg[0]/CLR
  -------------------------------------------------------------------    -------------------

                         (clock core_clk rise edge)
                                                      0.000     0.000 r  
                                                      0.000     0.000 r  clk (IN)
                         net (fo=17937, unset)        0.748     0.748    core/native_system/queue/clk
    SLICE_X84Y91         FDCE                                         r  core/native_system/queue/active_sequence_reg[0]/C





Min Delay Paths
--------------------------------------------------------------------------------------
Slack:                    inf
  Source:                 S_AXI_araddr[0]
                            (input port)
  Destination:            core/bridge/araddr_reg[0]/D
                            (rising edge-triggered cell FDCE clocked by core_clk  {rise@0.000ns fall@3.788ns period=7.576ns})
  Path Group:             (none)
  Path Type:              Hold (Min at Fast Process Corner)
  Data Path Delay:        0.390ns  (logic 0.000ns (0.000%)  route 0.390ns (100.000%))
  Logic Levels:           0  
  Clock Path Skew:        0.411ns (DCD - SCD - CPR)
    Destination Clock Delay (DCD):    0.411ns
    Source Clock Delay      (SCD):    0.000ns
    Clock Pessimism Removal (CPR):    -0.000ns

    Location             Delay type                Incr(ns)  Path(ns)    Netlist Resource(s)
  -------------------------------------------------------------------    -------------------
                                                      0.000     0.000 r  S_AXI_araddr[0] (IN)
                         net (fo=0)                   0.390     0.390    core/bridge/S_AXI_araddr[0]
    SLICE_X64Y96         FDCE                                         r  core/bridge/araddr_reg[0]/D
  -------------------------------------------------------------------    -------------------

                         (clock core_clk rise edge)
                                                      0.000     0.000 r  
                                                      0.000     0.000 r  clk (IN)
                         net (fo=17937, unset)        0.411     0.411    core/bridge/clk
    SLICE_X64Y96         FDCE                                         r  core/bridge/araddr_reg[0]/C





