Copyright 1986-2022 Xilinx, Inc. All Rights Reserved. Copyright 2022-2025 Advanced Micro Devices, Inc. All Rights Reserved.
------------------------------------------------------------------------------------------------------------------------------------------------------------
| Tool Version : Vivado v.2025.2 (win64) Build 6299465 Fri Nov 14 19:35:11 GMT 2025
| Date         : Tue Sep 29 13:41:34 2026
| Host         : loverlike running 64-bit major release  (build 9200)
| Command      : report_timing_summary -file E:/Codex_project/AMD-SonoField-FPGA/v2/evidence/core_timing_real_loop/timing_refactor/trade/screen_99.0MHz.rpt
| Design       : sono_axi_system
| Device       : 7z020-clg400
| Speed File   : -1  PRODUCTION 1.12 2019-11-22
| Design State : Routed
------------------------------------------------------------------------------------------------------------------------------------------------------------

Timing Summary Report

------------------------------------------------------------------------------------------------
| Timer Settings
| --------------
------------------------------------------------------------------------------------------------

  Enable Multi Corner Analysis               :  Yes
  Enable Pessimism Removal                   :  Yes
  Pessimism Removal Resolution               :  Nearest Common Node
  Enable Input Delay Default Clock           :  No
  Enable Preset / Clear Arcs                 :  No
  Disable Flight Delays                      :  No
  Ignore I/O Paths                           :  No
  Timing Early Launch at Borrowing Latches   :  No
  Borrow Time for Max Delay Exceptions       :  Yes
  Merge Timing Exceptions                    :  Yes
  Inter-SLR Compensation                     :  Conservative

  Corner  Analyze    Analyze    
  Name    Max Paths  Min Paths  
  ------  ---------  ---------  
  Slow    Yes        Yes        
  Fast    Yes        Yes        


------------------------------------------------------------------------------------------------
| Report Methodology
| ------------------
------------------------------------------------------------------------------------------------

Rule       Severity  Description                                 Violations  
---------  --------  ------------------------------------------  ----------  
DPIR-1     Warning   Asynchronous driver check                   30          
LUTAR-1    Warning   LUT drives async reset alert                1           
SYNTH-6    Warning   Timing of a RAM block might be sub-optimal  4           
TIMING-16  Warning   Large setup violation                       573         
TIMING-18  Warning   Missing input or output delay               1000        

Note: This report is based on the most recent report_methodology run and may not be up-to-date. Run report_methodology on the current design for the latest report.



check_timing report

Table of Contents
-----------------
1. checking no_clock (0)
2. checking constant_clock (0)
3. checking pulse_width_clock (0)
4. checking unconstrained_internal_endpoints (0)
5. checking no_input_delay (2324)
6. checking no_output_delay (285)
7. checking multiple_clock (0)
8. checking generated_clocks (0)
9. checking loops (0)
10. checking partial_input_delay (0)
11. checking partial_output_delay (0)
12. checking latch_loops (0)

1. checking no_clock (0)
------------------------
 There are 0 register/latch pins with no clock.


2. checking constant_clock (0)
------------------------------
 There are 0 register/latch pins with constant_clock.


3. checking pulse_width_clock (0)
---------------------------------
 There are 0 register/latch pins which need pulse_width check


4. checking unconstrained_internal_endpoints (0)
------------------------------------------------
 There are 0 pins that are not constrained for maximum delay.

 There are 0 pins that are not constrained for maximum delay due to constant clock.


5. checking no_input_delay (2324)
---------------------------------
 There are 2324 input ports with no input delay specified. (HIGH)

 There are 0 input ports with no input delay but user has a false path constraint.


6. checking no_output_delay (285)
---------------------------------
 There are 285 ports with no output delay specified. (HIGH)

 There are 0 ports with no output delay but user has a false path constraint

 There are 0 ports with no output delay but with a timing clock defined on it or propagating through it


7. checking multiple_clock (0)
------------------------------
 There are 0 register/latch pins with multiple clocks.


8. checking generated_clocks (0)
--------------------------------
 There are 0 generated clocks that are not connected to a clock source.


9. checking loops (0)
---------------------
 There are 0 combinational loops in the design.


10. checking partial_input_delay (0)
------------------------------------
 There are 0 input ports with partial input delay specified.


11. checking partial_output_delay (0)
-------------------------------------
 There are 0 ports with partial output delay specified.


12. checking latch_loops (0)
----------------------------
 There are 0 combinational latch loops in the design through latch input



------------------------------------------------------------------------------------------------
| Design Timing Summary
| ---------------------
------------------------------------------------------------------------------------------------

    WNS(ns)      TNS(ns)  TNS Failing Endpoints  TNS Total Endpoints      WHS(ns)      THS(ns)  THS Failing Endpoints  THS Total Endpoints     WPWS(ns)     TPWS(ns)  TPWS Failing Endpoints  TPWS Total Endpoints  
    -------      -------  ---------------------  -------------------      -------      -------  ---------------------  -------------------     --------     --------  ----------------------  --------------------  
     -1.990      -30.337                     23                33361        0.070        0.000                      0                33361        4.550        0.000                       0                 17987  


Timing constraints are not met.


------------------------------------------------------------------------------------------------
| Clock Summary
| -------------
------------------------------------------------------------------------------------------------

Clock    Waveform(ns)       Period(ns)      Frequency(MHz)
-----    ------------       ----------      --------------
core132  {0.000 5.051}      10.101          99.000          


------------------------------------------------------------------------------------------------
| Intra Clock Table
| -----------------
------------------------------------------------------------------------------------------------

Clock             WNS(ns)      TNS(ns)  TNS Failing Endpoints  TNS Total Endpoints      WHS(ns)      THS(ns)  THS Failing Endpoints  THS Total Endpoints     WPWS(ns)     TPWS(ns)  TPWS Failing Endpoints  TPWS Total Endpoints  
-----             -------      -------  ---------------------  -------------------      -------      -------  ---------------------  -------------------     --------     --------  ----------------------  --------------------  
core132            -1.990      -30.312                     17                26944        0.070        0.000                      0                26944        4.550        0.000                       0                 17987  


------------------------------------------------------------------------------------------------
| Inter Clock Table
| -----------------
------------------------------------------------------------------------------------------------

From Clock    To Clock          WNS(ns)      TNS(ns)  TNS Failing Endpoints  TNS Total Endpoints      WHS(ns)      THS(ns)  THS Failing Endpoints  THS Total Endpoints  
----------    --------          -------      -------  ---------------------  -------------------      -------      -------  ---------------------  -------------------  


------------------------------------------------------------------------------------------------
| Other Path Groups Table
| -----------------------
------------------------------------------------------------------------------------------------

Path Group         From Clock         To Clock               WNS(ns)      TNS(ns)  TNS Failing Endpoints  TNS Total Endpoints      WHS(ns)      THS(ns)  THS Failing Endpoints  THS Total Endpoints  
----------         ----------         --------               -------      -------  ---------------------  -------------------      -------      -------  ---------------------  -------------------  
**async_default**  core132            core132                 -0.005       -0.025                      6                 6417        0.652        0.000                      0                 6417  


------------------------------------------------------------------------------------------------
| Timing Details
| --------------
------------------------------------------------------------------------------------------------


---------------------------------------------------------------------------------------------------
From Clock:  core132
  To Clock:  core132

Setup :           17  Failing Endpoints,  Worst Slack       -1.990ns,  Total Violation      -30.312ns
Hold  :            0  Failing Endpoints,  Worst Slack        0.070ns,  Total Violation        0.000ns
PW    :            0  Failing Endpoints,  Worst Slack        4.550ns,  Total Violation        0.000ns
---------------------------------------------------------------------------------------------------


Max Delay Paths
--------------------------------------------------------------------------------------
Slack (VIOLATED) :        -1.990ns  (required time - arrival time)
  Source:                 native_system/queue/channel_reg[11]_replica/C
                            (rising edge-triggered cell FDCE clocked by core132  {rise@0.000ns fall@5.050ns period=10.101ns})
  Destination:            native_system/queue/bus_wdata_reg[15]/D
                            (rising edge-triggered cell FDCE clocked by core132  {rise@0.000ns fall@5.050ns period=10.101ns})
  Path Group:             core132
  Path Type:              Setup (Max at Slow Process Corner)
  Requirement:            10.101ns  (core132 rise@10.101ns - core132 rise@0.000ns)
  Data Path Delay:        12.039ns  (logic 5.165ns (42.903%)  route 6.874ns (57.097%))
  Logic Levels:           8  (DSP48E1=1 LUT4=1 LUT5=1 LUT6=5)
  Clock Path Skew:        -0.049ns (DCD - SCD + CPR)
    Destination Clock Delay (DCD):    0.924ns = ( 11.025 - 10.101 ) 
    Source Clock Delay      (SCD):    0.973ns
    Clock Pessimism Removal (CPR):    0.000ns
  Clock Uncertainty:      0.035ns  ((TSJ^2 + TIJ^2)^1/2 + DJ) / 2 + PE
    Total System Jitter     (TSJ):    0.071ns
    Total Input Jitter      (TIJ):    0.000ns
    Discrete Jitter          (DJ):    0.000ns
    Phase Error              (PE):    0.000ns

    Location             Delay type                Incr(ns)  Path(ns)    Netlist Resource(s)
  -------------------------------------------------------------------    -------------------
                         (clock core132 rise edge)    0.000     0.000 r  
                                                      0.000     0.000 r  clk (IN)
                         net (fo=17986, unset)        0.973     0.973    native_system/queue/clk
    SLICE_X37Y132        FDCE                                         r  native_system/queue/channel_reg[11]_replica/C
  -------------------------------------------------------------------    -------------------
    SLICE_X37Y132        FDCE (Prop_fdce_C_Q)         0.456     1.429 r  native_system/queue/channel_reg[11]_replica/Q
                         net (fo=19, routed)          0.712     2.141    native_system/queue/channel_reg_n_0_[11]_repN
    DSP48_X2Y52          DSP48E1 (Prop_dsp48e1_A[12]_P[6])
                                                      3.841     5.982 r  native_system/queue/bus_wdata1/P[6]
                         net (fo=724, routed)         1.783     7.765    native_system/queue/bus_wdata1_n_99
    SLICE_X53Y133        LUT6 (Prop_lut6_I2_O)        0.124     7.889 r  native_system/queue/bus_wdata[16]_i_599/O
                         net (fo=1, routed)           1.040     8.928    native_system/queue/bus_wdata[16]_i_599_n_0
    SLICE_X54Y132        LUT6 (Prop_lut6_I0_O)        0.124     9.052 r  native_system/queue/bus_wdata[16]_i_162/O
                         net (fo=4, routed)           0.901     9.953    native_system/queue/bus_wdata[16]_i_162_n_0
    SLICE_X56Y130        LUT6 (Prop_lut6_I5_O)        0.124    10.077 r  native_system/queue/bus_wdata[16]_i_44/O
                         net (fo=3, routed)           1.025    11.103    native_system/queue/bus_wdata[16]_i_44_n_0
    SLICE_X60Y127        LUT6 (Prop_lut6_I3_O)        0.124    11.227 r  native_system/queue/bus_wdata[15]_i_13/O
                         net (fo=1, routed)           0.723    11.950    native_system/queue/bus_wdata[15]_i_13_n_0
    SLICE_X64Y127        LUT6 (Prop_lut6_I1_O)        0.124    12.074 r  native_system/queue/bus_wdata[15]_i_5/O
                         net (fo=1, routed)           0.287    12.361    native_system/queue/bus_wdata[15]_i_5_n_0
    SLICE_X67Y127        LUT5 (Prop_lut5_I4_O)        0.124    12.485 r  native_system/queue/bus_wdata[15]_i_2/O
                         net (fo=1, routed)           0.403    12.888    native_system/queue/bus_wdata[15]_i_2_n_0
    SLICE_X67Y128        LUT4 (Prop_lut4_I2_O)        0.124    13.012 r  native_system/queue/bus_wdata[15]_i_1/O
                         net (fo=1, routed)           0.000    13.012    native_system/queue/p_2_out[15]
    SLICE_X67Y128        FDCE                                         r  native_system/queue/bus_wdata_reg[15]/D
  -------------------------------------------------------------------    -------------------

                         (clock core132 rise edge)   10.101    10.101 r  
                                                      0.000    10.101 r  clk (IN)
                         net (fo=17986, unset)        0.924    11.025    native_system/queue/clk
    SLICE_X67Y128        FDCE                                         r  native_system/queue/bus_wdata_reg[15]/C
                         clock pessimism              0.000    11.025    
                         clock uncertainty           -0.035    10.990    
    SLICE_X67Y128        FDCE (Setup_fdce_C_D)        0.032    11.022    native_system/queue/bus_wdata_reg[15]
  -------------------------------------------------------------------
                         required time                         11.022    
                         arrival time                         -13.012    
  -------------------------------------------------------------------
                         slack                                 -1.990    





Min Delay Paths
--------------------------------------------------------------------------------------
Slack (MET) :             0.070ns  (arrival time - required time)
  Source:                 native_system/digital/adc/frame_reg[45]/C
                            (rising edge-triggered cell FDCE clocked by core132  {rise@0.000ns fall@5.050ns period=10.101ns})
  Destination:            native_system/digital/scheduler/memory_reg_1/DIADI[9]
                            (rising edge-triggered cell RAMB36E1 clocked by core132  {rise@0.000ns fall@5.050ns period=10.101ns})
  Path Group:             core132
  Path Type:              Hold (Min at Fast Process Corner)
  Requirement:            0.000ns  (core132 rise@0.000ns - core132 rise@0.000ns)
  Data Path Delay:        0.247ns  (logic 0.141ns (57.072%)  route 0.106ns (42.928%))
  Logic Levels:           0  
  Clock Path Skew:        0.022ns (DCD - SCD - CPR)
    Destination Clock Delay (DCD):    0.432ns
    Source Clock Delay      (SCD):    0.410ns
    Clock Pessimism Removal (CPR):    -0.000ns

    Location             Delay type                Incr(ns)  Path(ns)    Netlist Resource(s)
  -------------------------------------------------------------------    -------------------
                         (clock core132 rise edge)    0.000     0.000 r  
                                                      0.000     0.000 r  clk (IN)
                         net (fo=17986, unset)        0.410     0.410    native_system/digital/adc/clk
    SLICE_X105Y88        FDCE                                         r  native_system/digital/adc/frame_reg[45]/C
  -------------------------------------------------------------------    -------------------
    SLICE_X105Y88        FDCE (Prop_fdce_C_Q)         0.141     0.551 r  native_system/digital/adc/frame_reg[45]/Q
                         net (fo=1, routed)           0.106     0.657    native_system/digital/scheduler/frame[45]
    RAMB36_X5Y17         RAMB36E1                                     r  native_system/digital/scheduler/memory_reg_1/DIADI[9]
  -------------------------------------------------------------------    -------------------

                         (clock core132 rise edge)    0.000     0.000 r  
                                                      0.000     0.000 r  clk (IN)
                         net (fo=17986, unset)        0.432     0.432    native_system/digital/scheduler/clk
    RAMB36_X5Y17         RAMB36E1                                     r  native_system/digital/scheduler/memory_reg_1/CLKARDCLK
                         clock pessimism              0.000     0.432    
    RAMB36_X5Y17         RAMB36E1 (Hold_ramb36e1_CLKARDCLK_DIADI[9])
                                                      0.155     0.587    native_system/digital/scheduler/memory_reg_1
  -------------------------------------------------------------------
                         required time                         -0.587    
                         arrival time                           0.657    
  -------------------------------------------------------------------
                         slack                                  0.070    





Pulse Width Checks
--------------------------------------------------------------------------------------
Clock Name:         core132
Waveform(ns):       { 0.000 5.050 }
Period(ns):         10.101
Sources:            { clk }

Check Type        Corner  Lib Pin             Reference Pin  Required(ns)  Actual(ns)  Slack(ns)  Location        Pin
Min Period        n/a     RAMB36E1/CLKARDCLK  n/a            2.944         10.101      7.157      RAMB36_X5Y16    native_system/digital/scheduler/memory_reg_0/CLKARDCLK
Low Pulse Width   Slow    FDCE/C              n/a            0.500         5.051       4.551      SLICE_X105Y105  bridge/FSM_sequential_state_reg[0]/C
High Pulse Width  Slow    FDCE/C              n/a            0.500         5.051       4.550      SLICE_X105Y105  bridge/FSM_sequential_state_reg[0]/C



---------------------------------------------------------------------------------------------------
Path Group:  **async_default**
From Clock:  core132
  To Clock:  core132

Setup :            6  Failing Endpoints,  Worst Slack       -0.005ns,  Total Violation       -0.025ns
Hold  :            0  Failing Endpoints,  Worst Slack        0.652ns,  Total Violation        0.000ns
---------------------------------------------------------------------------------------------------


Max Delay Paths
--------------------------------------------------------------------------------------
Slack (VIOLATED) :        -0.005ns  (required time - arrival time)
  Source:                 native_system/digital/reset_sync_reg[1]/C
                            (rising edge-triggered cell FDCE clocked by core132  {rise@0.000ns fall@5.050ns period=10.101ns})
  Destination:            native_system/digital/bank/active_calibration_reg[65][5]/CLR
                            (recovery check against rising-edge clock core132  {rise@0.000ns fall@5.050ns period=10.101ns})
  Path Group:             **async_default**
  Path Type:              Recovery (Max at Slow Process Corner)
  Requirement:            10.101ns  (core132 rise@10.101ns - core132 rise@0.000ns)
  Data Path Delay:        9.703ns  (logic 0.718ns (7.399%)  route 8.985ns (92.601%))
  Logic Levels:           1  (LUT1=1)
  Clock Path Skew:        -0.049ns (DCD - SCD + CPR)
    Destination Clock Delay (DCD):    0.924ns = ( 11.025 - 10.101 ) 
    Source Clock Delay      (SCD):    0.973ns
    Clock Pessimism Removal (CPR):    0.000ns
  Clock Uncertainty:      0.035ns  ((TSJ^2 + TIJ^2)^1/2 + DJ) / 2 + PE
    Total System Jitter     (TSJ):    0.071ns
    Total Input Jitter      (TIJ):    0.000ns
    Discrete Jitter          (DJ):    0.000ns
    Phase Error              (PE):    0.000ns

    Location             Delay type                Incr(ns)  Path(ns)    Netlist Resource(s)
  -------------------------------------------------------------------    -------------------
                         (clock core132 rise edge)    0.000     0.000 r  
                                                      0.000     0.000 r  clk (IN)
                         net (fo=17986, unset)        0.973     0.973    native_system/digital/clk
    SLICE_X81Y97         FDCE                                         r  native_system/digital/reset_sync_reg[1]/C
  -------------------------------------------------------------------    -------------------
    SLICE_X81Y97         FDCE (Prop_fdce_C_Q)         0.419     1.392 r  native_system/digital/reset_sync_reg[1]/Q
                         net (fo=3, routed)           0.322     1.714    native_system/digital/bank/out[0]
    SLICE_X81Y95         LUT1 (Prop_lut1_I0_O)        0.299     2.013 f  native_system/digital/bank/adc_reset_i_2/O
                         net (fo=6415, routed)        8.663    10.676    native_system/digital/bank/reset_sync_reg[1]
    SLICE_X26Y101        FDCE                                         f  native_system/digital/bank/active_calibration_reg[65][5]/CLR
  -------------------------------------------------------------------    -------------------

                         (clock core132 rise edge)   10.101    10.101 r  
                                                      0.000    10.101 r  clk (IN)
                         net (fo=17986, unset)        0.924    11.025    native_system/digital/bank/clk
    SLICE_X26Y101        FDCE                                         r  native_system/digital/bank/active_calibration_reg[65][5]/C
                         clock pessimism              0.000    11.025    
                         clock uncertainty           -0.035    10.990    
    SLICE_X26Y101        FDCE (Recov_fdce_C_CLR)     -0.319    10.671    native_system/digital/bank/active_calibration_reg[65][5]
  -------------------------------------------------------------------
                         required time                         10.671    
                         arrival time                         -10.676    
  -------------------------------------------------------------------
                         slack                                 -0.005    





Min Delay Paths
--------------------------------------------------------------------------------------
Slack (MET) :             0.652ns  (arrival time - required time)
  Source:                 native_system/digital/reset_sync_reg[1]/C
                            (rising edge-triggered cell FDCE clocked by core132  {rise@0.000ns fall@5.050ns period=10.101ns})
  Destination:            native_system/digital/burst/completed_reg[20]/CLR
                            (removal check against rising-edge clock core132  {rise@0.000ns fall@5.050ns period=10.101ns})
  Path Group:             **async_default**
  Path Type:              Removal (Min at Fast Process Corner)
  Requirement:            0.000ns  (core132 rise@0.000ns - core132 rise@0.000ns)
  Data Path Delay:        0.581ns  (logic 0.227ns (39.059%)  route 0.354ns (60.941%))
  Logic Levels:           1  (LUT1=1)
  Clock Path Skew:        0.022ns (DCD - SCD - CPR)
    Destination Clock Delay (DCD):    0.432ns
    Source Clock Delay      (SCD):    0.410ns
    Clock Pessimism Removal (CPR):    -0.000ns

    Location             Delay type                Incr(ns)  Path(ns)    Netlist Resource(s)
  -------------------------------------------------------------------    -------------------
                         (clock core132 rise edge)    0.000     0.000 r  
                                                      0.000     0.000 r  clk (IN)
                         net (fo=17986, unset)        0.410     0.410    native_system/digital/clk
    SLICE_X81Y97         FDCE                                         r  native_system/digital/reset_sync_reg[1]/C
  -------------------------------------------------------------------    -------------------
    SLICE_X81Y97         FDCE (Prop_fdce_C_Q)         0.128     0.538 r  native_system/digital/reset_sync_reg[1]/Q
                         net (fo=3, routed)           0.137     0.675    native_system/digital/bank/out[0]
    SLICE_X81Y95         LUT1 (Prop_lut1_I0_O)        0.099     0.774 f  native_system/digital/bank/adc_reset_i_2/O
                         net (fo=6415, routed)        0.217     0.991    native_system/digital/burst/completed_reg[31]_0
    SLICE_X80Y94         FDCE                                         f  native_system/digital/burst/completed_reg[20]/CLR
  -------------------------------------------------------------------    -------------------

                         (clock core132 rise edge)    0.000     0.000 r  
                                                      0.000     0.000 r  clk (IN)
                         net (fo=17986, unset)        0.432     0.432    native_system/digital/burst/clk
    SLICE_X80Y94         FDCE                                         r  native_system/digital/burst/completed_reg[20]/C
                         clock pessimism              0.000     0.432    
    SLICE_X80Y94         FDCE (Remov_fdce_C_CLR)     -0.092     0.340    native_system/digital/burst/completed_reg[20]
  -------------------------------------------------------------------
                         required time                         -0.340    
                         arrival time                           0.991    
  -------------------------------------------------------------------
                         slack                                  0.652    





