Copyright 1986-2022 Xilinx, Inc. All Rights Reserved. Copyright 2022-2025 Advanced Micro Devices, Inc. All Rights Reserved.
------------------------------------------------------------------------------------------------------------------------------------------------------------
| Tool Version : Vivado v.2025.2 (win64) Build 6299465 Fri Nov 14 19:35:11 GMT 2025
| Date         : Sun Sep 27 15:03:28 2026
| Host         : loverlike running 64-bit major release  (build 9200)
| Command      : report_timing_summary -file E:/Codex_project/AMD-SonoField-FPGA/v2/evidence/board_transport/candidate_synthesis/xc7z020clg400-2/timing.rpt
| Design       : sono_axi_system
| Device       : 7z020-clg400
| Speed File   : -2  PRODUCTION 1.12 2019-11-22
| Design State : Synthesized
------------------------------------------------------------------------------------------------------------------------------------------------------------

Timing Summary Report

------------------------------------------------------------------------------------------------
| Timer Settings
| --------------
------------------------------------------------------------------------------------------------

  Enable Multi Corner Analysis               :  Yes
  Enable Pessimism Removal                   :  Yes
  Pessimism Removal Resolution               :  Nearest Common Node
  Enable Input Delay Default Clock           :  No
  Enable Preset / Clear Arcs                 :  No
  Disable Flight Delays                      :  No
  Ignore I/O Paths                           :  No
  Timing Early Launch at Borrowing Latches   :  No
  Borrow Time for Max Delay Exceptions       :  Yes
  Merge Timing Exceptions                    :  Yes
  Inter-SLR Compensation                     :  Conservative

  Corner  Analyze    Analyze    
  Name    Max Paths  Min Paths  
  ------  ---------  ---------  
  Slow    Yes        Yes        
  Fast    Yes        Yes        


------------------------------------------------------------------------------------------------
| Report Methodology
| ------------------
------------------------------------------------------------------------------------------------

No report available as report_methodology has not been run prior. Run report_methodology on the current design for the summary of methodology violations.



check_timing report

Table of Contents
-----------------
1. checking no_clock (0)
2. checking constant_clock (0)
3. checking pulse_width_clock (0)
4. checking unconstrained_internal_endpoints (0)
5. checking no_input_delay (2324)
6. checking no_output_delay (285)
7. checking multiple_clock (0)
8. checking generated_clocks (0)
9. checking loops (0)
10. checking partial_input_delay (0)
11. checking partial_output_delay (0)
12. checking latch_loops (0)

1. checking no_clock (0)
------------------------
 There are 0 register/latch pins with no clock.


2. checking constant_clock (0)
------------------------------
 There are 0 register/latch pins with constant_clock.


3. checking pulse_width_clock (0)
---------------------------------
 There are 0 register/latch pins which need pulse_width check


4. checking unconstrained_internal_endpoints (0)
------------------------------------------------
 There are 0 pins that are not constrained for maximum delay.

 There are 0 pins that are not constrained for maximum delay due to constant clock.


5. checking no_input_delay (2324)
---------------------------------
 There are 2324 input ports with no input delay specified. (HIGH)

 There are 0 input ports with no input delay but user has a false path constraint.


6. checking no_output_delay (285)
---------------------------------
 There are 285 ports with no output delay specified. (HIGH)

 There are 0 ports with no output delay but user has a false path constraint

 There are 0 ports with no output delay but with a timing clock defined on it or propagating through it


7. checking multiple_clock (0)
------------------------------
 There are 0 register/latch pins with multiple clocks.


8. checking generated_clocks (0)
--------------------------------
 There are 0 generated clocks that are not connected to a clock source.


9. checking loops (0)
---------------------
 There are 0 combinational loops in the design.


10. checking partial_input_delay (0)
------------------------------------
 There are 0 input ports with partial input delay specified.


11. checking partial_output_delay (0)
-------------------------------------
 There are 0 ports with partial output delay specified.


12. checking latch_loops (0)
----------------------------
 There are 0 combinational latch loops in the design through latch input



------------------------------------------------------------------------------------------------
| Design Timing Summary
| ---------------------
------------------------------------------------------------------------------------------------

    WNS(ns)      TNS(ns)  TNS Failing Endpoints  TNS Total Endpoints      WHS(ns)      THS(ns)  THS Failing Endpoints  THS Total Endpoints     WPWS(ns)     TPWS(ns)  TPWS Failing Endpoints  TPWS Total Endpoints  
    -------      -------  ---------------------  -------------------      -------      -------  ---------------------  -------------------     --------     --------  ----------------------  --------------------  
     -4.995    -1698.824                    384                33396        0.157        0.000                      0                33396        3.288        0.000                       0                 18004  


Timing constraints are not met.


------------------------------------------------------------------------------------------------
| Clock Summary
| -------------
------------------------------------------------------------------------------------------------

Clock    Waveform(ns)         Period(ns)      Frequency(MHz)
-----    ------------         ----------      --------------
core132  {0.000 3.788}        7.576           131.996         


------------------------------------------------------------------------------------------------
| Intra Clock Table
| -----------------
------------------------------------------------------------------------------------------------

Clock             WNS(ns)      TNS(ns)  TNS Failing Endpoints  TNS Total Endpoints      WHS(ns)      THS(ns)  THS Failing Endpoints  THS Total Endpoints     WPWS(ns)     TPWS(ns)  TPWS Failing Endpoints  TPWS Total Endpoints  
-----             -------      -------  ---------------------  -------------------      -------      -------  ---------------------  -------------------     --------     --------  ----------------------  --------------------  
core132            -4.995    -1698.824                    384                26961        0.157        0.000                      0                26961        3.288        0.000                       0                 18004  


------------------------------------------------------------------------------------------------
| Inter Clock Table
| -----------------
------------------------------------------------------------------------------------------------

From Clock    To Clock          WNS(ns)      TNS(ns)  TNS Failing Endpoints  TNS Total Endpoints      WHS(ns)      THS(ns)  THS Failing Endpoints  THS Total Endpoints  
----------    --------          -------      -------  ---------------------  -------------------      -------      -------  ---------------------  -------------------  


------------------------------------------------------------------------------------------------
| Other Path Groups Table
| -----------------------
------------------------------------------------------------------------------------------------

Path Group         From Clock         To Clock               WNS(ns)      TNS(ns)  TNS Failing Endpoints  TNS Total Endpoints      WHS(ns)      THS(ns)  THS Failing Endpoints  THS Total Endpoints  
----------         ----------         --------               -------      -------  ---------------------  -------------------      -------      -------  ---------------------  -------------------  
**async_default**  core132            core132                  3.375        0.000                      0                 6435        0.825        0.000                      0                 6435  


------------------------------------------------------------------------------------------------
| Timing Details
| --------------
------------------------------------------------------------------------------------------------


---------------------------------------------------------------------------------------------------
From Clock:  core132
  To Clock:  core132

Setup :          384  Failing Endpoints,  Worst Slack       -4.995ns,  Total Violation    -1698.824ns
Hold  :            0  Failing Endpoints,  Worst Slack        0.157ns,  Total Violation        0.000ns
PW    :            0  Failing Endpoints,  Worst Slack        3.288ns,  Total Violation        0.000ns
---------------------------------------------------------------------------------------------------


Max Delay Paths
--------------------------------------------------------------------------------------
Slack (VIOLATED) :        -4.995ns  (required time - arrival time)
  Source:                 native_system/digital/burst/accumulator_reg[11]/C
                            (rising edge-triggered cell FDCE clocked by core132  {rise@0.000ns fall@3.788ns period=7.576ns})
  Destination:            native_system/digital/serial/serial_data_reg[0]/D
                            (rising edge-triggered cell FDCE clocked by core132  {rise@0.000ns fall@3.788ns period=7.576ns})
  Path Group:             core132
  Path Type:              Setup (Max at Slow Process Corner)
  Requirement:            7.576ns  (core132 rise@7.576ns - core132 rise@0.000ns)
  Data Path Delay:        12.568ns  (logic 5.904ns (46.976%)  route 6.664ns (53.024%))
  Logic Levels:           24  (CARRY4=13 LUT2=1 LUT3=2 LUT5=4 LUT6=4)
  Clock Path Skew:        -0.039ns (DCD - SCD + CPR)
    Destination Clock Delay (DCD):    0.748ns = ( 8.324 - 7.576 ) 
    Source Clock Delay      (SCD):    0.787ns
    Clock Pessimism Removal (CPR):    0.000ns
  Clock Uncertainty:      0.035ns  ((TSJ^2 + TIJ^2)^1/2 + DJ) / 2 + PE
    Total System Jitter     (TSJ):    0.071ns
    Total Input Jitter      (TIJ):    0.000ns
    Discrete Jitter          (DJ):    0.000ns
    Phase Error              (PE):    0.000ns

    Location             Delay type                Incr(ns)  Path(ns)    Netlist Resource(s)
  -------------------------------------------------------------------    -------------------
                         (clock core132 rise edge)    0.000     0.000 r  
                                                      0.000     0.000 r  clk (IN)
                         net (fo=18003, unset)        0.787     0.787    native_system/digital/burst/clk
                         FDCE                                         r  native_system/digital/burst/accumulator_reg[11]/C
  -------------------------------------------------------------------    -------------------
                         FDCE (Prop_fdce_C_Q)         0.433     1.220 r  native_system/digital/burst/accumulator_reg[11]/Q
                         net (fo=16, unplaced)        0.653     1.873    native_system/digital/burst/scaled[19]
                         LUT3 (Prop_lut3_I0_O)        0.252     2.125 r  native_system/digital/burst/commanded_waveform[127]_INST_0_i_332/O
                         net (fo=3, unplaced)         0.365     2.490    native_system/digital/burst/commanded_waveform[127]_INST_0_i_332_n_0
                         LUT5 (Prop_lut5_I4_O)        0.105     2.595 r  native_system/digital/burst/commanded_waveform[127]_INST_0_i_270/O
                         net (fo=2, unplaced)         0.548     3.143    native_system/digital/burst/commanded_waveform[127]_INST_0_i_270_n_0
                         CARRY4 (Prop_carry4_DI[1]_CO[3])
                                                      0.430     3.573 r  native_system/digital/burst/commanded_waveform[127]_INST_0_i_210/CO[3]
                         net (fo=1, unplaced)         0.000     3.573    native_system/digital/burst/commanded_waveform[127]_INST_0_i_210_n_0
                         CARRY4 (Prop_carry4_CI_CO[3])
                                                      0.100     3.673 r  native_system/digital/burst/commanded_waveform[127]_INST_0_i_156/CO[3]
                         net (fo=1, unplaced)         0.000     3.673    native_system/digital/burst/commanded_waveform[127]_INST_0_i_156_n_0
                         CARRY4 (Prop_carry4_CI_CO[3])
                                                      0.100     3.773 r  native_system/digital/burst/commanded_waveform[127]_INST_0_i_104/CO[3]
                         net (fo=1, unplaced)         0.000     3.773    native_system/digital/burst/commanded_waveform[127]_INST_0_i_104_n_0
                         CARRY4 (Prop_carry4_CI_CO[3])
                                                      0.100     3.873 r  native_system/digital/burst/commanded_waveform[127]_INST_0_i_69/CO[3]
                         net (fo=1, unplaced)         0.000     3.873    native_system/digital/burst/commanded_waveform[127]_INST_0_i_69_n_0
                         CARRY4 (Prop_carry4_CI_CO[3])
                                                      0.100     3.973 r  native_system/digital/burst/commanded_waveform[127]_INST_0_i_45/CO[3]
                         net (fo=1, unplaced)         0.000     3.973    native_system/digital/burst/commanded_waveform[127]_INST_0_i_45_n_0
                         CARRY4 (Prop_carry4_CI_O[0])
                                                      0.189     4.162 r  native_system/digital/burst/commanded_waveform[127]_INST_0_i_43/O[0]
                         net (fo=24, unplaced)        0.663     4.825    native_system/digital/burst/commanded_waveform[127]_INST_0_i_43_n_7
                         LUT3 (Prop_lut3_I1_O)        0.238     5.063 r  native_system/digital/burst/commanded_waveform[127]_INST_0_i_257/O
                         net (fo=1, unplaced)         0.537     5.600    native_system/digital/burst/commanded_waveform[127]_INST_0_i_257_n_0
                         CARRY4 (Prop_carry4_DI[1]_CO[3])
                                                      0.430     6.030 r  native_system/digital/burst/commanded_waveform[127]_INST_0_i_188/CO[3]
                         net (fo=1, unplaced)         0.000     6.030    native_system/digital/burst/commanded_waveform[127]_INST_0_i_188_n_0
                         CARRY4 (Prop_carry4_CI_O[2])
                                                      0.214     6.244 r  native_system/digital/burst/commanded_waveform[127]_INST_0_i_137/O[2]
                         net (fo=4, unplaced)         0.964     7.208    native_system/digital/burst/commanded_waveform[127]_INST_0_i_137_n_5
                         LUT6 (Prop_lut6_I0_O)        0.244     7.452 r  native_system/digital/burst/commanded_waveform[127]_INST_0_i_128/O
                         net (fo=2, unplaced)         0.339     7.791    native_system/digital/burst/commanded_waveform[127]_INST_0_i_128_n_0
                         LUT5 (Prop_lut5_I0_O)        0.105     7.896 r  native_system/digital/burst/commanded_waveform[127]_INST_0_i_132/O
                         net (fo=1, unplaced)         0.000     7.896    native_system/digital/burst/commanded_waveform[127]_INST_0_i_132_n_0
                         CARRY4 (Prop_carry4_S[3]_CO[3])
                                                      0.314     8.210 r  native_system/digital/burst/commanded_waveform[127]_INST_0_i_87/CO[3]
                         net (fo=1, unplaced)         0.000     8.210    native_system/digital/burst/commanded_waveform[127]_INST_0_i_87_n_0
                         CARRY4 (Prop_carry4_CI_O[3])
                                                      0.277     8.487 r  native_system/digital/burst/commanded_waveform[127]_INST_0_i_53/O[3]
                         net (fo=3, unplaced)         0.537     9.024    native_system/digital/burst/commanded_waveform[127]_INST_0_i_53_n_4
                         LUT2 (Prop_lut2_I0_O)        0.251     9.275 r  native_system/digital/burst/commanded_waveform[127]_INST_0_i_48/O
                         net (fo=1, unplaced)         0.000     9.275    native_system/digital/burst/commanded_waveform[127]_INST_0_i_48_n_0
                         CARRY4 (Prop_carry4_DI[1]_CO[2])
                                                      0.484     9.759 r  native_system/digital/burst/commanded_waveform[127]_INST_0_i_40/CO[2]
                         net (fo=8, unplaced)         0.387    10.146    native_system/digital/burst/commanded_waveform[127]_INST_0_i_40_n_1
                         LUT6 (Prop_lut6_I1_O)        0.252    10.398 r  native_system/digital/burst/commanded_waveform[127]_INST_0_i_37/O
                         net (fo=1, unplaced)         0.000    10.398    native_system/digital/burst/commanded_waveform[127]_INST_0_i_37_n_0
                         CARRY4 (Prop_carry4_S[1]_CO[3])
                                                      0.444    10.842 r  native_system/digital/burst/commanded_waveform[127]_INST_0_i_26/CO[3]
                         net (fo=1, unplaced)         0.008    10.850    native_system/digital/burst/commanded_waveform[127]_INST_0_i_26_n_0
                         CARRY4 (Prop_carry4_CI_O[3])
                                                      0.277    11.127 f  native_system/digital/burst/commanded_waveform[127]_INST_0_i_20/O[3]
                         net (fo=1, unplaced)         0.519    11.646    native_system/digital/burst/phase[7]
                         LUT5 (Prop_lut5_I0_O)        0.250    11.896 r  native_system/digital/burst/commanded_waveform[127]_INST_0_i_14/O
                         net (fo=8, unplaced)         0.385    12.281    native_system/digital/scheduler/commanded_waveform3
                         LUT6 (Prop_lut6_I4_O)        0.105    12.386 r  native_system/digital/scheduler/commanded_waveform[31]_INST_0_i_2/O
                         net (fo=16, unplaced)        0.401    12.787    native_system/digital/bank/captured_reg[1]_0
                         LUT5 (Prop_lut5_I3_O)        0.105    12.892 r  native_system/digital/bank/commanded_waveform[3]_INST_0/O
                         net (fo=2, unplaced)         0.358    13.250    native_system/digital/serial/commanded_waveform[3]
                         LUT6 (Prop_lut6_I0_O)        0.105    13.355 r  native_system/digital/serial/serial_data[0]_i_1/O
                         net (fo=1, unplaced)         0.000    13.355    native_system/digital/serial/serial_data[0]_i_1_n_0
                         FDCE                                         r  native_system/digital/serial/serial_data_reg[0]/D
  -------------------------------------------------------------------    -------------------

                         (clock core132 rise edge)    7.576     7.576 r  
                                                      0.000     7.576 r  clk (IN)
                         net (fo=18003, unset)        0.748     8.324    native_system/digital/serial/clk
                         FDCE                                         r  native_system/digital/serial/serial_data_reg[0]/C
                         clock pessimism              0.000     8.324    
                         clock uncertainty           -0.035     8.288    
                         FDCE (Setup_fdce_C_D)        0.072     8.360    native_system/digital/serial/serial_data_reg[0]
  -------------------------------------------------------------------
                         required time                          8.360    
                         arrival time                         -13.355    
  -------------------------------------------------------------------
                         slack                                 -4.995    





Min Delay Paths
--------------------------------------------------------------------------------------
Slack (MET) :             0.157ns  (arrival time - required time)
  Source:                 native_system/digital/adc/busy_sync_reg[0]/C
                            (rising edge-triggered cell FDCE clocked by core132  {rise@0.000ns fall@3.788ns period=7.576ns})
  Destination:            native_system/digital/adc/busy_sync_reg[1]/D
                            (rising edge-triggered cell FDCE clocked by core132  {rise@0.000ns fall@3.788ns period=7.576ns})
  Path Group:             core132
  Path Type:              Hold (Min at Fast Process Corner)
  Requirement:            0.000ns  (core132 rise@0.000ns - core132 rise@0.000ns)
  Data Path Delay:        0.237ns  (logic 0.164ns (69.228%)  route 0.073ns (30.772%))
  Logic Levels:           0  
  Clock Path Skew:        0.021ns (DCD - SCD - CPR)
    Destination Clock Delay (DCD):    0.411ns
    Source Clock Delay      (SCD):    0.390ns
    Clock Pessimism Removal (CPR):    -0.000ns

    Location             Delay type                Incr(ns)  Path(ns)    Netlist Resource(s)
  -------------------------------------------------------------------    -------------------
                         (clock core132 rise edge)    0.000     0.000 r  
                                                      0.000     0.000 r  clk (IN)
                         net (fo=18003, unset)        0.390     0.390    native_system/digital/adc/clk
                         FDCE                                         r  native_system/digital/adc/busy_sync_reg[0]/C
  -------------------------------------------------------------------    -------------------
                         FDCE (Prop_fdce_C_Q)         0.164     0.554 r  native_system/digital/adc/busy_sync_reg[0]/Q
                         net (fo=1, unplaced)         0.073     0.627    native_system/digital/adc/busy_sync[0]
                         FDCE                                         r  native_system/digital/adc/busy_sync_reg[1]/D
  -------------------------------------------------------------------    -------------------

                         (clock core132 rise edge)    0.000     0.000 r  
                                                      0.000     0.000 r  clk (IN)
                         net (fo=18003, unset)        0.411     0.411    native_system/digital/adc/clk
                         FDCE                                         r  native_system/digital/adc/busy_sync_reg[1]/C
                         clock pessimism              0.000     0.411    
                         FDCE (Hold_fdce_C_D)         0.059     0.470    native_system/digital/adc/busy_sync_reg[1]
  -------------------------------------------------------------------
                         required time                         -0.470    
                         arrival time                           0.627    
  -------------------------------------------------------------------
                         slack                                  0.157    





Pulse Width Checks
--------------------------------------------------------------------------------------
Clock Name:         core132
Waveform(ns):       { 0.000 3.788 }
Period(ns):         7.576
Sources:            { clk }

Check Type        Corner  Lib Pin             Reference Pin  Required(ns)  Actual(ns)  Slack(ns)  Location  Pin
Min Period        n/a     RAMB36E1/CLKARDCLK  n/a            2.472         7.576       5.104                native_system/digital/scheduler/memory_reg_0/CLKARDCLK
Low Pulse Width   Slow    FDCE/C              n/a            0.500         3.788       3.288                bridge/FSM_sequential_state_reg[0]/C
High Pulse Width  Slow    FDCE/C              n/a            0.500         3.788       3.288                bridge/FSM_sequential_state_reg[0]/C



---------------------------------------------------------------------------------------------------
Path Group:  **async_default**
From Clock:  core132
  To Clock:  core132

Setup :            0  Failing Endpoints,  Worst Slack        3.375ns,  Total Violation        0.000ns
Hold  :            0  Failing Endpoints,  Worst Slack        0.825ns,  Total Violation        0.000ns
---------------------------------------------------------------------------------------------------


Max Delay Paths
--------------------------------------------------------------------------------------
Slack (MET) :             3.375ns  (required time - arrival time)
  Source:                 native_system/queue/underflow_reg/C
                            (rising edge-triggered cell FDCE clocked by core132  {rise@0.000ns fall@3.788ns period=7.576ns})
  Destination:            native_system/digital/enable_sync_reg[0]/CLR
                            (recovery check against rising-edge clock core132  {rise@0.000ns fall@3.788ns period=7.576ns})
  Path Group:             **async_default**
  Path Type:              Recovery (Max at Slow Process Corner)
  Requirement:            7.576ns  (core132 rise@7.576ns - core132 rise@0.000ns)
  Data Path Delay:        3.868ns  (logic 1.085ns (28.051%)  route 2.783ns (71.949%))
  Logic Levels:           5  (LUT2=3 LUT4=1 LUT5=1)
  Clock Path Skew:        -0.039ns (DCD - SCD + CPR)
    Destination Clock Delay (DCD):    0.748ns = ( 8.324 - 7.576 ) 
    Source Clock Delay      (SCD):    0.787ns
    Clock Pessimism Removal (CPR):    0.000ns
  Clock Uncertainty:      0.035ns  ((TSJ^2 + TIJ^2)^1/2 + DJ) / 2 + PE
    Total System Jitter     (TSJ):    0.071ns
    Total Input Jitter      (TIJ):    0.000ns
    Discrete Jitter          (DJ):    0.000ns
    Phase Error              (PE):    0.000ns

    Location             Delay type                Incr(ns)  Path(ns)    Netlist Resource(s)
  -------------------------------------------------------------------    -------------------
                         (clock core132 rise edge)    0.000     0.000 r  
                                                      0.000     0.000 r  clk (IN)
                         net (fo=18003, unset)        0.787     0.787    native_system/queue/clk
                         FDCE                                         r  native_system/queue/underflow_reg/C
  -------------------------------------------------------------------    -------------------
                         FDCE (Prop_fdce_C_Q)         0.433     1.220 f  native_system/queue/underflow_reg/Q
                         net (fo=2, unplaced)         0.610     1.830    native_system/queue/motion_underflow
                         LUT5 (Prop_lut5_I2_O)        0.232     2.062 f  native_system/queue/frame_ready_INST_0_i_10/O
                         net (fo=1, unplaced)         0.347     2.409    native_system/queue/frame_ready_INST_0_i_10_n_0
                         LUT4 (Prop_lut4_I3_O)        0.105     2.514 f  native_system/queue/frame_ready_INST_0_i_2/O
                         net (fo=139, unplaced)       0.455     2.969    native_system/queue/rd1
                         LUT2 (Prop_lut2_I0_O)        0.105     3.074 f  native_system/queue/output_disable_INST_0_i_4/O
                         net (fo=2, unplaced)         0.358     3.432    native_system/queue/kill
                         LUT2 (Prop_lut2_I1_O)        0.105     3.537 r  native_system/queue/output_disable_INST_0_i_2/O
                         net (fo=2, unplaced)         0.358     3.895    native_system/queue/hardware_enable0
                         LUT2 (Prop_lut2_I0_O)        0.105     4.000 f  native_system/queue/enable_sync[1]_i_1/O
                         net (fo=2, unplaced)         0.655     4.655    native_system/digital/AR[0]
                         FDCE                                         f  native_system/digital/enable_sync_reg[0]/CLR
  -------------------------------------------------------------------    -------------------

                         (clock core132 rise edge)    7.576     7.576 r  
                                                      0.000     7.576 r  clk (IN)
                         net (fo=18003, unset)        0.748     8.324    native_system/digital/clk
                         FDCE                                         r  native_system/digital/enable_sync_reg[0]/C
                         clock pessimism              0.000     8.324    
                         clock uncertainty           -0.035     8.288    
                         FDCE (Recov_fdce_C_CLR)     -0.258     8.030    native_system/digital/enable_sync_reg[0]
  -------------------------------------------------------------------
                         required time                          8.030    
                         arrival time                          -4.655    
  -------------------------------------------------------------------
                         slack                                  3.375    





Min Delay Paths
--------------------------------------------------------------------------------------
Slack (MET) :             0.825ns  (arrival time - required time)
  Source:                 native_system/digital/reset_sync_reg[1]/C
                            (rising edge-triggered cell FDCE clocked by core132  {rise@0.000ns fall@3.788ns period=7.576ns})
  Destination:            native_system/digital/abort_reg/CLR
                            (removal check against rising-edge clock core132  {rise@0.000ns fall@3.788ns period=7.576ns})
  Path Group:             **async_default**
  Path Type:              Removal (Min at Fast Process Corner)
  Requirement:            0.000ns  (core132 rise@0.000ns - core132 rise@0.000ns)
  Data Path Delay:        0.779ns  (logic 0.262ns (33.644%)  route 0.517ns (66.356%))
  Logic Levels:           1  (LUT1=1)
  Clock Path Skew:        0.021ns (DCD - SCD - CPR)
    Destination Clock Delay (DCD):    0.411ns
    Source Clock Delay      (SCD):    0.390ns
    Clock Pessimism Removal (CPR):    -0.000ns

    Location             Delay type                Incr(ns)  Path(ns)    Netlist Resource(s)
  -------------------------------------------------------------------    -------------------
                         (clock core132 rise edge)    0.000     0.000 r  
                                                      0.000     0.000 r  clk (IN)
                         net (fo=18003, unset)        0.390     0.390    native_system/digital/clk
                         FDCE                                         r  native_system/digital/reset_sync_reg[1]/C
  -------------------------------------------------------------------    -------------------
                         FDCE (Prop_fdce_C_Q)         0.164     0.554 r  native_system/digital/reset_sync_reg[1]/Q
                         net (fo=3, unplaced)         0.128     0.682    native_system/digital/bank/out[0]
                         LUT1 (Prop_lut1_I0_O)        0.098     0.780 f  native_system/digital/bank/adc_reset_i_2/O
                         net (fo=6433, unplaced)      0.389     1.169    native_system/digital/bank_n_1
                         FDCE                                         f  native_system/digital/abort_reg/CLR
  -------------------------------------------------------------------    -------------------

                         (clock core132 rise edge)    0.000     0.000 r  
                                                      0.000     0.000 r  clk (IN)
                         net (fo=18003, unset)        0.411     0.411    native_system/digital/clk
                         FDCE                                         r  native_system/digital/abort_reg/C
                         clock pessimism              0.000     0.411    
                         FDCE (Remov_fdce_C_CLR)     -0.067     0.344    native_system/digital/abort_reg
  -------------------------------------------------------------------
                         required time                         -0.344    
                         arrival time                           1.169    
  -------------------------------------------------------------------
                         slack                                  0.825    





