Copyright 1986-2022 Xilinx, Inc. All Rights Reserved. Copyright 2022-2025 Advanced Micro Devices, Inc. All Rights Reserved.
------------------------------------------------------------------------------------------------------------------------------------------------------------
| Tool Version : Vivado v.2025.2 (win64) Build 6299465 Fri Nov 14 19:35:11 GMT 2025
| Date         : Sun Sep 27 15:02:03 2026
| Host         : loverlike running 64-bit major release  (build 9200)
| Command      : report_timing_summary -file E:/Codex_project/AMD-SonoField-FPGA/v2/evidence/board_transport/candidate_synthesis/xc7z020clg400-1/timing.rpt
| Design       : sono_axi_system
| Device       : 7z020-clg400
| Speed File   : -1  PRODUCTION 1.12 2019-11-22
| Design State : Synthesized
------------------------------------------------------------------------------------------------------------------------------------------------------------

Timing Summary Report

------------------------------------------------------------------------------------------------
| Timer Settings
| --------------
------------------------------------------------------------------------------------------------

  Enable Multi Corner Analysis               :  Yes
  Enable Pessimism Removal                   :  Yes
  Pessimism Removal Resolution               :  Nearest Common Node
  Enable Input Delay Default Clock           :  No
  Enable Preset / Clear Arcs                 :  No
  Disable Flight Delays                      :  No
  Ignore I/O Paths                           :  No
  Timing Early Launch at Borrowing Latches   :  No
  Borrow Time for Max Delay Exceptions       :  Yes
  Merge Timing Exceptions                    :  Yes
  Inter-SLR Compensation                     :  Conservative

  Corner  Analyze    Analyze    
  Name    Max Paths  Min Paths  
  ------  ---------  ---------  
  Slow    Yes        Yes        
  Fast    Yes        Yes        


------------------------------------------------------------------------------------------------
| Report Methodology
| ------------------
------------------------------------------------------------------------------------------------

No report available as report_methodology has not been run prior. Run report_methodology on the current design for the summary of methodology violations.



check_timing report

Table of Contents
-----------------
1. checking no_clock (0)
2. checking constant_clock (0)
3. checking pulse_width_clock (0)
4. checking unconstrained_internal_endpoints (0)
5. checking no_input_delay (2324)
6. checking no_output_delay (285)
7. checking multiple_clock (0)
8. checking generated_clocks (0)
9. checking loops (0)
10. checking partial_input_delay (0)
11. checking partial_output_delay (0)
12. checking latch_loops (0)

1. checking no_clock (0)
------------------------
 There are 0 register/latch pins with no clock.


2. checking constant_clock (0)
------------------------------
 There are 0 register/latch pins with constant_clock.


3. checking pulse_width_clock (0)
---------------------------------
 There are 0 register/latch pins which need pulse_width check


4. checking unconstrained_internal_endpoints (0)
------------------------------------------------
 There are 0 pins that are not constrained for maximum delay.

 There are 0 pins that are not constrained for maximum delay due to constant clock.


5. checking no_input_delay (2324)
---------------------------------
 There are 2324 input ports with no input delay specified. (HIGH)

 There are 0 input ports with no input delay but user has a false path constraint.


6. checking no_output_delay (285)
---------------------------------
 There are 285 ports with no output delay specified. (HIGH)

 There are 0 ports with no output delay but user has a false path constraint

 There are 0 ports with no output delay but with a timing clock defined on it or propagating through it


7. checking multiple_clock (0)
------------------------------
 There are 0 register/latch pins with multiple clocks.


8. checking generated_clocks (0)
--------------------------------
 There are 0 generated clocks that are not connected to a clock source.


9. checking loops (0)
---------------------
 There are 0 combinational loops in the design.


10. checking partial_input_delay (0)
------------------------------------
 There are 0 input ports with partial input delay specified.


11. checking partial_output_delay (0)
-------------------------------------
 There are 0 ports with partial output delay specified.


12. checking latch_loops (0)
----------------------------
 There are 0 combinational latch loops in the design through latch input



------------------------------------------------------------------------------------------------
| Design Timing Summary
| ---------------------
------------------------------------------------------------------------------------------------

    WNS(ns)      TNS(ns)  TNS Failing Endpoints  TNS Total Endpoints      WHS(ns)      THS(ns)  THS Failing Endpoints  THS Total Endpoints     WPWS(ns)     TPWS(ns)  TPWS Failing Endpoints  TPWS Total Endpoints  
    -------      -------  ---------------------  -------------------      -------      -------  ---------------------  -------------------     --------     --------  ----------------------  --------------------  
     -8.128    -2868.007                    491                33396        0.164        0.000                      0                33396        3.288        0.000                       0                 18004  


Timing constraints are not met.


------------------------------------------------------------------------------------------------
| Clock Summary
| -------------
------------------------------------------------------------------------------------------------

Clock    Waveform(ns)         Period(ns)      Frequency(MHz)
-----    ------------         ----------      --------------
core132  {0.000 3.788}        7.576           131.996         


------------------------------------------------------------------------------------------------
| Intra Clock Table
| -----------------
------------------------------------------------------------------------------------------------

Clock             WNS(ns)      TNS(ns)  TNS Failing Endpoints  TNS Total Endpoints      WHS(ns)      THS(ns)  THS Failing Endpoints  THS Total Endpoints     WPWS(ns)     TPWS(ns)  TPWS Failing Endpoints  TPWS Total Endpoints  
-----             -------      -------  ---------------------  -------------------      -------      -------  ---------------------  -------------------     --------     --------  ----------------------  --------------------  
core132            -8.128    -2868.007                    491                26961        0.164        0.000                      0                26961        3.288        0.000                       0                 18004  


------------------------------------------------------------------------------------------------
| Inter Clock Table
| -----------------
------------------------------------------------------------------------------------------------

From Clock    To Clock          WNS(ns)      TNS(ns)  TNS Failing Endpoints  TNS Total Endpoints      WHS(ns)      THS(ns)  THS Failing Endpoints  THS Total Endpoints  
----------    --------          -------      -------  ---------------------  -------------------      -------      -------  ---------------------  -------------------  


------------------------------------------------------------------------------------------------
| Other Path Groups Table
| -----------------------
------------------------------------------------------------------------------------------------

Path Group         From Clock         To Clock               WNS(ns)      TNS(ns)  TNS Failing Endpoints  TNS Total Endpoints      WHS(ns)      THS(ns)  THS Failing Endpoints  THS Total Endpoints  
----------         ----------         --------               -------      -------  ---------------------  -------------------      -------      -------  ---------------------  -------------------  
**async_default**  core132            core132                  2.407        0.000                      0                 6435        0.832        0.000                      0                 6435  


------------------------------------------------------------------------------------------------
| Timing Details
| --------------
------------------------------------------------------------------------------------------------


---------------------------------------------------------------------------------------------------
From Clock:  core132
  To Clock:  core132

Setup :          491  Failing Endpoints,  Worst Slack       -8.128ns,  Total Violation    -2868.007ns
Hold  :            0  Failing Endpoints,  Worst Slack        0.164ns,  Total Violation        0.000ns
PW    :            0  Failing Endpoints,  Worst Slack        3.288ns,  Total Violation        0.000ns
---------------------------------------------------------------------------------------------------


Max Delay Paths
--------------------------------------------------------------------------------------
Slack (VIOLATED) :        -8.128ns  (required time - arrival time)
  Source:                 native_system/digital/carrier_acc_reg[7]/C
                            (rising edge-triggered cell FDCE clocked by core132  {rise@0.000ns fall@3.788ns period=7.576ns})
  Destination:            native_system/digital/serial/bit_index_reg[0]/CE
                            (rising edge-triggered cell FDCE clocked by core132  {rise@0.000ns fall@3.788ns period=7.576ns})
  Path Group:             core132
  Path Type:              Setup (Max at Slow Process Corner)
  Requirement:            7.576ns  (core132 rise@7.576ns - core132 rise@0.000ns)
  Data Path Delay:        15.451ns  (logic 6.396ns (41.395%)  route 9.055ns (58.605%))
  Logic Levels:           24  (CARRY4=11 LUT2=2 LUT3=3 LUT4=1 LUT5=4 LUT6=3)
  Clock Path Skew:        -0.049ns (DCD - SCD + CPR)
    Destination Clock Delay (DCD):    0.924ns = ( 8.500 - 7.576 ) 
    Source Clock Delay      (SCD):    0.973ns
    Clock Pessimism Removal (CPR):    0.000ns
  Clock Uncertainty:      0.035ns  ((TSJ^2 + TIJ^2)^1/2 + DJ) / 2 + PE
    Total System Jitter     (TSJ):    0.071ns
    Total Input Jitter      (TIJ):    0.000ns
    Discrete Jitter          (DJ):    0.000ns
    Phase Error              (PE):    0.000ns

    Location             Delay type                Incr(ns)  Path(ns)    Netlist Resource(s)
  -------------------------------------------------------------------    -------------------
                         (clock core132 rise edge)    0.000     0.000 r  
                                                      0.000     0.000 r  clk (IN)
                         net (fo=18003, unset)        0.973     0.973    native_system/digital/clk
                         FDCE                                         r  native_system/digital/carrier_acc_reg[7]/C
  -------------------------------------------------------------------    -------------------
                         FDCE (Prop_fdce_C_Q)         0.518     1.491 r  native_system/digital/carrier_acc_reg[7]/Q
                         net (fo=15, unplaced)        0.794     2.285    native_system/digital/serial/previous_phase_reg[3][7]
                         LUT3 (Prop_lut3_I0_O)        0.319     2.604 f  native_system/digital/serial/previous_phase[1]_i_76/O
                         net (fo=3, unplaced)         0.467     3.071    native_system/digital/serial/previous_phase[1]_i_76_n_0
                         LUT5 (Prop_lut5_I0_O)        0.124     3.195 r  native_system/digital/serial/previous_phase[1]_i_55/O
                         net (fo=2, unplaced)         0.650     3.845    native_system/digital/serial/previous_phase[1]_i_55_n_0
                         CARRY4 (Prop_carry4_DI[1]_CO[3])
                                                      0.520     4.365 r  native_system/digital/serial/previous_phase_reg[1]_i_39/CO[3]
                         net (fo=1, unplaced)         0.000     4.365    native_system/digital/serial/previous_phase_reg[1]_i_39_n_0
                         CARRY4 (Prop_carry4_CI_CO[3])
                                                      0.117     4.482 r  native_system/digital/serial/previous_phase_reg[1]_i_26/CO[3]
                         net (fo=1, unplaced)         0.000     4.482    native_system/digital/serial/previous_phase_reg[1]_i_26_n_0
                         CARRY4 (Prop_carry4_CI_CO[3])
                                                      0.117     4.599 r  native_system/digital/serial/previous_phase_reg[1]_i_12/CO[3]
                         net (fo=1, unplaced)         0.000     4.599    native_system/digital/serial/previous_phase_reg[1]_i_12_n_0
                         CARRY4 (Prop_carry4_CI_CO[3])
                                                      0.117     4.716 r  native_system/digital/serial/previous_phase_reg[1]_i_3/CO[3]
                         net (fo=1, unplaced)         0.000     4.716    native_system/digital/serial/previous_phase_reg[1]_i_3_n_0
                         CARRY4 (Prop_carry4_CI_O[2])
                                                      0.256     4.972 r  native_system/digital/serial/previous_phase_reg[1]_i_2/O[2]
                         net (fo=25, unplaced)        0.970     5.942    native_system/digital/serial/previous_phase_reg[1]_i_2_n_5
                         LUT3 (Prop_lut3_I2_O)        0.301     6.243 r  native_system/digital/serial/previous_phase[7]_i_190/O
                         net (fo=2, unplaced)         0.460     6.703    native_system/digital/serial/previous_phase[7]_i_190_n_0
                         LUT4 (Prop_lut4_I3_O)        0.124     6.827 r  native_system/digital/serial/previous_phase[7]_i_193/O
                         net (fo=1, unplaced)         0.000     6.827    native_system/digital/serial/previous_phase[7]_i_193_n_0
                         CARRY4 (Prop_carry4_S[3]_CO[3])
                                                      0.376     7.203 r  native_system/digital/serial/previous_phase_reg[7]_i_141/CO[3]
                         net (fo=1, unplaced)         0.009     7.212    native_system/digital/serial/previous_phase_reg[7]_i_141_n_0
                         CARRY4 (Prop_carry4_CI_O[1])
                                                      0.337     7.549 r  native_system/digital/serial/previous_phase_reg[7]_i_98/O[1]
                         net (fo=4, unplaced)         0.635     8.184    native_system/digital/serial/previous_phase_reg[7]_i_98_n_6
                         LUT3 (Prop_lut3_I0_O)        0.306     8.490 r  native_system/digital/serial/previous_phase[7]_i_140/O
                         net (fo=1, unplaced)         0.419     8.909    native_system/digital/serial/previous_phase[7]_i_140_n_0
                         LUT5 (Prop_lut5_I4_O)        0.124     9.033 r  native_system/digital/serial/previous_phase[7]_i_90/O
                         net (fo=2, unplaced)         0.460     9.493    native_system/digital/serial/previous_phase[7]_i_90_n_0
                         LUT5 (Prop_lut5_I0_O)        0.124     9.617 r  native_system/digital/serial/previous_phase[7]_i_94/O
                         net (fo=1, unplaced)         0.000     9.617    native_system/digital/serial/previous_phase[7]_i_94_n_0
                         CARRY4 (Prop_carry4_S[2]_CO[3])
                                                      0.380     9.997 r  native_system/digital/serial/previous_phase_reg[7]_i_52/CO[3]
                         net (fo=1, unplaced)         0.000     9.997    native_system/digital/serial/previous_phase_reg[7]_i_52_n_0
                         CARRY4 (Prop_carry4_CI_O[3])
                                                      0.331    10.328 r  native_system/digital/serial/previous_phase_reg[7]_i_29/O[3]
                         net (fo=3, unplaced)         0.636    10.964    native_system/digital/serial/previous_phase_reg[7]_i_29_n_4
                         LUT2 (Prop_lut2_I0_O)        0.300    11.264 r  native_system/digital/serial/previous_phase[7]_i_23/O
                         net (fo=1, unplaced)         0.000    11.264    native_system/digital/serial/previous_phase[7]_i_23_n_0
                         CARRY4 (Prop_carry4_DI[1]_CO[3])
                                                      0.547    11.811 r  native_system/digital/serial/previous_phase_reg[7]_i_9/CO[3]
                         net (fo=1, unplaced)         0.000    11.811    native_system/digital/serial/previous_phase_reg[7]_i_9_n_0
                         CARRY4 (Prop_carry4_CI_CO[2])
                                                      0.252    12.063 r  native_system/digital/serial/previous_phase_reg[7]_i_3/CO[2]
                         net (fo=11, unplaced)        0.498    12.561    native_system/digital/serial/previous_phase_reg[7]_i_3_n_1
                         LUT5 (Prop_lut5_I1_O)        0.310    12.871 r  native_system/digital/serial/previous_phase[3]_i_1/O
                         net (fo=258, unplaced)       1.025    13.896    native_system/digital/serial/D[3]
                         LUT6 (Prop_lut6_I0_O)        0.124    14.020 r  native_system/digital/serial/captured[127]_i_4/O
                         net (fo=1, unplaced)         0.449    14.469    native_system/digital/serial/captured[127]_i_4_n_0
                         LUT6 (Prop_lut6_I1_O)        0.124    14.593 r  native_system/digital/serial/captured[127]_i_2/O
                         net (fo=3, unplaced)         0.467    15.060    native_system/digital/serial/tick
                         LUT2 (Prop_lut2_I0_O)        0.124    15.184 r  native_system/digital/serial/captured[127]_i_1/O
                         net (fo=131, unplaced)       0.555    15.739    native_system/digital/serial/captured[0]
                         LUT6 (Prop_lut6_I0_O)        0.124    15.863 r  native_system/digital/serial/serial_data[31]_i_1/O
                         net (fo=64, unplaced)        0.561    16.424    native_system/digital/serial/serial_data[31]_i_1_n_0
                         FDCE                                         r  native_system/digital/serial/bit_index_reg[0]/CE
  -------------------------------------------------------------------    -------------------

                         (clock core132 rise edge)    7.576     7.576 r  
                                                      0.000     7.576 r  clk (IN)
                         net (fo=18003, unset)        0.924     8.500    native_system/digital/serial/clk
                         FDCE                                         r  native_system/digital/serial/bit_index_reg[0]/C
                         clock pessimism              0.000     8.500    
                         clock uncertainty           -0.035     8.465    
                         FDCE (Setup_fdce_C_CE)      -0.169     8.296    native_system/digital/serial/bit_index_reg[0]
  -------------------------------------------------------------------
                         required time                          8.296    
                         arrival time                         -16.424    
  -------------------------------------------------------------------
                         slack                                 -8.128    





Min Delay Paths
--------------------------------------------------------------------------------------
Slack (MET) :             0.164ns  (arrival time - required time)
  Source:                 native_system/digital/adc/busy_sync_reg[0]/C
                            (rising edge-triggered cell FDCE clocked by core132  {rise@0.000ns fall@3.788ns period=7.576ns})
  Destination:            native_system/digital/adc/busy_sync_reg[1]/D
                            (rising edge-triggered cell FDCE clocked by core132  {rise@0.000ns fall@3.788ns period=7.576ns})
  Path Group:             core132
  Path Type:              Hold (Min at Fast Process Corner)
  Requirement:            0.000ns  (core132 rise@0.000ns - core132 rise@0.000ns)
  Data Path Delay:        0.245ns  (logic 0.164ns (66.957%)  route 0.081ns (33.043%))
  Logic Levels:           0  
  Clock Path Skew:        0.022ns (DCD - SCD - CPR)
    Destination Clock Delay (DCD):    0.432ns
    Source Clock Delay      (SCD):    0.410ns
    Clock Pessimism Removal (CPR):    -0.000ns

    Location             Delay type                Incr(ns)  Path(ns)    Netlist Resource(s)
  -------------------------------------------------------------------    -------------------
                         (clock core132 rise edge)    0.000     0.000 r  
                                                      0.000     0.000 r  clk (IN)
                         net (fo=18003, unset)        0.410     0.410    native_system/digital/adc/clk
                         FDCE                                         r  native_system/digital/adc/busy_sync_reg[0]/C
  -------------------------------------------------------------------    -------------------
                         FDCE (Prop_fdce_C_Q)         0.164     0.574 r  native_system/digital/adc/busy_sync_reg[0]/Q
                         net (fo=1, unplaced)         0.081     0.655    native_system/digital/adc/busy_sync[0]
                         FDCE                                         r  native_system/digital/adc/busy_sync_reg[1]/D
  -------------------------------------------------------------------    -------------------

                         (clock core132 rise edge)    0.000     0.000 r  
                                                      0.000     0.000 r  clk (IN)
                         net (fo=18003, unset)        0.432     0.432    native_system/digital/adc/clk
                         FDCE                                         r  native_system/digital/adc/busy_sync_reg[1]/C
                         clock pessimism              0.000     0.432    
                         FDCE (Hold_fdce_C_D)         0.059     0.491    native_system/digital/adc/busy_sync_reg[1]
  -------------------------------------------------------------------
                         required time                         -0.491    
                         arrival time                           0.655    
  -------------------------------------------------------------------
                         slack                                  0.164    





Pulse Width Checks
--------------------------------------------------------------------------------------
Clock Name:         core132
Waveform(ns):       { 0.000 3.788 }
Period(ns):         7.576
Sources:            { clk }

Check Type        Corner  Lib Pin             Reference Pin  Required(ns)  Actual(ns)  Slack(ns)  Location  Pin
Min Period        n/a     RAMB36E1/CLKARDCLK  n/a            2.944         7.576       4.632                native_system/digital/scheduler/memory_reg_0/CLKARDCLK
Low Pulse Width   Slow    FDCE/C              n/a            0.500         3.788       3.288                bridge/FSM_sequential_state_reg[0]/C
High Pulse Width  Slow    FDCE/C              n/a            0.500         3.788       3.288                bridge/FSM_sequential_state_reg[0]/C



---------------------------------------------------------------------------------------------------
Path Group:  **async_default**
From Clock:  core132
  To Clock:  core132

Setup :            0  Failing Endpoints,  Worst Slack        2.407ns,  Total Violation        0.000ns
Hold  :            0  Failing Endpoints,  Worst Slack        0.832ns,  Total Violation        0.000ns
---------------------------------------------------------------------------------------------------


Max Delay Paths
--------------------------------------------------------------------------------------
Slack (MET) :             2.407ns  (required time - arrival time)
  Source:                 native_system/queue/underflow_reg/C
                            (rising edge-triggered cell FDCE clocked by core132  {rise@0.000ns fall@3.788ns period=7.576ns})
  Destination:            native_system/digital/enable_sync_reg[0]/CLR
                            (recovery check against rising-edge clock core132  {rise@0.000ns fall@3.788ns period=7.576ns})
  Path Group:             **async_default**
  Path Type:              Recovery (Max at Slow Process Corner)
  Requirement:            7.576ns  (core132 rise@7.576ns - core132 rise@0.000ns)
  Data Path Delay:        4.766ns  (logic 1.301ns (27.298%)  route 3.465ns (72.702%))
  Logic Levels:           5  (LUT2=3 LUT4=1 LUT5=1)
  Clock Path Skew:        -0.049ns (DCD - SCD + CPR)
    Destination Clock Delay (DCD):    0.924ns = ( 8.500 - 7.576 ) 
    Source Clock Delay      (SCD):    0.973ns
    Clock Pessimism Removal (CPR):    0.000ns
  Clock Uncertainty:      0.035ns  ((TSJ^2 + TIJ^2)^1/2 + DJ) / 2 + PE
    Total System Jitter     (TSJ):    0.071ns
    Total Input Jitter      (TIJ):    0.000ns
    Discrete Jitter          (DJ):    0.000ns
    Phase Error              (PE):    0.000ns

    Location             Delay type                Incr(ns)  Path(ns)    Netlist Resource(s)
  -------------------------------------------------------------------    -------------------
                         (clock core132 rise edge)    0.000     0.000 r  
                                                      0.000     0.000 r  clk (IN)
                         net (fo=18003, unset)        0.973     0.973    native_system/queue/clk
                         FDCE                                         r  native_system/queue/underflow_reg/C
  -------------------------------------------------------------------    -------------------
                         FDCE (Prop_fdce_C_Q)         0.518     1.491 f  native_system/queue/underflow_reg/Q
                         net (fo=2, unplaced)         0.752     2.243    native_system/queue/motion_underflow
                         LUT5 (Prop_lut5_I2_O)        0.295     2.538 f  native_system/queue/frame_ready_INST_0_i_10/O
                         net (fo=1, unplaced)         0.449     2.987    native_system/queue/frame_ready_INST_0_i_10_n_0
                         LUT4 (Prop_lut4_I3_O)        0.124     3.111 f  native_system/queue/frame_ready_INST_0_i_2/O
                         net (fo=139, unplaced)       0.557     3.668    native_system/queue/rd1
                         LUT2 (Prop_lut2_I0_O)        0.116     3.784 f  native_system/queue/output_disable_INST_0_i_4/O
                         net (fo=2, unplaced)         0.460     4.244    native_system/queue/kill
                         LUT2 (Prop_lut2_I1_O)        0.124     4.368 r  native_system/queue/output_disable_INST_0_i_2/O
                         net (fo=2, unplaced)         0.460     4.828    native_system/queue/hardware_enable0
                         LUT2 (Prop_lut2_I0_O)        0.124     4.952 f  native_system/queue/enable_sync[1]_i_1/O
                         net (fo=2, unplaced)         0.787     5.739    native_system/digital/AR[0]
                         FDCE                                         f  native_system/digital/enable_sync_reg[0]/CLR
  -------------------------------------------------------------------    -------------------

                         (clock core132 rise edge)    7.576     7.576 r  
                                                      0.000     7.576 r  clk (IN)
                         net (fo=18003, unset)        0.924     8.500    native_system/digital/clk
                         FDCE                                         r  native_system/digital/enable_sync_reg[0]/C
                         clock pessimism              0.000     8.500    
                         clock uncertainty           -0.035     8.465    
                         FDCE (Recov_fdce_C_CLR)     -0.319     8.146    native_system/digital/enable_sync_reg[0]
  -------------------------------------------------------------------
                         required time                          8.146    
                         arrival time                          -5.739    
  -------------------------------------------------------------------
                         slack                                  2.407    





Min Delay Paths
--------------------------------------------------------------------------------------
Slack (MET) :             0.832ns  (arrival time - required time)
  Source:                 native_system/digital/reset_sync_reg[1]/C
                            (rising edge-triggered cell FDCE clocked by core132  {rise@0.000ns fall@3.788ns period=7.576ns})
  Destination:            native_system/digital/abort_reg/CLR
                            (removal check against rising-edge clock core132  {rise@0.000ns fall@3.788ns period=7.576ns})
  Path Group:             **async_default**
  Path Type:              Removal (Min at Fast Process Corner)
  Requirement:            0.000ns  (core132 rise@0.000ns - core132 rise@0.000ns)
  Data Path Delay:        0.787ns  (logic 0.262ns (33.300%)  route 0.525ns (66.700%))
  Logic Levels:           1  (LUT1=1)
  Clock Path Skew:        0.022ns (DCD - SCD - CPR)
    Destination Clock Delay (DCD):    0.432ns
    Source Clock Delay      (SCD):    0.410ns
    Clock Pessimism Removal (CPR):    -0.000ns

    Location             Delay type                Incr(ns)  Path(ns)    Netlist Resource(s)
  -------------------------------------------------------------------    -------------------
                         (clock core132 rise edge)    0.000     0.000 r  
                                                      0.000     0.000 r  clk (IN)
                         net (fo=18003, unset)        0.410     0.410    native_system/digital/clk
                         FDCE                                         r  native_system/digital/reset_sync_reg[1]/C
  -------------------------------------------------------------------    -------------------
                         FDCE (Prop_fdce_C_Q)         0.164     0.574 r  native_system/digital/reset_sync_reg[1]/Q
                         net (fo=3, unplaced)         0.139     0.713    native_system/digital/bank/out[0]
                         LUT1 (Prop_lut1_I0_O)        0.098     0.811 f  native_system/digital/bank/adc_reset_i_2/O
                         net (fo=6433, unplaced)      0.386     1.197    native_system/digital/bank_n_1
                         FDCE                                         f  native_system/digital/abort_reg/CLR
  -------------------------------------------------------------------    -------------------

                         (clock core132 rise edge)    0.000     0.000 r  
                                                      0.000     0.000 r  clk (IN)
                         net (fo=18003, unset)        0.432     0.432    native_system/digital/clk
                         FDCE                                         r  native_system/digital/abort_reg/C
                         clock pessimism              0.000     0.432    
                         FDCE (Remov_fdce_C_CLR)     -0.067     0.365    native_system/digital/abort_reg
  -------------------------------------------------------------------
                         required time                         -0.365    
                         arrival time                           1.197    
  -------------------------------------------------------------------
                         slack                                  0.832    





