Cloning into '.portability/prepcb_clean'...
done.
Updating files:  28% (1621/5740)
Updating files:  29% (1665/5740)
Updating files:  30% (1722/5740)
Updating files:  31% (1780/5740)
Updating files:  32% (1837/5740)
Updating files:  33% (1895/5740)
Updating files:  34% (1952/5740)
Updating files:  35% (2009/5740)
Updating files:  36% (2067/5740)
Updating files:  37% (2124/5740)
Updating files:  38% (2182/5740)
Updating files:  39% (2239/5740)
Updating files:  40% (2296/5740)
Updating files:  41% (2354/5740)
Updating files:  42% (2411/5740)
Updating files:  43% (2469/5740)
Updating files:  44% (2526/5740)
Updating files:  45% (2583/5740)
Updating files:  46% (2641/5740)
Updating files:  47% (2698/5740)
Updating files:  48% (2756/5740)
Updating files:  49% (2813/5740)
Updating files:  50% (2870/5740)
Updating files:  51% (2928/5740)
Updating files:  52% (2985/5740)
Updating files:  53% (3043/5740)
Updating files:  54% (3100/5740)
Updating files:  55% (3157/5740)
Updating files:  56% (3215/5740)
Updating files:  57% (3272/5740)
Updating files:  58% (3330/5740)
Updating files:  58% (3331/5740)
Updating files:  59% (3387/5740)
Updating files:  60% (3444/5740)
Updating files:  61% (3502/5740)
Updating files:  62% (3559/5740)
Updating files:  63% (3617/5740)
Updating files:  64% (3674/5740)
Updating files:  65% (3731/5740)
Updating files:  66% (3789/5740)
Updating files:  67% (3846/5740)
Updating files:  68% (3904/5740)
Updating files:  69% (3961/5740)
Updating files:  70% (4018/5740)
Updating files:  71% (4076/5740)
Updating files:  72% (4133/5740)
Updating files:  73% (4191/5740)
Updating files:  74% (4248/5740)
Updating files:  75% (4305/5740)
Updating files:  76% (4363/5740)
Updating files:  77% (4420/5740)
Updating files:  78% (4478/5740)
Updating files:  79% (4535/5740)
Updating files:  80% (4592/5740)
Updating files:  81% (4650/5740)
Updating files:  82% (4707/5740)
Updating files:  83% (4765/5740)
Updating files:  84% (4822/5740)
Updating files:  85% (4879/5740)
Updating files:  86% (4937/5740)
Updating files:  87% (4994/5740)
Updating files:  87% (5016/5740)
Updating files:  88% (5052/5740)
Updating files:  89% (5109/5740)
Updating files:  90% (5166/5740)
Updating files:  91% (5224/5740)
Updating files:  92% (5281/5740)
Updating files:  93% (5339/5740)
Updating files:  94% (5396/5740)
Updating files:  95% (5453/5740)
Updating files:  96% (5511/5740)
Updating files:  97% (5568/5740)
Updating files:  98% (5626/5740)
Updating files:  99% (5683/5740)
Updating files: 100% (5740/5740)
Updating files: 100% (5740/5740), done.
