SPARSE 7020_25_25_25 PASS
SPARSE 7020_25_31_19 PASS
SPARSE 7021_25_25_25 PASS
SPARSE 7021_25_31_19 PASS
SPARSE 7022_25_25_25 PASS
SPARSE 7022_25_31_19 PASS
SPARSE 7023_25_25_25 PASS
SPARSE 7023_25_31_19 PASS
SPARSE 7024_25_25_25 PASS
SPARSE 7024_25_31_19 PASS
GUI_CASE 1 PASS 37
invalid command name "2384517830912poll"
    while executing
"2384517830912poll"
    ("after" script)
GUI_CASE 2 PASS 27
invalid command name "2384518169920poll"
    while executing
"2384518169920poll"
    ("after" script)
GUI_CASE 3 PASS 113
invalid command name "2384518346752poll"
    while executing
"2384518346752poll"
    ("after" script)
GUI_CASE 4 PASS 111
invalid command name "2384521507648poll"
    while executing
"2384521507648poll"
    ("after" script)
GUI_CASE 5 PASS 73
