Traceback (most recent call last):
  File "E:\Codex_project\AMD_Sonofield\v5\scripts\prepcb_top_gate.py", line 21, in <module>
    if __name__=='__main__':main()
  File "E:\Codex_project\AMD_Sonofield\v5\scripts\prepcb_top_gate.py", line 17, in main
    if r.returncode or 'ERROR:' in r.stdout or 'FATAL:' in r.stdout or (label in ('run','xsim') and 'PASS PREPCB SYSTEM' not in r.stdout):raise RuntimeError(simulator+':'+label+' failed; '+r.stdout[-1500:]+r.stderr[-1500:])
RuntimeError: xsim:xvlog failed; D_Sonofield/v5/rtl/sono_motion_system.sv" into library work
INFO: [VRFC 10-311] analyzing module sono_motion_system
INFO: [VRFC 10-2263] Analyzing SystemVerilog file "E:/Codex_project/AMD_Sonofield/v5/rtl/sono_axi_system.sv" into library work
INFO: [VRFC 10-311] analyzing module sono_axi_system
INFO: [VRFC 10-2263] Analyzing SystemVerilog file "E:/Codex_project/AMD_Sonofield/v5/rtl/control/prepcb_supervisor.sv" into library work
INFO: [VRFC 10-311] analyzing module prepcb_supervisor
INFO: [VRFC 10-2263] Analyzing SystemVerilog file "E:/Codex_project/AMD_Sonofield/v5/rtl/motion/prepcb_frame_mailbox.sv" into library work
INFO: [VRFC 10-311] analyzing module prepcb_frame_mailbox
INFO: [VRFC 10-2263] Analyzing SystemVerilog file "E:/Codex_project/AMD_Sonofield/v5/rtl/board/prepcb_pl.v" into library work
INFO: [VRFC 10-311] analyzing module prepcb_pl
INFO: [VRFC 10-2263] Analyzing SystemVerilog file "E:/Codex_project/AMD_Sonofield/v5/tb/ad7606b_model.sv" into library work
INFO: [VRFC 10-311] analyzing module ad7606b_model
INFO: [VRFC 10-2263] Analyzing SystemVerilog file "E:/Codex_project/AMD_Sonofield/v5/tb/tb_prepcb_system.sv" into library work
INFO: [VRFC 10-311] analyzing module tb_prepcb_system
ERROR: [VRFC 10-3380] identifier 'expected_fault' is used before its declaration [E:/Codex_project/AMD_Sonofield/v5/tb/tb_prepcb_system.sv:33]
ERROR: [VRFC 10-8530] module 'tb_prepcb_system' is ignored due to previous errors [E:/Codex_project/AMD_Sonofield/v5/tb/tb_prepcb_system.sv:3]
The system cannot find the path specified.

