#-----------------------------------------------------------
# xsim v2025.2 (64-bit)
# SW Build 6299465 on Fri Nov 14 19:35:11 GMT 2025
# IP Build 6300035 on Fri Nov 14 10:48:45 MST 2025
# SharedData Build 6298862 on Thu Nov 13 04:50:51 MST 2025
# Start of session at: Sat Oct 10 01:31:19 2026
# Process ID         : 46120
# Current directory  : E:/Codex_project/AMD_Sonofield/v5/evidence/next_stage/20261010/adc_run3/xsim
# Command line       : xsim.exe -mode tcl -source {xsim.dir/adc_c16/xsim_script.tcl}
# Log file           : E:/Codex_project/AMD_Sonofield/v5/evidence/next_stage/20261010/adc_run3/xsim/xsim.log
# Journal file       : E:/Codex_project/AMD_Sonofield/v5/evidence/next_stage/20261010/adc_run3/xsim\xsim.jou
# Running On         : [REDACTED_WINDOWS_HOST]
# Platform           : Windows Server 2016 or Windows 10
# Operating System   : 26200
# Processor Detail   : 13th Gen Intel(R) Core(TM) i9-13980HX
# CPU Frequency      : 2419 MHz
# CPU Physical cores : 24
# CPU Logical cores  : 32
# Host memory        : 16774 MB
# Swap memory        : 23622 MB
# Total Virtual      : 40396 MB
# Available Virtual  : 8791 MB
#-----------------------------------------------------------
source xsim.dir/adc_c16/xsim_script.tcl
# xsim {adc_c16} -autoloadwcfg -runall
Time resolution is 1 ps
run -all
PASS C16 signed64 frames readback5 negatives BUSY timeout overlap reset
$finish called at time : 182672512 ps : File "E:/Codex_project/AMD_Sonofield/v5/tb/tb_ad7606c16.sv" Line 36
exit
INFO: [Common 17-206] Exiting xsim at Sat Oct 10 01:31:21 2026...
