Copyright 1986-2022 Xilinx, Inc. All Rights Reserved. Copyright 2022-2025 Advanced Micro Devices, Inc. All Rights Reserved.
----------------------------------------------------------------------------------------------------------------------------------------------------------------------------------
| Tool Version : Vivado v.2025.2 (win64) Build 6299465 Fri Nov 14 19:35:11 GMT 2025
| Date         : Sat Oct  3 15:45:15 2026
| Host         : loverlike running 64-bit major release  (build 9200)
| Command      : report_timing_summary -report_unconstrained -file E:/Codex_project/AMD-SonoField-FPGA/v2/evidence/pre_pcb_board_ready/timing/strategy1/placed/timing_summary.rpt
| Design       : sono_axi_system
| Device       : 7z020-clg400
| Speed File   : -1  PRODUCTION 1.12 2019-11-22
| Design State : Fully Placed
----------------------------------------------------------------------------------------------------------------------------------------------------------------------------------

Timing Summary Report

------------------------------------------------------------------------------------------------
| Timer Settings
| --------------
------------------------------------------------------------------------------------------------

  Enable Multi Corner Analysis               :  Yes
  Enable Pessimism Removal                   :  Yes
  Pessimism Removal Resolution               :  Nearest Common Node
  Enable Input Delay Default Clock           :  No
  Enable Preset / Clear Arcs                 :  No
  Disable Flight Delays                      :  No
  Ignore I/O Paths                           :  No
  Timing Early Launch at Borrowing Latches   :  No
  Borrow Time for Max Delay Exceptions       :  Yes
  Merge Timing Exceptions                    :  Yes
  Inter-SLR Compensation                     :  Conservative

  Corner  Analyze    Analyze    
  Name    Max Paths  Min Paths  
  ------  ---------  ---------  
  Slow    Yes        Yes        
  Fast    Yes        Yes        


------------------------------------------------------------------------------------------------
| Report Methodology
| ------------------
------------------------------------------------------------------------------------------------

Rule       Severity  Description                                 Violations  
---------  --------  ------------------------------------------  ----------  
LUTAR-1    Warning   LUT drives async reset alert                1           
SYNTH-6    Warning   Timing of a RAM block might be sub-optimal  4           
TIMING-18  Warning   Missing input or output delay               1000        

Note: This report is based on the most recent report_methodology run and may not be up-to-date. Run report_methodology on the current design for the latest report.



check_timing report

Table of Contents
-----------------
1. checking no_clock (0)
2. checking constant_clock (0)
3. checking pulse_width_clock (0)
4. checking unconstrained_internal_endpoints (0)
5. checking no_input_delay (2324)
6. checking no_output_delay (285)
7. checking multiple_clock (0)
8. checking generated_clocks (0)
9. checking loops (0)
10. checking partial_input_delay (0)
11. checking partial_output_delay (0)
12. checking latch_loops (0)

1. checking no_clock (0)
------------------------
 There are 0 register/latch pins with no clock.


2. checking constant_clock (0)
------------------------------
 There are 0 register/latch pins with constant_clock.


3. checking pulse_width_clock (0)
---------------------------------
 There are 0 register/latch pins which need pulse_width check


4. checking unconstrained_internal_endpoints (0)
------------------------------------------------
 There are 0 pins that are not constrained for maximum delay.

 There are 0 pins that are not constrained for maximum delay due to constant clock.


5. checking no_input_delay (2324)
---------------------------------
 There are 2324 input ports with no input delay specified. (HIGH)

 There are 0 input ports with no input delay but user has a false path constraint.


6. checking no_output_delay (285)
---------------------------------
 There are 285 ports with no output delay specified. (HIGH)

 There are 0 ports with no output delay but user has a false path constraint

 There are 0 ports with no output delay but with a timing clock defined on it or propagating through it


7. checking multiple_clock (0)
------------------------------
 There are 0 register/latch pins with multiple clocks.


8. checking generated_clocks (0)
--------------------------------
 There are 0 generated clocks that are not connected to a clock source.


9. checking loops (0)
---------------------
 There are 0 combinational loops in the design.


10. checking partial_input_delay (0)
------------------------------------
 There are 0 input ports with partial input delay specified.


11. checking partial_output_delay (0)
-------------------------------------
 There are 0 ports with partial output delay specified.


12. checking latch_loops (0)
----------------------------
 There are 0 combinational latch loops in the design through latch input



------------------------------------------------------------------------------------------------
| Design Timing Summary
| ---------------------
------------------------------------------------------------------------------------------------

    WNS(ns)      TNS(ns)  TNS Failing Endpoints  TNS Total Endpoints      WHS(ns)      THS(ns)  THS Failing Endpoints  THS Total Endpoints     WPWS(ns)     TPWS(ns)  TPWS Failing Endpoints  TPWS Total Endpoints  
    -------      -------  ---------------------  -------------------      -------      -------  ---------------------  -------------------     --------     --------  ----------------------  --------------------  
     -0.804    -1053.707                   5080                33147        0.113        0.000                      0                33147        3.288        0.000                       0                 17926  


Timing constraints are not met.


------------------------------------------------------------------------------------------------
| Clock Summary
| -------------
------------------------------------------------------------------------------------------------

Clock    Waveform(ns)         Period(ns)      Frequency(MHz)
-----    ------------         ----------      --------------
core132  {0.000 3.788}        7.576           131.996         


------------------------------------------------------------------------------------------------
| Intra Clock Table
| -----------------
------------------------------------------------------------------------------------------------

Clock             WNS(ns)      TNS(ns)  TNS Failing Endpoints  TNS Total Endpoints      WHS(ns)      THS(ns)  THS Failing Endpoints  THS Total Endpoints     WPWS(ns)     TPWS(ns)  TPWS Failing Endpoints  TPWS Total Endpoints  
-----             -------      -------  ---------------------  -------------------      -------      -------  ---------------------  -------------------     --------     --------  ----------------------  --------------------  
core132            -0.804    -1053.707                   5080                26753        0.113        0.000                      0                26753        3.288        0.000                       0                 17926  


------------------------------------------------------------------------------------------------
| Inter Clock Table
| -----------------
------------------------------------------------------------------------------------------------

From Clock    To Clock          WNS(ns)      TNS(ns)  TNS Failing Endpoints  TNS Total Endpoints      WHS(ns)      THS(ns)  THS Failing Endpoints  THS Total Endpoints  
----------    --------          -------      -------  ---------------------  -------------------      -------      -------  ---------------------  -------------------  


------------------------------------------------------------------------------------------------
| Other Path Groups Table
| -----------------------
------------------------------------------------------------------------------------------------

Path Group         From Clock         To Clock               WNS(ns)      TNS(ns)  TNS Failing Endpoints  TNS Total Endpoints      WHS(ns)      THS(ns)  THS Failing Endpoints  THS Total Endpoints  
----------         ----------         --------               -------      -------  ---------------------  -------------------      -------      -------  ---------------------  -------------------  
**async_default**  core132            core132                  2.242        0.000                      0                 6394        0.835        0.000                      0                 6394  


------------------------------------------------------------------------------------------------
| User Ignored Path Table
| -----------------------
------------------------------------------------------------------------------------------------

Path Group    From Clock    To Clock    
----------    ----------    --------    


------------------------------------------------------------------------------------------------
| Unconstrained Path Table
| ------------------------
------------------------------------------------------------------------------------------------

Path Group    From Clock    To Clock    
----------    ----------    --------    
(none)                                    
(none)        core132                     
(none)                      core132       


------------------------------------------------------------------------------------------------
| Timing Details
| --------------
------------------------------------------------------------------------------------------------


---------------------------------------------------------------------------------------------------
From Clock:  core132
  To Clock:  core132

Setup :         5080  Failing Endpoints,  Worst Slack       -0.804ns,  Total Violation    -1053.707ns
Hold  :            0  Failing Endpoints,  Worst Slack        0.113ns,  Total Violation        0.000ns
PW    :            0  Failing Endpoints,  Worst Slack        3.288ns,  Total Violation        0.000ns
---------------------------------------------------------------------------------------------------


Max Delay Paths
--------------------------------------------------------------------------------------
Slack (VIOLATED) :        -0.804ns  (required time - arrival time)
  Source:                 native_system/queue/count_reg[26]/C
                            (rising edge-triggered cell FDCE clocked by core132  {rise@0.000ns fall@3.788ns period=7.576ns})
  Destination:            native_system/queue/queue_reg[2][1648]/CE
                            (rising edge-triggered cell FDRE clocked by core132  {rise@0.000ns fall@3.788ns period=7.576ns})
  Path Group:             core132
  Path Type:              Setup (Max at Slow Process Corner)
  Requirement:            7.576ns  (core132 rise@7.576ns - core132 rise@0.000ns)
  Data Path Delay:        8.091ns  (logic 1.386ns (17.130%)  route 6.705ns (82.870%))
  Logic Levels:           7  (LUT2=1 LUT3=2 LUT4=1 LUT6=3)
  Clock Path Skew:        -0.049ns (DCD - SCD + CPR)
    Destination Clock Delay (DCD):    0.924ns = ( 8.500 - 7.576 ) 
    Source Clock Delay      (SCD):    0.973ns
    Clock Pessimism Removal (CPR):    0.000ns
  Clock Uncertainty:      0.035ns  ((TSJ^2 + TIJ^2)^1/2 + DJ) / 2 + PE
    Total System Jitter     (TSJ):    0.071ns
    Total Input Jitter      (TIJ):    0.000ns
    Discrete Jitter          (DJ):    0.000ns
    Phase Error              (PE):    0.000ns

    Location             Delay type                Incr(ns)  Path(ns)    Netlist Resource(s)
  -------------------------------------------------------------------    -------------------
                         (clock core132 rise edge)    0.000     0.000 r  
                                                      0.000     0.000 r  clk (IN)
                         net (fo=17925, unset)        0.973     0.973    native_system/queue/clk
    SLICE_X30Y113        FDCE                                         r  native_system/queue/count_reg[26]/C
  -------------------------------------------------------------------    -------------------
    SLICE_X30Y113        FDCE (Prop_fdce_C_Q)         0.518     1.491 f  native_system/queue/count_reg[26]/Q
                         net (fo=7, estimated)        0.856     2.347    native_system/queue/count_reg[31]_0[26]
    SLICE_X30Y112        LUT4 (Prop_lut4_I0_O)        0.124     2.471 f  native_system/queue/frame_ready_INST_0_i_14/O
                         net (fo=1, estimated)        0.747     3.218    native_system/queue/frame_ready_INST_0_i_14_n_0
    SLICE_X32Y112        LUT6 (Prop_lut6_I0_O)        0.124     3.342 f  native_system/queue/frame_ready_INST_0_i_5/O
                         net (fo=2, estimated)        0.437     3.779    native_system/queue/frame_ready_INST_0_i_5_n_0
    SLICE_X32Y112        LUT6 (Prop_lut6_I0_O)        0.124     3.903 f  native_system/queue/frame_ready_INST_0_i_1/O
                         net (fo=34, estimated)       0.714     4.617    native_system/queue/pop0
    SLICE_X33Y111        LUT6 (Prop_lut6_I1_O)        0.124     4.741 r  native_system/queue/invalid_frame_i_3/O
                         net (fo=3, estimated)        0.793     5.534    native_system/queue/push
    SLICE_X43Y111        LUT2 (Prop_lut2_I0_O)        0.124     5.658 r  native_system/queue/count[31]_i_5__0/O
                         net (fo=4, estimated)        0.815     6.473    native_system/queue/count[31]_i_5__0_n_0
    SLICE_X45Y114        LUT3 (Prop_lut3_I0_O)        0.124     6.597 r  native_system/queue/seq[0][31]_i_2/O
                         net (fo=8, estimated)        0.442     7.039    native_system/queue/seq[0][31]_i_2_n_0
    SLICE_X45Y115        LUT3 (Prop_lut3_I2_O)        0.124     7.163 r  native_system/queue/seq[2][31]_i_1/O
                         net (fo=2208, estimated)     1.901     9.064    native_system/queue/seq[2][31]_i_1_n_0
    SLICE_X89Y124        FDRE                                         r  native_system/queue/queue_reg[2][1648]/CE
  -------------------------------------------------------------------    -------------------

                         (clock core132 rise edge)    7.576     7.576 r  
                                                      0.000     7.576 r  clk (IN)
                         net (fo=17925, unset)        0.924     8.500    native_system/queue/clk
    SLICE_X89Y124        FDRE                                         r  native_system/queue/queue_reg[2][1648]/C
                         clock pessimism              0.000     8.500    
                         clock uncertainty           -0.035     8.465    
    SLICE_X89Y124        FDRE (Setup_fdre_C_CE)      -0.205     8.260    native_system/queue/queue_reg[2][1648]
  -------------------------------------------------------------------
                         required time                          8.260    
                         arrival time                          -9.064    
  -------------------------------------------------------------------
                         slack                                 -0.804    





Min Delay Paths
--------------------------------------------------------------------------------------
Slack (MET) :             0.113ns  (arrival time - required time)
  Source:                 native_system/digital/bank/shadow_calibration_reg[126][2]/C
                            (rising edge-triggered cell FDCE clocked by core132  {rise@0.000ns fall@3.788ns period=7.576ns})
  Destination:            native_system/digital/bank/active_calibration_reg[126][2]/D
                            (rising edge-triggered cell FDCE clocked by core132  {rise@0.000ns fall@3.788ns period=7.576ns})
  Path Group:             core132
  Path Type:              Hold (Min at Fast Process Corner)
  Requirement:            0.000ns  (core132 rise@0.000ns - core132 rise@0.000ns)
  Data Path Delay:        0.210ns  (logic 0.141ns (67.102%)  route 0.069ns (32.898%))
  Logic Levels:           0  
  Clock Path Skew:        0.022ns (DCD - SCD - CPR)
    Destination Clock Delay (DCD):    0.432ns
    Source Clock Delay      (SCD):    0.410ns
    Clock Pessimism Removal (CPR):    -0.000ns

    Location             Delay type                Incr(ns)  Path(ns)    Netlist Resource(s)
  -------------------------------------------------------------------    -------------------
                         (clock core132 rise edge)    0.000     0.000 r  
                                                      0.000     0.000 r  clk (IN)
                         net (fo=17925, unset)        0.410     0.410    native_system/digital/bank/clk
    SLICE_X59Y37         FDCE                                         r  native_system/digital/bank/shadow_calibration_reg[126][2]/C
  -------------------------------------------------------------------    -------------------
    SLICE_X59Y37         FDCE (Prop_fdce_C_Q)         0.141     0.551 r  native_system/digital/bank/shadow_calibration_reg[126][2]/Q
                         net (fo=1, estimated)        0.069     0.620    native_system/digital/bank/shadow_calibration_reg[126]_378[2]
    SLICE_X58Y37         FDCE                                         r  native_system/digital/bank/active_calibration_reg[126][2]/D
  -------------------------------------------------------------------    -------------------

                         (clock core132 rise edge)    0.000     0.000 r  
                                                      0.000     0.000 r  clk (IN)
                         net (fo=17925, unset)        0.432     0.432    native_system/digital/bank/clk
    SLICE_X58Y37         FDCE                                         r  native_system/digital/bank/active_calibration_reg[126][2]/C
                         clock pessimism              0.000     0.432    
    SLICE_X58Y37         FDCE (Hold_fdce_C_D)         0.076     0.508    native_system/digital/bank/active_calibration_reg[126][2]
  -------------------------------------------------------------------
                         required time                         -0.508    
                         arrival time                           0.620    
  -------------------------------------------------------------------
                         slack                                  0.113    





Pulse Width Checks
--------------------------------------------------------------------------------------
Clock Name:         core132
Waveform(ns):       { 0.000 3.788 }
Period(ns):         7.576
Sources:            { clk }

Check Type        Corner  Lib Pin             Reference Pin  Required(ns)  Actual(ns)  Slack(ns)  Location       Pin
Min Period        n/a     RAMB36E1/CLKARDCLK  n/a            2.944         7.576       4.632      RAMB36_X3Y16   native_system/digital/scheduler/memory_reg_0/CLKARDCLK
Low Pulse Width   Slow    FDCE/C              n/a            0.500         3.788       3.288      SLICE_X56Y100  bridge/FSM_sequential_state_reg[0]/C
High Pulse Width  Slow    FDCE/C              n/a            0.500         3.788       3.288      SLICE_X56Y100  bridge/FSM_sequential_state_reg[0]/C



---------------------------------------------------------------------------------------------------
Path Group:  **async_default**
From Clock:  core132
  To Clock:  core132

Setup :            0  Failing Endpoints,  Worst Slack        2.242ns,  Total Violation        0.000ns
Hold  :            0  Failing Endpoints,  Worst Slack        0.835ns,  Total Violation        0.000ns
---------------------------------------------------------------------------------------------------


Max Delay Paths
--------------------------------------------------------------------------------------
Slack (MET) :             2.242ns  (required time - arrival time)
  Source:                 native_system/digital/bus_error_reg/C
                            (rising edge-triggered cell FDCE clocked by core132  {rise@0.000ns fall@3.788ns period=7.576ns})
  Destination:            native_system/digital/enable_sync_reg[0]/CLR
                            (recovery check against rising-edge clock core132  {rise@0.000ns fall@3.788ns period=7.576ns})
  Path Group:             **async_default**
  Path Type:              Recovery (Max at Slow Process Corner)
  Requirement:            7.576ns  (core132 rise@7.576ns - core132 rise@0.000ns)
  Data Path Delay:        4.845ns  (logic 0.828ns (17.090%)  route 4.017ns (82.910%))
  Logic Levels:           3  (LUT2=1 LUT5=2)
  Clock Path Skew:        -0.049ns (DCD - SCD + CPR)
    Destination Clock Delay (DCD):    0.924ns = ( 8.500 - 7.576 ) 
    Source Clock Delay      (SCD):    0.973ns
    Clock Pessimism Removal (CPR):    0.000ns
  Clock Uncertainty:      0.035ns  ((TSJ^2 + TIJ^2)^1/2 + DJ) / 2 + PE
    Total System Jitter     (TSJ):    0.071ns
    Total Input Jitter      (TIJ):    0.000ns
    Discrete Jitter          (DJ):    0.000ns
    Phase Error              (PE):    0.000ns

    Location             Delay type                Incr(ns)  Path(ns)    Netlist Resource(s)
  -------------------------------------------------------------------    -------------------
                         (clock core132 rise edge)    0.000     0.000 r  
                                                      0.000     0.000 r  clk (IN)
                         net (fo=17925, unset)        0.973     0.973    native_system/digital/clk
    SLICE_X41Y100        FDCE                                         r  native_system/digital/bus_error_reg/C
  -------------------------------------------------------------------    -------------------
    SLICE_X41Y100        FDCE (Prop_fdce_C_Q)         0.456     1.429 f  native_system/digital/bus_error_reg/Q
                         net (fo=5, estimated)        1.371     2.800    native_system/queue/native_error
    SLICE_X32Y109        LUT5 (Prop_lut5_I0_O)        0.124     2.924 f  native_system/queue/frame_ready_INST_0_i_13/O
                         net (fo=3, estimated)        0.967     3.891    native_system/queue/fault
    SLICE_X33Y112        LUT5 (Prop_lut5_I0_O)        0.124     4.015 r  native_system/queue/output_disable_INST_0_i_2/O
                         net (fo=2, estimated)        1.140     5.155    native_system/queue/hardware_enable0
    SLICE_X37Y103        LUT2 (Prop_lut2_I0_O)        0.124     5.279 f  native_system/queue/enable_sync[1]_i_1/O
                         net (fo=2, estimated)        0.539     5.818    native_system/digital/AR[0]
    SLICE_X37Y103        FDCE                                         f  native_system/digital/enable_sync_reg[0]/CLR
  -------------------------------------------------------------------    -------------------

                         (clock core132 rise edge)    7.576     7.576 r  
                                                      0.000     7.576 r  clk (IN)
                         net (fo=17925, unset)        0.924     8.500    native_system/digital/clk
    SLICE_X37Y103        FDCE                                         r  native_system/digital/enable_sync_reg[0]/C
                         clock pessimism              0.000     8.500    
                         clock uncertainty           -0.035     8.465    
    SLICE_X37Y103        FDCE (Recov_fdce_C_CLR)     -0.405     8.060    native_system/digital/enable_sync_reg[0]
  -------------------------------------------------------------------
                         required time                          8.060    
                         arrival time                          -5.818    
  -------------------------------------------------------------------
                         slack                                  2.242    





Min Delay Paths
--------------------------------------------------------------------------------------
Slack (MET) :             0.835ns  (arrival time - required time)
  Source:                 native_system/digital/reset_sync_reg[1]/C
                            (rising edge-triggered cell FDCE clocked by core132  {rise@0.000ns fall@3.788ns period=7.576ns})
  Destination:            native_system/digital/bank/shadow_calibration_reg[86][3]/CLR
                            (removal check against rising-edge clock core132  {rise@0.000ns fall@3.788ns period=7.576ns})
  Path Group:             **async_default**
  Path Type:              Removal (Min at Fast Process Corner)
  Requirement:            0.000ns  (core132 rise@0.000ns - core132 rise@0.000ns)
  Data Path Delay:        0.789ns  (logic 0.227ns (28.759%)  route 0.562ns (71.241%))
  Logic Levels:           1  (LUT1=1)
  Clock Path Skew:        0.022ns (DCD - SCD - CPR)
    Destination Clock Delay (DCD):    0.432ns
    Source Clock Delay      (SCD):    0.410ns
    Clock Pessimism Removal (CPR):    -0.000ns

    Location             Delay type                Incr(ns)  Path(ns)    Netlist Resource(s)
  -------------------------------------------------------------------    -------------------
                         (clock core132 rise edge)    0.000     0.000 r  
                                                      0.000     0.000 r  clk (IN)
                         net (fo=17925, unset)        0.410     0.410    native_system/digital/clk
    SLICE_X41Y85         FDCE                                         r  native_system/digital/reset_sync_reg[1]/C
  -------------------------------------------------------------------    -------------------
    SLICE_X41Y85         FDCE (Prop_fdce_C_Q)         0.128     0.538 r  native_system/digital/reset_sync_reg[1]/Q
                         net (fo=3, estimated)        0.364     0.902    native_system/digital/bank/shadow_mask_reg[0]_0[0]
    SLICE_X41Y70         LUT1 (Prop_lut1_I0_O)        0.099     1.001 f  native_system/digital/bank/adc_reset_i_2/O
                         net (fo=6392, estimated)     0.198     1.199    native_system/digital/bank/reset_sync_reg[1]
    SLICE_X42Y70         FDCE                                         f  native_system/digital/bank/shadow_calibration_reg[86][3]/CLR
  -------------------------------------------------------------------    -------------------

                         (clock core132 rise edge)    0.000     0.000 r  
                                                      0.000     0.000 r  clk (IN)
                         net (fo=17925, unset)        0.432     0.432    native_system/digital/bank/clk
    SLICE_X42Y70         FDCE                                         r  native_system/digital/bank/shadow_calibration_reg[86][3]/C
                         clock pessimism              0.000     0.432    
    SLICE_X42Y70         FDCE (Remov_fdce_C_CLR)     -0.067     0.365    native_system/digital/bank/shadow_calibration_reg[86][3]
  -------------------------------------------------------------------
                         required time                         -0.365    
                         arrival time                           1.199    
  -------------------------------------------------------------------
                         slack                                  0.835    





--------------------------------------------------------------------------------------
Path Group:  (none)
From Clock:  
  To Clock:  

Max Delay             5 Endpoints
Min Delay             5 Endpoints
--------------------------------------------------------------------------------------


Max Delay Paths
--------------------------------------------------------------------------------------
Slack:                    inf
  Source:                 motion_stop
                            (input port)
  Destination:            output_disable
                            (output port)
  Path Group:             (none)
  Path Type:              Max at Slow Process Corner
  Data Path Delay:        3.658ns  (logic 0.248ns (6.780%)  route 3.410ns (93.220%))
  Logic Levels:           2  (LUT5=1 LUT6=1)

    Location             Delay type                Incr(ns)  Path(ns)    Netlist Resource(s)
  -------------------------------------------------------------------    -------------------
                                                      0.000     0.000 r  motion_stop (IN)
                         net (fo=3, unset)            0.973     0.973    native_system/queue/motion_stop
    SLICE_X33Y112        LUT5 (Prop_lut5_I4_O)        0.124     1.097 f  native_system/queue/output_disable_INST_0_i_2/O
                         net (fo=2, estimated)        1.464     2.561    native_system/digital/bank/hardware_enable0
    SLICE_X42Y85         LUT6 (Prop_lut6_I2_O)        0.124     2.685 r  native_system/digital/bank/output_disable_INST_0/O
                         net (fo=0)                   0.973     3.658    output_disable
                                                                      r  output_disable (OUT)
  -------------------------------------------------------------------    -------------------





Min Delay Paths
--------------------------------------------------------------------------------------
Slack:                    inf
  Source:                 rst_n
                            (input port)
  Destination:            s_arready
                            (output port)
  Path Group:             (none)
  Path Type:              Min at Fast Process Corner
  Data Path Delay:        0.863ns  (logic 0.043ns (4.981%)  route 0.820ns (95.019%))
  Logic Levels:           1  (LUT4=1)

    Location             Delay type                Incr(ns)  Path(ns)    Netlist Resource(s)
  -------------------------------------------------------------------    -------------------
                                                      0.000     0.000 r  rst_n (IN)
                         net (fo=15, unset)           0.410     0.410    bridge/rst_n
    SLICE_X50Y100        LUT4 (Prop_lut4_I3_O)        0.043     0.453 r  bridge/s_arready_INST_0/O
                         net (fo=0)                   0.410     0.863    s_arready
                                                                      r  s_arready (OUT)
  -------------------------------------------------------------------    -------------------





--------------------------------------------------------------------------------------
Path Group:  (none)
From Clock:  core132
  To Clock:  

Max Delay           285 Endpoints
Min Delay           285 Endpoints
--------------------------------------------------------------------------------------


Max Delay Paths
--------------------------------------------------------------------------------------
Slack:                    inf
  Source:                 native_system/digital/burst/base_phase_reg[3]/C
                            (rising edge-triggered cell FDCE clocked by core132  {rise@0.000ns fall@3.788ns period=7.576ns})
  Destination:            commanded_waveform[96]
                            (output port)
  Path Group:             (none)
  Path Type:              Max at Slow Process Corner
  Data Path Delay:        7.281ns  (logic 1.984ns (27.249%)  route 5.297ns (72.751%))
  Logic Levels:           6  (CARRY4=2 LUT2=1 LUT5=2 LUT6=1)
  Clock Uncertainty:      0.025ns  ((TSJ^2 + TIJ^2)^1/2 + DJ) / 2 + PE
    Total System Jitter     (TSJ):    0.050ns
    Total Input Jitter      (TIJ):    0.000ns
    Discrete Jitter          (DJ):    0.000ns
    Phase Error              (PE):    0.000ns

    Location             Delay type                Incr(ns)  Path(ns)    Netlist Resource(s)
  -------------------------------------------------------------------    -------------------
                         (clock core132 rise edge)    0.000     0.000 r  
                                                      0.000     0.000 r  clk (IN)
                         net (fo=17925, unset)        0.973     0.973    native_system/digital/burst/clk
    SLICE_X59Y86         FDCE                                         r  native_system/digital/burst/base_phase_reg[3]/C
  -------------------------------------------------------------------    -------------------
    SLICE_X59Y86         FDCE (Prop_fdce_C_Q)         0.419     1.392 r  native_system/digital/burst/base_phase_reg[3]/Q
                         net (fo=7, estimated)        0.897     2.289    native_system/digital/burst/base_phase[3]
    SLICE_X55Y87         LUT2 (Prop_lut2_I0_O)        0.297     2.586 r  native_system/digital/burst/commanded_waveform[127]_INST_0_i_27/O
                         net (fo=1, routed)           0.000     2.586    native_system/digital/burst/commanded_waveform[127]_INST_0_i_27_n_0
    SLICE_X55Y87         CARRY4 (Prop_carry4_S[3]_CO[3])
                                                      0.401     2.987 r  native_system/digital/burst/commanded_waveform[127]_INST_0_i_17/CO[3]
                         net (fo=1, estimated)        0.000     2.987    native_system/digital/burst/commanded_waveform[127]_INST_0_i_17_n_0
    SLICE_X55Y88         CARRY4 (Prop_carry4_CI_O[3])
                                                      0.313     3.300 f  native_system/digital/burst/commanded_waveform[127]_INST_0_i_11/O[3]
                         net (fo=1, estimated)        0.654     3.954    native_system/digital/burst/phase[7]
    SLICE_X51Y87         LUT5 (Prop_lut5_I3_O)        0.306     4.260 f  native_system/digital/burst/commanded_waveform[127]_INST_0_i_5/O
                         net (fo=8, estimated)        1.109     5.369    native_system/digital/scheduler/captured_reg[0]
    SLICE_X49Y70         LUT6 (Prop_lut6_I0_O)        0.124     5.493 f  native_system/digital/scheduler/commanded_waveform[111]_INST_0_i_1/O
                         net (fo=16, estimated)       1.664     7.157    native_system/digital/bank/captured_reg[96]
    SLICE_X60Y49         LUT5 (Prop_lut5_I0_O)        0.124     7.281 r  native_system/digital/bank/commanded_waveform[96]_INST_0/O
                         net (fo=1, unset)            0.973     8.254    commanded_waveform[96]
                                                                      r  commanded_waveform[96] (OUT)
  -------------------------------------------------------------------    -------------------





Min Delay Paths
--------------------------------------------------------------------------------------
Slack:                    inf
  Source:                 native_system/queue/count_reg[11]/C
                            (rising edge-triggered cell FDCE clocked by core132  {rise@0.000ns fall@3.788ns period=7.576ns})
  Destination:            buffered_count[11]
                            (output port)
  Path Group:             (none)
  Path Type:              Min at Fast Process Corner
  Data Path Delay:        0.538ns  (logic 0.128ns (23.786%)  route 0.410ns (76.214%))
  Logic Levels:           0  
  Clock Uncertainty:      0.025ns  ((TSJ^2 + TIJ^2)^1/2 + DJ) / 2 + PE
    Total System Jitter     (TSJ):    0.050ns
    Total Input Jitter      (TIJ):    0.000ns
    Discrete Jitter          (DJ):    0.000ns
    Phase Error              (PE):    0.000ns

    Location             Delay type                Incr(ns)  Path(ns)    Netlist Resource(s)
  -------------------------------------------------------------------    -------------------
                         (clock core132 rise edge)    0.000     0.000 r  
                                                      0.000     0.000 r  clk (IN)
                         net (fo=17925, unset)        0.410     0.410    native_system/queue/clk
    SLICE_X31Y111        FDCE                                         r  native_system/queue/count_reg[11]/C
  -------------------------------------------------------------------    -------------------
    SLICE_X31Y111        FDCE (Prop_fdce_C_Q)         0.128     0.538 r  native_system/queue/count_reg[11]/Q
                         net (fo=7, unset)            0.410     0.948    buffered_count[11]
                                                                      r  buffered_count[11] (OUT)
  -------------------------------------------------------------------    -------------------





--------------------------------------------------------------------------------------
Path Group:  (none)
From Clock:  
  To Clock:  core132

Max Delay         23645 Endpoints
Min Delay         23645 Endpoints
--------------------------------------------------------------------------------------


Max Delay Paths
--------------------------------------------------------------------------------------
Slack:                    inf
  Source:                 frame_data[305]
                            (input port)
  Destination:            native_system/queue/queue_reg[2][1648]/CE
                            (rising edge-triggered cell FDRE clocked by core132  {rise@0.000ns fall@3.788ns period=7.576ns})
  Path Group:             (none)
  Path Type:              Setup (Max at Slow Process Corner)
  Data Path Delay:        8.802ns  (logic 0.868ns (9.861%)  route 7.934ns (90.139%))
  Logic Levels:           7  (LUT2=1 LUT3=2 LUT4=2 LUT5=1 LUT6=1)
  Clock Path Skew:        0.924ns (DCD - SCD + CPR)
    Destination Clock Delay (DCD):    0.924ns
    Source Clock Delay      (SCD):    0.000ns
    Clock Pessimism Removal (CPR):    0.000ns
  Clock Uncertainty:      0.025ns  ((TSJ^2 + TIJ^2)^1/2 + DJ) / 2 + PE
    Total System Jitter     (TSJ):    0.050ns
    Total Input Jitter      (TIJ):    0.000ns
    Discrete Jitter          (DJ):    0.000ns
    Phase Error              (PE):    0.000ns

    Location             Delay type                Incr(ns)  Path(ns)    Netlist Resource(s)
  -------------------------------------------------------------------    -------------------
                                                      0.000     0.000 r  frame_data[305] (IN)
                         net (fo=4, unset)            0.973     0.973    native_system/queue/frame_data[305]
    SLICE_X28Y98         LUT4 (Prop_lut4_I3_O)        0.124     1.097 r  native_system/queue/invalid_frame_i_39/O
                         net (fo=1, estimated)        0.491     1.588    native_system/queue/invalid_frame_i_39_n_0
    SLICE_X28Y98         LUT5 (Prop_lut5_I4_O)        0.124     1.712 r  native_system/queue/invalid_frame_i_18/O
                         net (fo=1, estimated)        0.798     2.510    native_system/queue/invalid_frame_i_18_n_0
    SLICE_X29Y97         LUT4 (Prop_lut4_I0_O)        0.124     2.634 r  native_system/queue/invalid_frame_i_6/O
                         net (fo=1, estimated)        1.526     4.160    native_system/queue/invalid_frame_i_6_n_0
    SLICE_X31Y109        LUT6 (Prop_lut6_I2_O)        0.124     4.284 f  native_system/queue/invalid_frame_i_2/O
                         net (fo=3, estimated)        0.988     5.272    native_system/queue/wr1
    SLICE_X43Y111        LUT2 (Prop_lut2_I1_O)        0.124     5.396 r  native_system/queue/count[31]_i_5__0/O
                         net (fo=4, estimated)        0.815     6.211    native_system/queue/count[31]_i_5__0_n_0
    SLICE_X45Y114        LUT3 (Prop_lut3_I0_O)        0.124     6.335 r  native_system/queue/seq[0][31]_i_2/O
                         net (fo=8, estimated)        0.442     6.777    native_system/queue/seq[0][31]_i_2_n_0
    SLICE_X45Y115        LUT3 (Prop_lut3_I2_O)        0.124     6.901 r  native_system/queue/seq[2][31]_i_1/O
                         net (fo=2208, estimated)     1.901     8.802    native_system/queue/seq[2][31]_i_1_n_0
    SLICE_X89Y124        FDRE                                         r  native_system/queue/queue_reg[2][1648]/CE
  -------------------------------------------------------------------    -------------------

                         (clock core132 rise edge)    0.000     0.000 r  
                                                      0.000     0.000 r  clk (IN)
                         net (fo=17925, unset)        0.924     0.924    native_system/queue/clk
    SLICE_X89Y124        FDRE                                         r  native_system/queue/queue_reg[2][1648]/C





Min Delay Paths
--------------------------------------------------------------------------------------
Slack:                    inf
  Source:                 s_araddr[0]
                            (input port)
  Destination:            bridge/araddr_reg[0]/D
                            (rising edge-triggered cell FDCE clocked by core132  {rise@0.000ns fall@3.788ns period=7.576ns})
  Path Group:             (none)
  Path Type:              Hold (Min at Fast Process Corner)
  Data Path Delay:        0.410ns  (logic 0.000ns (0.000%)  route 0.410ns (100.000%))
  Logic Levels:           0  
  Clock Path Skew:        0.432ns (DCD - SCD - CPR)
    Destination Clock Delay (DCD):    0.432ns
    Source Clock Delay      (SCD):    0.000ns
    Clock Pessimism Removal (CPR):    -0.000ns

    Location             Delay type                Incr(ns)  Path(ns)    Netlist Resource(s)
  -------------------------------------------------------------------    -------------------
                                                      0.000     0.000 r  s_araddr[0] (IN)
                         net (fo=0)                   0.410     0.410    bridge/s_araddr[0]
    SLICE_X64Y99         FDCE                                         r  bridge/araddr_reg[0]/D
  -------------------------------------------------------------------    -------------------

                         (clock core132 rise edge)    0.000     0.000 r  
                                                      0.000     0.000 r  clk (IN)
                         net (fo=17925, unset)        0.432     0.432    bridge/clk
    SLICE_X64Y99         FDCE                                         r  bridge/araddr_reg[0]/C





