Copyright 1986-2022 Xilinx, Inc. All Rights Reserved. Copyright 2022-2025 Advanced Micro Devices, Inc. All Rights Reserved.
----------------------------------------------------------------------------------------------------------------------------------------------------------------------------------
| Tool Version : Vivado v.2025.2 (win64) Build 6299465 Fri Nov 14 19:35:11 GMT 2025
| Date         : Sat Oct  3 16:33:43 2026
| Host         : loverlike running 64-bit major release  (build 9200)
| Command      : report_timing_summary -report_unconstrained -file E:/Codex_project/AMD-SonoField-FPGA/v2/evidence/pre_pcb_board_ready/timing/strategy3/routed/timing_summary.rpt
| Design       : sono_axi_system
| Device       : 7z020-clg400
| Speed File   : -1  PRODUCTION 1.12 2019-11-22
| Design State : Routed
----------------------------------------------------------------------------------------------------------------------------------------------------------------------------------

Timing Summary Report

------------------------------------------------------------------------------------------------
| Timer Settings
| --------------
------------------------------------------------------------------------------------------------

  Enable Multi Corner Analysis               :  Yes
  Enable Pessimism Removal                   :  Yes
  Pessimism Removal Resolution               :  Nearest Common Node
  Enable Input Delay Default Clock           :  No
  Enable Preset / Clear Arcs                 :  No
  Disable Flight Delays                      :  No
  Ignore I/O Paths                           :  No
  Timing Early Launch at Borrowing Latches   :  No
  Borrow Time for Max Delay Exceptions       :  Yes
  Merge Timing Exceptions                    :  Yes
  Inter-SLR Compensation                     :  Conservative

  Corner  Analyze    Analyze    
  Name    Max Paths  Min Paths  
  ------  ---------  ---------  
  Slow    Yes        Yes        
  Fast    Yes        Yes        


------------------------------------------------------------------------------------------------
| Report Methodology
| ------------------
------------------------------------------------------------------------------------------------

Rule       Severity  Description                                 Violations  
---------  --------  ------------------------------------------  ----------  
LUTAR-1    Warning   LUT drives async reset alert                1           
SYNTH-6    Warning   Timing of a RAM block might be sub-optimal  4           
TIMING-18  Warning   Missing input or output delay               1000        

Note: This report is based on the most recent report_methodology run and may not be up-to-date. Run report_methodology on the current design for the latest report.



check_timing report

Table of Contents
-----------------
1. checking no_clock (0)
2. checking constant_clock (0)
3. checking pulse_width_clock (0)
4. checking unconstrained_internal_endpoints (0)
5. checking no_input_delay (2324)
6. checking no_output_delay (256)
7. checking multiple_clock (0)
8. checking generated_clocks (0)
9. checking loops (0)
10. checking partial_input_delay (0)
11. checking partial_output_delay (0)
12. checking latch_loops (0)

1. checking no_clock (0)
------------------------
 There are 0 register/latch pins with no clock.


2. checking constant_clock (0)
------------------------------
 There are 0 register/latch pins with constant_clock.


3. checking pulse_width_clock (0)
---------------------------------
 There are 0 register/latch pins which need pulse_width check


4. checking unconstrained_internal_endpoints (0)
------------------------------------------------
 There are 0 pins that are not constrained for maximum delay.

 There are 0 pins that are not constrained for maximum delay due to constant clock.


5. checking no_input_delay (2324)
---------------------------------
 There are 2324 input ports with no input delay specified. (HIGH)

 There are 0 input ports with no input delay but user has a false path constraint.


6. checking no_output_delay (256)
---------------------------------
 There are 256 ports with no output delay specified. (HIGH)

 There are 0 ports with no output delay but user has a false path constraint

 There are 0 ports with no output delay but with a timing clock defined on it or propagating through it


7. checking multiple_clock (0)
------------------------------
 There are 0 register/latch pins with multiple clocks.


8. checking generated_clocks (0)
--------------------------------
 There are 0 generated clocks that are not connected to a clock source.


9. checking loops (0)
---------------------
 There are 0 combinational loops in the design.


10. checking partial_input_delay (0)
------------------------------------
 There are 0 input ports with partial input delay specified.


11. checking partial_output_delay (0)
-------------------------------------
 There are 0 ports with partial output delay specified.


12. checking latch_loops (0)
----------------------------
 There are 0 combinational latch loops in the design through latch input



------------------------------------------------------------------------------------------------
| Design Timing Summary
| ---------------------
------------------------------------------------------------------------------------------------

    WNS(ns)      TNS(ns)  TNS Failing Endpoints  TNS Total Endpoints      WHS(ns)      THS(ns)  THS Failing Endpoints  THS Total Endpoints     WPWS(ns)     TPWS(ns)  TPWS Failing Endpoints  TPWS Total Endpoints  
    -------      -------  ---------------------  -------------------      -------      -------  ---------------------  -------------------     --------     --------  ----------------------  --------------------  
      0.082        0.000                      0                33175        0.072        0.000                      0                33175        3.288        0.000                       0                 17926  


All user specified timing constraints are met.


------------------------------------------------------------------------------------------------
| Clock Summary
| -------------
------------------------------------------------------------------------------------------------

Clock    Waveform(ns)         Period(ns)      Frequency(MHz)
-----    ------------         ----------      --------------
core132  {0.000 3.788}        7.576           131.996         


------------------------------------------------------------------------------------------------
| Intra Clock Table
| -----------------
------------------------------------------------------------------------------------------------

Clock             WNS(ns)      TNS(ns)  TNS Failing Endpoints  TNS Total Endpoints      WHS(ns)      THS(ns)  THS Failing Endpoints  THS Total Endpoints     WPWS(ns)     TPWS(ns)  TPWS Failing Endpoints  TPWS Total Endpoints  
-----             -------      -------  ---------------------  -------------------      -------      -------  ---------------------  -------------------     --------     --------  ----------------------  --------------------  
core132             0.082        0.000                      0                26750        0.072        0.000                      0                26750        3.288        0.000                       0                 17926  


------------------------------------------------------------------------------------------------
| Inter Clock Table
| -----------------
------------------------------------------------------------------------------------------------

From Clock    To Clock          WNS(ns)      TNS(ns)  TNS Failing Endpoints  TNS Total Endpoints      WHS(ns)      THS(ns)  THS Failing Endpoints  THS Total Endpoints  
----------    --------          -------      -------  ---------------------  -------------------      -------      -------  ---------------------  -------------------  


------------------------------------------------------------------------------------------------
| Other Path Groups Table
| -----------------------
------------------------------------------------------------------------------------------------

Path Group         From Clock         To Clock               WNS(ns)      TNS(ns)  TNS Failing Endpoints  TNS Total Endpoints      WHS(ns)      THS(ns)  THS Failing Endpoints  THS Total Endpoints  
----------         ----------         --------               -------      -------  ---------------------  -------------------      -------      -------  ---------------------  -------------------  
**async_default**  core132            core132                  1.082        0.000                      0                 6425        0.857        0.000                      0                 6425  


------------------------------------------------------------------------------------------------
| User Ignored Path Table
| -----------------------
------------------------------------------------------------------------------------------------

Path Group    From Clock    To Clock    
----------    ----------    --------    


------------------------------------------------------------------------------------------------
| Unconstrained Path Table
| ------------------------
------------------------------------------------------------------------------------------------

Path Group    From Clock    To Clock    
----------    ----------    --------    
(none)                                    
(none)        core132                     
(none)                      core132       


------------------------------------------------------------------------------------------------
| Timing Details
| --------------
------------------------------------------------------------------------------------------------


---------------------------------------------------------------------------------------------------
From Clock:  core132
  To Clock:  core132

Setup :            0  Failing Endpoints,  Worst Slack        0.082ns,  Total Violation        0.000ns
Hold  :            0  Failing Endpoints,  Worst Slack        0.072ns,  Total Violation        0.000ns
PW    :            0  Failing Endpoints,  Worst Slack        3.288ns,  Total Violation        0.000ns
---------------------------------------------------------------------------------------------------


Max Delay Paths
--------------------------------------------------------------------------------------
Slack (MET) :             0.082ns  (required time - arrival time)
  Source:                 native_system/digital/cfg_reg[9][6]/C
                            (rising edge-triggered cell FDCE clocked by core132  {rise@0.000ns fall@3.788ns period=7.576ns})
  Destination:            native_system/digital/scheduler/error_reg/D
                            (rising edge-triggered cell FDCE clocked by core132  {rise@0.000ns fall@3.788ns period=7.576ns})
  Path Group:             core132
  Path Type:              Setup (Max at Slow Process Corner)
  Requirement:            7.576ns  (core132 rise@7.576ns - core132 rise@0.000ns)
  Data Path Delay:        7.352ns  (logic 2.790ns (37.949%)  route 4.562ns (62.051%))
  Logic Levels:           14  (CARRY4=7 LUT3=3 LUT4=1 LUT6=3)
  Clock Path Skew:        -0.049ns (DCD - SCD + CPR)
    Destination Clock Delay (DCD):    0.924ns = ( 8.500 - 7.576 ) 
    Source Clock Delay      (SCD):    0.973ns
    Clock Pessimism Removal (CPR):    0.000ns
  Clock Uncertainty:      0.035ns  ((TSJ^2 + TIJ^2)^1/2 + DJ) / 2 + PE
    Total System Jitter     (TSJ):    0.071ns
    Total Input Jitter      (TIJ):    0.000ns
    Discrete Jitter          (DJ):    0.000ns
    Phase Error              (PE):    0.000ns

    Location             Delay type                Incr(ns)  Path(ns)    Netlist Resource(s)
  -------------------------------------------------------------------    -------------------
                         (clock core132 rise edge)    0.000     0.000 r  
                                                      0.000     0.000 r  clk (IN)
                         net (fo=17925, unset)        0.973     0.973    native_system/digital/clk
    SLICE_X48Y90         FDCE                                         r  native_system/digital/cfg_reg[9][6]/C
  -------------------------------------------------------------------    -------------------
    SLICE_X48Y90         FDCE (Prop_fdce_C_Q)         0.456     1.429 r  native_system/digital/cfg_reg[9][6]/Q
                         net (fo=5, routed)           0.611     2.040    native_system/digital/scheduler/total_reg[31]_0[6]
    SLICE_X47Y90         LUT3 (Prop_lut3_I0_O)        0.124     2.164 r  native_system/digital/scheduler/total[7]_i_2/O
                         net (fo=2, routed)           0.757     2.921    native_system/digital/scheduler/total[7]_i_2_n_0
    SLICE_X44Y90         LUT4 (Prop_lut4_I3_O)        0.124     3.045 r  native_system/digital/scheduler/total[7]_i_6/O
                         net (fo=1, routed)           0.000     3.045    native_system/digital/scheduler/total[7]_i_6_n_0
    SLICE_X44Y90         CARRY4 (Prop_carry4_S[3]_CO[3])
                                                      0.401     3.446 r  native_system/digital/scheduler/total_reg[7]_i_1/CO[3]
                         net (fo=1, routed)           0.000     3.446    native_system/digital/scheduler/total_reg[7]_i_1_n_0
    SLICE_X44Y91         CARRY4 (Prop_carry4_CI_CO[3])
                                                      0.114     3.560 r  native_system/digital/scheduler/total_reg[11]_i_1/CO[3]
                         net (fo=1, routed)           0.000     3.560    native_system/digital/scheduler/total_reg[11]_i_1_n_0
    SLICE_X44Y92         CARRY4 (Prop_carry4_CI_CO[3])
                                                      0.114     3.674 r  native_system/digital/scheduler/total_reg[15]_i_1/CO[3]
                         net (fo=1, routed)           0.000     3.674    native_system/digital/scheduler/total_reg[15]_i_1_n_0
    SLICE_X44Y93         CARRY4 (Prop_carry4_CI_CO[3])
                                                      0.114     3.788 r  native_system/digital/scheduler/total_reg[19]_i_1/CO[3]
                         net (fo=1, routed)           0.000     3.788    native_system/digital/scheduler/total_reg[19]_i_1_n_0
    SLICE_X44Y94         CARRY4 (Prop_carry4_CI_CO[3])
                                                      0.114     3.902 r  native_system/digital/scheduler/total_reg[23]_i_1/CO[3]
                         net (fo=1, routed)           0.000     3.902    native_system/digital/scheduler/total_reg[23]_i_1_n_0
    SLICE_X44Y95         CARRY4 (Prop_carry4_CI_CO[3])
                                                      0.114     4.016 r  native_system/digital/scheduler/total_reg[27]_i_1/CO[3]
                         net (fo=1, routed)           0.000     4.016    native_system/digital/scheduler/total_reg[27]_i_1_n_0
    SLICE_X44Y96         CARRY4 (Prop_carry4_CI_O[3])
                                                      0.313     4.329 r  native_system/digital/scheduler/total_reg[31]_i_2/O[3]
                         net (fo=2, routed)           0.520     4.849    native_system/digital/scheduler/total_reg[31]_i_2_n_4
    SLICE_X45Y88         LUT3 (Prop_lut3_I2_O)        0.306     5.155 r  native_system/digital/scheduler/capture_sequence[7]_i_17/O
                         net (fo=1, routed)           0.645     5.800    native_system/digital/scheduler/capture_sequence[7]_i_17_n_0
    SLICE_X45Y87         LUT6 (Prop_lut6_I0_O)        0.124     5.924 r  native_system/digital/scheduler/capture_sequence[7]_i_8/O
                         net (fo=1, routed)           0.395     6.319    native_system/digital/adc/spi/selected_tx_reg[0]
    SLICE_X47Y88         LUT6 (Prop_lut6_I1_O)        0.124     6.443 r  native_system/digital/adc/spi/capture_sequence[7]_i_5/O
                         net (fo=7, routed)           0.511     6.955    native_system/digital/scheduler/state1
    SLICE_X49Y86         LUT3 (Prop_lut3_I2_O)        0.124     7.079 r  native_system/digital/scheduler/state[2]_i_3/O
                         net (fo=2, routed)           0.574     7.653    native_system/digital/scheduler/state[2]_i_3_n_0
    SLICE_X50Y85         LUT6 (Prop_lut6_I3_O)        0.124     7.777 r  native_system/digital/scheduler/error_i_1/O
                         net (fo=1, routed)           0.548     8.325    native_system/digital/scheduler/error_i_1_n_0
    SLICE_X55Y84         FDCE                                         r  native_system/digital/scheduler/error_reg/D
  -------------------------------------------------------------------    -------------------

                         (clock core132 rise edge)    7.576     7.576 r  
                                                      0.000     7.576 r  clk (IN)
                         net (fo=17925, unset)        0.924     8.500    native_system/digital/scheduler/clk
    SLICE_X55Y84         FDCE                                         r  native_system/digital/scheduler/error_reg/C
                         clock pessimism              0.000     8.500    
                         clock uncertainty           -0.035     8.465    
    SLICE_X55Y84         FDCE (Setup_fdce_C_D)       -0.058     8.407    native_system/digital/scheduler/error_reg
  -------------------------------------------------------------------
                         required time                          8.407    
                         arrival time                          -8.325    
  -------------------------------------------------------------------
                         slack                                  0.082    





Min Delay Paths
--------------------------------------------------------------------------------------
Slack (MET) :             0.072ns  (arrival time - required time)
  Source:                 native_system/digital/adc/frame_reg[16]/C
                            (rising edge-triggered cell FDCE clocked by core132  {rise@0.000ns fall@3.788ns period=7.576ns})
  Destination:            native_system/digital/scheduler/memory_reg_0/DIADI[16]
                            (rising edge-triggered cell RAMB36E1 clocked by core132  {rise@0.000ns fall@3.788ns period=7.576ns})
  Path Group:             core132
  Path Type:              Hold (Min at Fast Process Corner)
  Requirement:            0.000ns  (core132 rise@0.000ns - core132 rise@0.000ns)
  Data Path Delay:        0.249ns  (logic 0.141ns (56.669%)  route 0.108ns (43.331%))
  Logic Levels:           0  
  Clock Path Skew:        0.022ns (DCD - SCD - CPR)
    Destination Clock Delay (DCD):    0.432ns
    Source Clock Delay      (SCD):    0.410ns
    Clock Pessimism Removal (CPR):    -0.000ns

    Location             Delay type                Incr(ns)  Path(ns)    Netlist Resource(s)
  -------------------------------------------------------------------    -------------------
                         (clock core132 rise edge)    0.000     0.000 r  
                                                      0.000     0.000 r  clk (IN)
                         net (fo=17925, unset)        0.410     0.410    native_system/digital/adc/clk
    SLICE_X55Y75         FDCE                                         r  native_system/digital/adc/frame_reg[16]/C
  -------------------------------------------------------------------    -------------------
    SLICE_X55Y75         FDCE (Prop_fdce_C_Q)         0.141     0.551 r  native_system/digital/adc/frame_reg[16]/Q
                         net (fo=1, routed)           0.108     0.659    native_system/digital/scheduler/frame[16]
    RAMB36_X3Y15         RAMB36E1                                     r  native_system/digital/scheduler/memory_reg_0/DIADI[16]
  -------------------------------------------------------------------    -------------------

                         (clock core132 rise edge)    0.000     0.000 r  
                                                      0.000     0.000 r  clk (IN)
                         net (fo=17925, unset)        0.432     0.432    native_system/digital/scheduler/clk
    RAMB36_X3Y15         RAMB36E1                                     r  native_system/digital/scheduler/memory_reg_0/CLKARDCLK
                         clock pessimism              0.000     0.432    
    RAMB36_X3Y15         RAMB36E1 (Hold_ramb36e1_CLKARDCLK_DIADI[16])
                                                      0.155     0.587    native_system/digital/scheduler/memory_reg_0
  -------------------------------------------------------------------
                         required time                         -0.587    
                         arrival time                           0.659    
  -------------------------------------------------------------------
                         slack                                  0.072    





Pulse Width Checks
--------------------------------------------------------------------------------------
Clock Name:         core132
Waveform(ns):       { 0.000 3.788 }
Period(ns):         7.576
Sources:            { clk }

Check Type        Corner  Lib Pin             Reference Pin  Required(ns)  Actual(ns)  Slack(ns)  Location      Pin
Min Period        n/a     RAMB36E1/CLKARDCLK  n/a            2.944         7.576       4.632      RAMB36_X3Y15  native_system/digital/scheduler/memory_reg_0/CLKARDCLK
Low Pulse Width   Slow    FDCE/C              n/a            0.500         3.788       3.288      SLICE_X62Y93  bridge/FSM_sequential_state_reg[0]/C
High Pulse Width  Slow    FDCE/C              n/a            0.500         3.788       3.288      SLICE_X62Y93  bridge/FSM_sequential_state_reg[0]/C



---------------------------------------------------------------------------------------------------
Path Group:  **async_default**
From Clock:  core132
  To Clock:  core132

Setup :            0  Failing Endpoints,  Worst Slack        1.082ns,  Total Violation        0.000ns
Hold  :            0  Failing Endpoints,  Worst Slack        0.857ns,  Total Violation        0.000ns
---------------------------------------------------------------------------------------------------


Max Delay Paths
--------------------------------------------------------------------------------------
Slack (MET) :             1.082ns  (required time - arrival time)
  Source:                 native_system/digital/reset_sync_reg[1]/C
                            (rising edge-triggered cell FDCE clocked by core132  {rise@0.000ns fall@3.788ns period=7.576ns})
  Destination:            native_system/digital/cfg_reg[8][20]/CLR
                            (recovery check against rising-edge clock core132  {rise@0.000ns fall@3.788ns period=7.576ns})
  Path Group:             **async_default**
  Path Type:              Recovery (Max at Slow Process Corner)
  Requirement:            7.576ns  (core132 rise@7.576ns - core132 rise@0.000ns)
  Data Path Delay:        6.005ns  (logic 0.773ns (12.873%)  route 5.232ns (87.127%))
  Logic Levels:           1  (LUT1=1)
  Clock Path Skew:        -0.049ns (DCD - SCD + CPR)
    Destination Clock Delay (DCD):    0.924ns = ( 8.500 - 7.576 ) 
    Source Clock Delay      (SCD):    0.973ns
    Clock Pessimism Removal (CPR):    0.000ns
  Clock Uncertainty:      0.035ns  ((TSJ^2 + TIJ^2)^1/2 + DJ) / 2 + PE
    Total System Jitter     (TSJ):    0.071ns
    Total Input Jitter      (TIJ):    0.000ns
    Discrete Jitter          (DJ):    0.000ns
    Phase Error              (PE):    0.000ns

    Location             Delay type                Incr(ns)  Path(ns)    Netlist Resource(s)
  -------------------------------------------------------------------    -------------------
                         (clock core132 rise edge)    0.000     0.000 r  
                                                      0.000     0.000 r  clk (IN)
                         net (fo=17925, unset)        0.973     0.973    native_system/digital/clk
    SLICE_X62Y83         FDCE                                         r  native_system/digital/reset_sync_reg[1]/C
  -------------------------------------------------------------------    -------------------
    SLICE_X62Y83         FDCE (Prop_fdce_C_Q)         0.478     1.451 r  native_system/digital/reset_sync_reg[1]/Q
                         net (fo=3, routed)           0.767     2.218    native_system/digital/bank/out[0]
    SLICE_X57Y72         LUT1 (Prop_lut1_I0_O)        0.295     2.513 f  native_system/digital/bank/adc_reset_i_2/O
                         net (fo=6423, routed)        4.464     6.978    native_system/digital/bank_n_1
    SLICE_X40Y97         FDCE                                         f  native_system/digital/cfg_reg[8][20]/CLR
  -------------------------------------------------------------------    -------------------

                         (clock core132 rise edge)    7.576     7.576 r  
                                                      0.000     7.576 r  clk (IN)
                         net (fo=17925, unset)        0.924     8.500    native_system/digital/clk
    SLICE_X40Y97         FDCE                                         r  native_system/digital/cfg_reg[8][20]/C
                         clock pessimism              0.000     8.500    
                         clock uncertainty           -0.035     8.465    
    SLICE_X40Y97         FDCE (Recov_fdce_C_CLR)     -0.405     8.060    native_system/digital/cfg_reg[8][20]
  -------------------------------------------------------------------
                         required time                          8.060    
                         arrival time                          -6.978    
  -------------------------------------------------------------------
                         slack                                  1.082    





Min Delay Paths
--------------------------------------------------------------------------------------
Slack (MET) :             0.857ns  (arrival time - required time)
  Source:                 native_system/digital/reset_sync_reg[1]/C
                            (rising edge-triggered cell FDCE clocked by core132  {rise@0.000ns fall@3.788ns period=7.576ns})
  Destination:            native_system/digital/bank/active_requested_reg[104][0]/CLR
                            (removal check against rising-edge clock core132  {rise@0.000ns fall@3.788ns period=7.576ns})
  Path Group:             **async_default**
  Path Type:              Removal (Min at Fast Process Corner)
  Requirement:            0.000ns  (core132 rise@0.000ns - core132 rise@0.000ns)
  Data Path Delay:        0.787ns  (logic 0.246ns (31.260%)  route 0.541ns (68.740%))
  Logic Levels:           1  (LUT1=1)
  Clock Path Skew:        0.022ns (DCD - SCD - CPR)
    Destination Clock Delay (DCD):    0.432ns
    Source Clock Delay      (SCD):    0.410ns
    Clock Pessimism Removal (CPR):    -0.000ns

    Location             Delay type                Incr(ns)  Path(ns)    Netlist Resource(s)
  -------------------------------------------------------------------    -------------------
                         (clock core132 rise edge)    0.000     0.000 r  
                                                      0.000     0.000 r  clk (IN)
                         net (fo=17925, unset)        0.410     0.410    native_system/digital/clk
    SLICE_X62Y83         FDCE                                         r  native_system/digital/reset_sync_reg[1]/C
  -------------------------------------------------------------------    -------------------
    SLICE_X62Y83         FDCE (Prop_fdce_C_Q)         0.148     0.558 r  native_system/digital/reset_sync_reg[1]/Q
                         net (fo=3, routed)           0.327     0.886    native_system/digital/bank/out[0]
    SLICE_X57Y72         LUT1 (Prop_lut1_I0_O)        0.098     0.984 f  native_system/digital/bank/adc_reset_i_2/O
                         net (fo=6423, routed)        0.214     1.197    native_system/digital/bank/reset_sync_reg[1]
    SLICE_X57Y70         FDCE                                         f  native_system/digital/bank/active_requested_reg[104][0]/CLR
  -------------------------------------------------------------------    -------------------

                         (clock core132 rise edge)    0.000     0.000 r  
                                                      0.000     0.000 r  clk (IN)
                         net (fo=17925, unset)        0.432     0.432    native_system/digital/bank/clk
    SLICE_X57Y70         FDCE                                         r  native_system/digital/bank/active_requested_reg[104][0]/C
                         clock pessimism              0.000     0.432    
    SLICE_X57Y70         FDCE (Remov_fdce_C_CLR)     -0.092     0.340    native_system/digital/bank/active_requested_reg[104][0]
  -------------------------------------------------------------------
                         required time                         -0.340    
                         arrival time                           1.197    
  -------------------------------------------------------------------
                         slack                                  0.857    





--------------------------------------------------------------------------------------
Path Group:  (none)
From Clock:  
  To Clock:  

Max Delay             5 Endpoints
Min Delay             5 Endpoints
--------------------------------------------------------------------------------------


Max Delay Paths
--------------------------------------------------------------------------------------
Slack:                    inf
  Source:                 motion_stop
                            (input port)
  Destination:            output_disable
                            (output port)
  Path Group:             (none)
  Path Type:              Max at Slow Process Corner
  Data Path Delay:        3.392ns  (logic 0.248ns (7.312%)  route 3.144ns (92.688%))
  Logic Levels:           2  (LUT5=1 LUT6=1)

    Location             Delay type                Incr(ns)  Path(ns)    Netlist Resource(s)
  -------------------------------------------------------------------    -------------------
                                                      0.000     0.000 r  motion_stop (IN)
                         net (fo=3, unset)            0.973     0.973    native_system/queue/motion_stop
    SLICE_X61Y98         LUT5 (Prop_lut5_I4_O)        0.124     1.097 f  native_system/queue/output_disable_INST_0_i_2/O
                         net (fo=2, routed)           1.198     2.295    native_system/digital/bank/hardware_enable0
    SLICE_X56Y81         LUT6 (Prop_lut6_I2_O)        0.124     2.419 r  native_system/digital/bank/output_disable_INST_0/O
                         net (fo=0)                   0.973     3.392    output_disable
                                                                      r  output_disable (OUT)
  -------------------------------------------------------------------    -------------------





Min Delay Paths
--------------------------------------------------------------------------------------
Slack:                    inf
  Source:                 rst_n
                            (input port)
  Destination:            frame_ready
                            (output port)
  Path Group:             (none)
  Path Type:              Min at Fast Process Corner
  Data Path Delay:        0.865ns  (logic 0.045ns (5.201%)  route 0.820ns (94.799%))
  Logic Levels:           1  (LUT6=1)

    Location             Delay type                Incr(ns)  Path(ns)    Netlist Resource(s)
  -------------------------------------------------------------------    -------------------
                                                      0.000     0.000 r  rst_n (IN)
                         net (fo=21, unset)           0.410     0.410    native_system/queue/rst_n
    SLICE_X55Y99         LUT6 (Prop_lut6_I4_O)        0.045     0.455 r  native_system/queue/frame_ready_INST_0/O
                         net (fo=2, unset)            0.410     0.865    frame_ready
                                                                      r  frame_ready (OUT)
  -------------------------------------------------------------------    -------------------





--------------------------------------------------------------------------------------
Path Group:  (none)
From Clock:  core132
  To Clock:  

Max Delay           256 Endpoints
Min Delay           256 Endpoints
--------------------------------------------------------------------------------------


Max Delay Paths
--------------------------------------------------------------------------------------
Slack:                    inf
  Source:                 native_system/digital/master_phase_reg[4]_rep/C
                            (rising edge-triggered cell FDCE clocked by core132  {rise@0.000ns fall@3.788ns period=7.576ns})
  Destination:            commanded_waveform[53]
                            (output port)
  Path Group:             (none)
  Path Type:              Max at Slow Process Corner
  Data Path Delay:        7.443ns  (logic 1.492ns (20.047%)  route 5.951ns (79.953%))
  Logic Levels:           3  (CARRY4=1 LUT2=1 LUT5=1)
  Clock Uncertainty:      0.025ns  ((TSJ^2 + TIJ^2)^1/2 + DJ) / 2 + PE
    Total System Jitter     (TSJ):    0.050ns
    Total Input Jitter      (TIJ):    0.000ns
    Discrete Jitter          (DJ):    0.000ns
    Phase Error              (PE):    0.000ns

    Location             Delay type                Incr(ns)  Path(ns)    Netlist Resource(s)
  -------------------------------------------------------------------    -------------------
                         (clock core132 rise edge)    0.000     0.000 r  
                                                      0.000     0.000 r  clk (IN)
                         net (fo=17925, unset)        0.973     0.973    native_system/digital/clk
    SLICE_X83Y59         FDCE                                         r  native_system/digital/master_phase_reg[4]_rep/C
  -------------------------------------------------------------------    -------------------
    SLICE_X83Y59         FDCE (Prop_fdce_C_Q)         0.456     1.429 r  native_system/digital/master_phase_reg[4]_rep/Q
                         net (fo=86, routed)          3.870     5.299    native_system/digital/bank/DI[0]
    SLICE_X40Y39         LUT2 (Prop_lut2_I0_O)        0.124     5.423 r  native_system/digital/bank/commanded_waveform[53]_INST_0_i_6/O
                         net (fo=1, routed)           0.000     5.423    native_system/digital/bank/commanded_waveform[53]_INST_0_i_6_n_0
    SLICE_X40Y39         CARRY4 (Prop_carry4_S[0]_O[3])
                                                      0.606     6.029 f  native_system/digital/bank/commanded_waveform[53]_INST_0_i_1/O[3]
                         net (fo=1, routed)           1.107     7.137    native_system/digital/bank/wave/channel[53].local_phase53_out[7]
    SLICE_X53Y46         LUT5 (Prop_lut5_I1_O)        0.306     7.443 r  native_system/digital/bank/commanded_waveform[53]_INST_0/O
                         net (fo=1, unset)            0.973     8.416    commanded_waveform[53]
                                                                      r  commanded_waveform[53] (OUT)
  -------------------------------------------------------------------    -------------------





Min Delay Paths
--------------------------------------------------------------------------------------
Slack:                    inf
  Source:                 native_system/queue/acknowledged_sequence_reg[31]/C
                            (rising edge-triggered cell FDPE clocked by core132  {rise@0.000ns fall@3.788ns period=7.576ns})
  Destination:            acknowledged_sequence[31]
                            (output port)
  Path Group:             (none)
  Path Type:              Min at Fast Process Corner
  Data Path Delay:        0.538ns  (logic 0.128ns (23.786%)  route 0.410ns (76.214%))
  Logic Levels:           0  
  Clock Uncertainty:      0.025ns  ((TSJ^2 + TIJ^2)^1/2 + DJ) / 2 + PE
    Total System Jitter     (TSJ):    0.050ns
    Total Input Jitter      (TIJ):    0.000ns
    Discrete Jitter          (DJ):    0.000ns
    Phase Error              (PE):    0.000ns

    Location             Delay type                Incr(ns)  Path(ns)    Netlist Resource(s)
  -------------------------------------------------------------------    -------------------
                         (clock core132 rise edge)    0.000     0.000 r  
                                                      0.000     0.000 r  clk (IN)
                         net (fo=17925, unset)        0.410     0.410    native_system/queue/clk
    SLICE_X31Y112        FDPE                                         r  native_system/queue/acknowledged_sequence_reg[31]/C
  -------------------------------------------------------------------    -------------------
    SLICE_X31Y112        FDPE (Prop_fdpe_C_Q)         0.128     0.538 r  native_system/queue/acknowledged_sequence_reg[31]/Q
                         net (fo=0)                   0.410     0.948    acknowledged_sequence[31]
                                                                      r  acknowledged_sequence[31] (OUT)
  -------------------------------------------------------------------    -------------------





--------------------------------------------------------------------------------------
Path Group:  (none)
From Clock:  
  To Clock:  core132

Max Delay         23549 Endpoints
Min Delay         23549 Endpoints
--------------------------------------------------------------------------------------


Max Delay Paths
--------------------------------------------------------------------------------------
Slack:                    inf
  Source:                 rst_n
                            (input port)
  Destination:            native_system/queue/active_reg[1151]/CLR
                            (recovery check against rising-edge clock core132  {rise@0.000ns fall@3.788ns period=7.576ns})
  Path Group:             (none)
  Path Type:              Recovery (Max at Slow Process Corner)
  Data Path Delay:        15.423ns  (logic 0.124ns (0.804%)  route 15.299ns (99.196%))
  Logic Levels:           1  (LUT1=1)
  Clock Path Skew:        0.924ns (DCD - SCD + CPR)
    Destination Clock Delay (DCD):    0.924ns
    Source Clock Delay      (SCD):    0.000ns
    Clock Pessimism Removal (CPR):    0.000ns
  Clock Uncertainty:      0.025ns  ((TSJ^2 + TIJ^2)^1/2 + DJ) / 2 + PE
    Total System Jitter     (TSJ):    0.050ns
    Total Input Jitter      (TIJ):    0.000ns
    Discrete Jitter          (DJ):    0.000ns
    Phase Error              (PE):    0.000ns

    Location             Delay type                Incr(ns)  Path(ns)    Netlist Resource(s)
  -------------------------------------------------------------------    -------------------
                                                      0.000     0.000 r  rst_n (IN)
                         net (fo=21, unset)           0.973     0.973    native_system/queue/rst_n
    SLICE_X30Y144        LUT1 (Prop_lut1_I0_O)        0.124     1.097 f  native_system/queue/occupancy[2]_i_2/O
                         net (fo=2654, routed)       14.326    15.423    native_system/queue/rst_n_0
    SLICE_X82Y136        FDCE                                         f  native_system/queue/active_reg[1151]/CLR
  -------------------------------------------------------------------    -------------------

                         (clock core132 rise edge)    0.000     0.000 r  
                                                      0.000     0.000 r  clk (IN)
                         net (fo=17925, unset)        0.924     0.924    native_system/queue/clk
    SLICE_X82Y136        FDCE                                         r  native_system/queue/active_reg[1151]/C





Min Delay Paths
--------------------------------------------------------------------------------------
Slack:                    inf
  Source:                 s_araddr[0]
                            (input port)
  Destination:            bridge/araddr_reg[0]/D
                            (rising edge-triggered cell FDCE clocked by core132  {rise@0.000ns fall@3.788ns period=7.576ns})
  Path Group:             (none)
  Path Type:              Hold (Min at Fast Process Corner)
  Data Path Delay:        0.410ns  (logic 0.000ns (0.000%)  route 0.410ns (100.000%))
  Logic Levels:           0  
  Clock Path Skew:        0.432ns (DCD - SCD - CPR)
    Destination Clock Delay (DCD):    0.432ns
    Source Clock Delay      (SCD):    0.000ns
    Clock Pessimism Removal (CPR):    -0.000ns

    Location             Delay type                Incr(ns)  Path(ns)    Netlist Resource(s)
  -------------------------------------------------------------------    -------------------
                                                      0.000     0.000 r  s_araddr[0] (IN)
                         net (fo=0)                   0.410     0.410    bridge/s_araddr[0]
    SLICE_X62Y92         FDCE                                         r  bridge/araddr_reg[0]/D
  -------------------------------------------------------------------    -------------------

                         (clock core132 rise edge)    0.000     0.000 r  
                                                      0.000     0.000 r  clk (IN)
                         net (fo=17925, unset)        0.432     0.432    bridge/clk
    SLICE_X62Y92         FDCE                                         r  bridge/araddr_reg[0]/C





