Copyright 1986-2022 Xilinx, Inc. All Rights Reserved. Copyright 2022-2025 Advanced Micro Devices, Inc. All Rights Reserved.
----------------------------------------------------------------------------------------------------------------------------------------------------
| Tool Version : Vivado v.2025.2 (win64) Build 6299465 Fri Nov 14 19:35:11 GMT 2025
| Date         : Sun Sep 27 15:02:21 2026
| Host         : loverlike running 64-bit major release  (build 9200)
| Command      : report_clocks -file E:/Codex_project/AMD-SonoField-FPGA/v2/evidence/board_transport/candidate_synthesis/xc7z020clg400-2/clocks.rpt
| Design       : clock_candidate
| Device       : 7z020-clg400
| Speed File   : -2  PRODUCTION 1.12 2019-11-22
| Design State : Synthesized
----------------------------------------------------------------------------------------------------------------------------------------------------

Clock Report


Attributes
  P: Propagated
  G: Generated
  A: Auto-derived
  R: Renamed
  V: Virtual
  I: Inverted
  S: Pin phase-shifted with Latency mode

Clock     Period(ns)  Waveform(ns)    Attributes  Sources
clk33     30.303      {0.000 15.151}  P           {clk33}
feedback  30.303      {0.000 15.151}  P,G,A       {mmcm/CLKFBOUT}
raw132    7.576       {0.000 3.788}   P,G,A       {mmcm/CLKOUT0}
raw66     15.151      {0.000 7.576}   P,G,A       {mmcm/CLKOUT1}


====================================================
Generated Clocks
====================================================

Generated Clock     : feedback
Master Source       : mmcm/CLKIN1
Master Clock        : clk33
Multiply By         : 1
Generated Sources   : {mmcm/CLKFBOUT}

Generated Clock     : raw132
Master Source       : mmcm/CLKIN1
Master Clock        : clk33
Multiply By         : 4
Generated Sources   : {mmcm/CLKOUT0}

Generated Clock     : raw66
Master Source       : mmcm/CLKIN1
Master Clock        : clk33
Multiply By         : 2
Generated Sources   : {mmcm/CLKOUT1}



====================================================
User Uncertainty
====================================================



====================================================
User Jitter
====================================================

Clock  Jitter(ns)
clk33  0.100

