tb_motion_queue_equivalence 0 0
tb_motion_queue_equivalence 1 0
tb_motion_queue_equivalence 2 0
tb_motion_queue_equivalence 3 0
tb_motion_queue_equivalence 4 0
tb_serializer_throughput 0 0
tb_serializer_throughput 1 0
tb_serializer_throughput 2 0
tb_serializer_throughput 3 0
tb_serializer_throughput 4 0
tb_array_interface 0 0
tb_array_interface 1 0
tb_array_interface 2 0
tb_array_interface 3 0
tb_array_interface 4 0
tb_scheduler_equivalence 0 0
tb_scheduler_equivalence 1 0
tb_scheduler_equivalence 2 0
tb_scheduler_equivalence 3 0
tb_scheduler_equivalence 4 0
